============================= test session starts =============================
collected 155 items

apps/authentication/tests/integration/test_login_endpoint.py::TestLoginHappyPath::test_email_login_returns_200 
------------------------------- live log setup --------------------------------
[INFO    ] celery.app.trace — Task update_model_analytics_counter[98cbceb6-f80a-44c4-9b62-d260dd7c126e] succeeded in 0.04814149999583606s: None
[INFO    ] application — EmailBackendConfig instance created via post_migrate signal.
[INFO    ] celery.app.trace — Task update_model_analytics_counter[24b261ad-dba4-4dc7-8f40-123bca378eae] succeeded in 0.0035798000026261434s: None
[INFO    ] application — Default SMSBackendConfig instance created via post_migrate signal.
[INFO    ] apps.authentication.models — Saved UnifiedUser 019d20c4-f415-7ba5-aff0-15bed012940e [email] member_id=FASTAR000001
[INFO    ] apps.authentication.managers \u2014 \u2705 Created user: email=verified@fashionistar.io\n-------------------------------- live log call --------------------------------
[INFO    ] application \u2014 \u2705 NinjaAPI V1 stub initialized (namespace=authentication_v1, path=/api/v1/ninja/)\n[INFO    ] apps.authentication.serializers.auth \u2014 \u2705 LoginSerializer: valid credentials for 'verified@fashionistar.io'\n[INFO    ] application — User verified@fashionistar.io authenticated via UnifiedUser backend (Sync)
[INFO    ] apps.authentication.models — Details updated for user: verified@fashionistar.io
[INFO    ] apps.authentication.models — Saved UnifiedUser 019d20c4-f415-7ba5-aff0-15bed012940e [email] member_id=FASTAR000001
[WARNING ] apps.audit_logs.tasks — write_audit_event failed (attempt 1/3): AuditEventLog() got unexpected keyword arguments: 'country_code', 'city' — event_type=login_success
[ERROR   ] apps.audit_logs.services.audit — AuditService._write_sync() failed for payload={'event_type': EventType.LOGIN_SUCCESS, 'event_category': EventCategory.AUTHENTICATION, 'severity': SeverityLevel.INFO, 'action': 'Successful login: verified@fashionistar.io', 'actor_email': 'verified@fashionistar.io', 'ip_address': '127.0.0.1', 'user_agent': None, 'device_type': None, 'browser_family': None, 'os_family': None, 'country': None, 'country_code': None, 'city': None, 'resource_type': 'UnifiedUser', 'resource_id': '019d20c4-f415-7ba5-aff0-15bed012940e', 'request_method': 'POST', 'request_path': '/api/v1/auth/login/', 'response_status': None, 'duration_ms': None, 'old_values': None, 'new_values': None, 'metadata': {'auth_method': 'email', 'member_id': 'FASTAR000001'}, 'error_message': None, 'is_compliance': True, 'retention_days': 2555}
Traceback (most recent call last):
  File "C:\Users\fashi\OneDrive\Documenti\FASHIONISTAR_ANTAGRAVITY\fashionistar_backend\apps\audit_logs\tasks.py", line 48, in write_audit_event
    obj = AuditEventLog(**payload)
  File "C:\Users\fashi\OneDrive\Documenti\FASHIONISTAR_ANTAGRAVITY\fashionistar_backend\.venv\Lib\site-packages\django\db\models\base.py", line 590, in __init__
    raise TypeError(
    ...<2 lines>...
    )
TypeError: AuditEventLog() got unexpected keyword arguments: 'country_code', 'city'

During handling of the above exception, another exception occurred:

Traceback (most recent call last):
  File "C:\Users\fashi\OneDrive\Documenti\FASHIONISTAR_ANTAGRAVITY\fashionistar_backend\apps\audit_logs\services\audit.py", line 261, in _dispatch
    write_audit_event.apply_async(
    ~~~~~~~~~~~~~~~~~~~~~~~~~~~~~^
        kwargs={"payload": payload},
        ^^^^^^^^^^^^^^^^^^^^^^^^^^^^
        retry=False,
        ^^^^^^^^^^^^
        ignore_result=True,
        ^^^^^^^^^^^^^^^^^^^
    )
    ^
  File "C:\Users\fashi\OneDrive\Documenti\FASHIONISTAR_ANTAGRAVITY\fashionistar_backend\.venv\Lib\site-packages\celery\app\task.py", line 605, in apply_async
    return self.apply(args, kwargs, task_id=task_id or uuid(),
           ~~~~~~~~~~^^^^^^^^^^^^^^^^^^^^^^^^^^^^^^^^^^^^^^^^^
                      link=link, link_error=link_error, **options)
                      ^^^^^^^^^^^^^^^^^^^^^^^^^^^^^^^^^^^^^^^^^^^^
  File "C:\Users\fashi\OneDrive\Documenti\FASHIONISTAR_ANTAGRAVITY\fashionistar_backend\.venv\Lib\site-packages\celery\app\task.py", line 843, in apply
    ret = tracer(task_id, args, kwargs, request)
  File "C:\Users\fashi\OneDrive\Documenti\FASHIONISTAR_ANTAGRAVITY\fashionistar_backend\.venv\Lib\site-packages\celery\app\trace.py", line 494, in trace_task
    I, R, state, retval = on_error(
                          ~~~~~~~~^
        task_request, exc, RETRY, call_errbacks=False)
        ^^^^^^^^^^^^^^^^^^^^^^^^^^^^^^^^^^^^^^^^^^^^^^
  File "C:\Users\fashi\OneDrive\Documenti\FASHIONISTAR_ANTAGRAVITY\fashionistar_backend\.venv\Lib\site-packages\celery\app\trace.py", line 479, in trace_task
    R = retval = fun(*args, **kwargs)
                 ~~~^^^^^^^^^^^^^^^^^
  File "C:\Users\fashi\OneDrive\Documenti\FASHIONISTAR_ANTAGRAVITY\fashionistar_backend\apps\audit_logs\tasks.py", line 65, in write_audit_event
    raise self.retry(exc=exc)
          ~~~~~~~~~~^^^^^^^^^
  File "C:\Users\fashi\OneDrive\Documenti\FASHIONISTAR_ANTAGRAVITY\fashionistar_backend\.venv\Lib\site-packages\celery\app\task.py", line 763, in retry
    raise ret
celery.exceptions.Retry: Retry in 5s: TypeError("AuditEventLog() got unexpected keyword arguments: 'country_code', 'city'")

During handling of the above exception, another exception occurred:

Traceback (most recent call last):
  File "C:\Users\fashi\OneDrive\Documenti\FASHIONISTAR_ANTAGRAVITY\fashionistar_backend\apps\audit_logs\services\audit.py", line 275, in _write_sync
    obj = AuditEventLog(**payload)
  File "C:\Users\fashi\OneDrive\Documenti\FASHIONISTAR_ANTAGRAVITY\fashionistar_backend\.venv\Lib\site-packages\django\db\models\base.py", line 590, in __init__
    raise TypeError(
    ...<2 lines>...
    )
TypeError: AuditEventLog() got unexpected keyword arguments: 'country_code', 'city'
[INFO    ] application \u2014 \u2705 User verified@fashionistar.io logged in (Sync). IP: 127.0.0.1  UA: \n[INFO    ] apps.authentication.apis.auth_views.sync_views \u2014 \u2705 LoginView: login successful for verified@fashionistar.io (id=019d20c4-f415-7ba5-aff0-15bed012940e role=client)\n[INFO    ] security — SECURITY_AUDIT action=REQUEST req=1b06eeba-2807-4d0f-bcd4-1f9ac47c4eec device=fp:57efdd91ba75ee0012c0 session=- ip=127.0.0.1 method=POST path=/api/v1/auth/login/ status=200 duration_ms=488.4 user_id=anonymous role=anonymous ua='-' referrer=-
[INFO    ] apps.common.middleware \u2014 [POST] /api/v1/auth/login/ \u2192 200 in 488.6ms [req=1b06eeba-2807-4d0f-bcd4-1f9ac47c4eec]\nPASSED                                                                   [  0%]
apps/authentication/tests/integration/test_login_endpoint.py::TestLoginHappyPath::test_response_has_flat_access_token 
------------------------------- live log setup --------------------------------
[INFO    ] apps.authentication.models — Saved UnifiedUser 019d20c4-f6ba-7125-9491-6e22df80d0a3 [email] member_id=FASTAR000001
[INFO    ] apps.authentication.managers \u2014 \u2705 Created user: email=verified@fashionistar.io\n-------------------------------- live log call --------------------------------
[INFO    ] apps.authentication.serializers.auth \u2014 \u2705 LoginSerializer: valid credentials for 'verified@fashionistar.io'\n[INFO    ] application — User verified@fashionistar.io authenticated via UnifiedUser backend (Sync)
[INFO    ] apps.authentication.models — Details updated for user: verified@fashionistar.io
[INFO    ] apps.authentication.models — Saved UnifiedUser 019d20c4-f6ba-7125-9491-6e22df80d0a3 [email] member_id=FASTAR000001
[WARNING ] apps.audit_logs.tasks — write_audit_event failed (attempt 1/3): AuditEventLog() got unexpected keyword arguments: 'country_code', 'city' — event_type=login_success
[ERROR   ] apps.audit_logs.services.audit — AuditService._write_sync() failed for payload={'event_type': EventType.LOGIN_SUCCESS, 'event_category': EventCategory.AUTHENTICATION, 'severity': SeverityLevel.INFO, 'action': 'Successful login: verified@fashionistar.io', 'actor_email': 'verified@fashionistar.io', 'ip_address': '127.0.0.1', 'user_agent': None, 'device_type': None, 'browser_family': None, 'os_family': None, 'country': None, 'country_code': None, 'city': None, 'resource_type': 'UnifiedUser', 'resource_id': '019d20c4-f6ba-7125-9491-6e22df80d0a3', 'request_method': 'POST', 'request_path': '/api/v1/auth/login/', 'response_status': None, 'duration_ms': None, 'old_values': None, 'new_values': None, 'metadata': {'auth_method': 'email', 'member_id': 'FASTAR000001'}, 'error_message': None, 'is_compliance': True, 'retention_days': 2555}
Traceback (most recent call last):
  File "C:\Users\fashi\OneDrive\Documenti\FASHIONISTAR_ANTAGRAVITY\fashionistar_backend\apps\audit_logs\tasks.py", line 48, in write_audit_event
    obj = AuditEventLog(**payload)
  File "C:\Users\fashi\OneDrive\Documenti\FASHIONISTAR_ANTAGRAVITY\fashionistar_backend\.venv\Lib\site-packages\django\db\models\base.py", line 590, in __init__
    raise TypeError(
    ...<2 lines>...
    )
TypeError: AuditEventLog() got unexpected keyword arguments: 'country_code', 'city'

During handling of the above exception, another exception occurred:

Traceback (most recent call last):
  File "C:\Users\fashi\OneDrive\Documenti\FASHIONISTAR_ANTAGRAVITY\fashionistar_backend\apps\audit_logs\services\audit.py", line 261, in _dispatch
    write_audit_event.apply_async(
    ~~~~~~~~~~~~~~~~~~~~~~~~~~~~~^
        kwargs={"payload": payload},
        ^^^^^^^^^^^^^^^^^^^^^^^^^^^^
        retry=False,
        ^^^^^^^^^^^^
        ignore_result=True,
        ^^^^^^^^^^^^^^^^^^^
    )
    ^
  File "C:\Users\fashi\OneDrive\Documenti\FASHIONISTAR_ANTAGRAVITY\fashionistar_backend\.venv\Lib\site-packages\celery\app\task.py", line 605, in apply_async
    return self.apply(args, kwargs, task_id=task_id or uuid(),
           ~~~~~~~~~~^^^^^^^^^^^^^^^^^^^^^^^^^^^^^^^^^^^^^^^^^
                      link=link, link_error=link_error, **options)
                      ^^^^^^^^^^^^^^^^^^^^^^^^^^^^^^^^^^^^^^^^^^^^
  File "C:\Users\fashi\OneDrive\Documenti\FASHIONISTAR_ANTAGRAVITY\fashionistar_backend\.venv\Lib\site-packages\celery\app\task.py", line 843, in apply
    ret = tracer(task_id, args, kwargs, request)
  File "C:\Users\fashi\OneDrive\Documenti\FASHIONISTAR_ANTAGRAVITY\fashionistar_backend\.venv\Lib\site-packages\celery\app\trace.py", line 494, in trace_task
    I, R, state, retval = on_error(
                          ~~~~~~~~^
        task_request, exc, RETRY, call_errbacks=False)
        ^^^^^^^^^^^^^^^^^^^^^^^^^^^^^^^^^^^^^^^^^^^^^^
  File "C:\Users\fashi\OneDrive\Documenti\FASHIONISTAR_ANTAGRAVITY\fashionistar_backend\.venv\Lib\site-packages\celery\app\trace.py", line 479, in trace_task
    R = retval = fun(*args, **kwargs)
                 ~~~^^^^^^^^^^^^^^^^^
  File "C:\Users\fashi\OneDrive\Documenti\FASHIONISTAR_ANTAGRAVITY\fashionistar_backend\apps\audit_logs\tasks.py", line 65, in write_audit_event
    raise self.retry(exc=exc)
          ~~~~~~~~~~^^^^^^^^^
  File "C:\Users\fashi\OneDrive\Documenti\FASHIONISTAR_ANTAGRAVITY\fashionistar_backend\.venv\Lib\site-packages\celery\app\task.py", line 763, in retry
    raise ret
celery.exceptions.Retry: Retry in 5s: TypeError("AuditEventLog() got unexpected keyword arguments: 'country_code', 'city'")

During handling of the above exception, another exception occurred:

Traceback (most recent call last):
  File "C:\Users\fashi\OneDrive\Documenti\FASHIONISTAR_ANTAGRAVITY\fashionistar_backend\apps\audit_logs\services\audit.py", line 275, in _write_sync
    obj = AuditEventLog(**payload)
  File "C:\Users\fashi\OneDrive\Documenti\FASHIONISTAR_ANTAGRAVITY\fashionistar_backend\.venv\Lib\site-packages\django\db\models\base.py", line 590, in __init__
    raise TypeError(
    ...<2 lines>...
    )
TypeError: AuditEventLog() got unexpected keyword arguments: 'country_code', 'city'
[INFO    ] application \u2014 \u2705 User verified@fashionistar.io logged in (Sync). IP: 127.0.0.1  UA: \n[INFO    ] apps.authentication.apis.auth_views.sync_views \u2014 \u2705 LoginView: login successful for verified@fashionistar.io (id=019d20c4-f6ba-7125-9491-6e22df80d0a3 role=client)\n[INFO    ] security — SECURITY_AUDIT action=REQUEST req=8ed4d2c8-b830-4c3a-961f-c8cbc8be336a device=fp:57efdd91ba75ee0012c0 session=- ip=127.0.0.1 method=POST path=/api/v1/auth/login/ status=200 duration_ms=19.3 user_id=anonymous role=anonymous ua='-' referrer=-
[INFO    ] apps.common.middleware \u2014 [POST] /api/v1/auth/login/ \u2192 200 in 19.5ms [req=8ed4d2c8-b830-4c3a-961f-c8cbc8be336a]\nPASSED                                                                   [  1%]
apps/authentication/tests/integration/test_login_endpoint.py::TestLoginHappyPath::test_response_has_flat_refresh_token 
------------------------------- live log setup --------------------------------
[INFO    ] apps.authentication.models — Saved UnifiedUser 019d20c4-f715-78d0-b91a-ef287cb9f105 [email] member_id=FASTAR000001
[INFO    ] apps.authentication.managers \u2014 \u2705 Created user: email=verified@fashionistar.io\n-------------------------------- live log call --------------------------------
[INFO    ] apps.authentication.serializers.auth \u2014 \u2705 LoginSerializer: valid credentials for 'verified@fashionistar.io'\n[INFO    ] application — User verified@fashionistar.io authenticated via UnifiedUser backend (Sync)
[INFO    ] apps.authentication.models — Details updated for user: verified@fashionistar.io
[INFO    ] apps.authentication.models — Saved UnifiedUser 019d20c4-f715-78d0-b91a-ef287cb9f105 [email] member_id=FASTAR000001
[WARNING ] apps.audit_logs.tasks — write_audit_event failed (attempt 1/3): AuditEventLog() got unexpected keyword arguments: 'country_code', 'city' — event_type=login_success
[ERROR   ] apps.audit_logs.services.audit — AuditService._write_sync() failed for payload={'event_type': EventType.LOGIN_SUCCESS, 'event_category': EventCategory.AUTHENTICATION, 'severity': SeverityLevel.INFO, 'action': 'Successful login: verified@fashionistar.io', 'actor_email': 'verified@fashionistar.io', 'ip_address': '127.0.0.1', 'user_agent': None, 'device_type': None, 'browser_family': None, 'os_family': None, 'country': None, 'country_code': None, 'city': None, 'resource_type': 'UnifiedUser', 'resource_id': '019d20c4-f715-78d0-b91a-ef287cb9f105', 'request_method': 'POST', 'request_path': '/api/v1/auth/login/', 'response_status': None, 'duration_ms': None, 'old_values': None, 'new_values': None, 'metadata': {'auth_method': 'email', 'member_id': 'FASTAR000001'}, 'error_message': None, 'is_compliance': True, 'retention_days': 2555}
Traceback (most recent call last):
  File "C:\Users\fashi\OneDrive\Documenti\FASHIONISTAR_ANTAGRAVITY\fashionistar_backend\apps\audit_logs\tasks.py", line 48, in write_audit_event
    obj = AuditEventLog(**payload)
  File "C:\Users\fashi\OneDrive\Documenti\FASHIONISTAR_ANTAGRAVITY\fashionistar_backend\.venv\Lib\site-packages\django\db\models\base.py", line 590, in __init__
    raise TypeError(
    ...<2 lines>...
    )
TypeError: AuditEventLog() got unexpected keyword arguments: 'country_code', 'city'

During handling of the above exception, another exception occurred:

Traceback (most recent call last):
  File "C:\Users\fashi\OneDrive\Documenti\FASHIONISTAR_ANTAGRAVITY\fashionistar_backend\apps\audit_logs\services\audit.py", line 261, in _dispatch
    write_audit_event.apply_async(
    ~~~~~~~~~~~~~~~~~~~~~~~~~~~~~^
        kwargs={"payload": payload},
        ^^^^^^^^^^^^^^^^^^^^^^^^^^^^
        retry=False,
        ^^^^^^^^^^^^
        ignore_result=True,
        ^^^^^^^^^^^^^^^^^^^
    )
    ^
  File "C:\Users\fashi\OneDrive\Documenti\FASHIONISTAR_ANTAGRAVITY\fashionistar_backend\.venv\Lib\site-packages\celery\app\task.py", line 605, in apply_async
    return self.apply(args, kwargs, task_id=task_id or uuid(),
           ~~~~~~~~~~^^^^^^^^^^^^^^^^^^^^^^^^^^^^^^^^^^^^^^^^^
                      link=link, link_error=link_error, **options)
                      ^^^^^^^^^^^^^^^^^^^^^^^^^^^^^^^^^^^^^^^^^^^^
  File "C:\Users\fashi\OneDrive\Documenti\FASHIONISTAR_ANTAGRAVITY\fashionistar_backend\.venv\Lib\site-packages\celery\app\task.py", line 843, in apply
    ret = tracer(task_id, args, kwargs, request)
  File "C:\Users\fashi\OneDrive\Documenti\FASHIONISTAR_ANTAGRAVITY\fashionistar_backend\.venv\Lib\site-packages\celery\app\trace.py", line 494, in trace_task
    I, R, state, retval = on_error(
                          ~~~~~~~~^
        task_request, exc, RETRY, call_errbacks=False)
        ^^^^^^^^^^^^^^^^^^^^^^^^^^^^^^^^^^^^^^^^^^^^^^
  File "C:\Users\fashi\OneDrive\Documenti\FASHIONISTAR_ANTAGRAVITY\fashionistar_backend\.venv\Lib\site-packages\celery\app\trace.py", line 479, in trace_task
    R = retval = fun(*args, **kwargs)
                 ~~~^^^^^^^^^^^^^^^^^
  File "C:\Users\fashi\OneDrive\Documenti\FASHIONISTAR_ANTAGRAVITY\fashionistar_backend\apps\audit_logs\tasks.py", line 65, in write_audit_event
    raise self.retry(exc=exc)
          ~~~~~~~~~~^^^^^^^^^
  File "C:\Users\fashi\OneDrive\Documenti\FASHIONISTAR_ANTAGRAVITY\fashionistar_backend\.venv\Lib\site-packages\celery\app\task.py", line 763, in retry
    raise ret
celery.exceptions.Retry: Retry in 5s: TypeError("AuditEventLog() got unexpected keyword arguments: 'country_code', 'city'")

During handling of the above exception, another exception occurred:

Traceback (most recent call last):
  File "C:\Users\fashi\OneDrive\Documenti\FASHIONISTAR_ANTAGRAVITY\fashionistar_backend\apps\audit_logs\services\audit.py", line 275, in _write_sync
    obj = AuditEventLog(**payload)
  File "C:\Users\fashi\OneDrive\Documenti\FASHIONISTAR_ANTAGRAVITY\fashionistar_backend\.venv\Lib\site-packages\django\db\models\base.py", line 590, in __init__
    raise TypeError(
    ...<2 lines>...
    )
TypeError: AuditEventLog() got unexpected keyword arguments: 'country_code', 'city'
[INFO    ] application \u2014 \u2705 User verified@fashionistar.io logged in (Sync). IP: 127.0.0.1  UA: \n[INFO    ] apps.authentication.apis.auth_views.sync_views \u2014 \u2705 LoginView: login successful for verified@fashionistar.io (id=019d20c4-f715-78d0-b91a-ef287cb9f105 role=client)\n[INFO    ] security — SECURITY_AUDIT action=REQUEST req=1a214a85-c62c-4792-9d47-fba044d58d44 device=fp:57efdd91ba75ee0012c0 session=- ip=127.0.0.1 method=POST path=/api/v1/auth/login/ status=200 duration_ms=21.2 user_id=anonymous role=anonymous ua='-' referrer=-
[INFO    ] apps.common.middleware \u2014 [POST] /api/v1/auth/login/ \u2192 200 in 21.4ms [req=1a214a85-c62c-4792-9d47-fba044d58d44]\nPASSED                                                                   [  1%]
apps/authentication/tests/integration/test_login_endpoint.py::TestLoginHappyPath::test_response_has_user_id 
------------------------------- live log setup --------------------------------
[INFO    ] apps.authentication.models — Saved UnifiedUser 019d20c4-f77a-79c8-b3e4-096ad8c35aca [email] member_id=FASTAR000001
[INFO    ] apps.authentication.managers \u2014 \u2705 Created user: email=verified@fashionistar.io\n-------------------------------- live log call --------------------------------
[INFO    ] apps.authentication.serializers.auth \u2014 \u2705 LoginSerializer: valid credentials for 'verified@fashionistar.io'\n[INFO    ] application — User verified@fashionistar.io authenticated via UnifiedUser backend (Sync)
[INFO    ] apps.authentication.models — Details updated for user: verified@fashionistar.io
[INFO    ] apps.authentication.models — Saved UnifiedUser 019d20c4-f77a-79c8-b3e4-096ad8c35aca [email] member_id=FASTAR000001
[WARNING ] apps.audit_logs.tasks — write_audit_event failed (attempt 1/3): AuditEventLog() got unexpected keyword arguments: 'country_code', 'city' — event_type=login_success
[ERROR   ] apps.audit_logs.services.audit — AuditService._write_sync() failed for payload={'event_type': EventType.LOGIN_SUCCESS, 'event_category': EventCategory.AUTHENTICATION, 'severity': SeverityLevel.INFO, 'action': 'Successful login: verified@fashionistar.io', 'actor_email': 'verified@fashionistar.io', 'ip_address': '127.0.0.1', 'user_agent': None, 'device_type': None, 'browser_family': None, 'os_family': None, 'country': None, 'country_code': None, 'city': None, 'resource_type': 'UnifiedUser', 'resource_id': '019d20c4-f77a-79c8-b3e4-096ad8c35aca', 'request_method': 'POST', 'request_path': '/api/v1/auth/login/', 'response_status': None, 'duration_ms': None, 'old_values': None, 'new_values': None, 'metadata': {'auth_method': 'email', 'member_id': 'FASTAR000001'}, 'error_message': None, 'is_compliance': True, 'retention_days': 2555}
Traceback (most recent call last):
  File "C:\Users\fashi\OneDrive\Documenti\FASHIONISTAR_ANTAGRAVITY\fashionistar_backend\apps\audit_logs\tasks.py", line 48, in write_audit_event
    obj = AuditEventLog(**payload)
  File "C:\Users\fashi\OneDrive\Documenti\FASHIONISTAR_ANTAGRAVITY\fashionistar_backend\.venv\Lib\site-packages\django\db\models\base.py", line 590, in __init__
    raise TypeError(
    ...<2 lines>...
    )
TypeError: AuditEventLog() got unexpected keyword arguments: 'country_code', 'city'

During handling of the above exception, another exception occurred:

Traceback (most recent call last):
  File "C:\Users\fashi\OneDrive\Documenti\FASHIONISTAR_ANTAGRAVITY\fashionistar_backend\apps\audit_logs\services\audit.py", line 261, in _dispatch
    write_audit_event.apply_async(
    ~~~~~~~~~~~~~~~~~~~~~~~~~~~~~^
        kwargs={"payload": payload},
        ^^^^^^^^^^^^^^^^^^^^^^^^^^^^
        retry=False,
        ^^^^^^^^^^^^
        ignore_result=True,
        ^^^^^^^^^^^^^^^^^^^
    )
    ^
  File "C:\Users\fashi\OneDrive\Documenti\FASHIONISTAR_ANTAGRAVITY\fashionistar_backend\.venv\Lib\site-packages\celery\app\task.py", line 605, in apply_async
    return self.apply(args, kwargs, task_id=task_id or uuid(),
           ~~~~~~~~~~^^^^^^^^^^^^^^^^^^^^^^^^^^^^^^^^^^^^^^^^^
                      link=link, link_error=link_error, **options)
                      ^^^^^^^^^^^^^^^^^^^^^^^^^^^^^^^^^^^^^^^^^^^^
  File "C:\Users\fashi\OneDrive\Documenti\FASHIONISTAR_ANTAGRAVITY\fashionistar_backend\.venv\Lib\site-packages\celery\app\task.py", line 843, in apply
    ret = tracer(task_id, args, kwargs, request)
  File "C:\Users\fashi\OneDrive\Documenti\FASHIONISTAR_ANTAGRAVITY\fashionistar_backend\.venv\Lib\site-packages\celery\app\trace.py", line 494, in trace_task
    I, R, state, retval = on_error(
                          ~~~~~~~~^
        task_request, exc, RETRY, call_errbacks=False)
        ^^^^^^^^^^^^^^^^^^^^^^^^^^^^^^^^^^^^^^^^^^^^^^
  File "C:\Users\fashi\OneDrive\Documenti\FASHIONISTAR_ANTAGRAVITY\fashionistar_backend\.venv\Lib\site-packages\celery\app\trace.py", line 479, in trace_task
    R = retval = fun(*args, **kwargs)
                 ~~~^^^^^^^^^^^^^^^^^
  File "C:\Users\fashi\OneDrive\Documenti\FASHIONISTAR_ANTAGRAVITY\fashionistar_backend\apps\audit_logs\tasks.py", line 65, in write_audit_event
    raise self.retry(exc=exc)
          ~~~~~~~~~~^^^^^^^^^
  File "C:\Users\fashi\OneDrive\Documenti\FASHIONISTAR_ANTAGRAVITY\fashionistar_backend\.venv\Lib\site-packages\celery\app\task.py", line 763, in retry
    raise ret
celery.exceptions.Retry: Retry in 5s: TypeError("AuditEventLog() got unexpected keyword arguments: 'country_code', 'city'")

During handling of the above exception, another exception occurred:

Traceback (most recent call last):
  File "C:\Users\fashi\OneDrive\Documenti\FASHIONISTAR_ANTAGRAVITY\fashionistar_backend\apps\audit_logs\services\audit.py", line 275, in _write_sync
    obj = AuditEventLog(**payload)
  File "C:\Users\fashi\OneDrive\Documenti\FASHIONISTAR_ANTAGRAVITY\fashionistar_backend\.venv\Lib\site-packages\django\db\models\base.py", line 590, in __init__
    raise TypeError(
    ...<2 lines>...
    )
TypeError: AuditEventLog() got unexpected keyword arguments: 'country_code', 'city'
[INFO    ] application \u2014 \u2705 User verified@fashionistar.io logged in (Sync). IP: 127.0.0.1  UA: \n[INFO    ] apps.authentication.apis.auth_views.sync_views \u2014 \u2705 LoginView: login successful for verified@fashionistar.io (id=019d20c4-f77a-79c8-b3e4-096ad8c35aca role=client)\n[INFO    ] security — SECURITY_AUDIT action=REQUEST req=2eb00c2a-8df1-4048-bc62-ce68f51fa35e device=fp:57efdd91ba75ee0012c0 session=- ip=127.0.0.1 method=POST path=/api/v1/auth/login/ status=200 duration_ms=19.5 user_id=anonymous role=anonymous ua='-' referrer=-
[INFO    ] apps.common.middleware \u2014 [POST] /api/v1/auth/login/ \u2192 200 in 19.7ms [req=2eb00c2a-8df1-4048-bc62-ce68f51fa35e]\nPASSED                                                                   [  2%]
apps/authentication/tests/integration/test_login_endpoint.py::TestLoginHappyPath::test_response_has_role 
------------------------------- live log setup --------------------------------
[INFO    ] apps.authentication.models — Saved UnifiedUser 019d20c4-f7e1-7765-aef9-8405ef67c946 [email] member_id=FASTAR000001
[INFO    ] apps.authentication.managers \u2014 \u2705 Created user: email=verified@fashionistar.io\n-------------------------------- live log call --------------------------------
[INFO    ] apps.authentication.serializers.auth \u2014 \u2705 LoginSerializer: valid credentials for 'verified@fashionistar.io'\n[INFO    ] application — User verified@fashionistar.io authenticated via UnifiedUser backend (Sync)
[INFO    ] apps.authentication.models — Details updated for user: verified@fashionistar.io
[INFO    ] apps.authentication.models — Saved UnifiedUser 019d20c4-f7e1-7765-aef9-8405ef67c946 [email] member_id=FASTAR000001
[WARNING ] apps.audit_logs.tasks — write_audit_event failed (attempt 1/3): AuditEventLog() got unexpected keyword arguments: 'country_code', 'city' — event_type=login_success
[ERROR   ] apps.audit_logs.services.audit — AuditService._write_sync() failed for payload={'event_type': EventType.LOGIN_SUCCESS, 'event_category': EventCategory.AUTHENTICATION, 'severity': SeverityLevel.INFO, 'action': 'Successful login: verified@fashionistar.io', 'actor_email': 'verified@fashionistar.io', 'ip_address': '127.0.0.1', 'user_agent': None, 'device_type': None, 'browser_family': None, 'os_family': None, 'country': None, 'country_code': None, 'city': None, 'resource_type': 'UnifiedUser', 'resource_id': '019d20c4-f7e1-7765-aef9-8405ef67c946', 'request_method': 'POST', 'request_path': '/api/v1/auth/login/', 'response_status': None, 'duration_ms': None, 'old_values': None, 'new_values': None, 'metadata': {'auth_method': 'email', 'member_id': 'FASTAR000001'}, 'error_message': None, 'is_compliance': True, 'retention_days': 2555}
Traceback (most recent call last):
  File "C:\Users\fashi\OneDrive\Documenti\FASHIONISTAR_ANTAGRAVITY\fashionistar_backend\apps\audit_logs\tasks.py", line 48, in write_audit_event
    obj = AuditEventLog(**payload)
  File "C:\Users\fashi\OneDrive\Documenti\FASHIONISTAR_ANTAGRAVITY\fashionistar_backend\.venv\Lib\site-packages\django\db\models\base.py", line 590, in __init__
    raise TypeError(
    ...<2 lines>...
    )
TypeError: AuditEventLog() got unexpected keyword arguments: 'country_code', 'city'

During handling of the above exception, another exception occurred:

Traceback (most recent call last):
  File "C:\Users\fashi\OneDrive\Documenti\FASHIONISTAR_ANTAGRAVITY\fashionistar_backend\apps\audit_logs\services\audit.py", line 261, in _dispatch
    write_audit_event.apply_async(
    ~~~~~~~~~~~~~~~~~~~~~~~~~~~~~^
        kwargs={"payload": payload},
        ^^^^^^^^^^^^^^^^^^^^^^^^^^^^
        retry=False,
        ^^^^^^^^^^^^
        ignore_result=True,
        ^^^^^^^^^^^^^^^^^^^
    )
    ^
  File "C:\Users\fashi\OneDrive\Documenti\FASHIONISTAR_ANTAGRAVITY\fashionistar_backend\.venv\Lib\site-packages\celery\app\task.py", line 605, in apply_async
    return self.apply(args, kwargs, task_id=task_id or uuid(),
           ~~~~~~~~~~^^^^^^^^^^^^^^^^^^^^^^^^^^^^^^^^^^^^^^^^^
                      link=link, link_error=link_error, **options)
                      ^^^^^^^^^^^^^^^^^^^^^^^^^^^^^^^^^^^^^^^^^^^^
  File "C:\Users\fashi\OneDrive\Documenti\FASHIONISTAR_ANTAGRAVITY\fashionistar_backend\.venv\Lib\site-packages\celery\app\task.py", line 843, in apply
    ret = tracer(task_id, args, kwargs, request)
  File "C:\Users\fashi\OneDrive\Documenti\FASHIONISTAR_ANTAGRAVITY\fashionistar_backend\.venv\Lib\site-packages\celery\app\trace.py", line 494, in trace_task
    I, R, state, retval = on_error(
                          ~~~~~~~~^
        task_request, exc, RETRY, call_errbacks=False)
        ^^^^^^^^^^^^^^^^^^^^^^^^^^^^^^^^^^^^^^^^^^^^^^
  File "C:\Users\fashi\OneDrive\Documenti\FASHIONISTAR_ANTAGRAVITY\fashionistar_backend\.venv\Lib\site-packages\celery\app\trace.py", line 479, in trace_task
    R = retval = fun(*args, **kwargs)
                 ~~~^^^^^^^^^^^^^^^^^
  File "C:\Users\fashi\OneDrive\Documenti\FASHIONISTAR_ANTAGRAVITY\fashionistar_backend\apps\audit_logs\tasks.py", line 65, in write_audit_event
    raise self.retry(exc=exc)
          ~~~~~~~~~~^^^^^^^^^
  File "C:\Users\fashi\OneDrive\Documenti\FASHIONISTAR_ANTAGRAVITY\fashionistar_backend\.venv\Lib\site-packages\celery\app\task.py", line 763, in retry
    raise ret
celery.exceptions.Retry: Retry in 5s: TypeError("AuditEventLog() got unexpected keyword arguments: 'country_code', 'city'")

During handling of the above exception, another exception occurred:

Traceback (most recent call last):
  File "C:\Users\fashi\OneDrive\Documenti\FASHIONISTAR_ANTAGRAVITY\fashionistar_backend\apps\audit_logs\services\audit.py", line 275, in _write_sync
    obj = AuditEventLog(**payload)
  File "C:\Users\fashi\OneDrive\Documenti\FASHIONISTAR_ANTAGRAVITY\fashionistar_backend\.venv\Lib\site-packages\django\db\models\base.py", line 590, in __init__
    raise TypeError(
    ...<2 lines>...
    )
TypeError: AuditEventLog() got unexpected keyword arguments: 'country_code', 'city'
[INFO    ] application \u2014 \u2705 User verified@fashionistar.io logged in (Sync). IP: 127.0.0.1  UA: \n[INFO    ] apps.authentication.apis.auth_views.sync_views \u2014 \u2705 LoginView: login successful for verified@fashionistar.io (id=019d20c4-f7e1-7765-aef9-8405ef67c946 role=client)\n[INFO    ] security — SECURITY_AUDIT action=REQUEST req=e44718cc-38ed-4ab6-9bc8-896727f537c3 device=fp:57efdd91ba75ee0012c0 session=- ip=127.0.0.1 method=POST path=/api/v1/auth/login/ status=200 duration_ms=65.1 user_id=anonymous role=anonymous ua='-' referrer=-
[INFO    ] apps.common.middleware \u2014 [POST] /api/v1/auth/login/ \u2192 200 in 65.4ms [req=e44718cc-38ed-4ab6-9bc8-896727f537c3]\nPASSED                                                                   [  3%]
apps/authentication/tests/integration/test_login_endpoint.py::TestLoginHappyPath::test_response_has_identifying_info 
------------------------------- live log setup --------------------------------
[INFO    ] apps.authentication.models — Saved UnifiedUser 019d20c4-f8aa-7893-863e-2ac4b0259200 [email] member_id=FASTAR000001
[INFO    ] apps.authentication.managers \u2014 \u2705 Created user: email=verified@fashionistar.io\n-------------------------------- live log call --------------------------------
[INFO    ] apps.authentication.serializers.auth \u2014 \u2705 LoginSerializer: valid credentials for 'verified@fashionistar.io'\n[INFO    ] application — User verified@fashionistar.io authenticated via UnifiedUser backend (Sync)
[INFO    ] apps.authentication.models — Details updated for user: verified@fashionistar.io
[INFO    ] apps.authentication.models — Saved UnifiedUser 019d20c4-f8aa-7893-863e-2ac4b0259200 [email] member_id=FASTAR000001
[WARNING ] apps.audit_logs.tasks — write_audit_event failed (attempt 1/3): AuditEventLog() got unexpected keyword arguments: 'country_code', 'city' — event_type=login_success
[ERROR   ] apps.audit_logs.services.audit — AuditService._write_sync() failed for payload={'event_type': EventType.LOGIN_SUCCESS, 'event_category': EventCategory.AUTHENTICATION, 'severity': SeverityLevel.INFO, 'action': 'Successful login: verified@fashionistar.io', 'actor_email': 'verified@fashionistar.io', 'ip_address': '127.0.0.1', 'user_agent': None, 'device_type': None, 'browser_family': None, 'os_family': None, 'country': None, 'country_code': None, 'city': None, 'resource_type': 'UnifiedUser', 'resource_id': '019d20c4-f8aa-7893-863e-2ac4b0259200', 'request_method': 'POST', 'request_path': '/api/v1/auth/login/', 'response_status': None, 'duration_ms': None, 'old_values': None, 'new_values': None, 'metadata': {'auth_method': 'email', 'member_id': 'FASTAR000001'}, 'error_message': None, 'is_compliance': True, 'retention_days': 2555}
Traceback (most recent call last):
  File "C:\Users\fashi\OneDrive\Documenti\FASHIONISTAR_ANTAGRAVITY\fashionistar_backend\apps\audit_logs\tasks.py", line 48, in write_audit_event
    obj = AuditEventLog(**payload)
  File "C:\Users\fashi\OneDrive\Documenti\FASHIONISTAR_ANTAGRAVITY\fashionistar_backend\.venv\Lib\site-packages\django\db\models\base.py", line 590, in __init__
    raise TypeError(
    ...<2 lines>...
    )
TypeError: AuditEventLog() got unexpected keyword arguments: 'country_code', 'city'

During handling of the above exception, another exception occurred:

Traceback (most recent call last):
  File "C:\Users\fashi\OneDrive\Documenti\FASHIONISTAR_ANTAGRAVITY\fashionistar_backend\apps\audit_logs\services\audit.py", line 261, in _dispatch
    write_audit_event.apply_async(
    ~~~~~~~~~~~~~~~~~~~~~~~~~~~~~^
        kwargs={"payload": payload},
        ^^^^^^^^^^^^^^^^^^^^^^^^^^^^
        retry=False,
        ^^^^^^^^^^^^
        ignore_result=True,
        ^^^^^^^^^^^^^^^^^^^
    )
    ^
  File "C:\Users\fashi\OneDrive\Documenti\FASHIONISTAR_ANTAGRAVITY\fashionistar_backend\.venv\Lib\site-packages\celery\app\task.py", line 605, in apply_async
    return self.apply(args, kwargs, task_id=task_id or uuid(),
           ~~~~~~~~~~^^^^^^^^^^^^^^^^^^^^^^^^^^^^^^^^^^^^^^^^^
                      link=link, link_error=link_error, **options)
                      ^^^^^^^^^^^^^^^^^^^^^^^^^^^^^^^^^^^^^^^^^^^^
  File "C:\Users\fashi\OneDrive\Documenti\FASHIONISTAR_ANTAGRAVITY\fashionistar_backend\.venv\Lib\site-packages\celery\app\task.py", line 843, in apply
    ret = tracer(task_id, args, kwargs, request)
  File "C:\Users\fashi\OneDrive\Documenti\FASHIONISTAR_ANTAGRAVITY\fashionistar_backend\.venv\Lib\site-packages\celery\app\trace.py", line 494, in trace_task
    I, R, state, retval = on_error(
                          ~~~~~~~~^
        task_request, exc, RETRY, call_errbacks=False)
        ^^^^^^^^^^^^^^^^^^^^^^^^^^^^^^^^^^^^^^^^^^^^^^
  File "C:\Users\fashi\OneDrive\Documenti\FASHIONISTAR_ANTAGRAVITY\fashionistar_backend\.venv\Lib\site-packages\celery\app\trace.py", line 479, in trace_task
    R = retval = fun(*args, **kwargs)
                 ~~~^^^^^^^^^^^^^^^^^
  File "C:\Users\fashi\OneDrive\Documenti\FASHIONISTAR_ANTAGRAVITY\fashionistar_backend\apps\audit_logs\tasks.py", line 65, in write_audit_event
    raise self.retry(exc=exc)
          ~~~~~~~~~~^^^^^^^^^
  File "C:\Users\fashi\OneDrive\Documenti\FASHIONISTAR_ANTAGRAVITY\fashionistar_backend\.venv\Lib\site-packages\celery\app\task.py", line 763, in retry
    raise ret
celery.exceptions.Retry: Retry in 5s: TypeError("AuditEventLog() got unexpected keyword arguments: 'country_code', 'city'")

During handling of the above exception, another exception occurred:

Traceback (most recent call last):
  File "C:\Users\fashi\OneDrive\Documenti\FASHIONISTAR_ANTAGRAVITY\fashionistar_backend\apps\audit_logs\services\audit.py", line 275, in _write_sync
    obj = AuditEventLog(**payload)
  File "C:\Users\fashi\OneDrive\Documenti\FASHIONISTAR_ANTAGRAVITY\fashionistar_backend\.venv\Lib\site-packages\django\db\models\base.py", line 590, in __init__
    raise TypeError(
    ...<2 lines>...
    )
TypeError: AuditEventLog() got unexpected keyword arguments: 'country_code', 'city'
[INFO    ] application \u2014 \u2705 User verified@fashionistar.io logged in (Sync). IP: 127.0.0.1  UA: \n[INFO    ] apps.authentication.apis.auth_views.sync_views \u2014 \u2705 LoginView: login successful for verified@fashionistar.io (id=019d20c4-f8aa-7893-863e-2ac4b0259200 role=client)\n[INFO    ] security — SECURITY_AUDIT action=REQUEST req=dd935dcb-2ef5-4aa0-8011-c526245ecbaf device=fp:57efdd91ba75ee0012c0 session=- ip=127.0.0.1 method=POST path=/api/v1/auth/login/ status=200 duration_ms=19.9 user_id=anonymous role=anonymous ua='-' referrer=-
[INFO    ] apps.common.middleware \u2014 [POST] /api/v1/auth/login/ \u2192 200 in 20.0ms [req=dd935dcb-2ef5-4aa0-8011-c526245ecbaf]\nPASSED                                                                   [  3%]
apps/authentication/tests/integration/test_login_endpoint.py::TestLoginHappyPath::test_response_has_message 
------------------------------- live log setup --------------------------------
[INFO    ] apps.authentication.models — Saved UnifiedUser 019d20c4-f91d-7118-8e47-589a415b919a [email] member_id=FASTAR000001
[INFO    ] apps.authentication.managers \u2014 \u2705 Created user: email=verified@fashionistar.io\n-------------------------------- live log call --------------------------------
[INFO    ] apps.authentication.serializers.auth \u2014 \u2705 LoginSerializer: valid credentials for 'verified@fashionistar.io'\n[INFO    ] application — User verified@fashionistar.io authenticated via UnifiedUser backend (Sync)
[INFO    ] apps.authentication.models — Details updated for user: verified@fashionistar.io
[INFO    ] apps.authentication.models — Saved UnifiedUser 019d20c4-f91d-7118-8e47-589a415b919a [email] member_id=FASTAR000001
[WARNING ] apps.audit_logs.tasks — write_audit_event failed (attempt 1/3): AuditEventLog() got unexpected keyword arguments: 'country_code', 'city' — event_type=login_success
[ERROR   ] apps.audit_logs.services.audit — AuditService._write_sync() failed for payload={'event_type': EventType.LOGIN_SUCCESS, 'event_category': EventCategory.AUTHENTICATION, 'severity': SeverityLevel.INFO, 'action': 'Successful login: verified@fashionistar.io', 'actor_email': 'verified@fashionistar.io', 'ip_address': '127.0.0.1', 'user_agent': None, 'device_type': None, 'browser_family': None, 'os_family': None, 'country': None, 'country_code': None, 'city': None, 'resource_type': 'UnifiedUser', 'resource_id': '019d20c4-f91d-7118-8e47-589a415b919a', 'request_method': 'POST', 'request_path': '/api/v1/auth/login/', 'response_status': None, 'duration_ms': None, 'old_values': None, 'new_values': None, 'metadata': {'auth_method': 'email', 'member_id': 'FASTAR000001'}, 'error_message': None, 'is_compliance': True, 'retention_days': 2555}
Traceback (most recent call last):
  File "C:\Users\fashi\OneDrive\Documenti\FASHIONISTAR_ANTAGRAVITY\fashionistar_backend\apps\audit_logs\tasks.py", line 48, in write_audit_event
    obj = AuditEventLog(**payload)
  File "C:\Users\fashi\OneDrive\Documenti\FASHIONISTAR_ANTAGRAVITY\fashionistar_backend\.venv\Lib\site-packages\django\db\models\base.py", line 590, in __init__
    raise TypeError(
    ...<2 lines>...
    )
TypeError: AuditEventLog() got unexpected keyword arguments: 'country_code', 'city'

During handling of the above exception, another exception occurred:

Traceback (most recent call last):
  File "C:\Users\fashi\OneDrive\Documenti\FASHIONISTAR_ANTAGRAVITY\fashionistar_backend\apps\audit_logs\services\audit.py", line 261, in _dispatch
    write_audit_event.apply_async(
    ~~~~~~~~~~~~~~~~~~~~~~~~~~~~~^
        kwargs={"payload": payload},
        ^^^^^^^^^^^^^^^^^^^^^^^^^^^^
        retry=False,
        ^^^^^^^^^^^^
        ignore_result=True,
        ^^^^^^^^^^^^^^^^^^^
    )
    ^
  File "C:\Users\fashi\OneDrive\Documenti\FASHIONISTAR_ANTAGRAVITY\fashionistar_backend\.venv\Lib\site-packages\celery\app\task.py", line 605, in apply_async
    return self.apply(args, kwargs, task_id=task_id or uuid(),
           ~~~~~~~~~~^^^^^^^^^^^^^^^^^^^^^^^^^^^^^^^^^^^^^^^^^
                      link=link, link_error=link_error, **options)
                      ^^^^^^^^^^^^^^^^^^^^^^^^^^^^^^^^^^^^^^^^^^^^
  File "C:\Users\fashi\OneDrive\Documenti\FASHIONISTAR_ANTAGRAVITY\fashionistar_backend\.venv\Lib\site-packages\celery\app\task.py", line 843, in apply
    ret = tracer(task_id, args, kwargs, request)
  File "C:\Users\fashi\OneDrive\Documenti\FASHIONISTAR_ANTAGRAVITY\fashionistar_backend\.venv\Lib\site-packages\celery\app\trace.py", line 494, in trace_task
    I, R, state, retval = on_error(
                          ~~~~~~~~^
        task_request, exc, RETRY, call_errbacks=False)
        ^^^^^^^^^^^^^^^^^^^^^^^^^^^^^^^^^^^^^^^^^^^^^^
  File "C:\Users\fashi\OneDrive\Documenti\FASHIONISTAR_ANTAGRAVITY\fashionistar_backend\.venv\Lib\site-packages\celery\app\trace.py", line 479, in trace_task
    R = retval = fun(*args, **kwargs)
                 ~~~^^^^^^^^^^^^^^^^^
  File "C:\Users\fashi\OneDrive\Documenti\FASHIONISTAR_ANTAGRAVITY\fashionistar_backend\apps\audit_logs\tasks.py", line 65, in write_audit_event
    raise self.retry(exc=exc)
          ~~~~~~~~~~^^^^^^^^^
  File "C:\Users\fashi\OneDrive\Documenti\FASHIONISTAR_ANTAGRAVITY\fashionistar_backend\.venv\Lib\site-packages\celery\app\task.py", line 763, in retry
    raise ret
celery.exceptions.Retry: Retry in 5s: TypeError("AuditEventLog() got unexpected keyword arguments: 'country_code', 'city'")

During handling of the above exception, another exception occurred:

Traceback (most recent call last):
  File "C:\Users\fashi\OneDrive\Documenti\FASHIONISTAR_ANTAGRAVITY\fashionistar_backend\apps\audit_logs\services\audit.py", line 275, in _write_sync
    obj = AuditEventLog(**payload)
  File "C:\Users\fashi\OneDrive\Documenti\FASHIONISTAR_ANTAGRAVITY\fashionistar_backend\.venv\Lib\site-packages\django\db\models\base.py", line 590, in __init__
    raise TypeError(
    ...<2 lines>...
    )
TypeError: AuditEventLog() got unexpected keyword arguments: 'country_code', 'city'
[INFO    ] application \u2014 \u2705 User verified@fashionistar.io logged in (Sync). IP: 127.0.0.1  UA: \n[INFO    ] apps.authentication.apis.auth_views.sync_views \u2014 \u2705 LoginView: login successful for verified@fashionistar.io (id=019d20c4-f91d-7118-8e47-589a415b919a role=client)\n[INFO    ] security — SECURITY_AUDIT action=REQUEST req=50cd6a77-233d-4e1b-977a-3f20c532ea53 device=fp:57efdd91ba75ee0012c0 session=- ip=127.0.0.1 method=POST path=/api/v1/auth/login/ status=200 duration_ms=99.5 user_id=anonymous role=anonymous ua='-' referrer=-
[INFO    ] apps.common.middleware \u2014 [POST] /api/v1/auth/login/ \u2192 200 in 99.8ms [req=50cd6a77-233d-4e1b-977a-3f20c532ea53]\nPASSED                                                                   [  4%]
apps/authentication/tests/integration/test_login_endpoint.py::TestLoginHappyPath::test_access_token_is_valid_jwt_format 
------------------------------- live log setup --------------------------------
[INFO    ] apps.authentication.models — Saved UnifiedUser 019d20c4-f9eb-7f0c-8272-144f09b75339 [email] member_id=FASTAR000001
[INFO    ] apps.authentication.managers \u2014 \u2705 Created user: email=verified@fashionistar.io\n-------------------------------- live log call --------------------------------
[INFO    ] apps.authentication.serializers.auth \u2014 \u2705 LoginSerializer: valid credentials for 'verified@fashionistar.io'\n[INFO    ] application — User verified@fashionistar.io authenticated via UnifiedUser backend (Sync)
[INFO    ] apps.authentication.models — Details updated for user: verified@fashionistar.io
[INFO    ] apps.authentication.models — Saved UnifiedUser 019d20c4-f9eb-7f0c-8272-144f09b75339 [email] member_id=FASTAR000001
[WARNING ] apps.audit_logs.tasks — write_audit_event failed (attempt 1/3): AuditEventLog() got unexpected keyword arguments: 'country_code', 'city' — event_type=login_success
[ERROR   ] apps.audit_logs.services.audit — AuditService._write_sync() failed for payload={'event_type': EventType.LOGIN_SUCCESS, 'event_category': EventCategory.AUTHENTICATION, 'severity': SeverityLevel.INFO, 'action': 'Successful login: verified@fashionistar.io', 'actor_email': 'verified@fashionistar.io', 'ip_address': '127.0.0.1', 'user_agent': None, 'device_type': None, 'browser_family': None, 'os_family': None, 'country': None, 'country_code': None, 'city': None, 'resource_type': 'UnifiedUser', 'resource_id': '019d20c4-f9eb-7f0c-8272-144f09b75339', 'request_method': 'POST', 'request_path': '/api/v1/auth/login/', 'response_status': None, 'duration_ms': None, 'old_values': None, 'new_values': None, 'metadata': {'auth_method': 'email', 'member_id': 'FASTAR000001'}, 'error_message': None, 'is_compliance': True, 'retention_days': 2555}
Traceback (most recent call last):
  File "C:\Users\fashi\OneDrive\Documenti\FASHIONISTAR_ANTAGRAVITY\fashionistar_backend\apps\audit_logs\tasks.py", line 48, in write_audit_event
    obj = AuditEventLog(**payload)
  File "C:\Users\fashi\OneDrive\Documenti\FASHIONISTAR_ANTAGRAVITY\fashionistar_backend\.venv\Lib\site-packages\django\db\models\base.py", line 590, in __init__
    raise TypeError(
    ...<2 lines>...
    )
TypeError: AuditEventLog() got unexpected keyword arguments: 'country_code', 'city'

During handling of the above exception, another exception occurred:

Traceback (most recent call last):
  File "C:\Users\fashi\OneDrive\Documenti\FASHIONISTAR_ANTAGRAVITY\fashionistar_backend\apps\audit_logs\services\audit.py", line 261, in _dispatch
    write_audit_event.apply_async(
    ~~~~~~~~~~~~~~~~~~~~~~~~~~~~~^
        kwargs={"payload": payload},
        ^^^^^^^^^^^^^^^^^^^^^^^^^^^^
        retry=False,
        ^^^^^^^^^^^^
        ignore_result=True,
        ^^^^^^^^^^^^^^^^^^^
    )
    ^
  File "C:\Users\fashi\OneDrive\Documenti\FASHIONISTAR_ANTAGRAVITY\fashionistar_backend\.venv\Lib\site-packages\celery\app\task.py", line 605, in apply_async
    return self.apply(args, kwargs, task_id=task_id or uuid(),
           ~~~~~~~~~~^^^^^^^^^^^^^^^^^^^^^^^^^^^^^^^^^^^^^^^^^
                      link=link, link_error=link_error, **options)
                      ^^^^^^^^^^^^^^^^^^^^^^^^^^^^^^^^^^^^^^^^^^^^
  File "C:\Users\fashi\OneDrive\Documenti\FASHIONISTAR_ANTAGRAVITY\fashionistar_backend\.venv\Lib\site-packages\celery\app\task.py", line 843, in apply
    ret = tracer(task_id, args, kwargs, request)
  File "C:\Users\fashi\OneDrive\Documenti\FASHIONISTAR_ANTAGRAVITY\fashionistar_backend\.venv\Lib\site-packages\celery\app\trace.py", line 494, in trace_task
    I, R, state, retval = on_error(
                          ~~~~~~~~^
        task_request, exc, RETRY, call_errbacks=False)
        ^^^^^^^^^^^^^^^^^^^^^^^^^^^^^^^^^^^^^^^^^^^^^^
  File "C:\Users\fashi\OneDrive\Documenti\FASHIONISTAR_ANTAGRAVITY\fashionistar_backend\.venv\Lib\site-packages\celery\app\trace.py", line 479, in trace_task
    R = retval = fun(*args, **kwargs)
                 ~~~^^^^^^^^^^^^^^^^^
  File "C:\Users\fashi\OneDrive\Documenti\FASHIONISTAR_ANTAGRAVITY\fashionistar_backend\apps\audit_logs\tasks.py", line 65, in write_audit_event
    raise self.retry(exc=exc)
          ~~~~~~~~~~^^^^^^^^^
  File "C:\Users\fashi\OneDrive\Documenti\FASHIONISTAR_ANTAGRAVITY\fashionistar_backend\.venv\Lib\site-packages\celery\app\task.py", line 763, in retry
    raise ret
celery.exceptions.Retry: Retry in 5s: TypeError("AuditEventLog() got unexpected keyword arguments: 'country_code', 'city'")

During handling of the above exception, another exception occurred:

Traceback (most recent call last):
  File "C:\Users\fashi\OneDrive\Documenti\FASHIONISTAR_ANTAGRAVITY\fashionistar_backend\apps\audit_logs\services\audit.py", line 275, in _write_sync
    obj = AuditEventLog(**payload)
  File "C:\Users\fashi\OneDrive\Documenti\FASHIONISTAR_ANTAGRAVITY\fashionistar_backend\.venv\Lib\site-packages\django\db\models\base.py", line 590, in __init__
    raise TypeError(
    ...<2 lines>...
    )
TypeError: AuditEventLog() got unexpected keyword arguments: 'country_code', 'city'
[INFO    ] application \u2014 \u2705 User verified@fashionistar.io logged in (Sync). IP: 127.0.0.1  UA: \n[INFO    ] apps.authentication.apis.auth_views.sync_views \u2014 \u2705 LoginView: login successful for verified@fashionistar.io (id=019d20c4-f9eb-7f0c-8272-144f09b75339 role=client)\n[INFO    ] security — SECURITY_AUDIT action=REQUEST req=d2111299-94c4-47aa-beaf-0c74369b2b74 device=fp:57efdd91ba75ee0012c0 session=- ip=127.0.0.1 method=POST path=/api/v1/auth/login/ status=200 duration_ms=19.4 user_id=anonymous role=anonymous ua='-' referrer=-
[INFO    ] apps.common.middleware \u2014 [POST] /api/v1/auth/login/ \u2192 200 in 19.5ms [req=d2111299-94c4-47aa-beaf-0c74369b2b74]\nPASSED                                                                   [  5%]
apps/authentication/tests/integration/test_login_endpoint.py::TestLoginHappyPath::test_no_tokens_nested_key 
------------------------------- live log setup --------------------------------
[INFO    ] apps.authentication.models — Saved UnifiedUser 019d20c4-fa70-7640-8bcb-32c05f6f270d [email] member_id=FASTAR000001
[INFO    ] apps.authentication.managers \u2014 \u2705 Created user: email=verified@fashionistar.io\n-------------------------------- live log call --------------------------------
[INFO    ] apps.authentication.serializers.auth \u2014 \u2705 LoginSerializer: valid credentials for 'verified@fashionistar.io'\n[INFO    ] application — User verified@fashionistar.io authenticated via UnifiedUser backend (Sync)
[INFO    ] apps.authentication.models — Details updated for user: verified@fashionistar.io
[INFO    ] apps.authentication.models — Saved UnifiedUser 019d20c4-fa70-7640-8bcb-32c05f6f270d [email] member_id=FASTAR000001
[WARNING ] apps.audit_logs.tasks — write_audit_event failed (attempt 1/3): AuditEventLog() got unexpected keyword arguments: 'country_code', 'city' — event_type=login_success
[ERROR   ] apps.audit_logs.services.audit — AuditService._write_sync() failed for payload={'event_type': EventType.LOGIN_SUCCESS, 'event_category': EventCategory.AUTHENTICATION, 'severity': SeverityLevel.INFO, 'action': 'Successful login: verified@fashionistar.io', 'actor_email': 'verified@fashionistar.io', 'ip_address': '127.0.0.1', 'user_agent': None, 'device_type': None, 'browser_family': None, 'os_family': None, 'country': None, 'country_code': None, 'city': None, 'resource_type': 'UnifiedUser', 'resource_id': '019d20c4-fa70-7640-8bcb-32c05f6f270d', 'request_method': 'POST', 'request_path': '/api/v1/auth/login/', 'response_status': None, 'duration_ms': None, 'old_values': None, 'new_values': None, 'metadata': {'auth_method': 'email', 'member_id': 'FASTAR000001'}, 'error_message': None, 'is_compliance': True, 'retention_days': 2555}
Traceback (most recent call last):
  File "C:\Users\fashi\OneDrive\Documenti\FASHIONISTAR_ANTAGRAVITY\fashionistar_backend\apps\audit_logs\tasks.py", line 48, in write_audit_event
    obj = AuditEventLog(**payload)
  File "C:\Users\fashi\OneDrive\Documenti\FASHIONISTAR_ANTAGRAVITY\fashionistar_backend\.venv\Lib\site-packages\django\db\models\base.py", line 590, in __init__
    raise TypeError(
    ...<2 lines>...
    )
TypeError: AuditEventLog() got unexpected keyword arguments: 'country_code', 'city'

During handling of the above exception, another exception occurred:

Traceback (most recent call last):
  File "C:\Users\fashi\OneDrive\Documenti\FASHIONISTAR_ANTAGRAVITY\fashionistar_backend\apps\audit_logs\services\audit.py", line 261, in _dispatch
    write_audit_event.apply_async(
    ~~~~~~~~~~~~~~~~~~~~~~~~~~~~~^
        kwargs={"payload": payload},
        ^^^^^^^^^^^^^^^^^^^^^^^^^^^^
        retry=False,
        ^^^^^^^^^^^^
        ignore_result=True,
        ^^^^^^^^^^^^^^^^^^^
    )
    ^
  File "C:\Users\fashi\OneDrive\Documenti\FASHIONISTAR_ANTAGRAVITY\fashionistar_backend\.venv\Lib\site-packages\celery\app\task.py", line 605, in apply_async
    return self.apply(args, kwargs, task_id=task_id or uuid(),
           ~~~~~~~~~~^^^^^^^^^^^^^^^^^^^^^^^^^^^^^^^^^^^^^^^^^
                      link=link, link_error=link_error, **options)
                      ^^^^^^^^^^^^^^^^^^^^^^^^^^^^^^^^^^^^^^^^^^^^
  File "C:\Users\fashi\OneDrive\Documenti\FASHIONISTAR_ANTAGRAVITY\fashionistar_backend\.venv\Lib\site-packages\celery\app\task.py", line 843, in apply
    ret = tracer(task_id, args, kwargs, request)
  File "C:\Users\fashi\OneDrive\Documenti\FASHIONISTAR_ANTAGRAVITY\fashionistar_backend\.venv\Lib\site-packages\celery\app\trace.py", line 494, in trace_task
    I, R, state, retval = on_error(
                          ~~~~~~~~^
        task_request, exc, RETRY, call_errbacks=False)
        ^^^^^^^^^^^^^^^^^^^^^^^^^^^^^^^^^^^^^^^^^^^^^^
  File "C:\Users\fashi\OneDrive\Documenti\FASHIONISTAR_ANTAGRAVITY\fashionistar_backend\.venv\Lib\site-packages\celery\app\trace.py", line 479, in trace_task
    R = retval = fun(*args, **kwargs)
                 ~~~^^^^^^^^^^^^^^^^^
  File "C:\Users\fashi\OneDrive\Documenti\FASHIONISTAR_ANTAGRAVITY\fashionistar_backend\apps\audit_logs\tasks.py", line 65, in write_audit_event
    raise self.retry(exc=exc)
          ~~~~~~~~~~^^^^^^^^^
  File "C:\Users\fashi\OneDrive\Documenti\FASHIONISTAR_ANTAGRAVITY\fashionistar_backend\.venv\Lib\site-packages\celery\app\task.py", line 763, in retry
    raise ret
celery.exceptions.Retry: Retry in 5s: TypeError("AuditEventLog() got unexpected keyword arguments: 'country_code', 'city'")

During handling of the above exception, another exception occurred:

Traceback (most recent call last):
  File "C:\Users\fashi\OneDrive\Documenti\FASHIONISTAR_ANTAGRAVITY\fashionistar_backend\apps\audit_logs\services\audit.py", line 275, in _write_sync
    obj = AuditEventLog(**payload)
  File "C:\Users\fashi\OneDrive\Documenti\FASHIONISTAR_ANTAGRAVITY\fashionistar_backend\.venv\Lib\site-packages\django\db\models\base.py", line 590, in __init__
    raise TypeError(
    ...<2 lines>...
    )
TypeError: AuditEventLog() got unexpected keyword arguments: 'country_code', 'city'
[INFO    ] application \u2014 \u2705 User verified@fashionistar.io logged in (Sync). IP: 127.0.0.1  UA: \n[INFO    ] apps.authentication.apis.auth_views.sync_views \u2014 \u2705 LoginView: login successful for verified@fashionistar.io (id=019d20c4-fa70-7640-8bcb-32c05f6f270d role=client)\n[INFO    ] security — SECURITY_AUDIT action=REQUEST req=e4b0f2d9-ae4a-4ca7-a8e3-cb3f037a82a0 device=fp:57efdd91ba75ee0012c0 session=- ip=127.0.0.1 method=POST path=/api/v1/auth/login/ status=200 duration_ms=39.5 user_id=anonymous role=anonymous ua='-' referrer=-
[INFO    ] apps.common.middleware \u2014 [POST] /api/v1/auth/login/ \u2192 200 in 39.8ms [req=e4b0f2d9-ae4a-4ca7-a8e3-cb3f037a82a0]\nPASSED                                                                   [  5%]
apps/authentication/tests/integration/test_login_endpoint.py::TestLoginFailures::test_wrong_password_returns_400 
------------------------------- live log setup --------------------------------
[INFO    ] apps.authentication.models — Saved UnifiedUser 019d20c4-fafe-7660-8e1c-a5e3278e9e24 [email] member_id=FASTAR000001
[INFO    ] apps.authentication.managers \u2014 \u2705 Created user: email=verified@fashionistar.io\n-------------------------------- live log call --------------------------------
[WARNING ] apps.authentication.serializers.auth \u2014 \u26d4 Login failed: wrong password for 'verified@fashionistar.io'\n[WARNING ] security — SECURITY_AUDIT action=PERMISSION_DENIED req=1b358a71-c062-452e-89f0-d42d86d3f728 device=fp:57efdd91ba75ee0012c0 session=- ip=127.0.0.1 method=POST path=/api/v1/auth/login/ status=401 duration_ms=7.6 user_id=anonymous role=anonymous ua='-' referrer=-
[INFO    ] apps.common.middleware \u2014 [POST] /api/v1/auth/login/ \u2192 401 in 8.6ms [req=1b358a71-c062-452e-89f0-d42d86d3f728]\nFAILED                                                                   [  6%]
apps/authentication/tests/integration/test_login_endpoint.py::TestLoginFailures::test_wrong_password_has_no_tokens 
------------------------------- live log setup --------------------------------
[INFO    ] apps.authentication.models — Saved UnifiedUser 019d20c4-fd34-75ef-a791-eb14872b5ebe [email] member_id=FASTAR000001
[INFO    ] apps.authentication.managers \u2014 \u2705 Created user: email=verified@fashionistar.io\n-------------------------------- live log call --------------------------------
[WARNING ] apps.authentication.serializers.auth \u2014 \u26d4 Login failed: wrong password for 'verified@fashionistar.io'\n[WARNING ] security — SECURITY_AUDIT action=PERMISSION_DENIED req=f8b140a9-d186-445a-beaf-17e6a0cf3c17 device=fp:57efdd91ba75ee0012c0 session=- ip=127.0.0.1 method=POST path=/api/v1/auth/login/ status=401 duration_ms=2.6 user_id=anonymous role=anonymous ua='-' referrer=-
[INFO    ] apps.common.middleware \u2014 [POST] /api/v1/auth/login/ \u2192 401 in 2.8ms [req=f8b140a9-d186-445a-beaf-17e6a0cf3c17]\nPASSED                                                                   [  7%]
apps/authentication/tests/integration/test_login_endpoint.py::TestLoginFailures::test_nonexistent_user_returns_400 
-------------------------------- live log call --------------------------------
[WARNING ] apps.authentication.serializers.auth \u2014 \u26d4 Login failed: user not found 'nobody@nowhere.com'\n[WARNING ] security — SECURITY_AUDIT action=PERMISSION_DENIED req=ffd24c1f-2a35-48ab-a33f-77c75ae807bd device=fp:57efdd91ba75ee0012c0 session=- ip=127.0.0.1 method=POST path=/api/v1/auth/login/ status=401 duration_ms=5.1 user_id=anonymous role=anonymous ua='-' referrer=-
[INFO    ] apps.common.middleware \u2014 [POST] /api/v1/auth/login/ \u2192 401 in 5.4ms [req=ffd24c1f-2a35-48ab-a33f-77c75ae807bd]\nFAILED                                                                   [  7%]
apps/authentication/tests/integration/test_login_endpoint.py::TestLoginFailures::test_unverified_user_returns_error 
------------------------------- live log setup --------------------------------
[INFO    ] apps.authentication.models — Saved UnifiedUser 019d20c4-fdc9-73aa-8fb5-e68de76c02cc [email] member_id=FASTAR000001
[INFO    ] apps.authentication.managers \u2014 \u2705 Created user: email=registered@fashionistar.io\n-------------------------------- live log call --------------------------------
[WARNING ] apps.authentication.serializers.auth \u2014 \u26d4 Login rejected: account not verified 'registered@fashionistar.io'\n[WARNING ] apps.authentication.apis.auth_views.sync_views \u2014 \u26d4 LoginView: unverified account attempt \u2014 registered@fashionistar.io\n[WARNING ] security — SECURITY_AUDIT action=PERMISSION_DENIED req=15aa66af-f201-414b-8c52-c9ea506a54f6 device=fp:57efdd91ba75ee0012c0 session=- ip=127.0.0.1 method=POST path=/api/v1/auth/login/ status=403 duration_ms=2.7 user_id=anonymous role=anonymous ua='-' referrer=-
[INFO    ] apps.common.middleware \u2014 [POST] /api/v1/auth/login/ \u2192 403 in 2.8ms [req=15aa66af-f201-414b-8c52-c9ea506a54f6]\nPASSED                                                                   [  8%]
apps/authentication/tests/integration/test_login_endpoint.py::TestLoginFailures::test_empty_payload_returns_400 
-------------------------------- live log call --------------------------------
[WARNING ] apps.authentication.apis.auth_views.sync_views \u2014 \u26a0\ufe0f LoginView validation error: {'email_or_phone': [ErrorDetail(string='This field is required.', code='required')], 'password': [ErrorDetail(string='This field is required.', code='required')]}\n[INFO    ] security — SECURITY_AUDIT action=CLIENT_ERROR req=29f88850-d5fe-4dca-bf6e-8c4fe37f1ab4 device=fp:57efdd91ba75ee0012c0 session=- ip=127.0.0.1 method=POST path=/api/v1/auth/login/ status=400 duration_ms=2.1 user_id=anonymous role=anonymous ua='-' referrer=-
[INFO    ] apps.common.middleware \u2014 [POST] /api/v1/auth/login/ \u2192 400 in 2.3ms [req=29f88850-d5fe-4dca-bf6e-8c4fe37f1ab4]\nPASSED                                                                   [  9%]
apps/authentication/tests/integration/test_login_endpoint.py::TestLoginFailures::test_missing_password_returns_400 
------------------------------- live log setup --------------------------------
[INFO    ] apps.authentication.models — Saved UnifiedUser 019d20c4-fe4c-774c-a161-d74197fd82a9 [email] member_id=FASTAR000001
[INFO    ] apps.authentication.managers \u2014 \u2705 Created user: email=verified@fashionistar.io\n-------------------------------- live log call --------------------------------
[WARNING ] apps.authentication.apis.auth_views.sync_views \u2014 \u26a0\ufe0f LoginView validation error: {'password': [ErrorDetail(string='This field is required.', code='required')]}\n[INFO    ] security — SECURITY_AUDIT action=CLIENT_ERROR req=bd4e824b-2c56-4d98-ab1e-4785ecb86938 device=fp:57efdd91ba75ee0012c0 session=- ip=127.0.0.1 method=POST path=/api/v1/auth/login/ status=400 duration_ms=2.7 user_id=anonymous role=anonymous ua='-' referrer=-
[INFO    ] apps.common.middleware \u2014 [POST] /api/v1/auth/login/ \u2192 400 in 3.0ms [req=bd4e824b-2c56-4d98-ab1e-4785ecb86938]\nPASSED                                                                   [  9%]
apps/authentication/tests/integration/test_login_endpoint.py::TestLoginFailures::test_missing_email_or_phone_returns_400 
-------------------------------- live log call --------------------------------
[WARNING ] apps.authentication.apis.auth_views.sync_views \u2014 \u26a0\ufe0f LoginView validation error: {'email_or_phone': [ErrorDetail(string='This field is required.', code='required')]}\n[INFO    ] security — SECURITY_AUDIT action=CLIENT_ERROR req=1402703b-ce76-4ea4-9cc8-fbcc12f87cd9 device=fp:57efdd91ba75ee0012c0 session=- ip=127.0.0.1 method=POST path=/api/v1/auth/login/ status=400 duration_ms=1.5 user_id=anonymous role=anonymous ua='-' referrer=-
[INFO    ] apps.common.middleware \u2014 [POST] /api/v1/auth/login/ \u2192 400 in 1.8ms [req=1402703b-ce76-4ea4-9cc8-fbcc12f87cd9]\nPASSED                                                                   [ 10%]
apps/authentication/tests/integration/test_login_endpoint.py::TestLogout::test_logout_blacklists_token 
------------------------------- live log setup --------------------------------
[INFO    ] apps.authentication.models — Saved UnifiedUser 019d20c4-fef9-7977-877f-7467b6f27790 [email] member_id=FASTAR000001
[INFO    ] apps.authentication.managers \u2014 \u2705 Created user: email=verified@fashionistar.io\n-------------------------------- live log call --------------------------------
[INFO    ] apps.authentication.apis.auth_views.sync_views — Logout: refresh token blacklisted — user_id=019d20c4-fef9-7977-877f-7467b6f27790
[INFO    ] security — SECURITY_AUDIT action=REQUEST req=26b386ba-f4b5-4c67-9257-e80ef7e4cc4b device=fp:57efdd91ba75ee0012c0 session=- ip=127.0.0.1 method=POST path=/api/v1/auth/logout/ status=200 duration_ms=6.8 user_id=019d20c4-fef9-7977-877f-7467b6f27790 role=client ua='-' referrer=-
[INFO    ] apps.common.middleware \u2014 [POST] /api/v1/auth/logout/ \u2192 200 in 7.0ms [req=26b386ba-f4b5-4c67-9257-e80ef7e4cc4b]\nPASSED                                                                   [ 10%]
apps/authentication/tests/integration/test_login_endpoint.py::TestLogout::test_logout_without_refresh_token_returns_400 
------------------------------- live log setup --------------------------------
[INFO    ] apps.authentication.models — Saved UnifiedUser 019d20c4-ff3f-7eaf-8971-c093673a5eb9 [email] member_id=FASTAR000001
[INFO    ] apps.authentication.managers \u2014 \u2705 Created user: email=verified@fashionistar.io\n-------------------------------- live log call --------------------------------
[INFO    ] security — SECURITY_AUDIT action=CLIENT_ERROR req=cb46ccd3-9b02-458d-a555-d23377583fb5 device=fp:57efdd91ba75ee0012c0 session=- ip=127.0.0.1 method=POST path=/api/v1/auth/logout/ status=400 duration_ms=1.7 user_id=019d20c4-ff3f-7eaf-8971-c093673a5eb9 role=client ua='-' referrer=-
[INFO    ] apps.common.middleware \u2014 [POST] /api/v1/auth/logout/ \u2192 400 in 2.2ms [req=cb46ccd3-9b02-458d-a555-d23377583fb5]\nPASSED                                                                   [ 11%]
apps/authentication/tests/integration/test_login_endpoint.py::TestLogout::test_double_logout_returns_400 
------------------------------- live log setup --------------------------------
[INFO    ] apps.authentication.models — Saved UnifiedUser 019d20c4-ff9c-78ee-9549-2927304f7fc6 [email] member_id=FASTAR000001
[INFO    ] apps.authentication.managers \u2014 \u2705 Created user: email=verified@fashionistar.io\n-------------------------------- live log call --------------------------------
[INFO    ] apps.authentication.apis.auth_views.sync_views — Logout: refresh token blacklisted — user_id=019d20c4-ff9c-78ee-9549-2927304f7fc6
[INFO    ] security — SECURITY_AUDIT action=REQUEST req=71495d5a-c421-44dd-8067-de8c7f39a76a device=fp:57efdd91ba75ee0012c0 session=- ip=127.0.0.1 method=POST path=/api/v1/auth/logout/ status=200 duration_ms=4.6 user_id=019d20c4-ff9c-78ee-9549-2927304f7fc6 role=client ua='-' referrer=-
[INFO    ] apps.common.middleware \u2014 [POST] /api/v1/auth/logout/ \u2192 200 in 4.9ms [req=71495d5a-c421-44dd-8067-de8c7f39a76a]\n[WARNING ] apps.authentication.apis.auth_views.sync_views — LogoutView TokenError user_id=019d20c4-ff9c-78ee-9549-2927304f7fc6: Token is blacklisted
[INFO    ] security — SECURITY_AUDIT action=CLIENT_ERROR req=ca893426-474e-49b8-af62-f09d0a98e31a device=fp:57efdd91ba75ee0012c0 session=- ip=127.0.0.1 method=POST path=/api/v1/auth/logout/ status=400 duration_ms=2.3 user_id=019d20c4-ff9c-78ee-9549-2927304f7fc6 role=client ua='-' referrer=-
[INFO    ] apps.common.middleware \u2014 [POST] /api/v1/auth/logout/ \u2192 400 in 2.5ms [req=ca893426-474e-49b8-af62-f09d0a98e31a]\nPASSED                                                                   [ 12%]
apps/authentication/tests/integration/test_login_endpoint.py::TestLogout::test_logout_requires_authentication 
-------------------------------- live log call --------------------------------
[WARNING ] security — SECURITY_AUDIT action=PERMISSION_DENIED req=67a15110-7644-4718-b191-d8aeff811129 code=not_authenticated
[WARNING ] security — SECURITY_AUDIT action=PERMISSION_DENIED req=67a15110-7644-4718-b191-d8aeff811129 device=fp:57efdd91ba75ee0012c0 session=- ip=127.0.0.1 method=POST path=/api/v1/auth/logout/ status=401 duration_ms=2.7 user_id=anonymous role=anonymous ua='-' referrer=-
[INFO    ] apps.common.middleware \u2014 [POST] /api/v1/auth/logout/ \u2192 401 in 2.9ms [req=67a15110-7644-4718-b191-d8aeff811129]\nPASSED                                                                   [ 12%]
apps/authentication/tests/integration/test_resend_otp_endpoint.py::TestResendOTPHappyPath::test_valid_email_resend_returns_200 
------------------------------- live log setup --------------------------------
[INFO    ] apps.authentication.models — Saved UnifiedUser 019d20c5-0031-7f3f-b36d-4c72496164b3 [email] member_id=FASTAR000001
[INFO    ] apps.authentication.managers \u2014 \u2705 Created user: email=registered@fashionistar.io\n-------------------------------- live log call --------------------------------
[INFO    ] apps.authentication.serializers.otp — ResendOTP validation successful for registered@fashionistar.io
[ERROR   ] apps.common.utils.redis — Redis connection error (attempt 1/3): This backend does not support this feature
[ERROR   ] apps.common.utils.redis — Redis connection error (attempt 2/3): This backend does not support this feature
[ERROR   ] apps.common.utils.redis — Redis connection error (attempt 3/3): This backend does not support this feature
[ERROR   ] apps.common.utils.redis — Max Redis connection retries reached. Redis unavailable.
[INFO    ] apps.authentication.services.otp.sync_service \u2014 \U0001f4e7 OTP resend email scheduled on_commit \u2192 Celery [user_id=019d20c5-0031-7f3f-b36d-4c72496164b3 email=registered@fashionistar.io]\n[INFO    ] apps.authentication.apis.auth_views.sync_views \u2014 \u2705 OTP resent for: registered@fashionistar.io\n[INFO    ] security — SECURITY_AUDIT action=REQUEST req=892fbbd8-c317-4970-9a40-cb4014f4de5b device=fp:57efdd91ba75ee0012c0 session=- ip=127.0.0.1 method=POST path=/api/v1/auth/resend-otp/ status=200 duration_ms=2011.6 user_id=anonymous role=anonymous ua='-' referrer=-
[INFO    ] apps.common.middleware \u2014 [POST] /api/v1/auth/resend-otp/ \u2192 200 in 2012.1ms [req=892fbbd8-c317-4970-9a40-cb4014f4de5b]\nPASSED                                                                   [ 13%]
apps/authentication/tests/integration/test_resend_otp_endpoint.py::TestResendOTPHappyPath::test_response_has_message_field 
------------------------------- live log setup --------------------------------
[INFO    ] apps.authentication.models — Saved UnifiedUser 019d20c5-088d-7632-b07c-b2d3f6666f58 [email] member_id=FASTAR000001
[INFO    ] apps.authentication.managers \u2014 \u2705 Created user: email=registered@fashionistar.io\n-------------------------------- live log call --------------------------------
[INFO    ] apps.authentication.serializers.otp — ResendOTP validation successful for registered@fashionistar.io
[ERROR   ] apps.common.utils.redis — Redis connection error (attempt 1/3): This backend does not support this feature
[ERROR   ] apps.common.utils.redis — Redis connection error (attempt 2/3): This backend does not support this feature
[ERROR   ] apps.common.utils.redis — Redis connection error (attempt 3/3): This backend does not support this feature
[ERROR   ] apps.common.utils.redis — Max Redis connection retries reached. Redis unavailable.
[INFO    ] apps.authentication.services.otp.sync_service \u2014 \U0001f4e7 OTP resend email scheduled on_commit \u2192 Celery [user_id=019d20c5-088d-7632-b07c-b2d3f6666f58 email=registered@fashionistar.io]\n[INFO    ] apps.authentication.apis.auth_views.sync_views \u2014 \u2705 OTP resent for: registered@fashionistar.io\n[INFO    ] security — SECURITY_AUDIT action=REQUEST req=3eb91c80-9962-4d1b-a28c-d41ff46d06d7 device=fp:57efdd91ba75ee0012c0 session=- ip=127.0.0.1 method=POST path=/api/v1/auth/resend-otp/ status=200 duration_ms=2009.7 user_id=anonymous role=anonymous ua='-' referrer=-
[INFO    ] apps.common.middleware \u2014 [POST] /api/v1/auth/resend-otp/ \u2192 200 in 2010.1ms [req=3eb91c80-9962-4d1b-a28c-d41ff46d06d7]\nPASSED                                                                   [ 14%]
apps/authentication/tests/integration/test_resend_otp_endpoint.py::TestResendOTPHappyPath::test_response_is_generic_non_enumerable 
------------------------------- live log setup --------------------------------
[INFO    ] apps.authentication.models — Saved UnifiedUser 019d20c5-10e7-7943-83bd-ca31e2f6e645 [email] member_id=FASTAR000001
[INFO    ] apps.authentication.managers \u2014 \u2705 Created user: email=registered@fashionistar.io\n-------------------------------- live log call --------------------------------
[INFO    ] apps.authentication.serializers.otp — ResendOTP validation successful for registered@fashionistar.io
[ERROR   ] apps.common.utils.redis — Redis connection error (attempt 1/3): This backend does not support this feature
[ERROR   ] apps.common.utils.redis — Redis connection error (attempt 2/3): This backend does not support this feature
[ERROR   ] apps.common.utils.redis — Redis connection error (attempt 3/3): This backend does not support this feature
[ERROR   ] apps.common.utils.redis — Max Redis connection retries reached. Redis unavailable.
[INFO    ] apps.authentication.services.otp.sync_service \u2014 \U0001f4e7 OTP resend email scheduled on_commit \u2192 Celery [user_id=019d20c5-10e7-7943-83bd-ca31e2f6e645 email=registered@fashionistar.io]\n[INFO    ] apps.authentication.apis.auth_views.sync_views \u2014 \u2705 OTP resent for: registered@fashionistar.io\n[INFO    ] security — SECURITY_AUDIT action=REQUEST req=330d451c-ab4a-42e7-915e-e91274ed76ed device=fp:57efdd91ba75ee0012c0 session=- ip=127.0.0.1 method=POST path=/api/v1/auth/resend-otp/ status=200 duration_ms=2008.0 user_id=anonymous role=anonymous ua='-' referrer=-
[INFO    ] apps.common.middleware \u2014 [POST] /api/v1/auth/resend-otp/ \u2192 200 in 2008.3ms [req=330d451c-ab4a-42e7-915e-e91274ed76ed]\nPASSED                                                                   [ 14%]
apps/authentication/tests/integration/test_resend_otp_endpoint.py::TestResendOTPHappyPath::test_otp_service_resend_called 
------------------------------- live log setup --------------------------------
[INFO    ] apps.authentication.models — Saved UnifiedUser 019d20c5-193c-7506-ab0d-37115f7cfd9a [email] member_id=FASTAR000001
[INFO    ] apps.authentication.managers \u2014 \u2705 Created user: email=registered@fashionistar.io\n-------------------------------- live log call --------------------------------
[INFO    ] apps.authentication.serializers.otp — ResendOTP validation successful for registered@fashionistar.io
[INFO    ] apps.authentication.apis.auth_views.sync_views \u2014 \u2705 OTP resent for: registered@fashionistar.io\n[INFO    ] security — SECURITY_AUDIT action=REQUEST req=ebda99f1-6da1-4928-8be5-1d6938cf3a07 device=fp:57efdd91ba75ee0012c0 session=- ip=127.0.0.1 method=POST path=/api/v1/auth/resend-otp/ status=200 duration_ms=2.5 user_id=anonymous role=anonymous ua='-' referrer=-
[INFO    ] apps.common.middleware \u2014 [POST] /api/v1/auth/resend-otp/ \u2192 200 in 2.6ms [req=ebda99f1-6da1-4928-8be5-1d6938cf3a07]\nPASSED                                                                   [ 15%]
apps/authentication/tests/integration/test_resend_otp_endpoint.py::TestResendOTPErrors::test_nonexistent_email_returns_400 
-------------------------------- live log call --------------------------------
[WARNING ] apps.authentication.serializers.otp — ResendOTP validation failed: no user for 'ghost@nobody.io'
[WARNING ] apps.authentication.apis.auth_views.sync_views \u2014 \u26a0\ufe0f ResendOTPView validation error: {'email_or_phone': [ErrorDetail(string='No account found with this email or phone. Please check your input or register a new account.', code='invalid')]}\n[INFO    ] security — SECURITY_AUDIT action=CLIENT_ERROR req=1959b3dd-75cf-49b5-bc7b-7c41ebadbeaa device=fp:57efdd91ba75ee0012c0 session=- ip=127.0.0.1 method=POST path=/api/v1/auth/resend-otp/ status=400 duration_ms=4.3 user_id=anonymous role=anonymous ua='-' referrer=-
[INFO    ] apps.common.middleware \u2014 [POST] /api/v1/auth/resend-otp/ \u2192 400 in 4.5ms [req=1959b3dd-75cf-49b5-bc7b-7c41ebadbeaa]\nPASSED                                                                   [ 16%]
apps/authentication/tests/integration/test_resend_otp_endpoint.py::TestResendOTPErrors::test_missing_email_or_phone_field_returns_400 
-------------------------------- live log call --------------------------------
[WARNING ] apps.authentication.apis.auth_views.sync_views \u2014 \u26a0\ufe0f ResendOTPView validation error: {'email_or_phone': [ErrorDetail(string='This field is required.', code='required')]}\n[INFO    ] security — SECURITY_AUDIT action=CLIENT_ERROR req=1d43bfdf-8935-43cb-be24-c5d4f0008fb7 device=fp:57efdd91ba75ee0012c0 session=- ip=127.0.0.1 method=POST path=/api/v1/auth/resend-otp/ status=400 duration_ms=2.3 user_id=anonymous role=anonymous ua='-' referrer=-
[INFO    ] apps.common.middleware \u2014 [POST] /api/v1/auth/resend-otp/ \u2192 400 in 2.8ms [req=1d43bfdf-8935-43cb-be24-c5d4f0008fb7]\nPASSED                                                                   [ 16%]
apps/authentication/tests/integration/test_resend_otp_endpoint.py::TestResendOTPErrors::test_invalid_email_format_returns_400 
-------------------------------- live log call --------------------------------
[WARNING ] apps.authentication.serializers.otp — ResendOTP validation failed: no user for 'not-an-email-or-phone'
[WARNING ] apps.authentication.apis.auth_views.sync_views \u2014 \u26a0\ufe0f ResendOTPView validation error: {'email_or_phone': [ErrorDetail(string='No account found with this email or phone. Please check your input or register a new account.', code='invalid')]}\n[INFO    ] security — SECURITY_AUDIT action=CLIENT_ERROR req=bb09a327-b63d-4fe0-b91d-8b7a4e2b983a device=fp:57efdd91ba75ee0012c0 session=- ip=127.0.0.1 method=POST path=/api/v1/auth/resend-otp/ status=400 duration_ms=7.2 user_id=anonymous role=anonymous ua='-' referrer=-
[INFO    ] apps.common.middleware \u2014 [POST] /api/v1/auth/resend-otp/ \u2192 400 in 8.0ms [req=bb09a327-b63d-4fe0-b91d-8b7a4e2b983a]\nPASSED                                                                   [ 17%]
apps/authentication/tests/integration/test_verify_otp_endpoint.py::TestVerifyOTPHappyPath::test_valid_otp_returns_200 
------------------------------- live log setup --------------------------------
[INFO    ] apps.authentication.models — Saved UnifiedUser 019d20c5-1abd-7aa1-8eef-7e4ea1879164 [email] member_id=FASTAR000001
[INFO    ] apps.authentication.managers \u2014 \u2705 Created user: email=registered@fashionistar.io\n-------------------------------- live log call --------------------------------
[INFO    ] apps.authentication.serializers.auth — OTP validation successful.
[INFO    ] apps.authentication.models — Details updated for user: registered@fashionistar.io
[INFO    ] apps.authentication.models — Saved UnifiedUser 019d20c5-1abd-7aa1-8eef-7e4ea1879164 [email] member_id=FASTAR000001
[INFO    ] apps.authentication.apis.auth_views.sync_views \u2014 \u2705 Account verified: id=019d20c5-1abd-7aa1-8eef-7e4ea1879164 identifier=registered@fashionistar.io\n[INFO    ] apps.authentication.models — Details updated for user: registered@fashionistar.io
[INFO    ] apps.authentication.models — Saved UnifiedUser 019d20c5-1abd-7aa1-8eef-7e4ea1879164 [email] member_id=FASTAR000001
[INFO    ] security — SECURITY_AUDIT action=REQUEST req=903e16e7-2a14-4242-a40b-b01a30cb74f0 device=fp:57efdd91ba75ee0012c0 session=- ip=127.0.0.1 method=POST path=/api/v1/auth/verify-otp/ status=200 duration_ms=24.3 user_id=anonymous role=anonymous ua='-' referrer=-
[INFO    ] apps.common.middleware \u2014 [POST] /api/v1/auth/verify-otp/ \u2192 200 in 24.6ms [req=903e16e7-2a14-4242-a40b-b01a30cb74f0]\nPASSED                                                                   [ 18%]
apps/authentication/tests/integration/test_verify_otp_endpoint.py::TestVerifyOTPHappyPath::test_response_contains_access_token 
------------------------------- live log setup --------------------------------
[INFO    ] apps.authentication.models — Saved UnifiedUser 019d20c5-1b34-7e58-abd6-0d8ad19e9f7e [email] member_id=FASTAR000001
[INFO    ] apps.authentication.managers \u2014 \u2705 Created user: email=registered@fashionistar.io\n-------------------------------- live log call --------------------------------
[INFO    ] apps.authentication.serializers.auth — OTP validation successful.
[INFO    ] apps.authentication.models — Details updated for user: registered@fashionistar.io
[INFO    ] apps.authentication.models — Saved UnifiedUser 019d20c5-1b34-7e58-abd6-0d8ad19e9f7e [email] member_id=FASTAR000001
[INFO    ] apps.authentication.apis.auth_views.sync_views \u2014 \u2705 Account verified: id=019d20c5-1b34-7e58-abd6-0d8ad19e9f7e identifier=registered@fashionistar.io\n[INFO    ] apps.authentication.models — Details updated for user: registered@fashionistar.io
[INFO    ] apps.authentication.models — Saved UnifiedUser 019d20c5-1b34-7e58-abd6-0d8ad19e9f7e [email] member_id=FASTAR000001
[INFO    ] security — SECURITY_AUDIT action=REQUEST req=5b52515f-85ae-4ccd-b53a-5ea1f2c032f3 device=fp:57efdd91ba75ee0012c0 session=- ip=127.0.0.1 method=POST path=/api/v1/auth/verify-otp/ status=200 duration_ms=56.4 user_id=anonymous role=anonymous ua='-' referrer=-
[INFO    ] apps.common.middleware \u2014 [POST] /api/v1/auth/verify-otp/ \u2192 200 in 56.9ms [req=5b52515f-85ae-4ccd-b53a-5ea1f2c032f3]\nPASSED                                                                   [ 18%]
apps/authentication/tests/integration/test_verify_otp_endpoint.py::TestVerifyOTPHappyPath::test_response_contains_refresh_token 
------------------------------- live log setup --------------------------------
[INFO    ] apps.authentication.models — Saved UnifiedUser 019d20c5-1bff-716b-b695-b6ce20ae1c03 [email] member_id=FASTAR000001
[INFO    ] apps.authentication.managers \u2014 \u2705 Created user: email=registered@fashionistar.io\n-------------------------------- live log call --------------------------------
[INFO    ] apps.authentication.serializers.auth — OTP validation successful.
[INFO    ] apps.authentication.models — Details updated for user: registered@fashionistar.io
[INFO    ] apps.authentication.models — Saved UnifiedUser 019d20c5-1bff-716b-b695-b6ce20ae1c03 [email] member_id=FASTAR000001
[INFO    ] apps.authentication.apis.auth_views.sync_views \u2014 \u2705 Account verified: id=019d20c5-1bff-716b-b695-b6ce20ae1c03 identifier=registered@fashionistar.io\n[INFO    ] apps.authentication.models — Details updated for user: registered@fashionistar.io
[INFO    ] apps.authentication.models — Saved UnifiedUser 019d20c5-1bff-716b-b695-b6ce20ae1c03 [email] member_id=FASTAR000001
[INFO    ] security — SECURITY_AUDIT action=REQUEST req=0d87d6fb-8e2c-4c77-85fc-4185d4cb5870 device=fp:57efdd91ba75ee0012c0 session=- ip=127.0.0.1 method=POST path=/api/v1/auth/verify-otp/ status=200 duration_ms=56.8 user_id=anonymous role=anonymous ua='-' referrer=-
[INFO    ] apps.common.middleware \u2014 [POST] /api/v1/auth/verify-otp/ \u2192 200 in 57.2ms [req=0d87d6fb-8e2c-4c77-85fc-4185d4cb5870]\nPASSED                                                                   [ 19%]
apps/authentication/tests/integration/test_verify_otp_endpoint.py::TestVerifyOTPHappyPath::test_response_contains_user_id 
------------------------------- live log setup --------------------------------
[INFO    ] apps.authentication.models — Saved UnifiedUser 019d20c5-1cd5-795a-bc49-a4e648baf067 [email] member_id=FASTAR000001
[INFO    ] apps.authentication.managers \u2014 \u2705 Created user: email=registered@fashionistar.io\n-------------------------------- live log call --------------------------------
[INFO    ] apps.authentication.serializers.auth — OTP validation successful.
[INFO    ] apps.authentication.models — Details updated for user: registered@fashionistar.io
[INFO    ] apps.authentication.models — Saved UnifiedUser 019d20c5-1cd5-795a-bc49-a4e648baf067 [email] member_id=FASTAR000001
[INFO    ] apps.authentication.apis.auth_views.sync_views \u2014 \u2705 Account verified: id=019d20c5-1cd5-795a-bc49-a4e648baf067 identifier=registered@fashionistar.io\n[INFO    ] apps.authentication.models — Details updated for user: registered@fashionistar.io
[INFO    ] apps.authentication.models — Saved UnifiedUser 019d20c5-1cd5-795a-bc49-a4e648baf067 [email] member_id=FASTAR000001
[INFO    ] security — SECURITY_AUDIT action=REQUEST req=939e3da7-d38b-4c73-b50e-42019720898c device=fp:57efdd91ba75ee0012c0 session=- ip=127.0.0.1 method=POST path=/api/v1/auth/verify-otp/ status=200 duration_ms=27.5 user_id=anonymous role=anonymous ua='-' referrer=-
[INFO    ] apps.common.middleware \u2014 [POST] /api/v1/auth/verify-otp/ \u2192 200 in 27.7ms [req=939e3da7-d38b-4c73-b50e-42019720898c]\nPASSED                                                                   [ 20%]
apps/authentication/tests/integration/test_verify_otp_endpoint.py::TestVerifyOTPHappyPath::test_response_contains_role 
------------------------------- live log setup --------------------------------
[INFO    ] apps.authentication.models — Saved UnifiedUser 019d20c5-1d76-7ffe-9699-720316a7cfe0 [email] member_id=FASTAR000001
[INFO    ] apps.authentication.managers \u2014 \u2705 Created user: email=registered@fashionistar.io\n-------------------------------- live log call --------------------------------
[INFO    ] apps.authentication.serializers.auth — OTP validation successful.
[INFO    ] apps.authentication.models — Details updated for user: registered@fashionistar.io
[INFO    ] apps.authentication.models — Saved UnifiedUser 019d20c5-1d76-7ffe-9699-720316a7cfe0 [email] member_id=FASTAR000001
[INFO    ] apps.authentication.apis.auth_views.sync_views \u2014 \u2705 Account verified: id=019d20c5-1d76-7ffe-9699-720316a7cfe0 identifier=registered@fashionistar.io\n[INFO    ] apps.authentication.models — Details updated for user: registered@fashionistar.io
[INFO    ] apps.authentication.models — Saved UnifiedUser 019d20c5-1d76-7ffe-9699-720316a7cfe0 [email] member_id=FASTAR000001
[INFO    ] security — SECURITY_AUDIT action=REQUEST req=9b7d06e4-51b3-4b3a-8ba1-ce6c899f563b device=fp:57efdd91ba75ee0012c0 session=- ip=127.0.0.1 method=POST path=/api/v1/auth/verify-otp/ status=200 duration_ms=48.8 user_id=anonymous role=anonymous ua='-' referrer=-
[INFO    ] apps.common.middleware \u2014 [POST] /api/v1/auth/verify-otp/ \u2192 200 in 49.3ms [req=9b7d06e4-51b3-4b3a-8ba1-ce6c899f563b]\nPASSED                                                                   [ 20%]
apps/authentication/tests/integration/test_verify_otp_endpoint.py::TestVerifyOTPHappyPath::test_response_contains_identifying_info 
------------------------------- live log setup --------------------------------
[INFO    ] apps.authentication.models — Saved UnifiedUser 019d20c5-1e37-7449-8252-6a84624a75a0 [email] member_id=FASTAR000001
[INFO    ] apps.authentication.managers \u2014 \u2705 Created user: email=registered@fashionistar.io\n-------------------------------- live log call --------------------------------
[INFO    ] apps.authentication.serializers.auth — OTP validation successful.
[INFO    ] apps.authentication.models — Details updated for user: registered@fashionistar.io
[INFO    ] apps.authentication.models — Saved UnifiedUser 019d20c5-1e37-7449-8252-6a84624a75a0 [email] member_id=FASTAR000001
[INFO    ] apps.authentication.apis.auth_views.sync_views \u2014 \u2705 Account verified: id=019d20c5-1e37-7449-8252-6a84624a75a0 identifier=registered@fashionistar.io\n[INFO    ] apps.authentication.models — Details updated for user: registered@fashionistar.io
[INFO    ] apps.authentication.models — Saved UnifiedUser 019d20c5-1e37-7449-8252-6a84624a75a0 [email] member_id=FASTAR000001
[INFO    ] security — SECURITY_AUDIT action=REQUEST req=7f71a0fc-a281-479e-b87c-0fdf697045af device=fp:57efdd91ba75ee0012c0 session=- ip=127.0.0.1 method=POST path=/api/v1/auth/verify-otp/ status=200 duration_ms=46.7 user_id=anonymous role=anonymous ua='-' referrer=-
[INFO    ] apps.common.middleware \u2014 [POST] /api/v1/auth/verify-otp/ \u2192 200 in 47.4ms [req=7f71a0fc-a281-479e-b87c-0fdf697045af]\nPASSED                                                                   [ 21%]
apps/authentication/tests/integration/test_verify_otp_endpoint.py::TestVerifyOTPHappyPath::test_response_message_confirms_verification 
------------------------------- live log setup --------------------------------
[INFO    ] apps.authentication.models — Saved UnifiedUser 019d20c5-1f67-78c7-bae0-596d2506c5f7 [email] member_id=FASTAR000001
[INFO    ] apps.authentication.managers \u2014 \u2705 Created user: email=registered@fashionistar.io\n-------------------------------- live log call --------------------------------
[INFO    ] apps.authentication.serializers.auth — OTP validation successful.
[INFO    ] apps.authentication.models — Details updated for user: registered@fashionistar.io
[INFO    ] apps.authentication.models — Saved UnifiedUser 019d20c5-1f67-78c7-bae0-596d2506c5f7 [email] member_id=FASTAR000001
[INFO    ] apps.authentication.apis.auth_views.sync_views \u2014 \u2705 Account verified: id=019d20c5-1f67-78c7-bae0-596d2506c5f7 identifier=registered@fashionistar.io\n[INFO    ] apps.authentication.models — Details updated for user: registered@fashionistar.io
[INFO    ] apps.authentication.models — Saved UnifiedUser 019d20c5-1f67-78c7-bae0-596d2506c5f7 [email] member_id=FASTAR000001
[INFO    ] security — SECURITY_AUDIT action=REQUEST req=73e2e8e7-ca89-4fb7-b21d-922110fc6a0c device=fp:57efdd91ba75ee0012c0 session=- ip=127.0.0.1 method=POST path=/api/v1/auth/verify-otp/ status=200 duration_ms=48.1 user_id=anonymous role=anonymous ua='-' referrer=-
[INFO    ] apps.common.middleware \u2014 [POST] /api/v1/auth/verify-otp/ \u2192 200 in 48.5ms [req=73e2e8e7-ca89-4fb7-b21d-922110fc6a0c]\nPASSED                                                                   [ 21%]
apps/authentication/tests/integration/test_verify_otp_endpoint.py::TestVerifyOTPHappyPath::test_user_activated_after_verify 
------------------------------- live log setup --------------------------------
[INFO    ] apps.authentication.models — Saved UnifiedUser 019d20c5-2018-7ee5-b165-921eefbfb8c6 [email] member_id=FASTAR000001
[INFO    ] apps.authentication.managers \u2014 \u2705 Created user: email=registered@fashionistar.io\n-------------------------------- live log call --------------------------------
[INFO    ] apps.authentication.serializers.auth — OTP validation successful.
[INFO    ] apps.authentication.models — Details updated for user: registered@fashionistar.io
[INFO    ] apps.authentication.models — Saved UnifiedUser 019d20c5-2018-7ee5-b165-921eefbfb8c6 [email] member_id=FASTAR000001
[INFO    ] apps.authentication.apis.auth_views.sync_views \u2014 \u2705 Account verified: id=019d20c5-2018-7ee5-b165-921eefbfb8c6 identifier=registered@fashionistar.io\n[INFO    ] apps.authentication.models — Details updated for user: registered@fashionistar.io
[INFO    ] apps.authentication.models — Saved UnifiedUser 019d20c5-2018-7ee5-b165-921eefbfb8c6 [email] member_id=FASTAR000001
[INFO    ] security — SECURITY_AUDIT action=REQUEST req=0ff78817-cafa-41c1-b304-931eeb7ea878 device=fp:57efdd91ba75ee0012c0 session=- ip=127.0.0.1 method=POST path=/api/v1/auth/verify-otp/ status=200 duration_ms=42.8 user_id=anonymous role=anonymous ua='-' referrer=-
[INFO    ] apps.common.middleware \u2014 [POST] /api/v1/auth/verify-otp/ \u2192 200 in 43.2ms [req=0ff78817-cafa-41c1-b304-931eeb7ea878]\nPASSED                                                                   [ 22%]
apps/authentication/tests/integration/test_verify_otp_endpoint.py::TestVerifyOTPHappyPath::test_no_user_id_in_request_body 
------------------------------- live log setup --------------------------------
[INFO    ] apps.authentication.models — Saved UnifiedUser 019d20c5-20d2-7638-a2e2-50e1caf79536 [email] member_id=FASTAR000001
[INFO    ] apps.authentication.managers \u2014 \u2705 Created user: email=registered@fashionistar.io\n-------------------------------- live log call --------------------------------
[INFO    ] apps.authentication.serializers.auth — OTP validation successful.
[INFO    ] apps.authentication.models — Details updated for user: registered@fashionistar.io
[INFO    ] apps.authentication.models — Saved UnifiedUser 019d20c5-20d2-7638-a2e2-50e1caf79536 [email] member_id=FASTAR000001
[INFO    ] apps.authentication.apis.auth_views.sync_views \u2014 \u2705 Account verified: id=019d20c5-20d2-7638-a2e2-50e1caf79536 identifier=registered@fashionistar.io\n[INFO    ] apps.authentication.models — Details updated for user: registered@fashionistar.io
[INFO    ] apps.authentication.models — Saved UnifiedUser 019d20c5-20d2-7638-a2e2-50e1caf79536 [email] member_id=FASTAR000001
[INFO    ] security — SECURITY_AUDIT action=REQUEST req=376ec0dc-edad-4be7-b9a4-6f7d7ec6394c device=fp:57efdd91ba75ee0012c0 session=- ip=127.0.0.1 method=POST path=/api/v1/auth/verify-otp/ status=200 duration_ms=19.7 user_id=anonymous role=anonymous ua='-' referrer=-
[INFO    ] apps.common.middleware \u2014 [POST] /api/v1/auth/verify-otp/ \u2192 200 in 19.9ms [req=376ec0dc-edad-4be7-b9a4-6f7d7ec6394c]\nPASSED                                                                   [ 23%]
apps/authentication/tests/integration/test_verify_otp_endpoint.py::TestVerifyOTPHappyPath::test_access_token_is_valid_jwt_format 
------------------------------- live log setup --------------------------------
[INFO    ] apps.authentication.models — Saved UnifiedUser 019d20c5-2150-766c-a0d9-075df4f649d0 [email] member_id=FASTAR000001
[INFO    ] apps.authentication.managers \u2014 \u2705 Created user: email=registered@fashionistar.io\n-------------------------------- live log call --------------------------------
[INFO    ] apps.authentication.serializers.auth — OTP validation successful.
[INFO    ] apps.authentication.models — Details updated for user: registered@fashionistar.io
[INFO    ] apps.authentication.models — Saved UnifiedUser 019d20c5-2150-766c-a0d9-075df4f649d0 [email] member_id=FASTAR000001
[INFO    ] apps.authentication.apis.auth_views.sync_views \u2014 \u2705 Account verified: id=019d20c5-2150-766c-a0d9-075df4f649d0 identifier=registered@fashionistar.io\n[INFO    ] apps.authentication.models — Details updated for user: registered@fashionistar.io
[INFO    ] apps.authentication.models — Saved UnifiedUser 019d20c5-2150-766c-a0d9-075df4f649d0 [email] member_id=FASTAR000001
[INFO    ] security — SECURITY_AUDIT action=REQUEST req=615c7fcb-f1c8-4351-a765-67a33a9b6360 device=fp:57efdd91ba75ee0012c0 session=- ip=127.0.0.1 method=POST path=/api/v1/auth/verify-otp/ status=200 duration_ms=27.0 user_id=anonymous role=anonymous ua='-' referrer=-
[INFO    ] apps.common.middleware \u2014 [POST] /api/v1/auth/verify-otp/ \u2192 200 in 27.2ms [req=615c7fcb-f1c8-4351-a765-67a33a9b6360]\nPASSED                                                                   [ 23%]
apps/authentication/tests/integration/test_verify_otp_endpoint.py::TestVerifyOTPErrors::test_invalid_otp_returns_400 
-------------------------------- live log call --------------------------------
[INFO    ] apps.authentication.serializers.auth — OTP validation successful.
[WARNING ] apps.authentication.apis.auth_views.sync_views \u2014 \u26a0\ufe0f VerifyOTPView: invalid/expired OTP submitted\n[INFO    ] security — SECURITY_AUDIT action=CLIENT_ERROR req=40d72bda-d99a-414b-aa3c-2904d865e5ec device=fp:57efdd91ba75ee0012c0 session=- ip=127.0.0.1 method=POST path=/api/v1/auth/verify-otp/ status=400 duration_ms=2.2 user_id=anonymous role=anonymous ua='-' referrer=-
[INFO    ] apps.common.middleware \u2014 [POST] /api/v1/auth/verify-otp/ \u2192 400 in 2.4ms [req=40d72bda-d99a-414b-aa3c-2904d865e5ec]\nPASSED                                                                   [ 24%]
apps/authentication/tests/integration/test_verify_otp_endpoint.py::TestVerifyOTPErrors::test_expired_otp_returns_400 
-------------------------------- live log call --------------------------------
[INFO    ] apps.authentication.serializers.auth — OTP validation successful.
[WARNING ] apps.authentication.apis.auth_views.sync_views \u2014 \u26a0\ufe0f VerifyOTPView: invalid/expired OTP submitted\n[INFO    ] security — SECURITY_AUDIT action=CLIENT_ERROR req=d9192ef2-41e8-47ab-a390-155fc076be89 device=fp:57efdd91ba75ee0012c0 session=- ip=127.0.0.1 method=POST path=/api/v1/auth/verify-otp/ status=400 duration_ms=2.0 user_id=anonymous role=anonymous ua='-' referrer=-
[INFO    ] apps.common.middleware \u2014 [POST] /api/v1/auth/verify-otp/ \u2192 400 in 2.2ms [req=d9192ef2-41e8-47ab-a390-155fc076be89]\nPASSED                                                                   [ 25%]
apps/authentication/tests/integration/test_verify_otp_endpoint.py::TestVerifyOTPErrors::test_missing_otp_field_returns_400 
-------------------------------- live log call --------------------------------
[WARNING ] apps.authentication.apis.auth_views.sync_views \u2014 \u26a0\ufe0f VerifyOTPView validation error: {'otp': [ErrorDetail(string='This field is required.', code='required')]}\n[INFO    ] security — SECURITY_AUDIT action=CLIENT_ERROR req=93236eea-caca-499b-ab63-241ae961ff3a device=fp:57efdd91ba75ee0012c0 session=- ip=127.0.0.1 method=POST path=/api/v1/auth/verify-otp/ status=400 duration_ms=2.1 user_id=anonymous role=anonymous ua='-' referrer=-
[INFO    ] apps.common.middleware \u2014 [POST] /api/v1/auth/verify-otp/ \u2192 400 in 2.4ms [req=93236eea-caca-499b-ab63-241ae961ff3a]\nPASSED                                                                   [ 25%]
apps/authentication/tests/integration/test_verify_otp_endpoint.py::TestVerifyOTPErrors::test_non_numeric_otp_returns_400 
-------------------------------- live log call --------------------------------
[WARNING ] apps.authentication.serializers.auth — OTP validation failed: Non-digit characters detected.
[WARNING ] apps.authentication.apis.auth_views.sync_views \u2014 \u26a0\ufe0f VerifyOTPView validation error: {'otp': [ErrorDetail(string='OTP must contain only digits.', code='invalid')]}\n[INFO    ] security — SECURITY_AUDIT action=CLIENT_ERROR req=d8b01b38-4c7f-4407-8e80-df92b0322082 device=fp:57efdd91ba75ee0012c0 session=- ip=127.0.0.1 method=POST path=/api/v1/auth/verify-otp/ status=400 duration_ms=2.1 user_id=anonymous role=anonymous ua='-' referrer=-
[INFO    ] apps.common.middleware \u2014 [POST] /api/v1/auth/verify-otp/ \u2192 400 in 2.3ms [req=d8b01b38-4c7f-4407-8e80-df92b0322082]\nPASSED                                                                   [ 26%]
apps/authentication/tests/integration/test_verify_otp_endpoint.py::TestVerifyOTPErrors::test_5_digit_otp_returns_400 
-------------------------------- live log call --------------------------------
[WARNING ] apps.authentication.serializers.auth — OTP validation failed: Invalid length 5.
[WARNING ] apps.authentication.apis.auth_views.sync_views \u2014 \u26a0\ufe0f VerifyOTPView validation error: {'otp': [ErrorDetail(string='OTP length should be of six digits.', code='invalid')]}\n[INFO    ] security — SECURITY_AUDIT action=CLIENT_ERROR req=5bf81f7c-40ae-45fa-9cf2-bd53fbac8bee device=fp:57efdd91ba75ee0012c0 session=- ip=127.0.0.1 method=POST path=/api/v1/auth/verify-otp/ status=400 duration_ms=3.5 user_id=anonymous role=anonymous ua='-' referrer=-
[INFO    ] apps.common.middleware \u2014 [POST] /api/v1/auth/verify-otp/ \u2192 400 in 3.9ms [req=5bf81f7c-40ae-45fa-9cf2-bd53fbac8bee]\nPASSED                                                                   [ 27%]
apps/authentication/tests/integration/test_verify_otp_endpoint.py::TestVerifyOTPErrors::test_error_response_has_no_tokens 
-------------------------------- live log call --------------------------------
[INFO    ] apps.authentication.serializers.auth — OTP validation successful.
[WARNING ] apps.authentication.apis.auth_views.sync_views \u2014 \u26a0\ufe0f VerifyOTPView: invalid/expired OTP submitted\n[INFO    ] security — SECURITY_AUDIT action=CLIENT_ERROR req=73f059e6-5369-4817-83c1-6eec94ab2841 device=fp:57efdd91ba75ee0012c0 session=- ip=127.0.0.1 method=POST path=/api/v1/auth/verify-otp/ status=400 duration_ms=2.9 user_id=anonymous role=anonymous ua='-' referrer=-
[INFO    ] apps.common.middleware \u2014 [POST] /api/v1/auth/verify-otp/ \u2192 400 in 3.2ms [req=73f059e6-5369-4817-83c1-6eec94ab2841]\nPASSED                                                                   [ 27%]
apps/authentication/tests/integration/test_verify_otp_endpoint.py::TestVerifyOTPAlreadyVerified::test_already_verified_user_returns_200 
------------------------------- live log setup --------------------------------
[INFO    ] apps.authentication.models — Saved UnifiedUser 019d20c5-23ee-79d7-9f32-271f317c5c1e [email] member_id=FASTAR000001
[INFO    ] apps.authentication.managers \u2014 \u2705 Created user: email=verified@fashionistar.io\n-------------------------------- live log call --------------------------------
[INFO    ] apps.authentication.serializers.auth — OTP validation successful.
[INFO    ] apps.authentication.apis.auth_views.sync_views \u2014 \u2705 Account verified: id=019d20c5-23ee-79d7-9f32-271f317c5c1e identifier=verified@fashionistar.io\n[INFO    ] apps.authentication.models — Details updated for user: verified@fashionistar.io
[INFO    ] apps.authentication.models — Saved UnifiedUser 019d20c5-23ee-79d7-9f32-271f317c5c1e [email] member_id=FASTAR000001
[INFO    ] security — SECURITY_AUDIT action=REQUEST req=b244e44e-bec3-4b29-a13c-0cbc6845545e device=fp:57efdd91ba75ee0012c0 session=- ip=127.0.0.1 method=POST path=/api/v1/auth/verify-otp/ status=200 duration_ms=37.6 user_id=anonymous role=anonymous ua='-' referrer=-
[INFO    ] apps.common.middleware \u2014 [POST] /api/v1/auth/verify-otp/ \u2192 200 in 38.0ms [req=b244e44e-bec3-4b29-a13c-0cbc6845545e]\nPASSED                                                                   [ 28%]
apps/authentication/tests/test_login.py::TestLoginHappyPath::test_email_login_returns_200_with_tokens 
------------------------------- live log setup --------------------------------
[INFO    ] apps.authentication.models — Saved UnifiedUser 019d20c5-2496-7bef-b054-27589c0919bd [email] member_id=FASTAR000001
[INFO    ] apps.authentication.managers \u2014 \u2705 Created user: email=verified@fashionistar.io\n-------------------------------- live log call --------------------------------
[INFO    ] apps.authentication.serializers.auth \u2014 \u2705 LoginSerializer: valid credentials for 'verified@fashionistar.io'\n[INFO    ] application — User verified@fashionistar.io authenticated via UnifiedUser backend (Sync)
[INFO    ] apps.authentication.models — Details updated for user: verified@fashionistar.io
[INFO    ] apps.authentication.models — Saved UnifiedUser 019d20c5-2496-7bef-b054-27589c0919bd [email] member_id=FASTAR000001
[WARNING ] apps.audit_logs.tasks — write_audit_event failed (attempt 1/3): AuditEventLog() got unexpected keyword arguments: 'country_code', 'city' — event_type=login_success
[ERROR   ] apps.audit_logs.services.audit — AuditService._write_sync() failed for payload={'event_type': EventType.LOGIN_SUCCESS, 'event_category': EventCategory.AUTHENTICATION, 'severity': SeverityLevel.INFO, 'action': 'Successful login: verified@fashionistar.io', 'actor_email': 'verified@fashionistar.io', 'ip_address': '127.0.0.1', 'user_agent': None, 'device_type': None, 'browser_family': None, 'os_family': None, 'country': None, 'country_code': None, 'city': None, 'resource_type': 'UnifiedUser', 'resource_id': '019d20c5-2496-7bef-b054-27589c0919bd', 'request_method': 'POST', 'request_path': '/api/v1/auth/login/', 'response_status': None, 'duration_ms': None, 'old_values': None, 'new_values': None, 'metadata': {'auth_method': 'email', 'member_id': 'FASTAR000001'}, 'error_message': None, 'is_compliance': True, 'retention_days': 2555}
Traceback (most recent call last):
  File "C:\Users\fashi\OneDrive\Documenti\FASHIONISTAR_ANTAGRAVITY\fashionistar_backend\apps\audit_logs\tasks.py", line 48, in write_audit_event
    obj = AuditEventLog(**payload)
  File "C:\Users\fashi\OneDrive\Documenti\FASHIONISTAR_ANTAGRAVITY\fashionistar_backend\.venv\Lib\site-packages\django\db\models\base.py", line 590, in __init__
    raise TypeError(
    ...<2 lines>...
    )
TypeError: AuditEventLog() got unexpected keyword arguments: 'country_code', 'city'

During handling of the above exception, another exception occurred:

Traceback (most recent call last):
  File "C:\Users\fashi\OneDrive\Documenti\FASHIONISTAR_ANTAGRAVITY\fashionistar_backend\apps\audit_logs\services\audit.py", line 261, in _dispatch
    write_audit_event.apply_async(
    ~~~~~~~~~~~~~~~~~~~~~~~~~~~~~^
        kwargs={"payload": payload},
        ^^^^^^^^^^^^^^^^^^^^^^^^^^^^
        retry=False,
        ^^^^^^^^^^^^
        ignore_result=True,
        ^^^^^^^^^^^^^^^^^^^
    )
    ^
  File "C:\Users\fashi\OneDrive\Documenti\FASHIONISTAR_ANTAGRAVITY\fashionistar_backend\.venv\Lib\site-packages\celery\app\task.py", line 605, in apply_async
    return self.apply(args, kwargs, task_id=task_id or uuid(),
           ~~~~~~~~~~^^^^^^^^^^^^^^^^^^^^^^^^^^^^^^^^^^^^^^^^^
                      link=link, link_error=link_error, **options)
                      ^^^^^^^^^^^^^^^^^^^^^^^^^^^^^^^^^^^^^^^^^^^^
  File "C:\Users\fashi\OneDrive\Documenti\FASHIONISTAR_ANTAGRAVITY\fashionistar_backend\.venv\Lib\site-packages\celery\app\task.py", line 843, in apply
    ret = tracer(task_id, args, kwargs, request)
  File "C:\Users\fashi\OneDrive\Documenti\FASHIONISTAR_ANTAGRAVITY\fashionistar_backend\.venv\Lib\site-packages\celery\app\trace.py", line 494, in trace_task
    I, R, state, retval = on_error(
                          ~~~~~~~~^
        task_request, exc, RETRY, call_errbacks=False)
        ^^^^^^^^^^^^^^^^^^^^^^^^^^^^^^^^^^^^^^^^^^^^^^
  File "C:\Users\fashi\OneDrive\Documenti\FASHIONISTAR_ANTAGRAVITY\fashionistar_backend\.venv\Lib\site-packages\celery\app\trace.py", line 479, in trace_task
    R = retval = fun(*args, **kwargs)
                 ~~~^^^^^^^^^^^^^^^^^
  File "C:\Users\fashi\OneDrive\Documenti\FASHIONISTAR_ANTAGRAVITY\fashionistar_backend\apps\audit_logs\tasks.py", line 65, in write_audit_event
    raise self.retry(exc=exc)
          ~~~~~~~~~~^^^^^^^^^
  File "C:\Users\fashi\OneDrive\Documenti\FASHIONISTAR_ANTAGRAVITY\fashionistar_backend\.venv\Lib\site-packages\celery\app\task.py", line 763, in retry
    raise ret
celery.exceptions.Retry: Retry in 5s: TypeError("AuditEventLog() got unexpected keyword arguments: 'country_code', 'city'")

During handling of the above exception, another exception occurred:

Traceback (most recent call last):
  File "C:\Users\fashi\OneDrive\Documenti\FASHIONISTAR_ANTAGRAVITY\fashionistar_backend\apps\audit_logs\services\audit.py", line 275, in _write_sync
    obj = AuditEventLog(**payload)
  File "C:\Users\fashi\OneDrive\Documenti\FASHIONISTAR_ANTAGRAVITY\fashionistar_backend\.venv\Lib\site-packages\django\db\models\base.py", line 590, in __init__
    raise TypeError(
    ...<2 lines>...
    )
TypeError: AuditEventLog() got unexpected keyword arguments: 'country_code', 'city'
[INFO    ] application \u2014 \u2705 User verified@fashionistar.io logged in (Sync). IP: 127.0.0.1  UA: \n[INFO    ] apps.authentication.apis.auth_views.sync_views \u2014 \u2705 LoginView: login successful for verified@fashionistar.io (id=019d20c5-2496-7bef-b054-27589c0919bd role=client)\n[INFO    ] security — SECURITY_AUDIT action=REQUEST req=4751f85b-f1b7-4bda-abf0-c79468634fc1 device=fp:57efdd91ba75ee0012c0 session=- ip=127.0.0.1 method=POST path=/api/v1/auth/login/ status=200 duration_ms=43.7 user_id=anonymous role=anonymous ua='-' referrer=-
[INFO    ] apps.common.middleware \u2014 [POST] /api/v1/auth/login/ \u2192 200 in 44.2ms [req=4751f85b-f1b7-4bda-abf0-c79468634fc1]\nPASSED                                                                   [ 29%]
apps/authentication/tests/test_login.py::TestLoginHappyPath::test_login_access_token_is_non_empty 
------------------------------- live log setup --------------------------------
[INFO    ] apps.authentication.models — Saved UnifiedUser 019d20c5-2559-77ed-8dea-574e4816ad54 [email] member_id=FASTAR000001
[INFO    ] apps.authentication.managers \u2014 \u2705 Created user: email=verified@fashionistar.io\n-------------------------------- live log call --------------------------------
[INFO    ] apps.authentication.serializers.auth \u2014 \u2705 LoginSerializer: valid credentials for 'verified@fashionistar.io'\n[INFO    ] application — User verified@fashionistar.io authenticated via UnifiedUser backend (Sync)
[INFO    ] apps.authentication.models — Details updated for user: verified@fashionistar.io
[INFO    ] apps.authentication.models — Saved UnifiedUser 019d20c5-2559-77ed-8dea-574e4816ad54 [email] member_id=FASTAR000001
[WARNING ] apps.audit_logs.tasks — write_audit_event failed (attempt 1/3): AuditEventLog() got unexpected keyword arguments: 'country_code', 'city' — event_type=login_success
[ERROR   ] apps.audit_logs.services.audit — AuditService._write_sync() failed for payload={'event_type': EventType.LOGIN_SUCCESS, 'event_category': EventCategory.AUTHENTICATION, 'severity': SeverityLevel.INFO, 'action': 'Successful login: verified@fashionistar.io', 'actor_email': 'verified@fashionistar.io', 'ip_address': '127.0.0.1', 'user_agent': None, 'device_type': None, 'browser_family': None, 'os_family': None, 'country': None, 'country_code': None, 'city': None, 'resource_type': 'UnifiedUser', 'resource_id': '019d20c5-2559-77ed-8dea-574e4816ad54', 'request_method': 'POST', 'request_path': '/api/v1/auth/login/', 'response_status': None, 'duration_ms': None, 'old_values': None, 'new_values': None, 'metadata': {'auth_method': 'email', 'member_id': 'FASTAR000001'}, 'error_message': None, 'is_compliance': True, 'retention_days': 2555}
Traceback (most recent call last):
  File "C:\Users\fashi\OneDrive\Documenti\FASHIONISTAR_ANTAGRAVITY\fashionistar_backend\apps\audit_logs\tasks.py", line 48, in write_audit_event
    obj = AuditEventLog(**payload)
  File "C:\Users\fashi\OneDrive\Documenti\FASHIONISTAR_ANTAGRAVITY\fashionistar_backend\.venv\Lib\site-packages\django\db\models\base.py", line 590, in __init__
    raise TypeError(
    ...<2 lines>...
    )
TypeError: AuditEventLog() got unexpected keyword arguments: 'country_code', 'city'

During handling of the above exception, another exception occurred:

Traceback (most recent call last):
  File "C:\Users\fashi\OneDrive\Documenti\FASHIONISTAR_ANTAGRAVITY\fashionistar_backend\apps\audit_logs\services\audit.py", line 261, in _dispatch
    write_audit_event.apply_async(
    ~~~~~~~~~~~~~~~~~~~~~~~~~~~~~^
        kwargs={"payload": payload},
        ^^^^^^^^^^^^^^^^^^^^^^^^^^^^
        retry=False,
        ^^^^^^^^^^^^
        ignore_result=True,
        ^^^^^^^^^^^^^^^^^^^
    )
    ^
  File "C:\Users\fashi\OneDrive\Documenti\FASHIONISTAR_ANTAGRAVITY\fashionistar_backend\.venv\Lib\site-packages\celery\app\task.py", line 605, in apply_async
    return self.apply(args, kwargs, task_id=task_id or uuid(),
           ~~~~~~~~~~^^^^^^^^^^^^^^^^^^^^^^^^^^^^^^^^^^^^^^^^^
                      link=link, link_error=link_error, **options)
                      ^^^^^^^^^^^^^^^^^^^^^^^^^^^^^^^^^^^^^^^^^^^^
  File "C:\Users\fashi\OneDrive\Documenti\FASHIONISTAR_ANTAGRAVITY\fashionistar_backend\.venv\Lib\site-packages\celery\app\task.py", line 843, in apply
    ret = tracer(task_id, args, kwargs, request)
  File "C:\Users\fashi\OneDrive\Documenti\FASHIONISTAR_ANTAGRAVITY\fashionistar_backend\.venv\Lib\site-packages\celery\app\trace.py", line 494, in trace_task
    I, R, state, retval = on_error(
                          ~~~~~~~~^
        task_request, exc, RETRY, call_errbacks=False)
        ^^^^^^^^^^^^^^^^^^^^^^^^^^^^^^^^^^^^^^^^^^^^^^
  File "C:\Users\fashi\OneDrive\Documenti\FASHIONISTAR_ANTAGRAVITY\fashionistar_backend\.venv\Lib\site-packages\celery\app\trace.py", line 479, in trace_task
    R = retval = fun(*args, **kwargs)
                 ~~~^^^^^^^^^^^^^^^^^
  File "C:\Users\fashi\OneDrive\Documenti\FASHIONISTAR_ANTAGRAVITY\fashionistar_backend\apps\audit_logs\tasks.py", line 65, in write_audit_event
    raise self.retry(exc=exc)
          ~~~~~~~~~~^^^^^^^^^
  File "C:\Users\fashi\OneDrive\Documenti\FASHIONISTAR_ANTAGRAVITY\fashionistar_backend\.venv\Lib\site-packages\celery\app\task.py", line 763, in retry
    raise ret
celery.exceptions.Retry: Retry in 5s: TypeError("AuditEventLog() got unexpected keyword arguments: 'country_code', 'city'")

During handling of the above exception, another exception occurred:

Traceback (most recent call last):
  File "C:\Users\fashi\OneDrive\Documenti\FASHIONISTAR_ANTAGRAVITY\fashionistar_backend\apps\audit_logs\services\audit.py", line 275, in _write_sync
    obj = AuditEventLog(**payload)
  File "C:\Users\fashi\OneDrive\Documenti\FASHIONISTAR_ANTAGRAVITY\fashionistar_backend\.venv\Lib\site-packages\django\db\models\base.py", line 590, in __init__
    raise TypeError(
    ...<2 lines>...
    )
TypeError: AuditEventLog() got unexpected keyword arguments: 'country_code', 'city'
[INFO    ] application \u2014 \u2705 User verified@fashionistar.io logged in (Sync). IP: 127.0.0.1  UA: \n[INFO    ] apps.authentication.apis.auth_views.sync_views \u2014 \u2705 LoginView: login successful for verified@fashionistar.io (id=019d20c5-2559-77ed-8dea-574e4816ad54 role=client)\n[INFO    ] security — SECURITY_AUDIT action=REQUEST req=52de4441-f553-4799-9982-258100ed37fd device=fp:57efdd91ba75ee0012c0 session=- ip=127.0.0.1 method=POST path=/api/v1/auth/login/ status=200 duration_ms=22.6 user_id=anonymous role=anonymous ua='-' referrer=-
[INFO    ] apps.common.middleware \u2014 [POST] /api/v1/auth/login/ \u2192 200 in 22.8ms [req=52de4441-f553-4799-9982-258100ed37fd]\nPASSED                                                                   [ 29%]
apps/authentication/tests/test_login.py::TestLoginFailures::test_wrong_password_returns_error 
------------------------------- live log setup --------------------------------
[INFO    ] apps.authentication.models — Saved UnifiedUser 019d20c5-25c6-719c-bd03-742fa62b0b29 [email] member_id=FASTAR000001
[INFO    ] apps.authentication.managers \u2014 \u2705 Created user: email=verified@fashionistar.io\n-------------------------------- live log call --------------------------------
[WARNING ] apps.authentication.serializers.auth \u2014 \u26d4 Login failed: wrong password for 'verified@fashionistar.io'\n[WARNING ] security — SECURITY_AUDIT action=PERMISSION_DENIED req=a7f90818-23d6-421c-ac05-dc1943eeb4de device=fp:57efdd91ba75ee0012c0 session=- ip=127.0.0.1 method=POST path=/api/v1/auth/login/ status=401 duration_ms=4.0 user_id=anonymous role=anonymous ua='-' referrer=-
[INFO    ] apps.common.middleware \u2014 [POST] /api/v1/auth/login/ \u2192 401 in 4.2ms [req=a7f90818-23d6-421c-ac05-dc1943eeb4de]\nPASSED                                                                   [ 30%]
apps/authentication/tests/test_login.py::TestLoginFailures::test_non_existent_user_returns_error 
-------------------------------- live log call --------------------------------
[WARNING ] apps.authentication.serializers.auth \u2014 \u26d4 Login failed: user not found 'nobody@nowhere.com'\n[WARNING ] security — SECURITY_AUDIT action=PERMISSION_DENIED req=e0fa21e8-6e0c-4b48-85b6-d5eff87038ad device=fp:57efdd91ba75ee0012c0 session=- ip=127.0.0.1 method=POST path=/api/v1/auth/login/ status=401 duration_ms=6.1 user_id=anonymous role=anonymous ua='-' referrer=-
[INFO    ] apps.common.middleware \u2014 [POST] /api/v1/auth/login/ \u2192 401 in 6.3ms [req=e0fa21e8-6e0c-4b48-85b6-d5eff87038ad]\nPASSED                                                                   [ 30%]
apps/authentication/tests/test_login.py::TestLoginFailures::test_empty_payload_returns_400 
-------------------------------- live log call --------------------------------
[WARNING ] apps.authentication.apis.auth_views.sync_views \u2014 \u26a0\ufe0f LoginView validation error: {'email_or_phone': [ErrorDetail(string='This field is required.', code='required')], 'password': [ErrorDetail(string='This field is required.', code='required')]}\n[INFO    ] security — SECURITY_AUDIT action=CLIENT_ERROR req=1ccbbed2-7a78-4131-899a-9302f48454ae device=fp:57efdd91ba75ee0012c0 session=- ip=127.0.0.1 method=POST path=/api/v1/auth/login/ status=400 duration_ms=45.2 user_id=anonymous role=anonymous ua='-' referrer=-
[INFO    ] apps.common.middleware \u2014 [POST] /api/v1/auth/login/ \u2192 400 in 45.7ms [req=1ccbbed2-7a78-4131-899a-9302f48454ae]\nPASSED                                                                   [ 31%]
apps/authentication/tests/test_login.py::TestLoginFailures::test_unverified_user_cannot_login 
------------------------------- live log setup --------------------------------
[INFO    ] apps.authentication.models — Saved UnifiedUser 019d20c5-26f3-78e0-a4e7-da2ae1ce44c9 [email] member_id=FASTAR000001
[INFO    ] apps.authentication.managers \u2014 \u2705 Created user: email=registered@fashionistar.io\n-------------------------------- live log call --------------------------------
[WARNING ] apps.authentication.serializers.auth \u2014 \u26d4 Login rejected: account not verified 'registered@fashionistar.io'\n[WARNING ] apps.authentication.apis.auth_views.sync_views \u2014 \u26d4 LoginView: unverified account attempt \u2014 registered@fashionistar.io\n[WARNING ] security — SECURITY_AUDIT action=PERMISSION_DENIED req=ae5974e7-5ff3-40e9-8f20-1b9b24c32dd4 device=fp:57efdd91ba75ee0012c0 session=- ip=127.0.0.1 method=POST path=/api/v1/auth/login/ status=403 duration_ms=3.9 user_id=anonymous role=anonymous ua='-' referrer=-
[INFO    ] apps.common.middleware \u2014 [POST] /api/v1/auth/login/ \u2192 403 in 4.1ms [req=ae5974e7-5ff3-40e9-8f20-1b9b24c32dd4]\nPASSED                                                                   [ 32%]
apps/authentication/tests/test_login.py::TestLogout::test_logout_blacklists_refresh_token 
------------------------------- live log setup --------------------------------
[INFO    ] apps.authentication.models — Saved UnifiedUser 019d20c5-2751-768d-a82f-6b83a93feee1 [email] member_id=FASTAR000001
[INFO    ] apps.authentication.managers \u2014 \u2705 Created user: email=verified@fashionistar.io\n-------------------------------- live log call --------------------------------
[INFO    ] apps.authentication.apis.auth_views.sync_views — Logout: refresh token blacklisted — user_id=019d20c5-2751-768d-a82f-6b83a93feee1
[INFO    ] security — SECURITY_AUDIT action=REQUEST req=116caf72-c4a8-4b6e-aec8-a864033b4122 device=fp:57efdd91ba75ee0012c0 session=- ip=127.0.0.1 method=POST path=/api/v1/auth/logout/ status=200 duration_ms=5.5 user_id=019d20c5-2751-768d-a82f-6b83a93feee1 role=client ua='-' referrer=-
[INFO    ] apps.common.middleware \u2014 [POST] /api/v1/auth/logout/ \u2192 200 in 5.7ms [req=116caf72-c4a8-4b6e-aec8-a864033b4122]\nPASSED                                                                   [ 32%]
apps/authentication/tests/test_login.py::TestLogout::test_logout_without_refresh_token_returns_400 
------------------------------- live log setup --------------------------------
[INFO    ] apps.authentication.models — Saved UnifiedUser 019d20c5-27ba-7b50-bd78-7ecdde50f149 [email] member_id=FASTAR000001
[INFO    ] apps.authentication.managers \u2014 \u2705 Created user: email=verified@fashionistar.io\n-------------------------------- live log call --------------------------------
[INFO    ] security — SECURITY_AUDIT action=CLIENT_ERROR req=14b03ff1-4b59-4937-9af0-6bd00731f8ba device=fp:57efdd91ba75ee0012c0 session=- ip=127.0.0.1 method=POST path=/api/v1/auth/logout/ status=400 duration_ms=1.9 user_id=019d20c5-27ba-7b50-bd78-7ecdde50f149 role=client ua='-' referrer=-
[INFO    ] apps.common.middleware \u2014 [POST] /api/v1/auth/logout/ \u2192 400 in 2.5ms [req=14b03ff1-4b59-4937-9af0-6bd00731f8ba]\nPASSED                                                                   [ 33%]
apps/authentication/tests/test_login.py::TestLogout::test_logout_requires_authentication 
-------------------------------- live log call --------------------------------
[WARNING ] security — SECURITY_AUDIT action=PERMISSION_DENIED req=b65a29c1-5a17-40f3-96c9-2b9ce8850f8f code=not_authenticated
[WARNING ] security — SECURITY_AUDIT action=PERMISSION_DENIED req=b65a29c1-5a17-40f3-96c9-2b9ce8850f8f device=fp:57efdd91ba75ee0012c0 session=- ip=127.0.0.1 method=POST path=/api/v1/auth/logout/ status=401 duration_ms=1.7 user_id=anonymous role=anonymous ua='-' referrer=-
[INFO    ] apps.common.middleware \u2014 [POST] /api/v1/auth/logout/ \u2192 401 in 2.1ms [req=b65a29c1-5a17-40f3-96c9-2b9ce8850f8f]\nPASSED                                                                   [ 34%]
apps/authentication/tests/test_login.py::TestLogout::test_double_logout_returns_400 
------------------------------- live log setup --------------------------------
[INFO    ] apps.authentication.models — Saved UnifiedUser 019d20c5-2856-77f1-8fd0-e3e95071c09a [email] member_id=FASTAR000001
[INFO    ] apps.authentication.managers \u2014 \u2705 Created user: email=verified@fashionistar.io\n-------------------------------- live log call --------------------------------
[INFO    ] apps.authentication.apis.auth_views.sync_views — Logout: refresh token blacklisted — user_id=019d20c5-2856-77f1-8fd0-e3e95071c09a
[INFO    ] security — SECURITY_AUDIT action=REQUEST req=f6d81957-afec-4f88-9564-f6493ff1e220 device=fp:57efdd91ba75ee0012c0 session=- ip=127.0.0.1 method=POST path=/api/v1/auth/logout/ status=200 duration_ms=4.8 user_id=019d20c5-2856-77f1-8fd0-e3e95071c09a role=client ua='-' referrer=-
[INFO    ] apps.common.middleware \u2014 [POST] /api/v1/auth/logout/ \u2192 200 in 5.0ms [req=f6d81957-afec-4f88-9564-f6493ff1e220]\n[WARNING ] apps.authentication.apis.auth_views.sync_views — LogoutView TokenError user_id=019d20c5-2856-77f1-8fd0-e3e95071c09a: Token is blacklisted
[INFO    ] security — SECURITY_AUDIT action=CLIENT_ERROR req=09275e34-11af-476b-afa4-4793d8a3c0de device=fp:57efdd91ba75ee0012c0 session=- ip=127.0.0.1 method=POST path=/api/v1/auth/logout/ status=400 duration_ms=2.6 user_id=019d20c5-2856-77f1-8fd0-e3e95071c09a role=client ua='-' referrer=-
[INFO    ] apps.common.middleware \u2014 [POST] /api/v1/auth/logout/ \u2192 400 in 2.8ms [req=09275e34-11af-476b-afa4-4793d8a3c0de]\nPASSED                                                                   [ 34%]
apps/authentication/tests/test_password_reset.py::TestIsExpiredBadge::test_active_badge PASSED [ 35%]
apps/authentication/tests/test_password_reset.py::TestIsExpiredBadge::test_expired_badge PASSED [ 36%]
apps/authentication/tests/test_registration.py::TestHappyPath::test_email_registration_201 
-------------------------------- live log call --------------------------------
[INFO    ] apps.authentication.serializers.auth — Registration validation successful.
[INFO    ] apps.authentication.models — Saved UnifiedUser 019d20c5-290f-7eac-875d-733475f20d12 [email] member_id=FASTAR000001
[INFO    ] apps.authentication.managers \u2014 \u2705 Created user: email=happy_email@test.io\n[INFO    ] apps.authentication.services.registration.sync_service \u2014 \u2705 User created (sync): id=019d20c5-290f-7eac-875d-733475f20d12 identifier=happy_email@test.io role=client\n[INFO    ] apps.authentication.services.registration.sync_service \u2014 \U0001f510 OTP generated for user_id=019d20c5-290f-7eac-875d-733475f20d12\n[INFO    ] apps.authentication.services.registration.sync_service \u2014 \U0001f4e1 EventBus: 'user.registered' scheduled on_commit [user_id=019d20c5-290f-7eac-875d-733475f20d12]\n[INFO    ] apps.authentication.services.registration.sync_service \u2014 \U0001f4e7 OTP email task scheduled on_commit \u2192 Celery [user_id=019d20c5-290f-7eac-875d-733475f20d12 email=happy_email@test.io]\n[INFO    ] apps.authentication.apis.auth_views.sync_views \u2014 \u2705 RegisterView: user_id=019d20c5-290f-7eac-875d-733475f20d12 identifier=happy_email@test.io\n[INFO    ] security — SECURITY_AUDIT action=REQUEST req=71aa24e2-8e2d-4b05-b5f1-b4360184b77d device=fp:57efdd91ba75ee0012c0 session=- ip=127.0.0.1 method=POST path=/api/v1/auth/register/ status=201 duration_ms=13.5 user_id=anonymous role=anonymous ua='-' referrer=-
[INFO    ] apps.common.middleware \u2014 [POST] /api/v1/auth/register/ \u2192 201 in 13.6ms [req=71aa24e2-8e2d-4b05-b5f1-b4360184b77d]\nPASSED                                                                   [ 36%]
apps/authentication/tests/test_registration.py::TestHappyPath::test_phone_registration_201 
-------------------------------- live log call --------------------------------
[INFO    ] apps.authentication.serializers.auth — Registration validation successful.
[INFO    ] apps.authentication.models — Saved UnifiedUser 019d20c5-297b-7228-85c3-c700281a1229 [phone] member_id=FASTAR000001
[INFO    ] apps.authentication.managers \u2014 \u2705 Created user: email=+234 803 111 1111\n[INFO    ] apps.authentication.services.registration.sync_service \u2014 \u2705 User created (sync): id=019d20c5-297b-7228-85c3-c700281a1229 identifier=+234 803 111 1111 role=vendor\n[INFO    ] apps.authentication.services.registration.sync_service \u2014 \U0001f510 OTP generated for user_id=019d20c5-297b-7228-85c3-c700281a1229\n[INFO    ] apps.authentication.services.registration.sync_service \u2014 \U0001f4e1 EventBus: 'user.registered' scheduled on_commit [user_id=019d20c5-297b-7228-85c3-c700281a1229]\n[INFO    ] apps.authentication.services.registration.sync_service \u2014 \U0001f4f1 OTP SMS task scheduled on_commit \u2192 Celery [user_id=019d20c5-297b-7228-85c3-c700281a1229 phone=+234 803 111 1111]\n[INFO    ] apps.authentication.apis.auth_views.sync_views \u2014 \u2705 RegisterView: user_id=019d20c5-297b-7228-85c3-c700281a1229 identifier=+234 803 111 1111\n[INFO    ] security — SECURITY_AUDIT action=REQUEST req=a37226ad-7121-458b-80bc-7b7a7cb786b2 device=fp:57efdd91ba75ee0012c0 session=- ip=127.0.0.1 method=POST path=/api/v1/auth/register/ status=201 duration_ms=15.8 user_id=anonymous role=anonymous ua='-' referrer=-
[INFO    ] apps.common.middleware \u2014 [POST] /api/v1/auth/register/ \u2192 201 in 16.0ms [req=a37226ad-7121-458b-80bc-7b7a7cb786b2]\nPASSED                                                                   [ 37%]
apps/authentication/tests/test_registration.py::TestHappyPath::test_second_phone_user_201_regression 
-------------------------------- live log call --------------------------------
[INFO    ] apps.authentication.serializers.auth — Registration validation successful.
[INFO    ] apps.authentication.models — Saved UnifiedUser 019d20c5-29ed-70c1-bab1-1dbf38d314f3 [phone] member_id=FASTAR000001
[INFO    ] apps.authentication.managers \u2014 \u2705 Created user: email=+234 803 111 2222\n[INFO    ] apps.authentication.services.registration.sync_service \u2014 \u2705 User created (sync): id=019d20c5-29ed-70c1-bab1-1dbf38d314f3 identifier=+234 803 111 2222 role=vendor\n[INFO    ] apps.authentication.services.registration.sync_service \u2014 \U0001f510 OTP generated for user_id=019d20c5-29ed-70c1-bab1-1dbf38d314f3\n[INFO    ] apps.authentication.services.registration.sync_service \u2014 \U0001f4e1 EventBus: 'user.registered' scheduled on_commit [user_id=019d20c5-29ed-70c1-bab1-1dbf38d314f3]\n[INFO    ] apps.authentication.services.registration.sync_service \u2014 \U0001f4f1 OTP SMS task scheduled on_commit \u2192 Celery [user_id=019d20c5-29ed-70c1-bab1-1dbf38d314f3 phone=+234 803 111 2222]\n[INFO    ] apps.authentication.apis.auth_views.sync_views \u2014 \u2705 RegisterView: user_id=019d20c5-29ed-70c1-bab1-1dbf38d314f3 identifier=+234 803 111 2222\n[INFO    ] security — SECURITY_AUDIT action=REQUEST req=b2302779-da5b-4601-88b4-d8e8d4ca5610 device=fp:57efdd91ba75ee0012c0 session=- ip=127.0.0.1 method=POST path=/api/v1/auth/register/ status=201 duration_ms=12.5 user_id=anonymous role=anonymous ua='-' referrer=-
[INFO    ] apps.common.middleware \u2014 [POST] /api/v1/auth/register/ \u2192 201 in 12.8ms [req=b2302779-da5b-4601-88b4-d8e8d4ca5610]\n[INFO    ] apps.authentication.serializers.auth — Registration validation successful.
[INFO    ] apps.authentication.models — Saved UnifiedUser 019d20c5-29fa-72ac-8dfe-15c4e5149751 [phone] member_id=FASTAR000002
[INFO    ] apps.authentication.managers \u2014 \u2705 Created user: email=+234 803 111 3333\n[INFO    ] apps.authentication.services.registration.sync_service \u2014 \u2705 User created (sync): id=019d20c5-29fa-72ac-8dfe-15c4e5149751 identifier=+234 803 111 3333 role=client\n[INFO    ] apps.authentication.services.registration.sync_service \u2014 \U0001f510 OTP generated for user_id=019d20c5-29fa-72ac-8dfe-15c4e5149751\n[INFO    ] apps.authentication.services.registration.sync_service \u2014 \U0001f4e1 EventBus: 'user.registered' scheduled on_commit [user_id=019d20c5-29fa-72ac-8dfe-15c4e5149751]\n[INFO    ] apps.authentication.services.registration.sync_service \u2014 \U0001f4f1 OTP SMS task scheduled on_commit \u2192 Celery [user_id=019d20c5-29fa-72ac-8dfe-15c4e5149751 phone=+234 803 111 3333]\n[INFO    ] apps.authentication.apis.auth_views.sync_views \u2014 \u2705 RegisterView: user_id=019d20c5-29fa-72ac-8dfe-15c4e5149751 identifier=+234 803 111 3333\n[INFO    ] security — SECURITY_AUDIT action=REQUEST req=210e8ce2-150a-4ffc-835d-26df7944fc31 device=fp:57efdd91ba75ee0012c0 session=- ip=127.0.0.1 method=POST path=/api/v1/auth/register/ status=201 duration_ms=11.6 user_id=anonymous role=anonymous ua='-' referrer=-
[INFO    ] apps.common.middleware \u2014 [POST] /api/v1/auth/register/ \u2192 201 in 11.8ms [req=210e8ce2-150a-4ffc-835d-26df7944fc31]\nPASSED                                                                   [ 38%]
apps/authentication/tests/test_registration.py::TestHappyPath::test_new_user_is_inactive_and_unverified 
-------------------------------- live log call --------------------------------
[INFO    ] apps.authentication.serializers.auth — Registration validation successful.
[INFO    ] apps.authentication.models — Saved UnifiedUser 019d20c5-2a3f-75bd-a7de-bf03ac374dea [email] member_id=FASTAR000001
[INFO    ] apps.authentication.managers \u2014 \u2705 Created user: email=inactive_check@test.io\n[INFO    ] apps.authentication.services.registration.sync_service \u2014 \u2705 User created (sync): id=019d20c5-2a3f-75bd-a7de-bf03ac374dea identifier=inactive_check@test.io role=client\n[INFO    ] apps.authentication.services.registration.sync_service \u2014 \U0001f510 OTP generated for user_id=019d20c5-2a3f-75bd-a7de-bf03ac374dea\n[INFO    ] apps.authentication.services.registration.sync_service \u2014 \U0001f4e1 EventBus: 'user.registered' scheduled on_commit [user_id=019d20c5-2a3f-75bd-a7de-bf03ac374dea]\n[INFO    ] apps.authentication.services.registration.sync_service \u2014 \U0001f4e7 OTP email task scheduled on_commit \u2192 Celery [user_id=019d20c5-2a3f-75bd-a7de-bf03ac374dea email=inactive_check@test.io]\n[INFO    ] apps.authentication.apis.auth_views.sync_views \u2014 \u2705 RegisterView: user_id=019d20c5-2a3f-75bd-a7de-bf03ac374dea identifier=inactive_check@test.io\n[INFO    ] security — SECURITY_AUDIT action=REQUEST req=42c8ebd9-37ca-4d45-8c49-496f0bd99ed3 device=fp:57efdd91ba75ee0012c0 session=- ip=127.0.0.1 method=POST path=/api/v1/auth/register/ status=201 duration_ms=11.5 user_id=anonymous role=anonymous ua='-' referrer=-
[INFO    ] apps.common.middleware \u2014 [POST] /api/v1/auth/register/ \u2192 201 in 11.9ms [req=42c8ebd9-37ca-4d45-8c49-496f0bd99ed3]\nPASSED                                                                   [ 38%]
apps/authentication/tests/test_registration.py::TestHappyPath::test_vendor_role_saved 
-------------------------------- live log call --------------------------------
[INFO    ] apps.authentication.serializers.auth — Registration validation successful.
[INFO    ] apps.authentication.models — Saved UnifiedUser 019d20c5-2a96-7cb5-bfe1-bb7e12162a8b [email] member_id=FASTAR000001
[INFO    ] apps.authentication.managers \u2014 \u2705 Created user: email=vendor_role@test.io\n[INFO    ] apps.authentication.services.registration.sync_service \u2014 \u2705 User created (sync): id=019d20c5-2a96-7cb5-bfe1-bb7e12162a8b identifier=vendor_role@test.io role=vendor\n[INFO    ] apps.authentication.services.registration.sync_service \u2014 \U0001f510 OTP generated for user_id=019d20c5-2a96-7cb5-bfe1-bb7e12162a8b\n[INFO    ] apps.authentication.services.registration.sync_service \u2014 \U0001f4e1 EventBus: 'user.registered' scheduled on_commit [user_id=019d20c5-2a96-7cb5-bfe1-bb7e12162a8b]\n[INFO    ] apps.authentication.services.registration.sync_service \u2014 \U0001f4e7 OTP email task scheduled on_commit \u2192 Celery [user_id=019d20c5-2a96-7cb5-bfe1-bb7e12162a8b email=vendor_role@test.io]\n[INFO    ] apps.authentication.apis.auth_views.sync_views \u2014 \u2705 RegisterView: user_id=019d20c5-2a96-7cb5-bfe1-bb7e12162a8b identifier=vendor_role@test.io\n[INFO    ] security — SECURITY_AUDIT action=REQUEST req=1cfd0e4c-bc9d-4042-9a1e-10f95ccb9319 device=fp:57efdd91ba75ee0012c0 session=- ip=127.0.0.1 method=POST path=/api/v1/auth/register/ status=201 duration_ms=11.7 user_id=anonymous role=anonymous ua='-' referrer=-
[INFO    ] apps.common.middleware \u2014 [POST] /api/v1/auth/register/ \u2192 201 in 11.8ms [req=1cfd0e4c-bc9d-4042-9a1e-10f95ccb9319]\nPASSED                                                                   [ 39%]
apps/authentication/tests/test_registration.py::TestHappyPath::test_multipart_form_201 
-------------------------------- live log call --------------------------------
[INFO    ] apps.authentication.serializers.auth — Registration validation successful.
[INFO    ] apps.authentication.models — Saved UnifiedUser 019d20c5-2ae8-794a-9e1c-515440f06396 [email] member_id=FASTAR000001
[INFO    ] apps.authentication.managers \u2014 \u2705 Created user: email=multipart@test.io\n[INFO    ] apps.authentication.services.registration.sync_service \u2014 \u2705 User created (sync): id=019d20c5-2ae8-794a-9e1c-515440f06396 identifier=multipart@test.io role=client\n[INFO    ] apps.authentication.services.registration.sync_service \u2014 \U0001f510 OTP generated for user_id=019d20c5-2ae8-794a-9e1c-515440f06396\n[INFO    ] apps.authentication.services.registration.sync_service \u2014 \U0001f4e1 EventBus: 'user.registered' scheduled on_commit [user_id=019d20c5-2ae8-794a-9e1c-515440f06396]\n[INFO    ] apps.authentication.services.registration.sync_service \u2014 \U0001f4e7 OTP email task scheduled on_commit \u2192 Celery [user_id=019d20c5-2ae8-794a-9e1c-515440f06396 email=multipart@test.io]\n[INFO    ] apps.authentication.apis.auth_views.sync_views \u2014 \u2705 RegisterView: user_id=019d20c5-2ae8-794a-9e1c-515440f06396 identifier=multipart@test.io\n[INFO    ] security — SECURITY_AUDIT action=REQUEST req=04f47f63-6e77-4fbc-b598-04ed1286e6a7 device=fp:57efdd91ba75ee0012c0 session=- ip=127.0.0.1 method=POST path=/api/v1/auth/register/ status=201 duration_ms=22.0 user_id=anonymous role=anonymous ua='-' referrer=-
[INFO    ] apps.common.middleware \u2014 [POST] /api/v1/auth/register/ \u2192 201 in 22.3ms [req=04f47f63-6e77-4fbc-b598-04ed1286e6a7]\nPASSED                                                                   [ 40%]
apps/authentication/tests/test_registration.py::TestValidationErrors::test_password_mismatch_400 
-------------------------------- live log call --------------------------------
[WARNING ] apps.authentication.serializers.auth — Registration failed: Passwords do not match.
[ERROR   ] apps.common.exceptions — Unhandled exception in API: cannot access local variable 'SoftDeletedUserExistsError' where it is not associated with a value
Traceback (most recent call last):
  File "C:\Users\fashi\OneDrive\Documenti\FASHIONISTAR_ANTAGRAVITY\fashionistar_backend\apps\authentication\serializers\auth.py", line 234, in validate
    raise serializers.ValidationError(
        {"password": _("Passwords do not match.")}
    )
rest_framework.exceptions.ValidationError: {'password': ErrorDetail(string='Passwords do not match.', code='invalid')}

During handling of the above exception, another exception occurred:

Traceback (most recent call last):
  File "C:\Users\fashi\OneDrive\Documenti\FASHIONISTAR_ANTAGRAVITY\fashionistar_backend\.venv\Lib\site-packages\rest_framework\views.py", line 512, in dispatch
    response = handler(request, *args, **kwargs)
  File "C:\Users\fashi\OneDrive\Documenti\FASHIONISTAR_ANTAGRAVITY\fashionistar_backend\.venv\Lib\site-packages\rest_framework\generics.py", line 194, in post
    return self.create(request, *args, **kwargs)
           ~~~~~~~~~~~^^^^^^^^^^^^^^^^^^^^^^^^^^
  File "C:\Users\fashi\OneDrive\Documenti\FASHIONISTAR_ANTAGRAVITY\fashionistar_backend\apps\authentication\apis\auth_views\sync_views.py", line 105, in create
    serializer.is_valid(raise_exception=True)
    ~~~~~~~~~~~~~~~~~~~^^^^^^^^^^^^^^^^^^^^^^
  File "C:\Users\fashi\OneDrive\Documenti\FASHIONISTAR_ANTAGRAVITY\fashionistar_backend\.venv\Lib\site-packages\rest_framework\serializers.py", line 225, in is_valid
    self._validated_data = self.run_validation(self.initial_data)
                           ~~~~~~~~~~~~~~~~~~~^^^^^^^^^^^^^^^^^^^
  File "C:\Users\fashi\OneDrive\Documenti\FASHIONISTAR_ANTAGRAVITY\fashionistar_backend\.venv\Lib\site-packages\rest_framework\serializers.py", line 447, in run_validation
    value = self.validate(value)
  File "C:\Users\fashi\OneDrive\Documenti\FASHIONISTAR_ANTAGRAVITY\fashionistar_backend\apps\authentication\serializers\auth.py", line 308, in validate
    except (serializers.ValidationError, SoftDeletedUserExistsError):
                                         ^^^^^^^^^^^^^^^^^^^^^^^^^^
UnboundLocalError: cannot access local variable 'SoftDeletedUserExistsError' where it is not associated with a value
[ERROR   ] security — SECURITY_AUDIT action=SERVER_ERROR req=d701ce8e-53c2-4bd2-b1ba-1af75f2c3edf error="cannot access local variable 'SoftDeletedUserExistsError' where it is not associated with a value"
[ERROR   ] security — SECURITY_AUDIT action=SERVER_ERROR req=d701ce8e-53c2-4bd2-b1ba-1af75f2c3edf device=fp:57efdd91ba75ee0012c0 session=- ip=127.0.0.1 method=POST path=/api/v1/auth/register/ status=500 duration_ms=8.8 user_id=anonymous role=anonymous ua='-' referrer=-
[INFO    ] apps.common.middleware \u2014 [POST] /api/v1/auth/register/ \u2192 500 in 9.0ms [req=d701ce8e-53c2-4bd2-b1ba-1af75f2c3edf]\nFAILED                                                                   [ 40%]
apps/authentication/tests/test_registration.py::TestValidationErrors::test_weak_password_400 
-------------------------------- live log call --------------------------------
[INFO    ] security — SECURITY_AUDIT action=CLIENT_ERROR req=6fefe12b-63e9-47a0-a3b1-112386dce6c2 device=fp:57efdd91ba75ee0012c0 session=- ip=127.0.0.1 method=POST path=/api/v1/auth/register/ status=400 duration_ms=1.5 user_id=anonymous role=anonymous ua='-' referrer=-
[INFO    ] apps.common.middleware \u2014 [POST] /api/v1/auth/register/ \u2192 400 in 2.0ms [req=6fefe12b-63e9-47a0-a3b1-112386dce6c2]\nPASSED                                                                   [ 41%]
apps/authentication/tests/test_registration.py::TestValidationErrors::test_missing_email_and_phone_400 
-------------------------------- live log call --------------------------------
[ERROR   ] apps.common.exceptions — Unhandled exception in API: cannot access local variable 'SoftDeletedUserExistsError' where it is not associated with a value
Traceback (most recent call last):
  File "C:\Users\fashi\OneDrive\Documenti\FASHIONISTAR_ANTAGRAVITY\fashionistar_backend\apps\authentication\serializers\auth.py", line 261, in validate
    raise serializers.ValidationError({
    ...<4 lines>...
    })
rest_framework.exceptions.ValidationError: {'non_field_errors': [ErrorDetail(string='Please provide either an email address or a phone number; one is required.', code='invalid')]}

During handling of the above exception, another exception occurred:

Traceback (most recent call last):
  File "C:\Users\fashi\OneDrive\Documenti\FASHIONISTAR_ANTAGRAVITY\fashionistar_backend\.venv\Lib\site-packages\rest_framework\views.py", line 512, in dispatch
    response = handler(request, *args, **kwargs)
  File "C:\Users\fashi\OneDrive\Documenti\FASHIONISTAR_ANTAGRAVITY\fashionistar_backend\.venv\Lib\site-packages\rest_framework\generics.py", line 194, in post
    return self.create(request, *args, **kwargs)
           ~~~~~~~~~~~^^^^^^^^^^^^^^^^^^^^^^^^^^
  File "C:\Users\fashi\OneDrive\Documenti\FASHIONISTAR_ANTAGRAVITY\fashionistar_backend\apps\authentication\apis\auth_views\sync_views.py", line 105, in create
    serializer.is_valid(raise_exception=True)
    ~~~~~~~~~~~~~~~~~~~^^^^^^^^^^^^^^^^^^^^^^
  File "C:\Users\fashi\OneDrive\Documenti\FASHIONISTAR_ANTAGRAVITY\fashionistar_backend\.venv\Lib\site-packages\rest_framework\serializers.py", line 225, in is_valid
    self._validated_data = self.run_validation(self.initial_data)
                           ~~~~~~~~~~~~~~~~~~~^^^^^^^^^^^^^^^^^^^
  File "C:\Users\fashi\OneDrive\Documenti\FASHIONISTAR_ANTAGRAVITY\fashionistar_backend\.venv\Lib\site-packages\rest_framework\serializers.py", line 447, in run_validation
    value = self.validate(value)
  File "C:\Users\fashi\OneDrive\Documenti\FASHIONISTAR_ANTAGRAVITY\fashionistar_backend\apps\authentication\serializers\auth.py", line 308, in validate
    except (serializers.ValidationError, SoftDeletedUserExistsError):
                                         ^^^^^^^^^^^^^^^^^^^^^^^^^^
UnboundLocalError: cannot access local variable 'SoftDeletedUserExistsError' where it is not associated with a value
[ERROR   ] security — SECURITY_AUDIT action=SERVER_ERROR req=f9baf69a-c030-42c5-a47c-dba473ac3dab error="cannot access local variable 'SoftDeletedUserExistsError' where it is not associated with a value"
[ERROR   ] security — SECURITY_AUDIT action=SERVER_ERROR req=f9baf69a-c030-42c5-a47c-dba473ac3dab device=fp:57efdd91ba75ee0012c0 session=- ip=127.0.0.1 method=POST path=/api/v1/auth/register/ status=500 duration_ms=3.7 user_id=anonymous role=anonymous ua='-' referrer=-
[INFO    ] apps.common.middleware \u2014 [POST] /api/v1/auth/register/ \u2192 500 in 3.9ms [req=f9baf69a-c030-42c5-a47c-dba473ac3dab]\nFAILED                                                                   [ 41%]
apps/authentication/tests/test_registration.py::TestValidationErrors::test_both_email_and_phone_400 
-------------------------------- live log call --------------------------------
[ERROR   ] apps.common.exceptions — Unhandled exception in API: cannot access local variable 'SoftDeletedUserExistsError' where it is not associated with a value
Traceback (most recent call last):
  File "C:\Users\fashi\OneDrive\Documenti\FASHIONISTAR_ANTAGRAVITY\fashionistar_backend\apps\authentication\serializers\auth.py", line 253, in validate
    raise serializers.ValidationError({
    ...<4 lines>...
    })
rest_framework.exceptions.ValidationError: {'non_field_errors': [ErrorDetail(string='Please provide either an email address or a phone number, not both.', code='invalid')]}

During handling of the above exception, another exception occurred:

Traceback (most recent call last):
  File "C:\Users\fashi\OneDrive\Documenti\FASHIONISTAR_ANTAGRAVITY\fashionistar_backend\.venv\Lib\site-packages\rest_framework\views.py", line 512, in dispatch
    response = handler(request, *args, **kwargs)
  File "C:\Users\fashi\OneDrive\Documenti\FASHIONISTAR_ANTAGRAVITY\fashionistar_backend\.venv\Lib\site-packages\rest_framework\generics.py", line 194, in post
    return self.create(request, *args, **kwargs)
           ~~~~~~~~~~~^^^^^^^^^^^^^^^^^^^^^^^^^^
  File "C:\Users\fashi\OneDrive\Documenti\FASHIONISTAR_ANTAGRAVITY\fashionistar_backend\apps\authentication\apis\auth_views\sync_views.py", line 105, in create
    serializer.is_valid(raise_exception=True)
    ~~~~~~~~~~~~~~~~~~~^^^^^^^^^^^^^^^^^^^^^^
  File "C:\Users\fashi\OneDrive\Documenti\FASHIONISTAR_ANTAGRAVITY\fashionistar_backend\.venv\Lib\site-packages\rest_framework\serializers.py", line 225, in is_valid
    self._validated_data = self.run_validation(self.initial_data)
                           ~~~~~~~~~~~~~~~~~~~^^^^^^^^^^^^^^^^^^^
  File "C:\Users\fashi\OneDrive\Documenti\FASHIONISTAR_ANTAGRAVITY\fashionistar_backend\.venv\Lib\site-packages\rest_framework\serializers.py", line 447, in run_validation
    value = self.validate(value)
  File "C:\Users\fashi\OneDrive\Documenti\FASHIONISTAR_ANTAGRAVITY\fashionistar_backend\apps\authentication\serializers\auth.py", line 308, in validate
    except (serializers.ValidationError, SoftDeletedUserExistsError):
                                         ^^^^^^^^^^^^^^^^^^^^^^^^^^
UnboundLocalError: cannot access local variable 'SoftDeletedUserExistsError' where it is not associated with a value
[ERROR   ] security — SECURITY_AUDIT action=SERVER_ERROR req=93e28cf1-b867-48d1-ab51-5713bbc2e29f error="cannot access local variable 'SoftDeletedUserExistsError' where it is not associated with a value"
[ERROR   ] security — SECURITY_AUDIT action=SERVER_ERROR req=93e28cf1-b867-48d1-ab51-5713bbc2e29f device=fp:57efdd91ba75ee0012c0 session=- ip=127.0.0.1 method=POST path=/api/v1/auth/register/ status=500 duration_ms=6.1 user_id=anonymous role=anonymous ua='-' referrer=-
[INFO    ] apps.common.middleware \u2014 [POST] /api/v1/auth/register/ \u2192 500 in 6.3ms [req=93e28cf1-b867-48d1-ab51-5713bbc2e29f]\nFAILED                                                                   [ 42%]
apps/authentication/tests/test_registration.py::TestValidationErrors::test_invalid_email_format_400 
-------------------------------- live log call --------------------------------
[INFO    ] security — SECURITY_AUDIT action=CLIENT_ERROR req=ae452983-380d-445d-8032-920e864d38f1 device=fp:57efdd91ba75ee0012c0 session=- ip=127.0.0.1 method=POST path=/api/v1/auth/register/ status=400 duration_ms=2.2 user_id=anonymous role=anonymous ua='-' referrer=-
[INFO    ] apps.common.middleware \u2014 [POST] /api/v1/auth/register/ \u2192 400 in 3.0ms [req=ae452983-380d-445d-8032-920e864d38f1]\nPASSED                                                                   [ 43%]
apps/authentication/tests/test_registration.py::TestValidationErrors::test_empty_payload_400 
-------------------------------- live log call --------------------------------
[INFO    ] security — SECURITY_AUDIT action=CLIENT_ERROR req=0d84a534-34ad-48be-b4c4-c4ee2701ae0b device=fp:57efdd91ba75ee0012c0 session=- ip=127.0.0.1 method=POST path=/api/v1/auth/register/ status=400 duration_ms=1.6 user_id=anonymous role=anonymous ua='-' referrer=-
[INFO    ] apps.common.middleware \u2014 [POST] /api/v1/auth/register/ \u2192 400 in 2.1ms [req=0d84a534-34ad-48be-b4c4-c4ee2701ae0b]\nPASSED                                                                   [ 43%]
apps/authentication/tests/test_registration.py::TestValidationErrors::test_admin_role_rejected_400 
-------------------------------- live log call --------------------------------
[INFO    ] security — SECURITY_AUDIT action=CLIENT_ERROR req=85b91564-9f93-49a1-af05-01734f602aac device=fp:57efdd91ba75ee0012c0 session=- ip=127.0.0.1 method=POST path=/api/v1/auth/register/ status=400 duration_ms=1.3 user_id=anonymous role=anonymous ua='-' referrer=-
[INFO    ] apps.common.middleware \u2014 [POST] /api/v1/auth/register/ \u2192 400 in 1.8ms [req=85b91564-9f93-49a1-af05-01734f602aac]\nPASSED                                                                   [ 44%]
apps/authentication/tests/test_registration.py::TestValidationErrors::test_missing_role_400 
-------------------------------- live log call --------------------------------
[INFO    ] security — SECURITY_AUDIT action=CLIENT_ERROR req=420fec2a-06e6-4941-82b5-32b9915cfc4e device=fp:57efdd91ba75ee0012c0 session=- ip=127.0.0.1 method=POST path=/api/v1/auth/register/ status=400 duration_ms=1.4 user_id=anonymous role=anonymous ua='-' referrer=-
[INFO    ] apps.common.middleware \u2014 [POST] /api/v1/auth/register/ \u2192 400 in 2.0ms [req=420fec2a-06e6-4941-82b5-32b9915cfc4e]\nPASSED                                                                   [ 45%]
apps/authentication/tests/test_registration.py::TestValidationErrors::test_missing_password_400 
-------------------------------- live log call --------------------------------
[INFO    ] security — SECURITY_AUDIT action=CLIENT_ERROR req=604d0559-6546-499e-9337-6609056373cb device=fp:57efdd91ba75ee0012c0 session=- ip=127.0.0.1 method=POST path=/api/v1/auth/register/ status=400 duration_ms=1.5 user_id=anonymous role=anonymous ua='-' referrer=-
[INFO    ] apps.common.middleware \u2014 [POST] /api/v1/auth/register/ \u2192 400 in 2.0ms [req=604d0559-6546-499e-9337-6609056373cb]\nPASSED                                                                   [ 45%]
apps/authentication/tests/test_registration.py::TestDuplicates::test_duplicate_email_returns_400_not_500 
------------------------------- live log setup --------------------------------
[INFO    ] apps.authentication.models — Saved UnifiedUser 019d20c5-2e40-707a-818b-f3eb6b243e2d [email] member_id=FASTAR000001
[INFO    ] apps.authentication.managers \u2014 \u2705 Created user: email=registered@fashionistar.io\n-------------------------------- live log call --------------------------------
[INFO    ] security — SECURITY_AUDIT action=CLIENT_ERROR req=a8ad8540-4b05-498c-a9db-093c5c33a7b7 device=fp:57efdd91ba75ee0012c0 session=- ip=127.0.0.1 method=POST path=/api/v1/auth/register/ status=400 duration_ms=3.4 user_id=anonymous role=anonymous ua='-' referrer=-
[INFO    ] apps.common.middleware \u2014 [POST] /api/v1/auth/register/ \u2192 400 in 3.8ms [req=a8ad8540-4b05-498c-a9db-093c5c33a7b7]\nPASSED                                                                   [ 46%]
apps/authentication/tests/test_registration.py::TestDuplicates::test_duplicate_email_error_is_field_specific 
------------------------------- live log setup --------------------------------
[INFO    ] apps.authentication.models — Saved UnifiedUser 019d20c5-2e8f-7477-9ff3-b38fb8a64e36 [email] member_id=FASTAR000001
[INFO    ] apps.authentication.managers \u2014 \u2705 Created user: email=registered@fashionistar.io\n-------------------------------- live log call --------------------------------
[INFO    ] security — SECURITY_AUDIT action=CLIENT_ERROR req=119bfe12-e328-4527-adb6-8cdaa9b5e48f device=fp:57efdd91ba75ee0012c0 session=- ip=127.0.0.1 method=POST path=/api/v1/auth/register/ status=400 duration_ms=3.0 user_id=anonymous role=anonymous ua='-' referrer=-
[INFO    ] apps.common.middleware \u2014 [POST] /api/v1/auth/register/ \u2192 400 in 3.5ms [req=119bfe12-e328-4527-adb6-8cdaa9b5e48f]\nPASSED                                                                   [ 47%]
apps/authentication/tests/test_registration.py::TestDuplicates::test_duplicate_phone_returns_400_with_phone_error 
-------------------------------- live log call --------------------------------
[INFO    ] apps.authentication.models — Saved UnifiedUser 019d20c5-2ee9-7222-bcd7-10b9d3db33a0 [phone] member_id=FASTAR000001
[INFO    ] apps.authentication.managers \u2014 \u2705 Created user: email=+2348099990000\n[INFO    ] security — SECURITY_AUDIT action=CLIENT_ERROR req=4d52487b-b164-4f3c-89c0-24b34b1092e8 device=fp:57efdd91ba75ee0012c0 session=- ip=127.0.0.1 method=POST path=/api/v1/auth/register/ status=400 duration_ms=3.7 user_id=anonymous role=anonymous ua='-' referrer=-
[INFO    ] apps.common.middleware \u2014 [POST] /api/v1/auth/register/ \u2192 400 in 4.0ms [req=4d52487b-b164-4f3c-89c0-24b34b1092e8]\nPASSED                                                                   [ 47%]
apps/authentication/tests/test_registration.py::TestDuplicates::test_duplicate_phone_no_second_user_created 
-------------------------------- live log call --------------------------------
[INFO    ] apps.authentication.models — Saved UnifiedUser 019d20c5-2f36-75ee-b4ce-9a562bf77e07 [phone] member_id=FASTAR000001
[INFO    ] apps.authentication.managers \u2014 \u2705 Created user: email=+2348099991111\n[INFO    ] security — SECURITY_AUDIT action=CLIENT_ERROR req=6b1b7979-ca81-46a6-917f-d672b44115b0 device=fp:57efdd91ba75ee0012c0 session=- ip=127.0.0.1 method=POST path=/api/v1/auth/register/ status=400 duration_ms=2.9 user_id=anonymous role=anonymous ua='-' referrer=-
[INFO    ] apps.common.middleware \u2014 [POST] /api/v1/auth/register/ \u2192 400 in 3.2ms [req=6b1b7979-ca81-46a6-917f-d672b44115b0]\nPASSED                                                                   [ 48%]
apps/authentication/tests/test_registration.py::TestDuplicates::test_race_condition_returns_400 
-------------------------------- live log call --------------------------------
[INFO    ] apps.authentication.serializers.auth — Registration validation successful.
[ERROR   ] apps.authentication.services.registration.sync_service \u2014 \u274c RegistrationService.register_sync failed: {'email': [ErrorDetail(string='Already exists.', code='invalid')]}\nTraceback (most recent call last):\n  File "C:\\Users\\fashi\\OneDrive\\Documenti\\FASHIONISTAR_ANTAGRAVITY\\fashionistar_backend\\apps\\authentication\\services\\registration\\sync_service.py", line 110, in register_sync\n    user = UnifiedUser.objects.create_user(\n        email=email,\n    ...<5 lines>...\n        **extra_fields\n    )\n  File "C:\\Python314\\Lib\\unittest\\mock.py", line 1175, in __call__\n    return self._mock_call(*args, **kwargs)\n           ~~~~~~~~~~~~~~~^^^^^^^^^^^^^^^^^\n  File "C:\\Python314\\Lib\\unittest\\mock.py", line 1179, in _mock_call\n    return self._execute_mock_call(*args, **kwargs)\n           ~~~~~~~~~~~~~~~~~~~~~~~^^^^^^^^^^^^^^^^^\n  File "C:\\Python314\\Lib\\unittest\\mock.py", line 1234, in _execute_mock_call\n    raise effect\ndjango.core.exceptions.ValidationError: {'email': ['Already exists.']}\n\nDuring handling of the above exception, another exception occurred:\n\nTraceback (most recent call last):\n  File "C:\\Users\\fashi\\OneDrive\\Documenti\\FASHIONISTAR_ANTAGRAVITY\\fashionistar_backend\\apps\\authentication\\services\\registration\\sync_service.py", line 121, in register_sync\n    raise drf_serializers.ValidationError(exc.message_dict)\nrest_framework.exceptions.ValidationError: {'email': [ErrorDetail(string='Already exists.', code='invalid')]}\n[WARNING ] apps.authentication.apis.auth_views.sync_views \u2014 \u26a0\ufe0f RegisterView DRF validation error: {'email': [ErrorDetail(string='Already exists.', code='invalid')]}\n[INFO    ] security — SECURITY_AUDIT action=CLIENT_ERROR req=4f9fd788-8e16-43c6-a08f-e7a4ec79a3ac device=fp:57efdd91ba75ee0012c0 session=- ip=127.0.0.1 method=POST path=/api/v1/auth/register/ status=400 duration_ms=6.6 user_id=anonymous role=anonymous ua='-' referrer=-
[INFO    ] apps.common.middleware \u2014 [POST] /api/v1/auth/register/ \u2192 400 in 7.0ms [req=4f9fd788-8e16-43c6-a08f-e7a4ec79a3ac]\nPASSED                                                                   [ 49%]
apps/authentication/tests/unit/test_otp_service.py::TestResendOTPSync::test_uses_resend_otp_html_template 
-------------------------------- live log call --------------------------------
[INFO    ] apps.authentication.models — Saved UnifiedUser 019d20c5-3032-7099-8428-07bad24dfb03 [email] member_id=FASTAR000001
[INFO    ] apps.authentication.managers \u2014 \u2705 Created user: email=resend_template@test.io\n[INFO    ] apps.authentication.services.otp.sync_service \u2014 \U0001f4e7 OTP resend email scheduled on_commit \u2192 Celery [user_id=019d20c5-3032-7099-8428-07bad24dfb03 email=resend_template@test.io]\n[INFO    ] apps.authentication.services.otp.sync_service \u2014 \U0001f4e7 OTP resend email scheduled on_commit \u2192 Celery [user_id=019d20c5-3032-7099-8428-07bad24dfb03 email=resend_template@test.io]\nPASSED                                                                   [ 49%]
apps/authentication/tests/unit/test_otp_service.py::TestResendOTPSync::test_generic_message_for_nonexistent_user 
-------------------------------- live log call --------------------------------
[WARNING ] apps.authentication.services.otp.sync_service — Resend OTP requested for non-existent user: ghost@nowhere.io
PASSED                                                                   [ 50%]
apps/authentication/tests/unit/test_serializers.py::TestLoginSerializer::test_valid_email_login_passes 
------------------------------- live log setup --------------------------------
[INFO    ] apps.authentication.models — Saved UnifiedUser 019d20c5-304c-7a60-bbec-652122b44ac1 [email] member_id=FASTAR000001
[INFO    ] apps.authentication.managers \u2014 \u2705 Created user: email=verified@fashionistar.io\n-------------------------------- live log call --------------------------------
[INFO    ] apps.authentication.serializers.auth \u2014 \u2705 LoginSerializer: valid credentials for 'verified@fashionistar.io'\nPASSED                                                                   [ 50%]
apps/authentication/tests/unit/test_serializers.py::TestLoginSerializer::test_wrong_password_fails 
------------------------------- live log setup --------------------------------
[INFO    ] apps.authentication.models — Saved UnifiedUser 019d20c5-3059-7681-9cc9-f3a0ad0ab5ca [email] member_id=FASTAR000001
[INFO    ] apps.authentication.managers \u2014 \u2705 Created user: email=verified@fashionistar.io\n-------------------------------- live log call --------------------------------
[WARNING ] apps.authentication.serializers.auth \u2014 \u26d4 Login failed: wrong password for 'verified@fashionistar.io'\nFAILED                                                                   [ 51%]
apps/authentication/tests/unit/test_serializers.py::TestLoginSerializer::test_non_existent_user_fails 
-------------------------------- live log call --------------------------------
[WARNING ] apps.authentication.serializers.auth \u2014 \u26d4 Login failed: user not found 'nobody@nowhere.com'\nFAILED                                                                   [ 52%]
apps/authentication/tests/unit/test_serializers.py::TestLoginSerializer::test_inactive_user_cannot_login 
------------------------------- live log setup --------------------------------
[INFO    ] apps.authentication.models — Saved UnifiedUser 019d20c5-30bf-7940-814f-d81ad1778cd9 [email] member_id=FASTAR000001
[INFO    ] apps.authentication.managers \u2014 \u2705 Created user: email=registered@fashionistar.io\n-------------------------------- live log call --------------------------------
[WARNING ] apps.authentication.serializers.auth \u2014 \u26d4 Login rejected: account not verified 'registered@fashionistar.io'\nFAILED                                                                   [ 52%]
apps/authentication/tests/unit/test_serializers.py::TestLoginSerializer::test_validated_data_contains_user_object 
------------------------------- live log setup --------------------------------
[INFO    ] apps.authentication.models — Saved UnifiedUser 019d20c5-30f6-7111-ab29-e8c6997519a5 [email] member_id=FASTAR000001
[INFO    ] apps.authentication.managers \u2014 \u2705 Created user: email=verified@fashionistar.io\n-------------------------------- live log call --------------------------------
[INFO    ] apps.authentication.serializers.auth \u2014 \u2705 LoginSerializer: valid credentials for 'verified@fashionistar.io'\nPASSED                                                                   [ 53%]
apps/authentication/tests/unit/test_serializers.py::TestResendOTPRequestSerializer::test_valid_existing_email_passes 
------------------------------- live log setup --------------------------------
[INFO    ] apps.authentication.models — Saved UnifiedUser 019d20c5-3101-7351-9748-5a30a81365fb [email] member_id=FASTAR000001
[INFO    ] apps.authentication.managers \u2014 \u2705 Created user: email=verified@fashionistar.io\n-------------------------------- live log call --------------------------------
[INFO    ] apps.authentication.serializers.otp — ResendOTP validation successful for verified@fashionistar.io
PASSED                                                                   [ 54%]
apps/authentication/tests/unit/test_serializers.py::TestResendOTPRequestSerializer::test_nonexistent_email_fails 
-------------------------------- live log call --------------------------------
[WARNING ] apps.authentication.serializers.otp — ResendOTP validation failed: no user for 'ghost@nobody.com'
PASSED                                                                   [ 54%]
apps/authentication/tests/unit/test_serializers.py::TestResendOTPRequestSerializer::test_missing_field_fails PASSED [ 55%]
apps/authentication/tests/integration/test_resend_otp_endpoint.py::TestResendOTPCelery::test_email_task_dispatched_after_commit 
------------------------------- live log setup --------------------------------
[INFO    ] apps.authentication.models — Saved UnifiedUser 019d20c5-3115-744e-8616-906b63091a99 [email] member_id=FASTAR000001
[INFO    ] celery.app.trace — Task update_model_analytics_counter[a2f9e7e8-7b5a-4518-ad98-da6605d0b1c2] succeeded in 0.0018397000021650456s: None
[INFO    ] apps.authentication.managers \u2014 \u2705 Created user: email=registered@fashionistar.io\n-------------------------------- live log call --------------------------------
[INFO    ] apps.authentication.serializers.otp — ResendOTP validation successful for registered@fashionistar.io
[ERROR   ] apps.common.utils.redis — Redis connection error (attempt 1/3): This backend does not support this feature
[ERROR   ] apps.common.utils.redis — Redis connection error (attempt 2/3): This backend does not support this feature
[ERROR   ] apps.common.utils.redis — Redis connection error (attempt 3/3): This backend does not support this feature
[ERROR   ] apps.common.utils.redis — Max Redis connection retries reached. Redis unavailable.
[INFO    ] apps.authentication.services.otp.sync_service \u2014 \U0001f4e7 OTP resend email scheduled on_commit \u2192 Celery [user_id=019d20c5-3115-744e-8616-906b63091a99 email=registered@fashionistar.io]\n[INFO    ] apps.authentication.apis.auth_views.sync_views \u2014 \u2705 OTP resent for: registered@fashionistar.io\n[INFO    ] security — SECURITY_AUDIT action=REQUEST req=ff9cd59a-efb2-4d9d-951a-34a9133fcd26 device=fp:57efdd91ba75ee0012c0 session=- ip=127.0.0.1 method=POST path=/api/v1/auth/resend-otp/ status=200 duration_ms=2008.6 user_id=anonymous role=anonymous ua='-' referrer=-
[INFO    ] apps.common.middleware \u2014 [POST] /api/v1/auth/resend-otp/ \u2192 200 in 2008.9ms [req=ff9cd59a-efb2-4d9d-951a-34a9133fcd26]\nPASSED                                                                   [ 56%]
------------------------------ live log teardown ------------------------------
[INFO    ] celery.app.trace — Task update_model_analytics_counter[bd132323-2842-42d1-ab64-c3cff28069bc] succeeded in 0.0019358999998075888s: None
[INFO    ] application — EmailBackendConfig instance created via post_migrate signal.
[INFO    ] celery.app.trace — Task update_model_analytics_counter[5846df10-12f3-4cdc-9dcf-cf2cb52e5817] succeeded in 0.0022775000034016557s: None
[INFO    ] application — Default SMSBackendConfig instance created via post_migrate signal.

apps/authentication/tests/integration/test_resend_otp_endpoint.py::TestResendOTPCelery::test_email_task_uses_correct_template 
------------------------------- live log setup --------------------------------
[INFO    ] apps.authentication.models — Saved UnifiedUser 019d20c5-399f-7cab-8003-ca21f6ff9eae [email] member_id=FASTAR000001
[INFO    ] celery.app.trace — Task update_model_analytics_counter[b557fdf6-51d8-4859-a956-a7398972b02b] succeeded in 0.0018555999995442107s: None
[INFO    ] apps.authentication.managers \u2014 \u2705 Created user: email=registered@fashionistar.io\n-------------------------------- live log call --------------------------------
[INFO    ] apps.authentication.serializers.otp — ResendOTP validation successful for registered@fashionistar.io
[ERROR   ] apps.common.utils.redis — Redis connection error (attempt 1/3): This backend does not support this feature
[ERROR   ] apps.common.utils.redis — Redis connection error (attempt 2/3): This backend does not support this feature
[ERROR   ] apps.common.utils.redis — Redis connection error (attempt 3/3): This backend does not support this feature
[ERROR   ] apps.common.utils.redis — Max Redis connection retries reached. Redis unavailable.
[INFO    ] apps.authentication.services.otp.sync_service \u2014 \U0001f4e7 OTP resend email scheduled on_commit \u2192 Celery [user_id=019d20c5-399f-7cab-8003-ca21f6ff9eae email=registered@fashionistar.io]\n[INFO    ] apps.authentication.apis.auth_views.sync_views \u2014 \u2705 OTP resent for: registered@fashionistar.io\n[INFO    ] security — SECURITY_AUDIT action=REQUEST req=9355fec0-bfd6-4214-9144-e453a9cb7ede device=fp:57efdd91ba75ee0012c0 session=- ip=127.0.0.1 method=POST path=/api/v1/auth/resend-otp/ status=200 duration_ms=2010.1 user_id=anonymous role=anonymous ua='-' referrer=-
[INFO    ] apps.common.middleware \u2014 [POST] /api/v1/auth/resend-otp/ \u2192 200 in 2010.4ms [req=9355fec0-bfd6-4214-9144-e453a9cb7ede]\nPASSED                                                                   [ 56%]
------------------------------ live log teardown ------------------------------
[INFO    ] celery.app.trace — Task update_model_analytics_counter[3d393eee-a5f2-4d15-93e7-d2251a70191c] succeeded in 0.0018446999965817668s: None
[INFO    ] application — EmailBackendConfig instance created via post_migrate signal.
[INFO    ] celery.app.trace — Task update_model_analytics_counter[9b9bafc2-d685-41f7-bb77-fb30f2b8ef68] succeeded in 0.0015589999966323376s: None
[INFO    ] application — Default SMSBackendConfig instance created via post_migrate signal.

apps/authentication/tests/integration/test_resend_otp_endpoint.py::TestResendOTPCelery::test_sms_task_dispatched_for_phone_user 
-------------------------------- live log call --------------------------------
[INFO    ] apps.authentication.models — Saved UnifiedUser 019d20c5-424b-70a2-84d3-067188b182ba [phone] member_id=FASTAR000001
[INFO    ] celery.app.trace — Task update_model_analytics_counter[9e72c40b-80fa-4e72-b38e-f5542e09fc5f] succeeded in 0.0028568999987328425s: None
[INFO    ] apps.authentication.managers \u2014 \u2705 Created user: email=+2349012345678\n[INFO    ] apps.authentication.serializers.otp — ResendOTP validation successful for +2349012345678
[ERROR   ] apps.common.utils.redis — Redis connection error (attempt 1/3): This backend does not support this feature
[ERROR   ] apps.common.utils.redis — Redis connection error (attempt 2/3): This backend does not support this feature
[ERROR   ] apps.common.utils.redis — Redis connection error (attempt 3/3): This backend does not support this feature
[ERROR   ] apps.common.utils.redis — Max Redis connection retries reached. Redis unavailable.
[INFO    ] apps.authentication.services.otp.sync_service \u2014 \U0001f4f1 OTP resend SMS scheduled on_commit \u2192 Celery [user_id=019d20c5-424b-70a2-84d3-067188b182ba phone=+234 901 234 5678]\n[INFO    ] apps.authentication.apis.auth_views.sync_views \u2014 \u2705 OTP resent for: +2349012345678\n[INFO    ] security — SECURITY_AUDIT action=REQUEST req=f110f751-8b19-4aa0-810b-16a4dad18177 device=fp:57efdd91ba75ee0012c0 session=- ip=127.0.0.1 method=POST path=/api/v1/auth/resend-otp/ status=200 duration_ms=2009.4 user_id=anonymous role=anonymous ua='-' referrer=-
[INFO    ] apps.common.middleware \u2014 [POST] /api/v1/auth/resend-otp/ \u2192 200 in 2009.8ms [req=f110f751-8b19-4aa0-810b-16a4dad18177]\nPASSED                                                                   [ 57%]
------------------------------ live log teardown ------------------------------
[INFO    ] celery.app.trace — Task update_model_analytics_counter[52853b57-0827-41bb-9780-7794f19dc173] succeeded in 0.002758800001174677s: None
[INFO    ] application — EmailBackendConfig instance created via post_migrate signal.
[INFO    ] celery.app.trace — Task update_model_analytics_counter[3d2c5e9f-842a-439d-b34e-14b2ee670aa7] succeeded in 0.0028224999987287447s: None
[INFO    ] application — Default SMSBackendConfig instance created via post_migrate signal.

apps/authentication/tests/test_password_reset.py::TestPasswordResetRequest::test_email_reset_sends_reset_url_not_reset_link 
-------------------------------- live log call --------------------------------
[INFO    ] apps.authentication.models — Saved UnifiedUser 019d20c5-4b1d-7cf0-a4a5-069ca00c3413 [email] member_id=FASTAR000001
[INFO    ] celery.app.trace — Task update_model_analytics_counter[250a9848-13be-4261-b29d-873fe9fc9c2a] succeeded in 0.001592199994775001s: None
[INFO    ] apps.authentication.managers \u2014 \u2705 Created user: email=pwreset@example.com\n[INFO    ] apps.authentication.models — Details updated for user: pwreset@example.com
[INFO    ] celery.app.trace — Task update_model_analytics_counter[18ad3d9c-c224-4fb2-85ca-f41009aae823] succeeded in 0.0022863999984110706s: None
[INFO    ] apps.authentication.models — Saved UnifiedUser 019d20c5-4b1d-7cf0-a4a5-069ca00c3413 [email] member_id=FASTAR000001
[INFO    ] application — [f0300ae8] PasswordResetRequest: start — identifier=pwreset@example.com
[INFO    ] apps.authentication.serializers.password — Password reset request validation for pwreset@example.com
[WARNING ] apps.audit_logs.tasks — write_audit_event failed (attempt 1/3): AuditEventLog() got unexpected keyword arguments: 'country_code', 'city' — event_type=password_reset_request
[ERROR   ] apps.audit_logs.services.audit — AuditService._write_sync() failed for payload={'event_type': EventType.PASSWORD_RESET_REQUEST, 'event_category': EventCategory.SECURITY, 'severity': 'info', 'action': 'Password reset requested for known identifier (email=True)', 'actor_email': 'pwreset@example.com', 'ip_address': '127.0.0.1', 'user_agent': None, 'device_type': None, 'browser_family': None, 'os_family': None, 'country': None, 'country_code': None, 'city': None, 'resource_type': 'UnifiedUser', 'resource_id': '019d20c5-4b1d-7cf0-a4a5-069ca00c3413', 'request_method': 'POST', 'request_path': '/api/v1/password/reset-request/', 'response_status': None, 'duration_ms': None, 'old_values': None, 'new_values': None, 'metadata': {'identifier_type': 'email', 'user_exists': True}, 'error_message': None, 'is_compliance': True, 'retention_days': 2555}
Traceback (most recent call last):
  File "C:\Users\fashi\OneDrive\Documenti\FASHIONISTAR_ANTAGRAVITY\fashionistar_backend\apps\audit_logs\tasks.py", line 48, in write_audit_event
    obj = AuditEventLog(**payload)
  File "C:\Users\fashi\OneDrive\Documenti\FASHIONISTAR_ANTAGRAVITY\fashionistar_backend\.venv\Lib\site-packages\django\db\models\base.py", line 590, in __init__
    raise TypeError(
    ...<2 lines>...
    )
TypeError: AuditEventLog() got unexpected keyword arguments: 'country_code', 'city'

During handling of the above exception, another exception occurred:

Traceback (most recent call last):
  File "C:\Users\fashi\OneDrive\Documenti\FASHIONISTAR_ANTAGRAVITY\fashionistar_backend\apps\audit_logs\services\audit.py", line 261, in _dispatch
    write_audit_event.apply_async(
    ~~~~~~~~~~~~~~~~~~~~~~~~~~~~~^
        kwargs={"payload": payload},
        ^^^^^^^^^^^^^^^^^^^^^^^^^^^^
        retry=False,
        ^^^^^^^^^^^^
        ignore_result=True,
        ^^^^^^^^^^^^^^^^^^^
    )
    ^
  File "C:\Users\fashi\OneDrive\Documenti\FASHIONISTAR_ANTAGRAVITY\fashionistar_backend\.venv\Lib\site-packages\celery\app\task.py", line 605, in apply_async
    return self.apply(args, kwargs, task_id=task_id or uuid(),
           ~~~~~~~~~~^^^^^^^^^^^^^^^^^^^^^^^^^^^^^^^^^^^^^^^^^
                      link=link, link_error=link_error, **options)
                      ^^^^^^^^^^^^^^^^^^^^^^^^^^^^^^^^^^^^^^^^^^^^
  File "C:\Users\fashi\OneDrive\Documenti\FASHIONISTAR_ANTAGRAVITY\fashionistar_backend\.venv\Lib\site-packages\celery\app\task.py", line 843, in apply
    ret = tracer(task_id, args, kwargs, request)
  File "C:\Users\fashi\OneDrive\Documenti\FASHIONISTAR_ANTAGRAVITY\fashionistar_backend\.venv\Lib\site-packages\celery\app\trace.py", line 494, in trace_task
    I, R, state, retval = on_error(
                          ~~~~~~~~^
        task_request, exc, RETRY, call_errbacks=False)
        ^^^^^^^^^^^^^^^^^^^^^^^^^^^^^^^^^^^^^^^^^^^^^^
  File "C:\Users\fashi\OneDrive\Documenti\FASHIONISTAR_ANTAGRAVITY\fashionistar_backend\.venv\Lib\site-packages\celery\app\trace.py", line 479, in trace_task
    R = retval = fun(*args, **kwargs)
                 ~~~^^^^^^^^^^^^^^^^^
  File "C:\Users\fashi\OneDrive\Documenti\FASHIONISTAR_ANTAGRAVITY\fashionistar_backend\apps\audit_logs\tasks.py", line 65, in write_audit_event
    raise self.retry(exc=exc)
          ~~~~~~~~~~^^^^^^^^^
  File "C:\Users\fashi\OneDrive\Documenti\FASHIONISTAR_ANTAGRAVITY\fashionistar_backend\.venv\Lib\site-packages\celery\app\task.py", line 763, in retry
    raise ret
celery.exceptions.Retry: Retry in 5s: TypeError("AuditEventLog() got unexpected keyword arguments: 'country_code', 'city'")

During handling of the above exception, another exception occurred:

Traceback (most recent call last):
  File "C:\Users\fashi\OneDrive\Documenti\FASHIONISTAR_ANTAGRAVITY\fashionistar_backend\apps\audit_logs\services\audit.py", line 275, in _write_sync
    obj = AuditEventLog(**payload)
  File "C:\Users\fashi\OneDrive\Documenti\FASHIONISTAR_ANTAGRAVITY\fashionistar_backend\.venv\Lib\site-packages\django\db\models\base.py", line 590, in __init__
    raise TypeError(
    ...<2 lines>...
    )
TypeError: AuditEventLog() got unexpected keyword arguments: 'country_code', 'city'
[INFO    ] application \u2014 \U0001f4e7 Reset Email Celery task dispatched for pwreset@example.com\n[INFO    ] application — [f0300ae8] PasswordResetRequest: dispatched
[WARNING ] apps.audit_logs.tasks — write_audit_event failed (attempt 1/3): AuditEventLog() got unexpected keyword arguments: 'country_code', 'city' — event_type=password_reset_request
[ERROR   ] apps.audit_logs.services.audit — AuditService._write_sync() failed for payload={'event_type': EventType.PASSWORD_RESET_REQUEST, 'event_category': EventCategory.SECURITY, 'severity': SeverityLevel.INFO, 'action': 'Password reset requested for: pwreset@example.com', 'actor_email': None, 'ip_address': '127.0.0.1', 'user_agent': None, 'device_type': None, 'browser_family': None, 'os_family': None, 'country': None, 'country_code': None, 'city': None, 'resource_type': None, 'resource_id': None, 'request_method': 'POST', 'request_path': '/api/v1/password/reset-request/', 'response_status': None, 'duration_ms': None, 'old_values': None, 'new_values': None, 'metadata': {'email_or_phone': 'pwreset@example.com', 'request_id': 'f0300ae8'}, 'error_message': None, 'is_compliance': True, 'retention_days': 2555}
Traceback (most recent call last):
  File "C:\Users\fashi\OneDrive\Documenti\FASHIONISTAR_ANTAGRAVITY\fashionistar_backend\apps\audit_logs\tasks.py", line 48, in write_audit_event
    obj = AuditEventLog(**payload)
  File "C:\Users\fashi\OneDrive\Documenti\FASHIONISTAR_ANTAGRAVITY\fashionistar_backend\.venv\Lib\site-packages\django\db\models\base.py", line 590, in __init__
    raise TypeError(
    ...<2 lines>...
    )
TypeError: AuditEventLog() got unexpected keyword arguments: 'country_code', 'city'

During handling of the above exception, another exception occurred:

Traceback (most recent call last):
  File "C:\Users\fashi\OneDrive\Documenti\FASHIONISTAR_ANTAGRAVITY\fashionistar_backend\apps\audit_logs\services\audit.py", line 261, in _dispatch
    write_audit_event.apply_async(
    ~~~~~~~~~~~~~~~~~~~~~~~~~~~~~^
        kwargs={"payload": payload},
        ^^^^^^^^^^^^^^^^^^^^^^^^^^^^
        retry=False,
        ^^^^^^^^^^^^
        ignore_result=True,
        ^^^^^^^^^^^^^^^^^^^
    )
    ^
  File "C:\Users\fashi\OneDrive\Documenti\FASHIONISTAR_ANTAGRAVITY\fashionistar_backend\.venv\Lib\site-packages\celery\app\task.py", line 605, in apply_async
    return self.apply(args, kwargs, task_id=task_id or uuid(),
           ~~~~~~~~~~^^^^^^^^^^^^^^^^^^^^^^^^^^^^^^^^^^^^^^^^^
                      link=link, link_error=link_error, **options)
                      ^^^^^^^^^^^^^^^^^^^^^^^^^^^^^^^^^^^^^^^^^^^^
  File "C:\Users\fashi\OneDrive\Documenti\FASHIONISTAR_ANTAGRAVITY\fashionistar_backend\.venv\Lib\site-packages\celery\app\task.py", line 843, in apply
    ret = tracer(task_id, args, kwargs, request)
  File "C:\Users\fashi\OneDrive\Documenti\FASHIONISTAR_ANTAGRAVITY\fashionistar_backend\.venv\Lib\site-packages\celery\app\trace.py", line 494, in trace_task
    I, R, state, retval = on_error(
                          ~~~~~~~~^
        task_request, exc, RETRY, call_errbacks=False)
        ^^^^^^^^^^^^^^^^^^^^^^^^^^^^^^^^^^^^^^^^^^^^^^
  File "C:\Users\fashi\OneDrive\Documenti\FASHIONISTAR_ANTAGRAVITY\fashionistar_backend\.venv\Lib\site-packages\celery\app\trace.py", line 479, in trace_task
    R = retval = fun(*args, **kwargs)
                 ~~~^^^^^^^^^^^^^^^^^
  File "C:\Users\fashi\OneDrive\Documenti\FASHIONISTAR_ANTAGRAVITY\fashionistar_backend\apps\audit_logs\tasks.py", line 65, in write_audit_event
    raise self.retry(exc=exc)
          ~~~~~~~~~~^^^^^^^^^
  File "C:\Users\fashi\OneDrive\Documenti\FASHIONISTAR_ANTAGRAVITY\fashionistar_backend\.venv\Lib\site-packages\celery\app\task.py", line 763, in retry
    raise ret
celery.exceptions.Retry: Retry in 5s: TypeError("AuditEventLog() got unexpected keyword arguments: 'country_code', 'city'")

During handling of the above exception, another exception occurred:

Traceback (most recent call last):
  File "C:\Users\fashi\OneDrive\Documenti\FASHIONISTAR_ANTAGRAVITY\fashionistar_backend\apps\audit_logs\services\audit.py", line 275, in _write_sync
    obj = AuditEventLog(**payload)
  File "C:\Users\fashi\OneDrive\Documenti\FASHIONISTAR_ANTAGRAVITY\fashionistar_backend\.venv\Lib\site-packages\django\db\models\base.py", line 590, in __init__
    raise TypeError(
    ...<2 lines>...
    )
TypeError: AuditEventLog() got unexpected keyword arguments: 'country_code', 'city'
[INFO    ] security — SECURITY_AUDIT action=REQUEST req=42d9e4ac-3cb6-497e-9a12-4d5bf0a0bd3e device=fp:57efdd91ba75ee0012c0 session=- ip=127.0.0.1 method=POST path=/api/v1/password/reset-request/ status=200 duration_ms=24.0 user_id=anonymous role=anonymous ua='-' referrer=-
[INFO    ] apps.common.middleware \u2014 [POST] /api/v1/password/reset-request/ \u2192 200 in 24.3ms [req=42d9e4ac-3cb6-497e-9a12-4d5bf0a0bd3e]\nPASSED                                                                   [ 58%]
------------------------------ live log teardown ------------------------------
[INFO    ] celery.app.trace — Task update_model_analytics_counter[df11dd93-665a-4dca-8e23-07c8f7c915a4] succeeded in 0.002134700000169687s: None
[INFO    ] application — EmailBackendConfig instance created via post_migrate signal.
[INFO    ] celery.app.trace — Task update_model_analytics_counter[409c9be8-7ae5-4fff-b17c-1334ebc19ede] succeeded in 0.0019428000014158897s: None
[INFO    ] application — Default SMSBackendConfig instance created via post_migrate signal.

apps/authentication/tests/test_password_reset.py::TestPasswordResetRequest::test_phone_reset_dispatches_sms 
-------------------------------- live log call --------------------------------
[INFO    ] apps.authentication.models — Saved UnifiedUser 019d20c5-4be0-7dbd-96e4-7de2b7d13097 [phone] member_id=FASTAR000001
[INFO    ] celery.app.trace — Task update_model_analytics_counter[8f9d2b86-2ac8-4e05-80ee-b8532aa54c84] succeeded in 0.0020772000061697327s: None
[INFO    ] apps.authentication.managers \u2014 \u2705 Created user: email=+2348012345678\n[INFO    ] apps.authentication.models — Details updated for user: +234 801 234 5678
[INFO    ] celery.app.trace — Task update_model_analytics_counter[a3805c07-16be-4947-b104-d7cf1322f0d9] succeeded in 0.0012602000060724095s: None
[INFO    ] apps.authentication.models — Saved UnifiedUser 019d20c5-4be0-7dbd-96e4-7de2b7d13097 [phone] member_id=FASTAR000001
[INFO    ] application — [2e91f2b4] PasswordResetRequest: start — identifier=+234 801 234 5678
[INFO    ] apps.authentication.serializers.password — Password reset request validation for +234 801 234 5678
[WARNING ] apps.audit_logs.tasks — write_audit_event failed (attempt 1/3): AuditEventLog() got unexpected keyword arguments: 'country_code', 'city' — event_type=password_reset_request
[ERROR   ] apps.audit_logs.services.audit — AuditService._write_sync() failed for payload={'event_type': EventType.PASSWORD_RESET_REQUEST, 'event_category': EventCategory.SECURITY, 'severity': 'info', 'action': 'Password reset requested for known identifier (email=False)', 'actor_email': None, 'ip_address': '127.0.0.1', 'user_agent': None, 'device_type': None, 'browser_family': None, 'os_family': None, 'country': None, 'country_code': None, 'city': None, 'resource_type': 'UnifiedUser', 'resource_id': '019d20c5-4be0-7dbd-96e4-7de2b7d13097', 'request_method': 'POST', 'request_path': '/api/v1/password/reset-request/', 'response_status': None, 'duration_ms': None, 'old_values': None, 'new_values': None, 'metadata': {'identifier_type': 'phone', 'user_exists': True}, 'error_message': None, 'is_compliance': True, 'retention_days': 2555}
Traceback (most recent call last):
  File "C:\Users\fashi\OneDrive\Documenti\FASHIONISTAR_ANTAGRAVITY\fashionistar_backend\apps\audit_logs\tasks.py", line 48, in write_audit_event
    obj = AuditEventLog(**payload)
  File "C:\Users\fashi\OneDrive\Documenti\FASHIONISTAR_ANTAGRAVITY\fashionistar_backend\.venv\Lib\site-packages\django\db\models\base.py", line 590, in __init__
    raise TypeError(
    ...<2 lines>...
    )
TypeError: AuditEventLog() got unexpected keyword arguments: 'country_code', 'city'

During handling of the above exception, another exception occurred:

Traceback (most recent call last):
  File "C:\Users\fashi\OneDrive\Documenti\FASHIONISTAR_ANTAGRAVITY\fashionistar_backend\apps\audit_logs\services\audit.py", line 261, in _dispatch
    write_audit_event.apply_async(
    ~~~~~~~~~~~~~~~~~~~~~~~~~~~~~^
        kwargs={"payload": payload},
        ^^^^^^^^^^^^^^^^^^^^^^^^^^^^
        retry=False,
        ^^^^^^^^^^^^
        ignore_result=True,
        ^^^^^^^^^^^^^^^^^^^
    )
    ^
  File "C:\Users\fashi\OneDrive\Documenti\FASHIONISTAR_ANTAGRAVITY\fashionistar_backend\.venv\Lib\site-packages\celery\app\task.py", line 605, in apply_async
    return self.apply(args, kwargs, task_id=task_id or uuid(),
           ~~~~~~~~~~^^^^^^^^^^^^^^^^^^^^^^^^^^^^^^^^^^^^^^^^^
                      link=link, link_error=link_error, **options)
                      ^^^^^^^^^^^^^^^^^^^^^^^^^^^^^^^^^^^^^^^^^^^^
  File "C:\Users\fashi\OneDrive\Documenti\FASHIONISTAR_ANTAGRAVITY\fashionistar_backend\.venv\Lib\site-packages\celery\app\task.py", line 843, in apply
    ret = tracer(task_id, args, kwargs, request)
  File "C:\Users\fashi\OneDrive\Documenti\FASHIONISTAR_ANTAGRAVITY\fashionistar_backend\.venv\Lib\site-packages\celery\app\trace.py", line 494, in trace_task
    I, R, state, retval = on_error(
                          ~~~~~~~~^
        task_request, exc, RETRY, call_errbacks=False)
        ^^^^^^^^^^^^^^^^^^^^^^^^^^^^^^^^^^^^^^^^^^^^^^
  File "C:\Users\fashi\OneDrive\Documenti\FASHIONISTAR_ANTAGRAVITY\fashionistar_backend\.venv\Lib\site-packages\celery\app\trace.py", line 479, in trace_task
    R = retval = fun(*args, **kwargs)
                 ~~~^^^^^^^^^^^^^^^^^
  File "C:\Users\fashi\OneDrive\Documenti\FASHIONISTAR_ANTAGRAVITY\fashionistar_backend\apps\audit_logs\tasks.py", line 65, in write_audit_event
    raise self.retry(exc=exc)
          ~~~~~~~~~~^^^^^^^^^
  File "C:\Users\fashi\OneDrive\Documenti\FASHIONISTAR_ANTAGRAVITY\fashionistar_backend\.venv\Lib\site-packages\celery\app\task.py", line 763, in retry
    raise ret
celery.exceptions.Retry: Retry in 5s: TypeError("AuditEventLog() got unexpected keyword arguments: 'country_code', 'city'")

During handling of the above exception, another exception occurred:

Traceback (most recent call last):
  File "C:\Users\fashi\OneDrive\Documenti\FASHIONISTAR_ANTAGRAVITY\fashionistar_backend\apps\audit_logs\services\audit.py", line 275, in _write_sync
    obj = AuditEventLog(**payload)
  File "C:\Users\fashi\OneDrive\Documenti\FASHIONISTAR_ANTAGRAVITY\fashionistar_backend\.venv\Lib\site-packages\django\db\models\base.py", line 590, in __init__
    raise TypeError(
    ...<2 lines>...
    )
TypeError: AuditEventLog() got unexpected keyword arguments: 'country_code', 'city'
[INFO    ] application \u2014 \U0001f4f1 Reset SMS Celery task dispatched for +234 801 234 5678\n[INFO    ] application — [2e91f2b4] PasswordResetRequest: dispatched
[WARNING ] apps.audit_logs.tasks — write_audit_event failed (attempt 1/3): AuditEventLog() got unexpected keyword arguments: 'country_code', 'city' — event_type=password_reset_request
[ERROR   ] apps.audit_logs.services.audit — AuditService._write_sync() failed for payload={'event_type': EventType.PASSWORD_RESET_REQUEST, 'event_category': EventCategory.SECURITY, 'severity': SeverityLevel.INFO, 'action': 'Password reset requested for: +234 801 234 5678', 'actor_email': None, 'ip_address': '127.0.0.1', 'user_agent': None, 'device_type': None, 'browser_family': None, 'os_family': None, 'country': None, 'country_code': None, 'city': None, 'resource_type': None, 'resource_id': None, 'request_method': 'POST', 'request_path': '/api/v1/password/reset-request/', 'response_status': None, 'duration_ms': None, 'old_values': None, 'new_values': None, 'metadata': {'email_or_phone': '+234 801 234 5678', 'request_id': '2e91f2b4'}, 'error_message': None, 'is_compliance': True, 'retention_days': 2555}
Traceback (most recent call last):
  File "C:\Users\fashi\OneDrive\Documenti\FASHIONISTAR_ANTAGRAVITY\fashionistar_backend\apps\audit_logs\tasks.py", line 48, in write_audit_event
    obj = AuditEventLog(**payload)
  File "C:\Users\fashi\OneDrive\Documenti\FASHIONISTAR_ANTAGRAVITY\fashionistar_backend\.venv\Lib\site-packages\django\db\models\base.py", line 590, in __init__
    raise TypeError(
    ...<2 lines>...
    )
TypeError: AuditEventLog() got unexpected keyword arguments: 'country_code', 'city'

During handling of the above exception, another exception occurred:

Traceback (most recent call last):
  File "C:\Users\fashi\OneDrive\Documenti\FASHIONISTAR_ANTAGRAVITY\fashionistar_backend\apps\audit_logs\services\audit.py", line 261, in _dispatch
    write_audit_event.apply_async(
    ~~~~~~~~~~~~~~~~~~~~~~~~~~~~~^
        kwargs={"payload": payload},
        ^^^^^^^^^^^^^^^^^^^^^^^^^^^^
        retry=False,
        ^^^^^^^^^^^^
        ignore_result=True,
        ^^^^^^^^^^^^^^^^^^^
    )
    ^
  File "C:\Users\fashi\OneDrive\Documenti\FASHIONISTAR_ANTAGRAVITY\fashionistar_backend\.venv\Lib\site-packages\celery\app\task.py", line 605, in apply_async
    return self.apply(args, kwargs, task_id=task_id or uuid(),
           ~~~~~~~~~~^^^^^^^^^^^^^^^^^^^^^^^^^^^^^^^^^^^^^^^^^
                      link=link, link_error=link_error, **options)
                      ^^^^^^^^^^^^^^^^^^^^^^^^^^^^^^^^^^^^^^^^^^^^
  File "C:\Users\fashi\OneDrive\Documenti\FASHIONISTAR_ANTAGRAVITY\fashionistar_backend\.venv\Lib\site-packages\celery\app\task.py", line 843, in apply
    ret = tracer(task_id, args, kwargs, request)
  File "C:\Users\fashi\OneDrive\Documenti\FASHIONISTAR_ANTAGRAVITY\fashionistar_backend\.venv\Lib\site-packages\celery\app\trace.py", line 494, in trace_task
    I, R, state, retval = on_error(
                          ~~~~~~~~^
        task_request, exc, RETRY, call_errbacks=False)
        ^^^^^^^^^^^^^^^^^^^^^^^^^^^^^^^^^^^^^^^^^^^^^^
  File "C:\Users\fashi\OneDrive\Documenti\FASHIONISTAR_ANTAGRAVITY\fashionistar_backend\.venv\Lib\site-packages\celery\app\trace.py", line 479, in trace_task
    R = retval = fun(*args, **kwargs)
                 ~~~^^^^^^^^^^^^^^^^^
  File "C:\Users\fashi\OneDrive\Documenti\FASHIONISTAR_ANTAGRAVITY\fashionistar_backend\apps\audit_logs\tasks.py", line 65, in write_audit_event
    raise self.retry(exc=exc)
          ~~~~~~~~~~^^^^^^^^^
  File "C:\Users\fashi\OneDrive\Documenti\FASHIONISTAR_ANTAGRAVITY\fashionistar_backend\.venv\Lib\site-packages\celery\app\task.py", line 763, in retry
    raise ret
celery.exceptions.Retry: Retry in 5s: TypeError("AuditEventLog() got unexpected keyword arguments: 'country_code', 'city'")

During handling of the above exception, another exception occurred:

Traceback (most recent call last):
  File "C:\Users\fashi\OneDrive\Documenti\FASHIONISTAR_ANTAGRAVITY\fashionistar_backend\apps\audit_logs\services\audit.py", line 275, in _write_sync
    obj = AuditEventLog(**payload)
  File "C:\Users\fashi\OneDrive\Documenti\FASHIONISTAR_ANTAGRAVITY\fashionistar_backend\.venv\Lib\site-packages\django\db\models\base.py", line 590, in __init__
    raise TypeError(
    ...<2 lines>...
    )
TypeError: AuditEventLog() got unexpected keyword arguments: 'country_code', 'city'
[INFO    ] security — SECURITY_AUDIT action=REQUEST req=89a69976-8f9b-4e32-a772-1922c8719deb device=fp:57efdd91ba75ee0012c0 session=- ip=127.0.0.1 method=POST path=/api/v1/password/reset-request/ status=200 duration_ms=34.1 user_id=anonymous role=anonymous ua='-' referrer=-
[INFO    ] apps.common.middleware \u2014 [POST] /api/v1/password/reset-request/ \u2192 200 in 34.4ms [req=89a69976-8f9b-4e32-a772-1922c8719deb]\nPASSED                                                                   [ 58%]
------------------------------ live log teardown ------------------------------
[INFO    ] celery.app.trace — Task update_model_analytics_counter[f7b7b1b4-5427-423b-a1e1-4dd10ad88106] succeeded in 0.001864899997599423s: None
[INFO    ] application — EmailBackendConfig instance created via post_migrate signal.
[INFO    ] celery.app.trace — Task update_model_analytics_counter[8d5a6021-e5d6-473d-9667-be902401f7c2] succeeded in 0.0016457000019727275s: None
[INFO    ] application — Default SMSBackendConfig instance created via post_migrate signal.

apps/authentication/tests/test_password_reset.py::TestPasswordResetRequest::test_unknown_email_returns_200_anti_enumeration 
-------------------------------- live log call --------------------------------
[INFO    ] application — [d1e7ba19] PasswordResetRequest: start — identifier=ghost@nowhere.invalid
[INFO    ] apps.authentication.serializers.password — Password reset request validation for ghost@nowhere.invalid
[WARNING ] apps.audit_logs.tasks — write_audit_event failed (attempt 1/3): AuditEventLog() got unexpected keyword arguments: 'country_code', 'city' — event_type=password_reset_request
[ERROR   ] apps.audit_logs.services.audit — AuditService._write_sync() failed for payload={'event_type': EventType.PASSWORD_RESET_REQUEST, 'event_category': EventCategory.SECURITY, 'severity': 'info', 'action': 'Password reset requested for unknown identifier (email=True)', 'actor_email': None, 'ip_address': '127.0.0.1', 'user_agent': None, 'device_type': None, 'browser_family': None, 'os_family': None, 'country': None, 'country_code': None, 'city': None, 'resource_type': 'UnifiedUser', 'resource_id': None, 'request_method': 'POST', 'request_path': '/api/v1/password/reset-request/', 'response_status': None, 'duration_ms': None, 'old_values': None, 'new_values': None, 'metadata': {'identifier_type': 'email', 'user_exists': False}, 'error_message': None, 'is_compliance': True, 'retention_days': 2555}
Traceback (most recent call last):
  File "C:\Users\fashi\OneDrive\Documenti\FASHIONISTAR_ANTAGRAVITY\fashionistar_backend\apps\audit_logs\tasks.py", line 48, in write_audit_event
    obj = AuditEventLog(**payload)
  File "C:\Users\fashi\OneDrive\Documenti\FASHIONISTAR_ANTAGRAVITY\fashionistar_backend\.venv\Lib\site-packages\django\db\models\base.py", line 590, in __init__
    raise TypeError(
    ...<2 lines>...
    )
TypeError: AuditEventLog() got unexpected keyword arguments: 'country_code', 'city'

During handling of the above exception, another exception occurred:

Traceback (most recent call last):
  File "C:\Users\fashi\OneDrive\Documenti\FASHIONISTAR_ANTAGRAVITY\fashionistar_backend\apps\audit_logs\services\audit.py", line 261, in _dispatch
    write_audit_event.apply_async(
    ~~~~~~~~~~~~~~~~~~~~~~~~~~~~~^
        kwargs={"payload": payload},
        ^^^^^^^^^^^^^^^^^^^^^^^^^^^^
        retry=False,
        ^^^^^^^^^^^^
        ignore_result=True,
        ^^^^^^^^^^^^^^^^^^^
    )
    ^
  File "C:\Users\fashi\OneDrive\Documenti\FASHIONISTAR_ANTAGRAVITY\fashionistar_backend\.venv\Lib\site-packages\celery\app\task.py", line 605, in apply_async
    return self.apply(args, kwargs, task_id=task_id or uuid(),
           ~~~~~~~~~~^^^^^^^^^^^^^^^^^^^^^^^^^^^^^^^^^^^^^^^^^
                      link=link, link_error=link_error, **options)
                      ^^^^^^^^^^^^^^^^^^^^^^^^^^^^^^^^^^^^^^^^^^^^
  File "C:\Users\fashi\OneDrive\Documenti\FASHIONISTAR_ANTAGRAVITY\fashionistar_backend\.venv\Lib\site-packages\celery\app\task.py", line 843, in apply
    ret = tracer(task_id, args, kwargs, request)
  File "C:\Users\fashi\OneDrive\Documenti\FASHIONISTAR_ANTAGRAVITY\fashionistar_backend\.venv\Lib\site-packages\celery\app\trace.py", line 494, in trace_task
    I, R, state, retval = on_error(
                          ~~~~~~~~^
        task_request, exc, RETRY, call_errbacks=False)
        ^^^^^^^^^^^^^^^^^^^^^^^^^^^^^^^^^^^^^^^^^^^^^^
  File "C:\Users\fashi\OneDrive\Documenti\FASHIONISTAR_ANTAGRAVITY\fashionistar_backend\.venv\Lib\site-packages\celery\app\trace.py", line 479, in trace_task
    R = retval = fun(*args, **kwargs)
                 ~~~^^^^^^^^^^^^^^^^^
  File "C:\Users\fashi\OneDrive\Documenti\FASHIONISTAR_ANTAGRAVITY\fashionistar_backend\apps\audit_logs\tasks.py", line 65, in write_audit_event
    raise self.retry(exc=exc)
          ~~~~~~~~~~^^^^^^^^^
  File "C:\Users\fashi\OneDrive\Documenti\FASHIONISTAR_ANTAGRAVITY\fashionistar_backend\.venv\Lib\site-packages\celery\app\task.py", line 763, in retry
    raise ret
celery.exceptions.Retry: Retry in 5s: TypeError("AuditEventLog() got unexpected keyword arguments: 'country_code', 'city'")

During handling of the above exception, another exception occurred:

Traceback (most recent call last):
  File "C:\Users\fashi\OneDrive\Documenti\FASHIONISTAR_ANTAGRAVITY\fashionistar_backend\apps\audit_logs\services\audit.py", line 275, in _write_sync
    obj = AuditEventLog(**payload)
  File "C:\Users\fashi\OneDrive\Documenti\FASHIONISTAR_ANTAGRAVITY\fashionistar_backend\.venv\Lib\site-packages\django\db\models\base.py", line 590, in __init__
    raise TypeError(
    ...<2 lines>...
    )
TypeError: AuditEventLog() got unexpected keyword arguments: 'country_code', 'city'
[WARNING ] application \u2014 \u26a0\ufe0f Password reset requested for non-existent: ghost@nowhere.invalid\n[INFO    ] application — [d1e7ba19] PasswordResetRequest: dispatched
[WARNING ] apps.audit_logs.tasks — write_audit_event failed (attempt 1/3): AuditEventLog() got unexpected keyword arguments: 'country_code', 'city' — event_type=password_reset_request
[ERROR   ] apps.audit_logs.services.audit — AuditService._write_sync() failed for payload={'event_type': EventType.PASSWORD_RESET_REQUEST, 'event_category': EventCategory.SECURITY, 'severity': SeverityLevel.INFO, 'action': 'Password reset requested for: ghost@nowhere.invalid', 'actor_email': None, 'ip_address': '127.0.0.1', 'user_agent': None, 'device_type': None, 'browser_family': None, 'os_family': None, 'country': None, 'country_code': None, 'city': None, 'resource_type': None, 'resource_id': None, 'request_method': 'POST', 'request_path': '/api/v1/password/reset-request/', 'response_status': None, 'duration_ms': None, 'old_values': None, 'new_values': None, 'metadata': {'email_or_phone': 'ghost@nowhere.invalid', 'request_id': 'd1e7ba19'}, 'error_message': None, 'is_compliance': True, 'retention_days': 2555}
Traceback (most recent call last):
  File "C:\Users\fashi\OneDrive\Documenti\FASHIONISTAR_ANTAGRAVITY\fashionistar_backend\apps\audit_logs\tasks.py", line 48, in write_audit_event
    obj = AuditEventLog(**payload)
  File "C:\Users\fashi\OneDrive\Documenti\FASHIONISTAR_ANTAGRAVITY\fashionistar_backend\.venv\Lib\site-packages\django\db\models\base.py", line 590, in __init__
    raise TypeError(
    ...<2 lines>...
    )
TypeError: AuditEventLog() got unexpected keyword arguments: 'country_code', 'city'

During handling of the above exception, another exception occurred:

Traceback (most recent call last):
  File "C:\Users\fashi\OneDrive\Documenti\FASHIONISTAR_ANTAGRAVITY\fashionistar_backend\apps\audit_logs\services\audit.py", line 261, in _dispatch
    write_audit_event.apply_async(
    ~~~~~~~~~~~~~~~~~~~~~~~~~~~~~^
        kwargs={"payload": payload},
        ^^^^^^^^^^^^^^^^^^^^^^^^^^^^
        retry=False,
        ^^^^^^^^^^^^
        ignore_result=True,
        ^^^^^^^^^^^^^^^^^^^
    )
    ^
  File "C:\Users\fashi\OneDrive\Documenti\FASHIONISTAR_ANTAGRAVITY\fashionistar_backend\.venv\Lib\site-packages\celery\app\task.py", line 605, in apply_async
    return self.apply(args, kwargs, task_id=task_id or uuid(),
           ~~~~~~~~~~^^^^^^^^^^^^^^^^^^^^^^^^^^^^^^^^^^^^^^^^^
                      link=link, link_error=link_error, **options)
                      ^^^^^^^^^^^^^^^^^^^^^^^^^^^^^^^^^^^^^^^^^^^^
  File "C:\Users\fashi\OneDrive\Documenti\FASHIONISTAR_ANTAGRAVITY\fashionistar_backend\.venv\Lib\site-packages\celery\app\task.py", line 843, in apply
    ret = tracer(task_id, args, kwargs, request)
  File "C:\Users\fashi\OneDrive\Documenti\FASHIONISTAR_ANTAGRAVITY\fashionistar_backend\.venv\Lib\site-packages\celery\app\trace.py", line 494, in trace_task
    I, R, state, retval = on_error(
                          ~~~~~~~~^
        task_request, exc, RETRY, call_errbacks=False)
        ^^^^^^^^^^^^^^^^^^^^^^^^^^^^^^^^^^^^^^^^^^^^^^
  File "C:\Users\fashi\OneDrive\Documenti\FASHIONISTAR_ANTAGRAVITY\fashionistar_backend\.venv\Lib\site-packages\celery\app\trace.py", line 479, in trace_task
    R = retval = fun(*args, **kwargs)
                 ~~~^^^^^^^^^^^^^^^^^
  File "C:\Users\fashi\OneDrive\Documenti\FASHIONISTAR_ANTAGRAVITY\fashionistar_backend\apps\audit_logs\tasks.py", line 65, in write_audit_event
    raise self.retry(exc=exc)
          ~~~~~~~~~~^^^^^^^^^
  File "C:\Users\fashi\OneDrive\Documenti\FASHIONISTAR_ANTAGRAVITY\fashionistar_backend\.venv\Lib\site-packages\celery\app\task.py", line 763, in retry
    raise ret
celery.exceptions.Retry: Retry in 5s: TypeError("AuditEventLog() got unexpected keyword arguments: 'country_code', 'city'")

During handling of the above exception, another exception occurred:

Traceback (most recent call last):
  File "C:\Users\fashi\OneDrive\Documenti\FASHIONISTAR_ANTAGRAVITY\fashionistar_backend\apps\audit_logs\services\audit.py", line 275, in _write_sync
    obj = AuditEventLog(**payload)
  File "C:\Users\fashi\OneDrive\Documenti\FASHIONISTAR_ANTAGRAVITY\fashionistar_backend\.venv\Lib\site-packages\django\db\models\base.py", line 590, in __init__
    raise TypeError(
    ...<2 lines>...
    )
TypeError: AuditEventLog() got unexpected keyword arguments: 'country_code', 'city'
[INFO    ] security — SECURITY_AUDIT action=REQUEST req=0c3f1e60-b99e-4093-a0cb-9774af64713e device=fp:57efdd91ba75ee0012c0 session=- ip=127.0.0.1 method=POST path=/api/v1/password/reset-request/ status=200 duration_ms=26.8 user_id=anonymous role=anonymous ua='-' referrer=-
[INFO    ] apps.common.middleware \u2014 [POST] /api/v1/password/reset-request/ \u2192 200 in 27.0ms [req=0c3f1e60-b99e-4093-a0cb-9774af64713e]\nPASSED                                                                   [ 59%]
------------------------------ live log teardown ------------------------------
[INFO    ] celery.app.trace — Task update_model_analytics_counter[377b61af-8194-4818-983e-af68f29e0aae] succeeded in 0.0022199000013642944s: None
[INFO    ] application — EmailBackendConfig instance created via post_migrate signal.
[INFO    ] celery.app.trace — Task update_model_analytics_counter[2fb948d9-9925-4028-a04d-28fc5c5c5875] succeeded in 0.001891800005978439s: None
[INFO    ] application — Default SMSBackendConfig instance created via post_migrate signal.

apps/authentication/tests/test_password_reset.py::TestPasswordResetRequest::test_missing_field_returns_400 
-------------------------------- live log call --------------------------------
[INFO    ] application — [704ef149] PasswordResetRequest: start — identifier=
[INFO    ] security — SECURITY_AUDIT action=CLIENT_ERROR req=ea4b0e65-536c-43b2-9680-fce4943a1d9d device=fp:57efdd91ba75ee0012c0 session=- ip=127.0.0.1 method=POST path=/api/v1/password/reset-request/ status=400 duration_ms=1.8 user_id=anonymous role=anonymous ua='-' referrer=-
[INFO    ] apps.common.middleware \u2014 [POST] /api/v1/password/reset-request/ \u2192 400 in 2.1ms [req=ea4b0e65-536c-43b2-9680-fce4943a1d9d]\nPASSED                                                                   [ 60%]
------------------------------ live log teardown ------------------------------
[INFO    ] celery.app.trace — Task update_model_analytics_counter[6787b859-0b18-453d-9fe5-c2a2b8de41a2] succeeded in 0.0026087000005645677s: None
[INFO    ] application — EmailBackendConfig instance created via post_migrate signal.
[INFO    ] celery.app.trace — Task update_model_analytics_counter[c4e46484-fb20-420c-adbd-5d8fdc8b5840] succeeded in 0.0024048999985097907s: None
[INFO    ] application — Default SMSBackendConfig instance created via post_migrate signal.

apps/authentication/tests/test_password_reset.py::TestPasswordResetRequest::test_idempotency_double_request_both_200 
-------------------------------- live log call --------------------------------
[INFO    ] apps.authentication.models — Saved UnifiedUser 019d20c5-4e5c-772e-84b8-0591bd0f19ff [email] member_id=FASTAR000001
[INFO    ] celery.app.trace — Task update_model_analytics_counter[b8cc8276-f500-4a57-b2c3-4cf960f3d84f] succeeded in 0.00721730000077514s: None
[INFO    ] apps.authentication.managers \u2014 \u2705 Created user: email=pwreset@example.com\n[INFO    ] apps.authentication.models — Details updated for user: pwreset@example.com
[INFO    ] celery.app.trace — Task update_model_analytics_counter[062b92a8-9d68-4377-bbf8-178169295077] succeeded in 0.002188699996622745s: None
[INFO    ] apps.authentication.models — Saved UnifiedUser 019d20c5-4e5c-772e-84b8-0591bd0f19ff [email] member_id=FASTAR000001
[INFO    ] application — [374a869b] PasswordResetRequest: start — identifier=pwreset@example.com
[INFO    ] apps.authentication.serializers.password — Password reset request validation for pwreset@example.com
[WARNING ] apps.audit_logs.tasks — write_audit_event failed (attempt 1/3): AuditEventLog() got unexpected keyword arguments: 'country_code', 'city' — event_type=password_reset_request
[ERROR   ] apps.audit_logs.services.audit — AuditService._write_sync() failed for payload={'event_type': EventType.PASSWORD_RESET_REQUEST, 'event_category': EventCategory.SECURITY, 'severity': 'info', 'action': 'Password reset requested for known identifier (email=True)', 'actor_email': 'pwreset@example.com', 'ip_address': '127.0.0.1', 'user_agent': None, 'device_type': None, 'browser_family': None, 'os_family': None, 'country': None, 'country_code': None, 'city': None, 'resource_type': 'UnifiedUser', 'resource_id': '019d20c5-4e5c-772e-84b8-0591bd0f19ff', 'request_method': 'POST', 'request_path': '/api/v1/password/reset-request/', 'response_status': None, 'duration_ms': None, 'old_values': None, 'new_values': None, 'metadata': {'identifier_type': 'email', 'user_exists': True}, 'error_message': None, 'is_compliance': True, 'retention_days': 2555}
Traceback (most recent call last):
  File "C:\Users\fashi\OneDrive\Documenti\FASHIONISTAR_ANTAGRAVITY\fashionistar_backend\apps\audit_logs\tasks.py", line 48, in write_audit_event
    obj = AuditEventLog(**payload)
  File "C:\Users\fashi\OneDrive\Documenti\FASHIONISTAR_ANTAGRAVITY\fashionistar_backend\.venv\Lib\site-packages\django\db\models\base.py", line 590, in __init__
    raise TypeError(
    ...<2 lines>...
    )
TypeError: AuditEventLog() got unexpected keyword arguments: 'country_code', 'city'

During handling of the above exception, another exception occurred:

Traceback (most recent call last):
  File "C:\Users\fashi\OneDrive\Documenti\FASHIONISTAR_ANTAGRAVITY\fashionistar_backend\apps\audit_logs\services\audit.py", line 261, in _dispatch
    write_audit_event.apply_async(
    ~~~~~~~~~~~~~~~~~~~~~~~~~~~~~^
        kwargs={"payload": payload},
        ^^^^^^^^^^^^^^^^^^^^^^^^^^^^
        retry=False,
        ^^^^^^^^^^^^
        ignore_result=True,
        ^^^^^^^^^^^^^^^^^^^
    )
    ^
  File "C:\Users\fashi\OneDrive\Documenti\FASHIONISTAR_ANTAGRAVITY\fashionistar_backend\.venv\Lib\site-packages\celery\app\task.py", line 605, in apply_async
    return self.apply(args, kwargs, task_id=task_id or uuid(),
           ~~~~~~~~~~^^^^^^^^^^^^^^^^^^^^^^^^^^^^^^^^^^^^^^^^^
                      link=link, link_error=link_error, **options)
                      ^^^^^^^^^^^^^^^^^^^^^^^^^^^^^^^^^^^^^^^^^^^^
  File "C:\Users\fashi\OneDrive\Documenti\FASHIONISTAR_ANTAGRAVITY\fashionistar_backend\.venv\Lib\site-packages\celery\app\task.py", line 843, in apply
    ret = tracer(task_id, args, kwargs, request)
  File "C:\Users\fashi\OneDrive\Documenti\FASHIONISTAR_ANTAGRAVITY\fashionistar_backend\.venv\Lib\site-packages\celery\app\trace.py", line 494, in trace_task
    I, R, state, retval = on_error(
                          ~~~~~~~~^
        task_request, exc, RETRY, call_errbacks=False)
        ^^^^^^^^^^^^^^^^^^^^^^^^^^^^^^^^^^^^^^^^^^^^^^
  File "C:\Users\fashi\OneDrive\Documenti\FASHIONISTAR_ANTAGRAVITY\fashionistar_backend\.venv\Lib\site-packages\celery\app\trace.py", line 479, in trace_task
    R = retval = fun(*args, **kwargs)
                 ~~~^^^^^^^^^^^^^^^^^
  File "C:\Users\fashi\OneDrive\Documenti\FASHIONISTAR_ANTAGRAVITY\fashionistar_backend\apps\audit_logs\tasks.py", line 65, in write_audit_event
    raise self.retry(exc=exc)
          ~~~~~~~~~~^^^^^^^^^
  File "C:\Users\fashi\OneDrive\Documenti\FASHIONISTAR_ANTAGRAVITY\fashionistar_backend\.venv\Lib\site-packages\celery\app\task.py", line 763, in retry
    raise ret
celery.exceptions.Retry: Retry in 5s: TypeError("AuditEventLog() got unexpected keyword arguments: 'country_code', 'city'")

During handling of the above exception, another exception occurred:

Traceback (most recent call last):
  File "C:\Users\fashi\OneDrive\Documenti\FASHIONISTAR_ANTAGRAVITY\fashionistar_backend\apps\audit_logs\services\audit.py", line 275, in _write_sync
    obj = AuditEventLog(**payload)
  File "C:\Users\fashi\OneDrive\Documenti\FASHIONISTAR_ANTAGRAVITY\fashionistar_backend\.venv\Lib\site-packages\django\db\models\base.py", line 590, in __init__
    raise TypeError(
    ...<2 lines>...
    )
TypeError: AuditEventLog() got unexpected keyword arguments: 'country_code', 'city'
[INFO    ] application \u2014 \U0001f4e7 Reset Email Celery task dispatched for pwreset@example.com\n[INFO    ] application — [374a869b] PasswordResetRequest: dispatched
[WARNING ] apps.audit_logs.tasks — write_audit_event failed (attempt 1/3): AuditEventLog() got unexpected keyword arguments: 'country_code', 'city' — event_type=password_reset_request
[ERROR   ] apps.audit_logs.services.audit — AuditService._write_sync() failed for payload={'event_type': EventType.PASSWORD_RESET_REQUEST, 'event_category': EventCategory.SECURITY, 'severity': SeverityLevel.INFO, 'action': 'Password reset requested for: pwreset@example.com', 'actor_email': None, 'ip_address': '127.0.0.1', 'user_agent': None, 'device_type': None, 'browser_family': None, 'os_family': None, 'country': None, 'country_code': None, 'city': None, 'resource_type': None, 'resource_id': None, 'request_method': 'POST', 'request_path': '/api/v1/password/reset-request/', 'response_status': None, 'duration_ms': None, 'old_values': None, 'new_values': None, 'metadata': {'email_or_phone': 'pwreset@example.com', 'request_id': '374a869b'}, 'error_message': None, 'is_compliance': True, 'retention_days': 2555}
Traceback (most recent call last):
  File "C:\Users\fashi\OneDrive\Documenti\FASHIONISTAR_ANTAGRAVITY\fashionistar_backend\apps\audit_logs\tasks.py", line 48, in write_audit_event
    obj = AuditEventLog(**payload)
  File "C:\Users\fashi\OneDrive\Documenti\FASHIONISTAR_ANTAGRAVITY\fashionistar_backend\.venv\Lib\site-packages\django\db\models\base.py", line 590, in __init__
    raise TypeError(
    ...<2 lines>...
    )
TypeError: AuditEventLog() got unexpected keyword arguments: 'country_code', 'city'

During handling of the above exception, another exception occurred:

Traceback (most recent call last):
  File "C:\Users\fashi\OneDrive\Documenti\FASHIONISTAR_ANTAGRAVITY\fashionistar_backend\apps\audit_logs\services\audit.py", line 261, in _dispatch
    write_audit_event.apply_async(
    ~~~~~~~~~~~~~~~~~~~~~~~~~~~~~^
        kwargs={"payload": payload},
        ^^^^^^^^^^^^^^^^^^^^^^^^^^^^
        retry=False,
        ^^^^^^^^^^^^
        ignore_result=True,
        ^^^^^^^^^^^^^^^^^^^
    )
    ^
  File "C:\Users\fashi\OneDrive\Documenti\FASHIONISTAR_ANTAGRAVITY\fashionistar_backend\.venv\Lib\site-packages\celery\app\task.py", line 605, in apply_async
    return self.apply(args, kwargs, task_id=task_id or uuid(),
           ~~~~~~~~~~^^^^^^^^^^^^^^^^^^^^^^^^^^^^^^^^^^^^^^^^^
                      link=link, link_error=link_error, **options)
                      ^^^^^^^^^^^^^^^^^^^^^^^^^^^^^^^^^^^^^^^^^^^^
  File "C:\Users\fashi\OneDrive\Documenti\FASHIONISTAR_ANTAGRAVITY\fashionistar_backend\.venv\Lib\site-packages\celery\app\task.py", line 843, in apply
    ret = tracer(task_id, args, kwargs, request)
  File "C:\Users\fashi\OneDrive\Documenti\FASHIONISTAR_ANTAGRAVITY\fashionistar_backend\.venv\Lib\site-packages\celery\app\trace.py", line 494, in trace_task
    I, R, state, retval = on_error(
                          ~~~~~~~~^
        task_request, exc, RETRY, call_errbacks=False)
        ^^^^^^^^^^^^^^^^^^^^^^^^^^^^^^^^^^^^^^^^^^^^^^
  File "C:\Users\fashi\OneDrive\Documenti\FASHIONISTAR_ANTAGRAVITY\fashionistar_backend\.venv\Lib\site-packages\celery\app\trace.py", line 479, in trace_task
    R = retval = fun(*args, **kwargs)
                 ~~~^^^^^^^^^^^^^^^^^
  File "C:\Users\fashi\OneDrive\Documenti\FASHIONISTAR_ANTAGRAVITY\fashionistar_backend\apps\audit_logs\tasks.py", line 65, in write_audit_event
    raise self.retry(exc=exc)
          ~~~~~~~~~~^^^^^^^^^
  File "C:\Users\fashi\OneDrive\Documenti\FASHIONISTAR_ANTAGRAVITY\fashionistar_backend\.venv\Lib\site-packages\celery\app\task.py", line 763, in retry
    raise ret
celery.exceptions.Retry: Retry in 5s: TypeError("AuditEventLog() got unexpected keyword arguments: 'country_code', 'city'")

During handling of the above exception, another exception occurred:

Traceback (most recent call last):
  File "C:\Users\fashi\OneDrive\Documenti\FASHIONISTAR_ANTAGRAVITY\fashionistar_backend\apps\audit_logs\services\audit.py", line 275, in _write_sync
    obj = AuditEventLog(**payload)
  File "C:\Users\fashi\OneDrive\Documenti\FASHIONISTAR_ANTAGRAVITY\fashionistar_backend\.venv\Lib\site-packages\django\db\models\base.py", line 590, in __init__
    raise TypeError(
    ...<2 lines>...
    )
TypeError: AuditEventLog() got unexpected keyword arguments: 'country_code', 'city'
[INFO    ] security — SECURITY_AUDIT action=REQUEST req=64b86790-6786-4a96-aadd-d69e58db1a54 device=fp:57efdd91ba75ee0012c0 session=- ip=127.0.0.1 method=POST path=/api/v1/password/reset-request/ status=200 duration_ms=24.8 user_id=anonymous role=anonymous ua='-' referrer=-
[INFO    ] apps.common.middleware \u2014 [POST] /api/v1/password/reset-request/ \u2192 200 in 25.0ms [req=64b86790-6786-4a96-aadd-d69e58db1a54]\n[INFO    ] application — [e50f7f2c] PasswordResetRequest: start — identifier=pwreset@example.com
[INFO    ] apps.authentication.serializers.password — Password reset request validation for pwreset@example.com
[WARNING ] apps.audit_logs.tasks — write_audit_event failed (attempt 1/3): AuditEventLog() got unexpected keyword arguments: 'country_code', 'city' — event_type=password_reset_request
[ERROR   ] apps.audit_logs.services.audit — AuditService._write_sync() failed for payload={'event_type': EventType.PASSWORD_RESET_REQUEST, 'event_category': EventCategory.SECURITY, 'severity': 'info', 'action': 'Password reset requested for known identifier (email=True)', 'actor_email': 'pwreset@example.com', 'ip_address': '127.0.0.1', 'user_agent': None, 'device_type': None, 'browser_family': None, 'os_family': None, 'country': None, 'country_code': None, 'city': None, 'resource_type': 'UnifiedUser', 'resource_id': '019d20c5-4e5c-772e-84b8-0591bd0f19ff', 'request_method': 'POST', 'request_path': '/api/v1/password/reset-request/', 'response_status': None, 'duration_ms': None, 'old_values': None, 'new_values': None, 'metadata': {'identifier_type': 'email', 'user_exists': True}, 'error_message': None, 'is_compliance': True, 'retention_days': 2555}
Traceback (most recent call last):
  File "C:\Users\fashi\OneDrive\Documenti\FASHIONISTAR_ANTAGRAVITY\fashionistar_backend\apps\audit_logs\tasks.py", line 48, in write_audit_event
    obj = AuditEventLog(**payload)
  File "C:\Users\fashi\OneDrive\Documenti\FASHIONISTAR_ANTAGRAVITY\fashionistar_backend\.venv\Lib\site-packages\django\db\models\base.py", line 590, in __init__
    raise TypeError(
    ...<2 lines>...
    )
TypeError: AuditEventLog() got unexpected keyword arguments: 'country_code', 'city'

During handling of the above exception, another exception occurred:

Traceback (most recent call last):
  File "C:\Users\fashi\OneDrive\Documenti\FASHIONISTAR_ANTAGRAVITY\fashionistar_backend\apps\audit_logs\services\audit.py", line 261, in _dispatch
    write_audit_event.apply_async(
    ~~~~~~~~~~~~~~~~~~~~~~~~~~~~~^
        kwargs={"payload": payload},
        ^^^^^^^^^^^^^^^^^^^^^^^^^^^^
        retry=False,
        ^^^^^^^^^^^^
        ignore_result=True,
        ^^^^^^^^^^^^^^^^^^^
    )
    ^
  File "C:\Users\fashi\OneDrive\Documenti\FASHIONISTAR_ANTAGRAVITY\fashionistar_backend\.venv\Lib\site-packages\celery\app\task.py", line 605, in apply_async
    return self.apply(args, kwargs, task_id=task_id or uuid(),
           ~~~~~~~~~~^^^^^^^^^^^^^^^^^^^^^^^^^^^^^^^^^^^^^^^^^
                      link=link, link_error=link_error, **options)
                      ^^^^^^^^^^^^^^^^^^^^^^^^^^^^^^^^^^^^^^^^^^^^
  File "C:\Users\fashi\OneDrive\Documenti\FASHIONISTAR_ANTAGRAVITY\fashionistar_backend\.venv\Lib\site-packages\celery\app\task.py", line 843, in apply
    ret = tracer(task_id, args, kwargs, request)
  File "C:\Users\fashi\OneDrive\Documenti\FASHIONISTAR_ANTAGRAVITY\fashionistar_backend\.venv\Lib\site-packages\celery\app\trace.py", line 494, in trace_task
    I, R, state, retval = on_error(
                          ~~~~~~~~^
        task_request, exc, RETRY, call_errbacks=False)
        ^^^^^^^^^^^^^^^^^^^^^^^^^^^^^^^^^^^^^^^^^^^^^^
  File "C:\Users\fashi\OneDrive\Documenti\FASHIONISTAR_ANTAGRAVITY\fashionistar_backend\.venv\Lib\site-packages\celery\app\trace.py", line 479, in trace_task
    R = retval = fun(*args, **kwargs)
                 ~~~^^^^^^^^^^^^^^^^^
  File "C:\Users\fashi\OneDrive\Documenti\FASHIONISTAR_ANTAGRAVITY\fashionistar_backend\apps\audit_logs\tasks.py", line 65, in write_audit_event
    raise self.retry(exc=exc)
          ~~~~~~~~~~^^^^^^^^^
  File "C:\Users\fashi\OneDrive\Documenti\FASHIONISTAR_ANTAGRAVITY\fashionistar_backend\.venv\Lib\site-packages\celery\app\task.py", line 763, in retry
    raise ret
celery.exceptions.Retry: Retry in 5s: TypeError("AuditEventLog() got unexpected keyword arguments: 'country_code', 'city'")

During handling of the above exception, another exception occurred:

Traceback (most recent call last):
  File "C:\Users\fashi\OneDrive\Documenti\FASHIONISTAR_ANTAGRAVITY\fashionistar_backend\apps\audit_logs\services\audit.py", line 275, in _write_sync
    obj = AuditEventLog(**payload)
  File "C:\Users\fashi\OneDrive\Documenti\FASHIONISTAR_ANTAGRAVITY\fashionistar_backend\.venv\Lib\site-packages\django\db\models\base.py", line 590, in __init__
    raise TypeError(
    ...<2 lines>...
    )
TypeError: AuditEventLog() got unexpected keyword arguments: 'country_code', 'city'
[INFO    ] application \u2014 \U0001f4e7 Reset Email Celery task dispatched for pwreset@example.com\n[INFO    ] application — [e50f7f2c] PasswordResetRequest: dispatched
[WARNING ] apps.audit_logs.tasks — write_audit_event failed (attempt 1/3): AuditEventLog() got unexpected keyword arguments: 'country_code', 'city' — event_type=password_reset_request
[ERROR   ] apps.audit_logs.services.audit — AuditService._write_sync() failed for payload={'event_type': EventType.PASSWORD_RESET_REQUEST, 'event_category': EventCategory.SECURITY, 'severity': SeverityLevel.INFO, 'action': 'Password reset requested for: pwreset@example.com', 'actor_email': None, 'ip_address': '127.0.0.1', 'user_agent': None, 'device_type': None, 'browser_family': None, 'os_family': None, 'country': None, 'country_code': None, 'city': None, 'resource_type': None, 'resource_id': None, 'request_method': 'POST', 'request_path': '/api/v1/password/reset-request/', 'response_status': None, 'duration_ms': None, 'old_values': None, 'new_values': None, 'metadata': {'email_or_phone': 'pwreset@example.com', 'request_id': 'e50f7f2c'}, 'error_message': None, 'is_compliance': True, 'retention_days': 2555}
Traceback (most recent call last):
  File "C:\Users\fashi\OneDrive\Documenti\FASHIONISTAR_ANTAGRAVITY\fashionistar_backend\apps\audit_logs\tasks.py", line 48, in write_audit_event
    obj = AuditEventLog(**payload)
  File "C:\Users\fashi\OneDrive\Documenti\FASHIONISTAR_ANTAGRAVITY\fashionistar_backend\.venv\Lib\site-packages\django\db\models\base.py", line 590, in __init__
    raise TypeError(
    ...<2 lines>...
    )
TypeError: AuditEventLog() got unexpected keyword arguments: 'country_code', 'city'

During handling of the above exception, another exception occurred:

Traceback (most recent call last):
  File "C:\Users\fashi\OneDrive\Documenti\FASHIONISTAR_ANTAGRAVITY\fashionistar_backend\apps\audit_logs\services\audit.py", line 261, in _dispatch
    write_audit_event.apply_async(
    ~~~~~~~~~~~~~~~~~~~~~~~~~~~~~^
        kwargs={"payload": payload},
        ^^^^^^^^^^^^^^^^^^^^^^^^^^^^
        retry=False,
        ^^^^^^^^^^^^
        ignore_result=True,
        ^^^^^^^^^^^^^^^^^^^
    )
    ^
  File "C:\Users\fashi\OneDrive\Documenti\FASHIONISTAR_ANTAGRAVITY\fashionistar_backend\.venv\Lib\site-packages\celery\app\task.py", line 605, in apply_async
    return self.apply(args, kwargs, task_id=task_id or uuid(),
           ~~~~~~~~~~^^^^^^^^^^^^^^^^^^^^^^^^^^^^^^^^^^^^^^^^^
                      link=link, link_error=link_error, **options)
                      ^^^^^^^^^^^^^^^^^^^^^^^^^^^^^^^^^^^^^^^^^^^^
  File "C:\Users\fashi\OneDrive\Documenti\FASHIONISTAR_ANTAGRAVITY\fashionistar_backend\.venv\Lib\site-packages\celery\app\task.py", line 843, in apply
    ret = tracer(task_id, args, kwargs, request)
  File "C:\Users\fashi\OneDrive\Documenti\FASHIONISTAR_ANTAGRAVITY\fashionistar_backend\.venv\Lib\site-packages\celery\app\trace.py", line 494, in trace_task
    I, R, state, retval = on_error(
                          ~~~~~~~~^
        task_request, exc, RETRY, call_errbacks=False)
        ^^^^^^^^^^^^^^^^^^^^^^^^^^^^^^^^^^^^^^^^^^^^^^
  File "C:\Users\fashi\OneDrive\Documenti\FASHIONISTAR_ANTAGRAVITY\fashionistar_backend\.venv\Lib\site-packages\celery\app\trace.py", line 479, in trace_task
    R = retval = fun(*args, **kwargs)
                 ~~~^^^^^^^^^^^^^^^^^
  File "C:\Users\fashi\OneDrive\Documenti\FASHIONISTAR_ANTAGRAVITY\fashionistar_backend\apps\audit_logs\tasks.py", line 65, in write_audit_event
    raise self.retry(exc=exc)
          ~~~~~~~~~~^^^^^^^^^
  File "C:\Users\fashi\OneDrive\Documenti\FASHIONISTAR_ANTAGRAVITY\fashionistar_backend\.venv\Lib\site-packages\celery\app\task.py", line 763, in retry
    raise ret
celery.exceptions.Retry: Retry in 5s: TypeError("AuditEventLog() got unexpected keyword arguments: 'country_code', 'city'")

During handling of the above exception, another exception occurred:

Traceback (most recent call last):
  File "C:\Users\fashi\OneDrive\Documenti\FASHIONISTAR_ANTAGRAVITY\fashionistar_backend\apps\audit_logs\services\audit.py", line 275, in _write_sync
    obj = AuditEventLog(**payload)
  File "C:\Users\fashi\OneDrive\Documenti\FASHIONISTAR_ANTAGRAVITY\fashionistar_backend\.venv\Lib\site-packages\django\db\models\base.py", line 590, in __init__
    raise TypeError(
    ...<2 lines>...
    )
TypeError: AuditEventLog() got unexpected keyword arguments: 'country_code', 'city'
[INFO    ] security — SECURITY_AUDIT action=REQUEST req=f131449d-05ee-4d03-921e-1006717d912d device=fp:57efdd91ba75ee0012c0 session=- ip=127.0.0.1 method=POST path=/api/v1/password/reset-request/ status=200 duration_ms=21.0 user_id=anonymous role=anonymous ua='-' referrer=-
[INFO    ] apps.common.middleware \u2014 [POST] /api/v1/password/reset-request/ \u2192 200 in 21.3ms [req=f131449d-05ee-4d03-921e-1006717d912d]\nPASSED                                                                   [ 60%]
------------------------------ live log teardown ------------------------------
[INFO    ] celery.app.trace — Task update_model_analytics_counter[324d09e1-8ba7-4b95-a0b3-a43a9ceec244] succeeded in 0.0020303999990574084s: None
[INFO    ] application — EmailBackendConfig instance created via post_migrate signal.
[INFO    ] celery.app.trace — Task update_model_analytics_counter[def43415-f2f2-41c0-822b-bf9cc951ef9b] succeeded in 0.0016710999989300035s: None
[INFO    ] application — Default SMSBackendConfig instance created via post_migrate signal.

apps/authentication/tests/test_password_reset.py::TestPasswordResetConfirmEmail::test_valid_token_resets_password 
-------------------------------- live log call --------------------------------
[INFO    ] apps.authentication.models — Saved UnifiedUser 019d20c5-4f67-7a5e-8702-18017c99ee2e [email] member_id=FASTAR000001
[INFO    ] celery.app.trace — Task update_model_analytics_counter[c16b1868-92fb-4278-bc99-c00420cfcf2c] succeeded in 0.002093799994327128s: None
[INFO    ] apps.authentication.managers \u2014 \u2705 Created user: email=pwreset@example.com\n[INFO    ] apps.authentication.models — Details updated for user: pwreset@example.com
[INFO    ] celery.app.trace — Task update_model_analytics_counter[25961a64-4dd7-4f56-9e98-d5e7815bd445] succeeded in 0.0012563999989652075s: None
[INFO    ] apps.authentication.models — Saved UnifiedUser 019d20c5-4f67-7a5e-8702-18017c99ee2e [email] member_id=FASTAR000001
[INFO    ] application — [b24eaa0c] PasswordResetConfirmEmail: uidb64=MDE5ZDIwYzUtNGY2Ny03YTVlLTg3MDItMTgwMTdjOTllZTJl
[INFO    ] apps.authentication.models — Details updated for user: pwreset@example.com
[INFO    ] apps.authentication.models — Saved UnifiedUser 019d20c5-4f67-7a5e-8702-18017c99ee2e [email] member_id=FASTAR000001
[INFO    ] celery.app.trace — Task update_model_analytics_counter[b0221c2d-f31b-45f7-b185-7cca7c51f481] succeeded in 0.0014621000009356067s: None
[WARNING ] apps.audit_logs.tasks — write_audit_event failed (attempt 1/3): AuditEventLog() got unexpected keyword arguments: 'country_code', 'city' — event_type=password_reset_done
[ERROR   ] apps.audit_logs.services.audit — AuditService._write_sync() failed for payload={'event_type': EventType.PASSWORD_RESET_DONE, 'event_category': EventCategory.SECURITY, 'severity': 'info', 'action': 'Password reset completed successfully', 'actor_email': 'pwreset@example.com', 'ip_address': '127.0.0.1', 'user_agent': None, 'device_type': None, 'browser_family': None, 'os_family': None, 'country': None, 'country_code': None, 'city': None, 'resource_type': 'UnifiedUser', 'resource_id': '019d20c5-4f67-7a5e-8702-18017c99ee2e', 'request_method': 'POST', 'request_path': '/api/v1/password/reset-confirm/MDE5ZDIwYzUtNGY2Ny03YTVlLTg3MDItMTgwMTdjOTllZTJl/d5yhrj-6b36a991c4a3f070053dde68f4b80efe/', 'response_status': None, 'duration_ms': None, 'old_values': None, 'new_values': None, 'metadata': {'flow': 'email'}, 'error_message': None, 'is_compliance': True, 'retention_days': 2555}
Traceback (most recent call last):
  File "C:\Users\fashi\OneDrive\Documenti\FASHIONISTAR_ANTAGRAVITY\fashionistar_backend\apps\audit_logs\tasks.py", line 48, in write_audit_event
    obj = AuditEventLog(**payload)
  File "C:\Users\fashi\OneDrive\Documenti\FASHIONISTAR_ANTAGRAVITY\fashionistar_backend\.venv\Lib\site-packages\django\db\models\base.py", line 590, in __init__
    raise TypeError(
    ...<2 lines>...
    )
TypeError: AuditEventLog() got unexpected keyword arguments: 'country_code', 'city'

During handling of the above exception, another exception occurred:

Traceback (most recent call last):
  File "C:\Users\fashi\OneDrive\Documenti\FASHIONISTAR_ANTAGRAVITY\fashionistar_backend\apps\audit_logs\services\audit.py", line 261, in _dispatch
    write_audit_event.apply_async(
    ~~~~~~~~~~~~~~~~~~~~~~~~~~~~~^
        kwargs={"payload": payload},
        ^^^^^^^^^^^^^^^^^^^^^^^^^^^^
        retry=False,
        ^^^^^^^^^^^^
        ignore_result=True,
        ^^^^^^^^^^^^^^^^^^^
    )
    ^
  File "C:\Users\fashi\OneDrive\Documenti\FASHIONISTAR_ANTAGRAVITY\fashionistar_backend\.venv\Lib\site-packages\celery\app\task.py", line 605, in apply_async
    return self.apply(args, kwargs, task_id=task_id or uuid(),
           ~~~~~~~~~~^^^^^^^^^^^^^^^^^^^^^^^^^^^^^^^^^^^^^^^^^
                      link=link, link_error=link_error, **options)
                      ^^^^^^^^^^^^^^^^^^^^^^^^^^^^^^^^^^^^^^^^^^^^
  File "C:\Users\fashi\OneDrive\Documenti\FASHIONISTAR_ANTAGRAVITY\fashionistar_backend\.venv\Lib\site-packages\celery\app\task.py", line 843, in apply
    ret = tracer(task_id, args, kwargs, request)
  File "C:\Users\fashi\OneDrive\Documenti\FASHIONISTAR_ANTAGRAVITY\fashionistar_backend\.venv\Lib\site-packages\celery\app\trace.py", line 494, in trace_task
    I, R, state, retval = on_error(
                          ~~~~~~~~^
        task_request, exc, RETRY, call_errbacks=False)
        ^^^^^^^^^^^^^^^^^^^^^^^^^^^^^^^^^^^^^^^^^^^^^^
  File "C:\Users\fashi\OneDrive\Documenti\FASHIONISTAR_ANTAGRAVITY\fashionistar_backend\.venv\Lib\site-packages\celery\app\trace.py", line 479, in trace_task
    R = retval = fun(*args, **kwargs)
                 ~~~^^^^^^^^^^^^^^^^^
  File "C:\Users\fashi\OneDrive\Documenti\FASHIONISTAR_ANTAGRAVITY\fashionistar_backend\apps\audit_logs\tasks.py", line 65, in write_audit_event
    raise self.retry(exc=exc)
          ~~~~~~~~~~^^^^^^^^^
  File "C:\Users\fashi\OneDrive\Documenti\FASHIONISTAR_ANTAGRAVITY\fashionistar_backend\.venv\Lib\site-packages\celery\app\task.py", line 763, in retry
    raise ret
celery.exceptions.Retry: Retry in 5s: TypeError("AuditEventLog() got unexpected keyword arguments: 'country_code', 'city'")

During handling of the above exception, another exception occurred:

Traceback (most recent call last):
  File "C:\Users\fashi\OneDrive\Documenti\FASHIONISTAR_ANTAGRAVITY\fashionistar_backend\apps\audit_logs\services\audit.py", line 275, in _write_sync
    obj = AuditEventLog(**payload)
  File "C:\Users\fashi\OneDrive\Documenti\FASHIONISTAR_ANTAGRAVITY\fashionistar_backend\.venv\Lib\site-packages\django\db\models\base.py", line 590, in __init__
    raise TypeError(
    ...<2 lines>...
    )
TypeError: AuditEventLog() got unexpected keyword arguments: 'country_code', 'city'
[INFO    ] application \u2014 \u2705 Password reset successful for User 019d20c5-4f67-7a5e-8702-18017c99ee2e\n[INFO    ] application — [b24eaa0c] PasswordResetConfirmEmail: success
[WARNING ] apps.audit_logs.tasks — write_audit_event failed (attempt 1/3): AuditEventLog() got unexpected keyword arguments: 'country_code', 'city' — event_type=password_reset_done
[ERROR   ] apps.audit_logs.services.audit — AuditService._write_sync() failed for payload={'event_type': EventType.PASSWORD_RESET_DONE, 'event_category': EventCategory.SECURITY, 'severity': SeverityLevel.INFO, 'action': 'Password reset completed via email magic link', 'actor_email': None, 'ip_address': '127.0.0.1', 'user_agent': None, 'device_type': None, 'browser_family': None, 'os_family': None, 'country': None, 'country_code': None, 'city': None, 'resource_type': None, 'resource_id': None, 'request_method': 'POST', 'request_path': '/api/v1/password/reset-confirm/MDE5ZDIwYzUtNGY2Ny03YTVlLTg3MDItMTgwMTdjOTllZTJl/d5yhrj-6b36a991c4a3f070053dde68f4b80efe/', 'response_status': None, 'duration_ms': None, 'old_values': None, 'new_values': None, 'metadata': {'method': 'email', 'uidb64': 'MDE5ZDIwYzUtNGY2Ny03YTVlLTg3MDItMTgwMTdjOTllZTJl', 'request_id': 'b24eaa0c'}, 'error_message': None, 'is_compliance': True, 'retention_days': 2555}
Traceback (most recent call last):
  File "C:\Users\fashi\OneDrive\Documenti\FASHIONISTAR_ANTAGRAVITY\fashionistar_backend\apps\audit_logs\tasks.py", line 48, in write_audit_event
    obj = AuditEventLog(**payload)
  File "C:\Users\fashi\OneDrive\Documenti\FASHIONISTAR_ANTAGRAVITY\fashionistar_backend\.venv\Lib\site-packages\django\db\models\base.py", line 590, in __init__
    raise TypeError(
    ...<2 lines>...
    )
TypeError: AuditEventLog() got unexpected keyword arguments: 'country_code', 'city'

During handling of the above exception, another exception occurred:

Traceback (most recent call last):
  File "C:\Users\fashi\OneDrive\Documenti\FASHIONISTAR_ANTAGRAVITY\fashionistar_backend\apps\audit_logs\services\audit.py", line 261, in _dispatch
    write_audit_event.apply_async(
    ~~~~~~~~~~~~~~~~~~~~~~~~~~~~~^
        kwargs={"payload": payload},
        ^^^^^^^^^^^^^^^^^^^^^^^^^^^^
        retry=False,
        ^^^^^^^^^^^^
        ignore_result=True,
        ^^^^^^^^^^^^^^^^^^^
    )
    ^
  File "C:\Users\fashi\OneDrive\Documenti\FASHIONISTAR_ANTAGRAVITY\fashionistar_backend\.venv\Lib\site-packages\celery\app\task.py", line 605, in apply_async
    return self.apply(args, kwargs, task_id=task_id or uuid(),
           ~~~~~~~~~~^^^^^^^^^^^^^^^^^^^^^^^^^^^^^^^^^^^^^^^^^
                      link=link, link_error=link_error, **options)
                      ^^^^^^^^^^^^^^^^^^^^^^^^^^^^^^^^^^^^^^^^^^^^
  File "C:\Users\fashi\OneDrive\Documenti\FASHIONISTAR_ANTAGRAVITY\fashionistar_backend\.venv\Lib\site-packages\celery\app\task.py", line 843, in apply
    ret = tracer(task_id, args, kwargs, request)
  File "C:\Users\fashi\OneDrive\Documenti\FASHIONISTAR_ANTAGRAVITY\fashionistar_backend\.venv\Lib\site-packages\celery\app\trace.py", line 494, in trace_task
    I, R, state, retval = on_error(
                          ~~~~~~~~^
        task_request, exc, RETRY, call_errbacks=False)
        ^^^^^^^^^^^^^^^^^^^^^^^^^^^^^^^^^^^^^^^^^^^^^^
  File "C:\Users\fashi\OneDrive\Documenti\FASHIONISTAR_ANTAGRAVITY\fashionistar_backend\.venv\Lib\site-packages\celery\app\trace.py", line 479, in trace_task
    R = retval = fun(*args, **kwargs)
                 ~~~^^^^^^^^^^^^^^^^^
  File "C:\Users\fashi\OneDrive\Documenti\FASHIONISTAR_ANTAGRAVITY\fashionistar_backend\apps\audit_logs\tasks.py", line 65, in write_audit_event
    raise self.retry(exc=exc)
          ~~~~~~~~~~^^^^^^^^^
  File "C:\Users\fashi\OneDrive\Documenti\FASHIONISTAR_ANTAGRAVITY\fashionistar_backend\.venv\Lib\site-packages\celery\app\task.py", line 763, in retry
    raise ret
celery.exceptions.Retry: Retry in 5s: TypeError("AuditEventLog() got unexpected keyword arguments: 'country_code', 'city'")

During handling of the above exception, another exception occurred:

Traceback (most recent call last):
  File "C:\Users\fashi\OneDrive\Documenti\FASHIONISTAR_ANTAGRAVITY\fashionistar_backend\apps\audit_logs\services\audit.py", line 275, in _write_sync
    obj = AuditEventLog(**payload)
  File "C:\Users\fashi\OneDrive\Documenti\FASHIONISTAR_ANTAGRAVITY\fashionistar_backend\.venv\Lib\site-packages\django\db\models\base.py", line 590, in __init__
    raise TypeError(
    ...<2 lines>...
    )
TypeError: AuditEventLog() got unexpected keyword arguments: 'country_code', 'city'
[INFO    ] security — SECURITY_AUDIT action=REQUEST req=9dc921d0-d57a-41c5-b11d-24b2637e3314 device=fp:57efdd91ba75ee0012c0 session=- ip=127.0.0.1 method=POST path=/api/v1/password/reset-confirm/MDE5ZDIwYzUtNGY2Ny03YTVlLTg3MDItMTgwMTdjOTllZTJl/d5yhrj-6b36a991c4a3f070053dde68f4b80efe/ status=200 duration_ms=27.9 user_id=anonymous role=anonymous ua='-' referrer=-
[INFO    ] apps.common.middleware \u2014 [POST] /api/v1/password/reset-confirm/MDE5ZDIwYzUtNGY2Ny03YTVlLTg3MDItMTgwMTdjOTllZTJl/d5yhrj-6b36a991c4a3f070053dde68f4b80efe/ \u2192 200 in 28.3ms [req=9dc921d0-d57a-41c5-b11d-24b2637e3314]\nPASSED                                                                   [ 61%]
------------------------------ live log teardown ------------------------------
[INFO    ] celery.app.trace — Task update_model_analytics_counter[beb16611-1c6a-41dc-af82-ce6bd82f8d33] succeeded in 0.0017398999989381991s: None
[INFO    ] application — EmailBackendConfig instance created via post_migrate signal.
[INFO    ] celery.app.trace — Task update_model_analytics_counter[2fde8562-34e5-4f21-ac7c-d9a0ad81b711] succeeded in 0.001923199997690972s: None
[INFO    ] application — Default SMSBackendConfig instance created via post_migrate signal.

apps/authentication/tests/test_password_reset.py::TestPasswordResetConfirmEmail::test_bad_token_returns_400_with_code 
-------------------------------- live log call --------------------------------
[INFO    ] apps.authentication.models — Saved UnifiedUser 019d20c5-502a-7533-b5a1-bf8b479e50fc [email] member_id=FASTAR000001
[INFO    ] celery.app.trace — Task update_model_analytics_counter[b84f4691-405a-47f5-be20-b8a7a2926aa1] succeeded in 0.0015925999978207983s: None
[INFO    ] apps.authentication.managers \u2014 \u2705 Created user: email=pwreset@example.com\n[INFO    ] apps.authentication.models — Details updated for user: pwreset@example.com
[INFO    ] celery.app.trace — Task update_model_analytics_counter[8d274d95-94e4-42d5-826e-d67c6541836a] succeeded in 0.001088100005290471s: None
[INFO    ] apps.authentication.models — Saved UnifiedUser 019d20c5-502a-7533-b5a1-bf8b479e50fc [email] member_id=FASTAR000001
[INFO    ] application — [f8a507a8] PasswordResetConfirmEmail: uidb64=MDE5ZDIwYzUtNTAyYS03NTMzLWI1YTEtYmY4YjQ3OWU1MGZj
[WARNING ] apps.audit_logs.tasks — write_audit_event failed (attempt 1/3): AuditEventLog() got unexpected keyword arguments: 'country_code', 'city' — event_type=password_reset_done
[ERROR   ] apps.audit_logs.services.audit — AuditService._write_sync() failed for payload={'event_type': EventType.PASSWORD_RESET_DONE, 'event_category': EventCategory.SECURITY, 'severity': 'warning', 'action': 'Password reset failed — invalid or expired token', 'actor_email': 'pwreset@example.com', 'ip_address': '127.0.0.1', 'user_agent': None, 'device_type': None, 'browser_family': None, 'os_family': None, 'country': None, 'country_code': None, 'city': None, 'resource_type': 'UnifiedUser', 'resource_id': '019d20c5-502a-7533-b5a1-bf8b479e50fc', 'request_method': 'POST', 'request_path': '/api/v1/password/reset-confirm/MDE5ZDIwYzUtNTAyYS03NTMzLWI1YTEtYmY4YjQ3OWU1MGZj/bad-token-xyz/', 'response_status': None, 'duration_ms': None, 'old_values': None, 'new_values': None, 'metadata': {'flow': 'email'}, 'error_message': 'Token invalid or expired', 'is_compliance': True, 'retention_days': 2555}
Traceback (most recent call last):
  File "C:\Users\fashi\OneDrive\Documenti\FASHIONISTAR_ANTAGRAVITY\fashionistar_backend\apps\audit_logs\tasks.py", line 48, in write_audit_event
    obj = AuditEventLog(**payload)
  File "C:\Users\fashi\OneDrive\Documenti\FASHIONISTAR_ANTAGRAVITY\fashionistar_backend\.venv\Lib\site-packages\django\db\models\base.py", line 590, in __init__
    raise TypeError(
    ...<2 lines>...
    )
TypeError: AuditEventLog() got unexpected keyword arguments: 'country_code', 'city'

During handling of the above exception, another exception occurred:

Traceback (most recent call last):
  File "C:\Users\fashi\OneDrive\Documenti\FASHIONISTAR_ANTAGRAVITY\fashionistar_backend\apps\audit_logs\services\audit.py", line 261, in _dispatch
    write_audit_event.apply_async(
    ~~~~~~~~~~~~~~~~~~~~~~~~~~~~~^
        kwargs={"payload": payload},
        ^^^^^^^^^^^^^^^^^^^^^^^^^^^^
        retry=False,
        ^^^^^^^^^^^^
        ignore_result=True,
        ^^^^^^^^^^^^^^^^^^^
    )
    ^
  File "C:\Users\fashi\OneDrive\Documenti\FASHIONISTAR_ANTAGRAVITY\fashionistar_backend\.venv\Lib\site-packages\celery\app\task.py", line 605, in apply_async
    return self.apply(args, kwargs, task_id=task_id or uuid(),
           ~~~~~~~~~~^^^^^^^^^^^^^^^^^^^^^^^^^^^^^^^^^^^^^^^^^
                      link=link, link_error=link_error, **options)
                      ^^^^^^^^^^^^^^^^^^^^^^^^^^^^^^^^^^^^^^^^^^^^
  File "C:\Users\fashi\OneDrive\Documenti\FASHIONISTAR_ANTAGRAVITY\fashionistar_backend\.venv\Lib\site-packages\celery\app\task.py", line 843, in apply
    ret = tracer(task_id, args, kwargs, request)
  File "C:\Users\fashi\OneDrive\Documenti\FASHIONISTAR_ANTAGRAVITY\fashionistar_backend\.venv\Lib\site-packages\celery\app\trace.py", line 494, in trace_task
    I, R, state, retval = on_error(
                          ~~~~~~~~^
        task_request, exc, RETRY, call_errbacks=False)
        ^^^^^^^^^^^^^^^^^^^^^^^^^^^^^^^^^^^^^^^^^^^^^^
  File "C:\Users\fashi\OneDrive\Documenti\FASHIONISTAR_ANTAGRAVITY\fashionistar_backend\.venv\Lib\site-packages\celery\app\trace.py", line 479, in trace_task
    R = retval = fun(*args, **kwargs)
                 ~~~^^^^^^^^^^^^^^^^^
  File "C:\Users\fashi\OneDrive\Documenti\FASHIONISTAR_ANTAGRAVITY\fashionistar_backend\apps\audit_logs\tasks.py", line 65, in write_audit_event
    raise self.retry(exc=exc)
          ~~~~~~~~~~^^^^^^^^^
  File "C:\Users\fashi\OneDrive\Documenti\FASHIONISTAR_ANTAGRAVITY\fashionistar_backend\.venv\Lib\site-packages\celery\app\task.py", line 763, in retry
    raise ret
celery.exceptions.Retry: Retry in 5s: TypeError("AuditEventLog() got unexpected keyword arguments: 'country_code', 'city'")

During handling of the above exception, another exception occurred:

Traceback (most recent call last):
  File "C:\Users\fashi\OneDrive\Documenti\FASHIONISTAR_ANTAGRAVITY\fashionistar_backend\apps\audit_logs\services\audit.py", line 275, in _write_sync
    obj = AuditEventLog(**payload)
  File "C:\Users\fashi\OneDrive\Documenti\FASHIONISTAR_ANTAGRAVITY\fashionistar_backend\.venv\Lib\site-packages\django\db\models\base.py", line 590, in __init__
    raise TypeError(
    ...<2 lines>...
    )
TypeError: AuditEventLog() got unexpected keyword arguments: 'country_code', 'city'
[ERROR   ] application \u2014 \u274c Password Confirm Error (Sync): Invalid or expired token.\n[WARNING ] application — [f8a507a8] PasswordResetConfirmEmail: failed — Invalid or expired token.
[INFO    ] security — SECURITY_AUDIT action=CLIENT_ERROR req=c169463a-1c8e-49ee-8e08-068d35b32cbc device=fp:57efdd91ba75ee0012c0 session=- ip=127.0.0.1 method=POST path=/api/v1/password/reset-confirm/MDE5ZDIwYzUtNTAyYS03NTMzLWI1YTEtYmY4YjQ3OWU1MGZj/bad-token-xyz/ status=400 duration_ms=11.4 user_id=anonymous role=anonymous ua='-' referrer=-
[INFO    ] apps.common.middleware \u2014 [POST] /api/v1/password/reset-confirm/MDE5ZDIwYzUtNTAyYS03NTMzLWI1YTEtYmY4YjQ3OWU1MGZj/bad-token-xyz/ \u2192 400 in 11.6ms [req=c169463a-1c8e-49ee-8e08-068d35b32cbc]\nPASSED                                                                   [ 61%]
------------------------------ live log teardown ------------------------------
[INFO    ] celery.app.trace — Task update_model_analytics_counter[1b87a28d-78b6-44fe-b46c-f1cc6a86717e] succeeded in 0.0018748000002233312s: None
[INFO    ] application — EmailBackendConfig instance created via post_migrate signal.
[INFO    ] celery.app.trace — Task update_model_analytics_counter[6ae86824-60a8-47df-b937-c9b62026e333] succeeded in 0.0014848999999230728s: None
[INFO    ] application — Default SMSBackendConfig instance created via post_migrate signal.

apps/authentication/tests/test_password_reset.py::TestPasswordResetConfirmEmail::test_mismatched_passwords_returns_400 
-------------------------------- live log call --------------------------------
[INFO    ] apps.authentication.models — Saved UnifiedUser 019d20c5-50e0-7ca1-856a-a0772ffffaf4 [email] member_id=FASTAR000001
[INFO    ] celery.app.trace — Task update_model_analytics_counter[381a078f-6934-40d2-8554-8ee31cdd094a] succeeded in 0.001617699999769684s: None
[INFO    ] apps.authentication.managers \u2014 \u2705 Created user: email=pwreset@example.com\n[INFO    ] apps.authentication.models — Details updated for user: pwreset@example.com
[INFO    ] celery.app.trace — Task update_model_analytics_counter[ac0e22e8-941e-4c11-9299-a497f73f20c1] succeeded in 0.0011671000029309653s: None
[INFO    ] apps.authentication.models — Saved UnifiedUser 019d20c5-50e0-7ca1-856a-a0772ffffaf4 [email] member_id=FASTAR000001
[INFO    ] application — [089b9916] PasswordResetConfirmEmail: uidb64=MDE5ZDIwYzUtNTBlMC03Y2ExLTg1NmEtYTA3NzJmZmZmYWY0
[INFO    ] security — SECURITY_AUDIT action=CLIENT_ERROR req=656a6573-abc6-499d-8455-9163af521691 device=fp:57efdd91ba75ee0012c0 session=- ip=127.0.0.1 method=POST path=/api/v1/password/reset-confirm/MDE5ZDIwYzUtNTBlMC03Y2ExLTg1NmEtYTA3NzJmZmZmYWY0/d5yhrj-d2b80e89bc959a71685604458cefc45b/ status=400 duration_ms=1.1 user_id=anonymous role=anonymous ua='-' referrer=-
[INFO    ] apps.common.middleware \u2014 [POST] /api/v1/password/reset-confirm/MDE5ZDIwYzUtNTBlMC03Y2ExLTg1NmEtYTA3NzJmZmZmYWY0/d5yhrj-d2b80e89bc959a71685604458cefc45b/ \u2192 400 in 1.4ms [req=656a6573-abc6-499d-8455-9163af521691]\nPASSED                                                                   [ 62%]
------------------------------ live log teardown ------------------------------
[INFO    ] celery.app.trace — Task update_model_analytics_counter[ce94d1df-c590-41f6-8d70-716e95d40905] succeeded in 0.002088100001856219s: None
[INFO    ] application — EmailBackendConfig instance created via post_migrate signal.
[INFO    ] celery.app.trace — Task update_model_analytics_counter[b9b21d38-5210-452d-9323-adead75d5930] succeeded in 0.0025114000018220395s: None
[INFO    ] application — Default SMSBackendConfig instance created via post_migrate signal.

apps/authentication/tests/test_password_reset.py::TestPasswordResetConfirmEmail::test_idempotency_same_token_twice 
-------------------------------- live log call --------------------------------
[INFO    ] apps.authentication.models — Saved UnifiedUser 019d20c5-51a4-704d-ae5e-f81452849608 [email] member_id=FASTAR000001
[INFO    ] celery.app.trace — Task update_model_analytics_counter[e90823a6-f3b6-4791-ad04-71e08fb33297] succeeded in 0.0036532000012812205s: None
[INFO    ] apps.authentication.managers \u2014 \u2705 Created user: email=pwreset@example.com\n[INFO    ] apps.authentication.models — Details updated for user: pwreset@example.com
[INFO    ] celery.app.trace — Task update_model_analytics_counter[eac3018f-a3aa-4032-a2eb-157701febafe] succeeded in 0.0022035000001778826s: None
[INFO    ] apps.authentication.models — Saved UnifiedUser 019d20c5-51a4-704d-ae5e-f81452849608 [email] member_id=FASTAR000001
[INFO    ] application — [63acabe2] PasswordResetConfirmEmail: uidb64=MDE5ZDIwYzUtNTFhNC03MDRkLWFlNWUtZjgxNDUyODQ5NjA4
[INFO    ] apps.authentication.models — Details updated for user: pwreset@example.com
[INFO    ] apps.authentication.models — Saved UnifiedUser 019d20c5-51a4-704d-ae5e-f81452849608 [email] member_id=FASTAR000001
[INFO    ] celery.app.trace — Task update_model_analytics_counter[ec1b3d44-9ad6-47ee-8335-dfad2a731247] succeeded in 0.001480999999330379s: None
[WARNING ] apps.audit_logs.tasks — write_audit_event failed (attempt 1/3): AuditEventLog() got unexpected keyword arguments: 'country_code', 'city' — event_type=password_reset_done
[ERROR   ] apps.audit_logs.services.audit — AuditService._write_sync() failed for payload={'event_type': EventType.PASSWORD_RESET_DONE, 'event_category': EventCategory.SECURITY, 'severity': 'info', 'action': 'Password reset completed successfully', 'actor_email': 'pwreset@example.com', 'ip_address': '127.0.0.1', 'user_agent': None, 'device_type': None, 'browser_family': None, 'os_family': None, 'country': None, 'country_code': None, 'city': None, 'resource_type': 'UnifiedUser', 'resource_id': '019d20c5-51a4-704d-ae5e-f81452849608', 'request_method': 'POST', 'request_path': '/api/v1/password/reset-confirm/MDE5ZDIwYzUtNTFhNC03MDRkLWFlNWUtZjgxNDUyODQ5NjA4/d5yhrj-b2c690308564cd6c2c6c3c80676c51f3/', 'response_status': None, 'duration_ms': None, 'old_values': None, 'new_values': None, 'metadata': {'flow': 'email'}, 'error_message': None, 'is_compliance': True, 'retention_days': 2555}
Traceback (most recent call last):
  File "C:\Users\fashi\OneDrive\Documenti\FASHIONISTAR_ANTAGRAVITY\fashionistar_backend\apps\audit_logs\tasks.py", line 48, in write_audit_event
    obj = AuditEventLog(**payload)
  File "C:\Users\fashi\OneDrive\Documenti\FASHIONISTAR_ANTAGRAVITY\fashionistar_backend\.venv\Lib\site-packages\django\db\models\base.py", line 590, in __init__
    raise TypeError(
    ...<2 lines>...
    )
TypeError: AuditEventLog() got unexpected keyword arguments: 'country_code', 'city'

During handling of the above exception, another exception occurred:

Traceback (most recent call last):
  File "C:\Users\fashi\OneDrive\Documenti\FASHIONISTAR_ANTAGRAVITY\fashionistar_backend\apps\audit_logs\services\audit.py", line 261, in _dispatch
    write_audit_event.apply_async(
    ~~~~~~~~~~~~~~~~~~~~~~~~~~~~~^
        kwargs={"payload": payload},
        ^^^^^^^^^^^^^^^^^^^^^^^^^^^^
        retry=False,
        ^^^^^^^^^^^^
        ignore_result=True,
        ^^^^^^^^^^^^^^^^^^^
    )
    ^
  File "C:\Users\fashi\OneDrive\Documenti\FASHIONISTAR_ANTAGRAVITY\fashionistar_backend\.venv\Lib\site-packages\celery\app\task.py", line 605, in apply_async
    return self.apply(args, kwargs, task_id=task_id or uuid(),
           ~~~~~~~~~~^^^^^^^^^^^^^^^^^^^^^^^^^^^^^^^^^^^^^^^^^
                      link=link, link_error=link_error, **options)
                      ^^^^^^^^^^^^^^^^^^^^^^^^^^^^^^^^^^^^^^^^^^^^
  File "C:\Users\fashi\OneDrive\Documenti\FASHIONISTAR_ANTAGRAVITY\fashionistar_backend\.venv\Lib\site-packages\celery\app\task.py", line 843, in apply
    ret = tracer(task_id, args, kwargs, request)
  File "C:\Users\fashi\OneDrive\Documenti\FASHIONISTAR_ANTAGRAVITY\fashionistar_backend\.venv\Lib\site-packages\celery\app\trace.py", line 494, in trace_task
    I, R, state, retval = on_error(
                          ~~~~~~~~^
        task_request, exc, RETRY, call_errbacks=False)
        ^^^^^^^^^^^^^^^^^^^^^^^^^^^^^^^^^^^^^^^^^^^^^^
  File "C:\Users\fashi\OneDrive\Documenti\FASHIONISTAR_ANTAGRAVITY\fashionistar_backend\.venv\Lib\site-packages\celery\app\trace.py", line 479, in trace_task
    R = retval = fun(*args, **kwargs)
                 ~~~^^^^^^^^^^^^^^^^^
  File "C:\Users\fashi\OneDrive\Documenti\FASHIONISTAR_ANTAGRAVITY\fashionistar_backend\apps\audit_logs\tasks.py", line 65, in write_audit_event
    raise self.retry(exc=exc)
          ~~~~~~~~~~^^^^^^^^^
  File "C:\Users\fashi\OneDrive\Documenti\FASHIONISTAR_ANTAGRAVITY\fashionistar_backend\.venv\Lib\site-packages\celery\app\task.py", line 763, in retry
    raise ret
celery.exceptions.Retry: Retry in 5s: TypeError("AuditEventLog() got unexpected keyword arguments: 'country_code', 'city'")

During handling of the above exception, another exception occurred:

Traceback (most recent call last):
  File "C:\Users\fashi\OneDrive\Documenti\FASHIONISTAR_ANTAGRAVITY\fashionistar_backend\apps\audit_logs\services\audit.py", line 275, in _write_sync
    obj = AuditEventLog(**payload)
  File "C:\Users\fashi\OneDrive\Documenti\FASHIONISTAR_ANTAGRAVITY\fashionistar_backend\.venv\Lib\site-packages\django\db\models\base.py", line 590, in __init__
    raise TypeError(
    ...<2 lines>...
    )
TypeError: AuditEventLog() got unexpected keyword arguments: 'country_code', 'city'
[INFO    ] application \u2014 \u2705 Password reset successful for User 019d20c5-51a4-704d-ae5e-f81452849608\n[INFO    ] application — [63acabe2] PasswordResetConfirmEmail: success
[WARNING ] apps.audit_logs.tasks — write_audit_event failed (attempt 1/3): AuditEventLog() got unexpected keyword arguments: 'country_code', 'city' — event_type=password_reset_done
[ERROR   ] apps.audit_logs.services.audit — AuditService._write_sync() failed for payload={'event_type': EventType.PASSWORD_RESET_DONE, 'event_category': EventCategory.SECURITY, 'severity': SeverityLevel.INFO, 'action': 'Password reset completed via email magic link', 'actor_email': None, 'ip_address': '127.0.0.1', 'user_agent': None, 'device_type': None, 'browser_family': None, 'os_family': None, 'country': None, 'country_code': None, 'city': None, 'resource_type': None, 'resource_id': None, 'request_method': 'POST', 'request_path': '/api/v1/password/reset-confirm/MDE5ZDIwYzUtNTFhNC03MDRkLWFlNWUtZjgxNDUyODQ5NjA4/d5yhrj-b2c690308564cd6c2c6c3c80676c51f3/', 'response_status': None, 'duration_ms': None, 'old_values': None, 'new_values': None, 'metadata': {'method': 'email', 'uidb64': 'MDE5ZDIwYzUtNTFhNC03MDRkLWFlNWUtZjgxNDUyODQ5NjA4', 'request_id': '63acabe2'}, 'error_message': None, 'is_compliance': True, 'retention_days': 2555}
Traceback (most recent call last):
  File "C:\Users\fashi\OneDrive\Documenti\FASHIONISTAR_ANTAGRAVITY\fashionistar_backend\apps\audit_logs\tasks.py", line 48, in write_audit_event
    obj = AuditEventLog(**payload)
  File "C:\Users\fashi\OneDrive\Documenti\FASHIONISTAR_ANTAGRAVITY\fashionistar_backend\.venv\Lib\site-packages\django\db\models\base.py", line 590, in __init__
    raise TypeError(
    ...<2 lines>...
    )
TypeError: AuditEventLog() got unexpected keyword arguments: 'country_code', 'city'

During handling of the above exception, another exception occurred:

Traceback (most recent call last):
  File "C:\Users\fashi\OneDrive\Documenti\FASHIONISTAR_ANTAGRAVITY\fashionistar_backend\apps\audit_logs\services\audit.py", line 261, in _dispatch
    write_audit_event.apply_async(
    ~~~~~~~~~~~~~~~~~~~~~~~~~~~~~^
        kwargs={"payload": payload},
        ^^^^^^^^^^^^^^^^^^^^^^^^^^^^
        retry=False,
        ^^^^^^^^^^^^
        ignore_result=True,
        ^^^^^^^^^^^^^^^^^^^
    )
    ^
  File "C:\Users\fashi\OneDrive\Documenti\FASHIONISTAR_ANTAGRAVITY\fashionistar_backend\.venv\Lib\site-packages\celery\app\task.py", line 605, in apply_async
    return self.apply(args, kwargs, task_id=task_id or uuid(),
           ~~~~~~~~~~^^^^^^^^^^^^^^^^^^^^^^^^^^^^^^^^^^^^^^^^^
                      link=link, link_error=link_error, **options)
                      ^^^^^^^^^^^^^^^^^^^^^^^^^^^^^^^^^^^^^^^^^^^^
  File "C:\Users\fashi\OneDrive\Documenti\FASHIONISTAR_ANTAGRAVITY\fashionistar_backend\.venv\Lib\site-packages\celery\app\task.py", line 843, in apply
    ret = tracer(task_id, args, kwargs, request)
  File "C:\Users\fashi\OneDrive\Documenti\FASHIONISTAR_ANTAGRAVITY\fashionistar_backend\.venv\Lib\site-packages\celery\app\trace.py", line 494, in trace_task
    I, R, state, retval = on_error(
                          ~~~~~~~~^
        task_request, exc, RETRY, call_errbacks=False)
        ^^^^^^^^^^^^^^^^^^^^^^^^^^^^^^^^^^^^^^^^^^^^^^
  File "C:\Users\fashi\OneDrive\Documenti\FASHIONISTAR_ANTAGRAVITY\fashionistar_backend\.venv\Lib\site-packages\celery\app\trace.py", line 479, in trace_task
    R = retval = fun(*args, **kwargs)
                 ~~~^^^^^^^^^^^^^^^^^
  File "C:\Users\fashi\OneDrive\Documenti\FASHIONISTAR_ANTAGRAVITY\fashionistar_backend\apps\audit_logs\tasks.py", line 65, in write_audit_event
    raise self.retry(exc=exc)
          ~~~~~~~~~~^^^^^^^^^
  File "C:\Users\fashi\OneDrive\Documenti\FASHIONISTAR_ANTAGRAVITY\fashionistar_backend\.venv\Lib\site-packages\celery\app\task.py", line 763, in retry
    raise ret
celery.exceptions.Retry: Retry in 5s: TypeError("AuditEventLog() got unexpected keyword arguments: 'country_code', 'city'")

During handling of the above exception, another exception occurred:

Traceback (most recent call last):
  File "C:\Users\fashi\OneDrive\Documenti\FASHIONISTAR_ANTAGRAVITY\fashionistar_backend\apps\audit_logs\services\audit.py", line 275, in _write_sync
    obj = AuditEventLog(**payload)
  File "C:\Users\fashi\OneDrive\Documenti\FASHIONISTAR_ANTAGRAVITY\fashionistar_backend\.venv\Lib\site-packages\django\db\models\base.py", line 590, in __init__
    raise TypeError(
    ...<2 lines>...
    )
TypeError: AuditEventLog() got unexpected keyword arguments: 'country_code', 'city'
[INFO    ] security — SECURITY_AUDIT action=REQUEST req=c44be1b9-583d-470e-92c2-62ddc6a156fb device=fp:57efdd91ba75ee0012c0 session=- ip=127.0.0.1 method=POST path=/api/v1/password/reset-confirm/MDE5ZDIwYzUtNTFhNC03MDRkLWFlNWUtZjgxNDUyODQ5NjA4/d5yhrj-b2c690308564cd6c2c6c3c80676c51f3/ status=200 duration_ms=22.6 user_id=anonymous role=anonymous ua='-' referrer=-
[INFO    ] apps.common.middleware \u2014 [POST] /api/v1/password/reset-confirm/MDE5ZDIwYzUtNTFhNC03MDRkLWFlNWUtZjgxNDUyODQ5NjA4/d5yhrj-b2c690308564cd6c2c6c3c80676c51f3/ \u2192 200 in 22.9ms [req=c44be1b9-583d-470e-92c2-62ddc6a156fb]\n[INFO    ] application — [f276d2cb] PasswordResetConfirmEmail: uidb64=MDE5ZDIwYzUtNTFhNC03MDRkLWFlNWUtZjgxNDUyODQ5NjA4
[WARNING ] apps.audit_logs.tasks — write_audit_event failed (attempt 1/3): AuditEventLog() got unexpected keyword arguments: 'country_code', 'city' — event_type=password_reset_done
[ERROR   ] apps.audit_logs.services.audit — AuditService._write_sync() failed for payload={'event_type': EventType.PASSWORD_RESET_DONE, 'event_category': EventCategory.SECURITY, 'severity': 'warning', 'action': 'Password reset failed — invalid or expired token', 'actor_email': 'pwreset@example.com', 'ip_address': '127.0.0.1', 'user_agent': None, 'device_type': None, 'browser_family': None, 'os_family': None, 'country': None, 'country_code': None, 'city': None, 'resource_type': 'UnifiedUser', 'resource_id': '019d20c5-51a4-704d-ae5e-f81452849608', 'request_method': 'POST', 'request_path': '/api/v1/password/reset-confirm/MDE5ZDIwYzUtNTFhNC03MDRkLWFlNWUtZjgxNDUyODQ5NjA4/d5yhrj-b2c690308564cd6c2c6c3c80676c51f3/', 'response_status': None, 'duration_ms': None, 'old_values': None, 'new_values': None, 'metadata': {'flow': 'email'}, 'error_message': 'Token invalid or expired', 'is_compliance': True, 'retention_days': 2555}
Traceback (most recent call last):
  File "C:\Users\fashi\OneDrive\Documenti\FASHIONISTAR_ANTAGRAVITY\fashionistar_backend\apps\audit_logs\tasks.py", line 48, in write_audit_event
    obj = AuditEventLog(**payload)
  File "C:\Users\fashi\OneDrive\Documenti\FASHIONISTAR_ANTAGRAVITY\fashionistar_backend\.venv\Lib\site-packages\django\db\models\base.py", line 590, in __init__
    raise TypeError(
    ...<2 lines>...
    )
TypeError: AuditEventLog() got unexpected keyword arguments: 'country_code', 'city'

During handling of the above exception, another exception occurred:

Traceback (most recent call last):
  File "C:\Users\fashi\OneDrive\Documenti\FASHIONISTAR_ANTAGRAVITY\fashionistar_backend\apps\audit_logs\services\audit.py", line 261, in _dispatch
    write_audit_event.apply_async(
    ~~~~~~~~~~~~~~~~~~~~~~~~~~~~~^
        kwargs={"payload": payload},
        ^^^^^^^^^^^^^^^^^^^^^^^^^^^^
        retry=False,
        ^^^^^^^^^^^^
        ignore_result=True,
        ^^^^^^^^^^^^^^^^^^^
    )
    ^
  File "C:\Users\fashi\OneDrive\Documenti\FASHIONISTAR_ANTAGRAVITY\fashionistar_backend\.venv\Lib\site-packages\celery\app\task.py", line 605, in apply_async
    return self.apply(args, kwargs, task_id=task_id or uuid(),
           ~~~~~~~~~~^^^^^^^^^^^^^^^^^^^^^^^^^^^^^^^^^^^^^^^^^
                      link=link, link_error=link_error, **options)
                      ^^^^^^^^^^^^^^^^^^^^^^^^^^^^^^^^^^^^^^^^^^^^
  File "C:\Users\fashi\OneDrive\Documenti\FASHIONISTAR_ANTAGRAVITY\fashionistar_backend\.venv\Lib\site-packages\celery\app\task.py", line 843, in apply
    ret = tracer(task_id, args, kwargs, request)
  File "C:\Users\fashi\OneDrive\Documenti\FASHIONISTAR_ANTAGRAVITY\fashionistar_backend\.venv\Lib\site-packages\celery\app\trace.py", line 494, in trace_task
    I, R, state, retval = on_error(
                          ~~~~~~~~^
        task_request, exc, RETRY, call_errbacks=False)
        ^^^^^^^^^^^^^^^^^^^^^^^^^^^^^^^^^^^^^^^^^^^^^^
  File "C:\Users\fashi\OneDrive\Documenti\FASHIONISTAR_ANTAGRAVITY\fashionistar_backend\.venv\Lib\site-packages\celery\app\trace.py", line 479, in trace_task
    R = retval = fun(*args, **kwargs)
                 ~~~^^^^^^^^^^^^^^^^^
  File "C:\Users\fashi\OneDrive\Documenti\FASHIONISTAR_ANTAGRAVITY\fashionistar_backend\apps\audit_logs\tasks.py", line 65, in write_audit_event
    raise self.retry(exc=exc)
          ~~~~~~~~~~^^^^^^^^^
  File "C:\Users\fashi\OneDrive\Documenti\FASHIONISTAR_ANTAGRAVITY\fashionistar_backend\.venv\Lib\site-packages\celery\app\task.py", line 763, in retry
    raise ret
celery.exceptions.Retry: Retry in 5s: TypeError("AuditEventLog() got unexpected keyword arguments: 'country_code', 'city'")

During handling of the above exception, another exception occurred:

Traceback (most recent call last):
  File "C:\Users\fashi\OneDrive\Documenti\FASHIONISTAR_ANTAGRAVITY\fashionistar_backend\apps\audit_logs\services\audit.py", line 275, in _write_sync
    obj = AuditEventLog(**payload)
  File "C:\Users\fashi\OneDrive\Documenti\FASHIONISTAR_ANTAGRAVITY\fashionistar_backend\.venv\Lib\site-packages\django\db\models\base.py", line 590, in __init__
    raise TypeError(
    ...<2 lines>...
    )
TypeError: AuditEventLog() got unexpected keyword arguments: 'country_code', 'city'
[ERROR   ] application \u2014 \u274c Password Confirm Error (Sync): Invalid or expired token.\n[WARNING ] application — [f276d2cb] PasswordResetConfirmEmail: failed — Invalid or expired token.
[INFO    ] security — SECURITY_AUDIT action=CLIENT_ERROR req=f41fb587-724e-41b8-94b2-4ca0a627dd5a device=fp:57efdd91ba75ee0012c0 session=- ip=127.0.0.1 method=POST path=/api/v1/password/reset-confirm/MDE5ZDIwYzUtNTFhNC03MDRkLWFlNWUtZjgxNDUyODQ5NjA4/d5yhrj-b2c690308564cd6c2c6c3c80676c51f3/ status=400 duration_ms=12.2 user_id=anonymous role=anonymous ua='-' referrer=-
[INFO    ] apps.common.middleware \u2014 [POST] /api/v1/password/reset-confirm/MDE5ZDIwYzUtNTFhNC03MDRkLWFlNWUtZjgxNDUyODQ5NjA4/d5yhrj-b2c690308564cd6c2c6c3c80676c51f3/ \u2192 400 in 12.5ms [req=f41fb587-724e-41b8-94b2-4ca0a627dd5a]\nPASSED                                                                   [ 63%]
------------------------------ live log teardown ------------------------------
[INFO    ] celery.app.trace — Task update_model_analytics_counter[6da2b9dc-6410-469d-bd3f-8af55f518fee] succeeded in 0.003256900003179908s: None
[INFO    ] application — EmailBackendConfig instance created via post_migrate signal.
[INFO    ] celery.app.trace — Task update_model_analytics_counter[f21c076f-414f-488f-9a7e-c0a6ac17816b] succeeded in 0.0024954999971669167s: None
[INFO    ] application — Default SMSBackendConfig instance created via post_migrate signal.

apps/authentication/tests/test_password_reset.py::TestPasswordResetConfirmEmail::test_atomic_rollback_on_weak_password 
-------------------------------- live log call --------------------------------
[INFO    ] apps.authentication.models — Saved UnifiedUser 019d20c5-5303-791c-afcf-49a28a495ddf [email] member_id=FASTAR000001
[INFO    ] celery.app.trace — Task update_model_analytics_counter[c60c65b6-895c-45de-afa0-3fcd1051f440] succeeded in 0.0020590999993146397s: None
[INFO    ] apps.authentication.managers \u2014 \u2705 Created user: email=pwreset@example.com\n[INFO    ] apps.authentication.models — Details updated for user: pwreset@example.com
[INFO    ] celery.app.trace — Task update_model_analytics_counter[f941bc89-aac6-4b09-83bd-8a77464d412d] succeeded in 0.0018158000020775944s: None
[INFO    ] apps.authentication.models — Saved UnifiedUser 019d20c5-5303-791c-afcf-49a28a495ddf [email] member_id=FASTAR000001
[INFO    ] application — [f7cc92a7] PasswordResetConfirmEmail: uidb64=MDE5ZDIwYzUtNTMwMy03OTFjLWFmY2YtNDlhMjhhNDk1ZGRm
[INFO    ] security — SECURITY_AUDIT action=CLIENT_ERROR req=6330d002-1dfa-4d92-aeeb-2c1bfdb24e7e device=fp:57efdd91ba75ee0012c0 session=- ip=127.0.0.1 method=POST path=/api/v1/password/reset-confirm/MDE5ZDIwYzUtNTMwMy03OTFjLWFmY2YtNDlhMjhhNDk1ZGRm/d5yhrk-bacb3765f9cb9611619f90e6eb8c51f7/ status=400 duration_ms=1.4 user_id=anonymous role=anonymous ua='-' referrer=-
[INFO    ] apps.common.middleware \u2014 [POST] /api/v1/password/reset-confirm/MDE5ZDIwYzUtNTMwMy03OTFjLWFmY2YtNDlhMjhhNDk1ZGRm/d5yhrk-bacb3765f9cb9611619f90e6eb8c51f7/ \u2192 400 in 1.9ms [req=6330d002-1dfa-4d92-aeeb-2c1bfdb24e7e]\nPASSED                                                                   [ 63%]
------------------------------ live log teardown ------------------------------
[INFO    ] celery.app.trace — Task update_model_analytics_counter[8273ddfd-c83c-4068-85ef-998682b89f1f] succeeded in 0.00210720000177389s: None
[INFO    ] application — EmailBackendConfig instance created via post_migrate signal.
[INFO    ] celery.app.trace — Task update_model_analytics_counter[24996329-dede-4951-a801-0164a00e3dcd] succeeded in 0.0021730000007664785s: None
[INFO    ] application — Default SMSBackendConfig instance created via post_migrate signal.

apps/authentication/tests/test_password_reset.py::TestPasswordResetConfirmEmail::test_race_condition_same_token_two_threads 
-------------------------------- live log call --------------------------------
[INFO    ] apps.authentication.models — Saved UnifiedUser 019d20c5-53f1-7918-8a81-30b8882524fb [email] member_id=FASTAR000001
[INFO    ] celery.app.trace — Task update_model_analytics_counter[37a4ca96-3f3f-4e10-be81-fd674927b4a8] succeeded in 0.004582100002153311s: None
[INFO    ] apps.authentication.managers \u2014 \u2705 Created user: email=pwreset@example.com\n[INFO    ] apps.authentication.models — Details updated for user: pwreset@example.com
[INFO    ] celery.app.trace — Task update_model_analytics_counter[2c4a51b0-bfb1-4677-a46e-4852b4704430] succeeded in 0.0016770000001997687s: None
[INFO    ] apps.authentication.models — Saved UnifiedUser 019d20c5-53f1-7918-8a81-30b8882524fb [email] member_id=FASTAR000001
[INFO    ] application — [b7dfec1a] PasswordResetConfirmEmail: uidb64=MDE5ZDIwYzUtNTNmMS03OTE4LThhODEtMzBiODg4MjUyNGZi
[INFO    ] application — [5888eb49] PasswordResetConfirmEmail: uidb64=MDE5ZDIwYzUtNTNmMS03OTE4LThhODEtMzBiODg4MjUyNGZi
[INFO    ] apps.authentication.models — Details updated for user: pwreset@example.com
[ERROR   ] application \u2014 \u274c Password Confirm Error (Sync): database table is locked: authentication_unifieduser\n[WARNING ] application — [b7dfec1a] PasswordResetConfirmEmail: failed — database table is locked: authentication_unifieduser
[INFO    ] security — SECURITY_AUDIT action=CLIENT_ERROR req=6387c56a-12c9-40d4-92d7-0487240b297c device=fp:57efdd91ba75ee0012c0 session=- ip=127.0.0.1 method=POST path=/api/v1/password/reset-confirm/MDE5ZDIwYzUtNTNmMS03OTE4LThhODEtMzBiODg4MjUyNGZi/d5yhrk-eaecc4472d22fb037405153638a09a0d/ status=400 duration_ms=107.8 user_id=anonymous role=anonymous ua='-' referrer=-
[INFO    ] apps.authentication.models — Details updated for user: pwreset@example.com
[INFO    ] apps.common.middleware \u2014 [POST] /api/v1/password/reset-confirm/MDE5ZDIwYzUtNTNmMS03OTE4LThhODEtMzBiODg4MjUyNGZi/d5yhrk-eaecc4472d22fb037405153638a09a0d/ \u2192 400 in 108.4ms [req=6387c56a-12c9-40d4-92d7-0487240b297c]\n[INFO    ] apps.authentication.models — Saved UnifiedUser 019d20c5-53f1-7918-8a81-30b8882524fb [email] member_id=FASTAR000001
[INFO    ] celery.app.trace — Task update_model_analytics_counter[7638a354-efdd-43e3-9e43-69ea818d2383] succeeded in 0.03808529999514576s: None
[WARNING ] apps.audit_logs.tasks — write_audit_event failed (attempt 1/3): AuditEventLog() got unexpected keyword arguments: 'country_code', 'city' — event_type=password_reset_done
[ERROR   ] apps.audit_logs.services.audit — AuditService._write_sync() failed for payload={'event_type': EventType.PASSWORD_RESET_DONE, 'event_category': EventCategory.SECURITY, 'severity': 'info', 'action': 'Password reset completed successfully', 'actor_email': 'pwreset@example.com', 'ip_address': '127.0.0.1', 'user_agent': None, 'device_type': None, 'browser_family': None, 'os_family': None, 'country': None, 'country_code': None, 'city': None, 'resource_type': 'UnifiedUser', 'resource_id': '019d20c5-53f1-7918-8a81-30b8882524fb', 'request_method': 'POST', 'request_path': '/api/v1/password/reset-confirm/MDE5ZDIwYzUtNTNmMS03OTE4LThhODEtMzBiODg4MjUyNGZi/d5yhrk-eaecc4472d22fb037405153638a09a0d/', 'response_status': None, 'duration_ms': None, 'old_values': None, 'new_values': None, 'metadata': {'flow': 'email'}, 'error_message': None, 'is_compliance': True, 'retention_days': 2555}
Traceback (most recent call last):
  File "C:\Users\fashi\OneDrive\Documenti\FASHIONISTAR_ANTAGRAVITY\fashionistar_backend\apps\audit_logs\tasks.py", line 48, in write_audit_event
    obj = AuditEventLog(**payload)
  File "C:\Users\fashi\OneDrive\Documenti\FASHIONISTAR_ANTAGRAVITY\fashionistar_backend\.venv\Lib\site-packages\django\db\models\base.py", line 590, in __init__
    raise TypeError(
    ...<2 lines>...
    )
TypeError: AuditEventLog() got unexpected keyword arguments: 'country_code', 'city'

During handling of the above exception, another exception occurred:

Traceback (most recent call last):
  File "C:\Users\fashi\OneDrive\Documenti\FASHIONISTAR_ANTAGRAVITY\fashionistar_backend\apps\audit_logs\services\audit.py", line 261, in _dispatch
    write_audit_event.apply_async(
    ~~~~~~~~~~~~~~~~~~~~~~~~~~~~~^
        kwargs={"payload": payload},
        ^^^^^^^^^^^^^^^^^^^^^^^^^^^^
        retry=False,
        ^^^^^^^^^^^^
        ignore_result=True,
        ^^^^^^^^^^^^^^^^^^^
    )
    ^
  File "C:\Users\fashi\OneDrive\Documenti\FASHIONISTAR_ANTAGRAVITY\fashionistar_backend\.venv\Lib\site-packages\celery\app\task.py", line 605, in apply_async
    return self.apply(args, kwargs, task_id=task_id or uuid(),
           ~~~~~~~~~~^^^^^^^^^^^^^^^^^^^^^^^^^^^^^^^^^^^^^^^^^
                      link=link, link_error=link_error, **options)
                      ^^^^^^^^^^^^^^^^^^^^^^^^^^^^^^^^^^^^^^^^^^^^
  File "C:\Users\fashi\OneDrive\Documenti\FASHIONISTAR_ANTAGRAVITY\fashionistar_backend\.venv\Lib\site-packages\celery\app\task.py", line 843, in apply
    ret = tracer(task_id, args, kwargs, request)
  File "C:\Users\fashi\OneDrive\Documenti\FASHIONISTAR_ANTAGRAVITY\fashionistar_backend\.venv\Lib\site-packages\celery\app\trace.py", line 494, in trace_task
    I, R, state, retval = on_error(
                          ~~~~~~~~^
        task_request, exc, RETRY, call_errbacks=False)
        ^^^^^^^^^^^^^^^^^^^^^^^^^^^^^^^^^^^^^^^^^^^^^^
  File "C:\Users\fashi\OneDrive\Documenti\FASHIONISTAR_ANTAGRAVITY\fashionistar_backend\.venv\Lib\site-packages\celery\app\trace.py", line 479, in trace_task
    R = retval = fun(*args, **kwargs)
                 ~~~^^^^^^^^^^^^^^^^^
  File "C:\Users\fashi\OneDrive\Documenti\FASHIONISTAR_ANTAGRAVITY\fashionistar_backend\apps\audit_logs\tasks.py", line 65, in write_audit_event
    raise self.retry(exc=exc)
          ~~~~~~~~~~^^^^^^^^^
  File "C:\Users\fashi\OneDrive\Documenti\FASHIONISTAR_ANTAGRAVITY\fashionistar_backend\.venv\Lib\site-packages\celery\app\task.py", line 763, in retry
    raise ret
celery.exceptions.Retry: Retry in 5s: TypeError("AuditEventLog() got unexpected keyword arguments: 'country_code', 'city'")

During handling of the above exception, another exception occurred:

Traceback (most recent call last):
  File "C:\Users\fashi\OneDrive\Documenti\FASHIONISTAR_ANTAGRAVITY\fashionistar_backend\apps\audit_logs\services\audit.py", line 275, in _write_sync
    obj = AuditEventLog(**payload)
  File "C:\Users\fashi\OneDrive\Documenti\FASHIONISTAR_ANTAGRAVITY\fashionistar_backend\.venv\Lib\site-packages\django\db\models\base.py", line 590, in __init__
    raise TypeError(
    ...<2 lines>...
    )
TypeError: AuditEventLog() got unexpected keyword arguments: 'country_code', 'city'
[INFO    ] application \u2014 \u2705 Password reset successful for User 019d20c5-53f1-7918-8a81-30b8882524fb\n[INFO    ] application — [5888eb49] PasswordResetConfirmEmail: success
[WARNING ] apps.audit_logs.tasks — write_audit_event failed (attempt 1/3): AuditEventLog() got unexpected keyword arguments: 'country_code', 'city' — event_type=password_reset_done
[ERROR   ] apps.audit_logs.services.audit — AuditService._write_sync() failed for payload={'event_type': EventType.PASSWORD_RESET_DONE, 'event_category': EventCategory.SECURITY, 'severity': SeverityLevel.INFO, 'action': 'Password reset completed via email magic link', 'actor_email': None, 'ip_address': '127.0.0.1', 'user_agent': None, 'device_type': None, 'browser_family': None, 'os_family': None, 'country': None, 'country_code': None, 'city': None, 'resource_type': None, 'resource_id': None, 'request_method': 'POST', 'request_path': '/api/v1/password/reset-confirm/MDE5ZDIwYzUtNTNmMS03OTE4LThhODEtMzBiODg4MjUyNGZi/d5yhrk-eaecc4472d22fb037405153638a09a0d/', 'response_status': None, 'duration_ms': None, 'old_values': None, 'new_values': None, 'metadata': {'method': 'email', 'uidb64': 'MDE5ZDIwYzUtNTNmMS03OTE4LThhODEtMzBiODg4MjUyNGZi', 'request_id': '5888eb49'}, 'error_message': None, 'is_compliance': True, 'retention_days': 2555}
Traceback (most recent call last):
  File "C:\Users\fashi\OneDrive\Documenti\FASHIONISTAR_ANTAGRAVITY\fashionistar_backend\apps\audit_logs\tasks.py", line 48, in write_audit_event
    obj = AuditEventLog(**payload)
  File "C:\Users\fashi\OneDrive\Documenti\FASHIONISTAR_ANTAGRAVITY\fashionistar_backend\.venv\Lib\site-packages\django\db\models\base.py", line 590, in __init__
    raise TypeError(
    ...<2 lines>...
    )
TypeError: AuditEventLog() got unexpected keyword arguments: 'country_code', 'city'

During handling of the above exception, another exception occurred:

Traceback (most recent call last):
  File "C:\Users\fashi\OneDrive\Documenti\FASHIONISTAR_ANTAGRAVITY\fashionistar_backend\apps\audit_logs\services\audit.py", line 261, in _dispatch
    write_audit_event.apply_async(
    ~~~~~~~~~~~~~~~~~~~~~~~~~~~~~^
        kwargs={"payload": payload},
        ^^^^^^^^^^^^^^^^^^^^^^^^^^^^
        retry=False,
        ^^^^^^^^^^^^
        ignore_result=True,
        ^^^^^^^^^^^^^^^^^^^
    )
    ^
  File "C:\Users\fashi\OneDrive\Documenti\FASHIONISTAR_ANTAGRAVITY\fashionistar_backend\.venv\Lib\site-packages\celery\app\task.py", line 605, in apply_async
    return self.apply(args, kwargs, task_id=task_id or uuid(),
           ~~~~~~~~~~^^^^^^^^^^^^^^^^^^^^^^^^^^^^^^^^^^^^^^^^^
                      link=link, link_error=link_error, **options)
                      ^^^^^^^^^^^^^^^^^^^^^^^^^^^^^^^^^^^^^^^^^^^^
  File "C:\Users\fashi\OneDrive\Documenti\FASHIONISTAR_ANTAGRAVITY\fashionistar_backend\.venv\Lib\site-packages\celery\app\task.py", line 843, in apply
    ret = tracer(task_id, args, kwargs, request)
  File "C:\Users\fashi\OneDrive\Documenti\FASHIONISTAR_ANTAGRAVITY\fashionistar_backend\.venv\Lib\site-packages\celery\app\trace.py", line 494, in trace_task
    I, R, state, retval = on_error(
                          ~~~~~~~~^
        task_request, exc, RETRY, call_errbacks=False)
        ^^^^^^^^^^^^^^^^^^^^^^^^^^^^^^^^^^^^^^^^^^^^^^
  File "C:\Users\fashi\OneDrive\Documenti\FASHIONISTAR_ANTAGRAVITY\fashionistar_backend\.venv\Lib\site-packages\celery\app\trace.py", line 479, in trace_task
    R = retval = fun(*args, **kwargs)
                 ~~~^^^^^^^^^^^^^^^^^
  File "C:\Users\fashi\OneDrive\Documenti\FASHIONISTAR_ANTAGRAVITY\fashionistar_backend\apps\audit_logs\tasks.py", line 65, in write_audit_event
    raise self.retry(exc=exc)
          ~~~~~~~~~~^^^^^^^^^
  File "C:\Users\fashi\OneDrive\Documenti\FASHIONISTAR_ANTAGRAVITY\fashionistar_backend\.venv\Lib\site-packages\celery\app\task.py", line 763, in retry
    raise ret
celery.exceptions.Retry: Retry in 5s: TypeError("AuditEventLog() got unexpected keyword arguments: 'country_code', 'city'")

During handling of the above exception, another exception occurred:

Traceback (most recent call last):
  File "C:\Users\fashi\OneDrive\Documenti\FASHIONISTAR_ANTAGRAVITY\fashionistar_backend\apps\audit_logs\services\audit.py", line 275, in _write_sync
    obj = AuditEventLog(**payload)
  File "C:\Users\fashi\OneDrive\Documenti\FASHIONISTAR_ANTAGRAVITY\fashionistar_backend\.venv\Lib\site-packages\django\db\models\base.py", line 590, in __init__
    raise TypeError(
    ...<2 lines>...
    )
TypeError: AuditEventLog() got unexpected keyword arguments: 'country_code', 'city'
[INFO    ] security — SECURITY_AUDIT action=REQUEST req=91893814-5f1e-4d8a-a2c5-1b9f43bbd4b1 device=fp:57efdd91ba75ee0012c0 session=- ip=127.0.0.1 method=POST path=/api/v1/password/reset-confirm/MDE5ZDIwYzUtNTNmMS03OTE4LThhODEtMzBiODg4MjUyNGZi/d5yhrk-eaecc4472d22fb037405153638a09a0d/ status=200 duration_ms=75.0 user_id=anonymous role=anonymous ua='-' referrer=-
[INFO    ] apps.common.middleware \u2014 [POST] /api/v1/password/reset-confirm/MDE5ZDIwYzUtNTNmMS03OTE4LThhODEtMzBiODg4MjUyNGZi/d5yhrk-eaecc4472d22fb037405153638a09a0d/ \u2192 200 in 75.4ms [req=91893814-5f1e-4d8a-a2c5-1b9f43bbd4b1]\nPASSED                                                                   [ 64%]
------------------------------ live log teardown ------------------------------
[INFO    ] celery.app.trace — Task update_model_analytics_counter[f72b6742-dbe3-458c-a9f3-02583c428dcc] succeeded in 0.0036018000027979724s: None
[INFO    ] application — EmailBackendConfig instance created via post_migrate signal.
[INFO    ] celery.app.trace — Task update_model_analytics_counter[3bea90a0-3fea-4e46-ab5b-8f142ab41ef3] succeeded in 0.00236389999918174s: None
[INFO    ] application — Default SMSBackendConfig instance created via post_migrate signal.

apps/authentication/tests/test_password_reset.py::TestPasswordResetConfirmPhone::test_valid_otp_resets_password 
-------------------------------- live log call --------------------------------
[INFO    ] apps.authentication.models — Saved UnifiedUser 019d20c5-55b6-7b61-85b8-0786baada7ec [phone] member_id=FASTAR000001
[INFO    ] celery.app.trace — Task update_model_analytics_counter[724d1a09-76d4-40bd-b3f9-9115a3a6b1ae] succeeded in 0.0021352999974624254s: None
[INFO    ] apps.authentication.managers \u2014 \u2705 Created user: email=+2348012345678\n[INFO    ] apps.authentication.models — Details updated for user: +234 801 234 5678
[INFO    ] celery.app.trace — Task update_model_analytics_counter[6c7920f5-2d8d-421f-9ad6-f48d8ee7c641] succeeded in 0.0011435999986133538s: None
[INFO    ] apps.authentication.models — Saved UnifiedUser 019d20c5-55b6-7b61-85b8-0786baada7ec [phone] member_id=FASTAR000001
[INFO    ] application — [9d267afa] PasswordResetConfirmPhone: start
[INFO    ] apps.authentication.models — Details updated for user: +234 801 234 5678
[INFO    ] apps.authentication.models — Saved UnifiedUser 019d20c5-55b6-7b61-85b8-0786baada7ec [phone] member_id=FASTAR000001
[INFO    ] celery.app.trace — Task update_model_analytics_counter[76eef701-4797-410f-a0f7-09571180f269] succeeded in 0.0015602000057697296s: None
[WARNING ] apps.audit_logs.tasks — write_audit_event failed (attempt 1/3): AuditEventLog() got unexpected keyword arguments: 'country_code', 'city' — event_type=password_reset_done
[ERROR   ] apps.audit_logs.services.audit — AuditService._write_sync() failed for payload={'event_type': EventType.PASSWORD_RESET_DONE, 'event_category': EventCategory.SECURITY, 'severity': 'info', 'action': 'Password reset completed successfully', 'actor_email': None, 'ip_address': '127.0.0.1', 'user_agent': None, 'device_type': None, 'browser_family': None, 'os_family': None, 'country': None, 'country_code': None, 'city': None, 'resource_type': 'UnifiedUser', 'resource_id': '019d20c5-55b6-7b61-85b8-0786baada7ec', 'request_method': 'POST', 'request_path': '/api/v1/password/reset-phone-confirm/', 'response_status': None, 'duration_ms': None, 'old_values': None, 'new_values': None, 'metadata': {'flow': 'phone'}, 'error_message': None, 'is_compliance': True, 'retention_days': 2555}
Traceback (most recent call last):
  File "C:\Users\fashi\OneDrive\Documenti\FASHIONISTAR_ANTAGRAVITY\fashionistar_backend\apps\audit_logs\tasks.py", line 48, in write_audit_event
    obj = AuditEventLog(**payload)
  File "C:\Users\fashi\OneDrive\Documenti\FASHIONISTAR_ANTAGRAVITY\fashionistar_backend\.venv\Lib\site-packages\django\db\models\base.py", line 590, in __init__
    raise TypeError(
    ...<2 lines>...
    )
TypeError: AuditEventLog() got unexpected keyword arguments: 'country_code', 'city'

During handling of the above exception, another exception occurred:

Traceback (most recent call last):
  File "C:\Users\fashi\OneDrive\Documenti\FASHIONISTAR_ANTAGRAVITY\fashionistar_backend\apps\audit_logs\services\audit.py", line 261, in _dispatch
    write_audit_event.apply_async(
    ~~~~~~~~~~~~~~~~~~~~~~~~~~~~~^
        kwargs={"payload": payload},
        ^^^^^^^^^^^^^^^^^^^^^^^^^^^^
        retry=False,
        ^^^^^^^^^^^^
        ignore_result=True,
        ^^^^^^^^^^^^^^^^^^^
    )
    ^
  File "C:\Users\fashi\OneDrive\Documenti\FASHIONISTAR_ANTAGRAVITY\fashionistar_backend\.venv\Lib\site-packages\celery\app\task.py", line 605, in apply_async
    return self.apply(args, kwargs, task_id=task_id or uuid(),
           ~~~~~~~~~~^^^^^^^^^^^^^^^^^^^^^^^^^^^^^^^^^^^^^^^^^
                      link=link, link_error=link_error, **options)
                      ^^^^^^^^^^^^^^^^^^^^^^^^^^^^^^^^^^^^^^^^^^^^
  File "C:\Users\fashi\OneDrive\Documenti\FASHIONISTAR_ANTAGRAVITY\fashionistar_backend\.venv\Lib\site-packages\celery\app\task.py", line 843, in apply
    ret = tracer(task_id, args, kwargs, request)
  File "C:\Users\fashi\OneDrive\Documenti\FASHIONISTAR_ANTAGRAVITY\fashionistar_backend\.venv\Lib\site-packages\celery\app\trace.py", line 494, in trace_task
    I, R, state, retval = on_error(
                          ~~~~~~~~^
        task_request, exc, RETRY, call_errbacks=False)
        ^^^^^^^^^^^^^^^^^^^^^^^^^^^^^^^^^^^^^^^^^^^^^^
  File "C:\Users\fashi\OneDrive\Documenti\FASHIONISTAR_ANTAGRAVITY\fashionistar_backend\.venv\Lib\site-packages\celery\app\trace.py", line 479, in trace_task
    R = retval = fun(*args, **kwargs)
                 ~~~^^^^^^^^^^^^^^^^^
  File "C:\Users\fashi\OneDrive\Documenti\FASHIONISTAR_ANTAGRAVITY\fashionistar_backend\apps\audit_logs\tasks.py", line 65, in write_audit_event
    raise self.retry(exc=exc)
          ~~~~~~~~~~^^^^^^^^^
  File "C:\Users\fashi\OneDrive\Documenti\FASHIONISTAR_ANTAGRAVITY\fashionistar_backend\.venv\Lib\site-packages\celery\app\task.py", line 763, in retry
    raise ret
celery.exceptions.Retry: Retry in 5s: TypeError("AuditEventLog() got unexpected keyword arguments: 'country_code', 'city'")

During handling of the above exception, another exception occurred:

Traceback (most recent call last):
  File "C:\Users\fashi\OneDrive\Documenti\FASHIONISTAR_ANTAGRAVITY\fashionistar_backend\apps\audit_logs\services\audit.py", line 275, in _write_sync
    obj = AuditEventLog(**payload)
  File "C:\Users\fashi\OneDrive\Documenti\FASHIONISTAR_ANTAGRAVITY\fashionistar_backend\.venv\Lib\site-packages\django\db\models\base.py", line 590, in __init__
    raise TypeError(
    ...<2 lines>...
    )
TypeError: AuditEventLog() got unexpected keyword arguments: 'country_code', 'city'
[INFO    ] application \u2014 \u2705 Password reset successful for User 019d20c5-55b6-7b61-85b8-0786baada7ec\n[INFO    ] application — [9d267afa] PasswordResetConfirmPhone: success
[WARNING ] apps.audit_logs.tasks — write_audit_event failed (attempt 1/3): AuditEventLog() got unexpected keyword arguments: 'country_code', 'city' — event_type=password_reset_done
[ERROR   ] apps.audit_logs.services.audit — AuditService._write_sync() failed for payload={'event_type': EventType.PASSWORD_RESET_DONE, 'event_category': EventCategory.SECURITY, 'severity': SeverityLevel.INFO, 'action': 'Password reset completed via phone OTP', 'actor_email': None, 'ip_address': '127.0.0.1', 'user_agent': None, 'device_type': None, 'browser_family': None, 'os_family': None, 'country': None, 'country_code': None, 'city': None, 'resource_type': None, 'resource_id': None, 'request_method': 'POST', 'request_path': '/api/v1/password/reset-phone-confirm/', 'response_status': None, 'duration_ms': None, 'old_values': None, 'new_values': None, 'metadata': {'method': 'phone', 'request_id': '9d267afa'}, 'error_message': None, 'is_compliance': True, 'retention_days': 2555}
Traceback (most recent call last):
  File "C:\Users\fashi\OneDrive\Documenti\FASHIONISTAR_ANTAGRAVITY\fashionistar_backend\apps\audit_logs\tasks.py", line 48, in write_audit_event
    obj = AuditEventLog(**payload)
  File "C:\Users\fashi\OneDrive\Documenti\FASHIONISTAR_ANTAGRAVITY\fashionistar_backend\.venv\Lib\site-packages\django\db\models\base.py", line 590, in __init__
    raise TypeError(
    ...<2 lines>...
    )
TypeError: AuditEventLog() got unexpected keyword arguments: 'country_code', 'city'

During handling of the above exception, another exception occurred:

Traceback (most recent call last):
  File "C:\Users\fashi\OneDrive\Documenti\FASHIONISTAR_ANTAGRAVITY\fashionistar_backend\apps\audit_logs\services\audit.py", line 261, in _dispatch
    write_audit_event.apply_async(
    ~~~~~~~~~~~~~~~~~~~~~~~~~~~~~^
        kwargs={"payload": payload},
        ^^^^^^^^^^^^^^^^^^^^^^^^^^^^
        retry=False,
        ^^^^^^^^^^^^
        ignore_result=True,
        ^^^^^^^^^^^^^^^^^^^
    )
    ^
  File "C:\Users\fashi\OneDrive\Documenti\FASHIONISTAR_ANTAGRAVITY\fashionistar_backend\.venv\Lib\site-packages\celery\app\task.py", line 605, in apply_async
    return self.apply(args, kwargs, task_id=task_id or uuid(),
           ~~~~~~~~~~^^^^^^^^^^^^^^^^^^^^^^^^^^^^^^^^^^^^^^^^^
                      link=link, link_error=link_error, **options)
                      ^^^^^^^^^^^^^^^^^^^^^^^^^^^^^^^^^^^^^^^^^^^^
  File "C:\Users\fashi\OneDrive\Documenti\FASHIONISTAR_ANTAGRAVITY\fashionistar_backend\.venv\Lib\site-packages\celery\app\task.py", line 843, in apply
    ret = tracer(task_id, args, kwargs, request)
  File "C:\Users\fashi\OneDrive\Documenti\FASHIONISTAR_ANTAGRAVITY\fashionistar_backend\.venv\Lib\site-packages\celery\app\trace.py", line 494, in trace_task
    I, R, state, retval = on_error(
                          ~~~~~~~~^
        task_request, exc, RETRY, call_errbacks=False)
        ^^^^^^^^^^^^^^^^^^^^^^^^^^^^^^^^^^^^^^^^^^^^^^
  File "C:\Users\fashi\OneDrive\Documenti\FASHIONISTAR_ANTAGRAVITY\fashionistar_backend\.venv\Lib\site-packages\celery\app\trace.py", line 479, in trace_task
    R = retval = fun(*args, **kwargs)
                 ~~~^^^^^^^^^^^^^^^^^
  File "C:\Users\fashi\OneDrive\Documenti\FASHIONISTAR_ANTAGRAVITY\fashionistar_backend\apps\audit_logs\tasks.py", line 65, in write_audit_event
    raise self.retry(exc=exc)
          ~~~~~~~~~~^^^^^^^^^
  File "C:\Users\fashi\OneDrive\Documenti\FASHIONISTAR_ANTAGRAVITY\fashionistar_backend\.venv\Lib\site-packages\celery\app\task.py", line 763, in retry
    raise ret
celery.exceptions.Retry: Retry in 5s: TypeError("AuditEventLog() got unexpected keyword arguments: 'country_code', 'city'")

During handling of the above exception, another exception occurred:

Traceback (most recent call last):
  File "C:\Users\fashi\OneDrive\Documenti\FASHIONISTAR_ANTAGRAVITY\fashionistar_backend\apps\audit_logs\services\audit.py", line 275, in _write_sync
    obj = AuditEventLog(**payload)
  File "C:\Users\fashi\OneDrive\Documenti\FASHIONISTAR_ANTAGRAVITY\fashionistar_backend\.venv\Lib\site-packages\django\db\models\base.py", line 590, in __init__
    raise TypeError(
    ...<2 lines>...
    )
TypeError: AuditEventLog() got unexpected keyword arguments: 'country_code', 'city'
[INFO    ] security — SECURITY_AUDIT action=REQUEST req=e6351649-35e6-4579-90c7-19b72cb90e8a device=fp:57efdd91ba75ee0012c0 session=- ip=127.0.0.1 method=POST path=/api/v1/password/reset-phone-confirm/ status=200 duration_ms=29.4 user_id=anonymous role=anonymous ua='-' referrer=-
[INFO    ] apps.common.middleware \u2014 [POST] /api/v1/password/reset-phone-confirm/ \u2192 200 in 29.6ms [req=e6351649-35e6-4579-90c7-19b72cb90e8a]\nPASSED                                                                   [ 65%]
------------------------------ live log teardown ------------------------------
[INFO    ] celery.app.trace — Task update_model_analytics_counter[018dad7a-54a6-42a6-ab7d-d7889f06a93c] succeeded in 0.0018827000021701679s: None
[INFO    ] application — EmailBackendConfig instance created via post_migrate signal.
[INFO    ] celery.app.trace — Task update_model_analytics_counter[82adc420-9baf-4578-a6f1-1f6cbc83bcb4] succeeded in 0.0016612999970675446s: None
[INFO    ] application — Default SMSBackendConfig instance created via post_migrate signal.

apps/authentication/tests/test_password_reset.py::TestPasswordResetConfirmPhone::test_phone_field_NOT_required 
-------------------------------- live log call --------------------------------
[INFO    ] application — [43f2bd39] PasswordResetConfirmPhone: start
[WARNING ] apps.audit_logs.tasks — write_audit_event failed (attempt 1/3): AuditEventLog() got unexpected keyword arguments: 'country_code', 'city' — event_type=password_reset_done
[ERROR   ] apps.audit_logs.services.audit — AuditService._write_sync() failed for payload={'event_type': EventType.PASSWORD_RESET_DONE, 'event_category': EventCategory.SECURITY, 'severity': 'warning', 'action': 'Password reset failed — invalid or expired OTP', 'actor_email': None, 'ip_address': '127.0.0.1', 'user_agent': None, 'device_type': None, 'browser_family': None, 'os_family': None, 'country': None, 'country_code': None, 'city': None, 'resource_type': 'UnifiedUser', 'resource_id': None, 'request_method': 'POST', 'request_path': '/api/v1/password/reset-phone-confirm/', 'response_status': None, 'duration_ms': None, 'old_values': None, 'new_values': None, 'metadata': {'flow': 'phone'}, 'error_message': 'OTP invalid or expired', 'is_compliance': True, 'retention_days': 2555}
Traceback (most recent call last):
  File "C:\Users\fashi\OneDrive\Documenti\FASHIONISTAR_ANTAGRAVITY\fashionistar_backend\apps\audit_logs\tasks.py", line 48, in write_audit_event
    obj = AuditEventLog(**payload)
  File "C:\Users\fashi\OneDrive\Documenti\FASHIONISTAR_ANTAGRAVITY\fashionistar_backend\.venv\Lib\site-packages\django\db\models\base.py", line 590, in __init__
    raise TypeError(
    ...<2 lines>...
    )
TypeError: AuditEventLog() got unexpected keyword arguments: 'country_code', 'city'

During handling of the above exception, another exception occurred:

Traceback (most recent call last):
  File "C:\Users\fashi\OneDrive\Documenti\FASHIONISTAR_ANTAGRAVITY\fashionistar_backend\apps\audit_logs\services\audit.py", line 261, in _dispatch
    write_audit_event.apply_async(
    ~~~~~~~~~~~~~~~~~~~~~~~~~~~~~^
        kwargs={"payload": payload},
        ^^^^^^^^^^^^^^^^^^^^^^^^^^^^
        retry=False,
        ^^^^^^^^^^^^
        ignore_result=True,
        ^^^^^^^^^^^^^^^^^^^
    )
    ^
  File "C:\Users\fashi\OneDrive\Documenti\FASHIONISTAR_ANTAGRAVITY\fashionistar_backend\.venv\Lib\site-packages\celery\app\task.py", line 605, in apply_async
    return self.apply(args, kwargs, task_id=task_id or uuid(),
           ~~~~~~~~~~^^^^^^^^^^^^^^^^^^^^^^^^^^^^^^^^^^^^^^^^^
                      link=link, link_error=link_error, **options)
                      ^^^^^^^^^^^^^^^^^^^^^^^^^^^^^^^^^^^^^^^^^^^^
  File "C:\Users\fashi\OneDrive\Documenti\FASHIONISTAR_ANTAGRAVITY\fashionistar_backend\.venv\Lib\site-packages\celery\app\task.py", line 843, in apply
    ret = tracer(task_id, args, kwargs, request)
  File "C:\Users\fashi\OneDrive\Documenti\FASHIONISTAR_ANTAGRAVITY\fashionistar_backend\.venv\Lib\site-packages\celery\app\trace.py", line 494, in trace_task
    I, R, state, retval = on_error(
                          ~~~~~~~~^
        task_request, exc, RETRY, call_errbacks=False)
        ^^^^^^^^^^^^^^^^^^^^^^^^^^^^^^^^^^^^^^^^^^^^^^
  File "C:\Users\fashi\OneDrive\Documenti\FASHIONISTAR_ANTAGRAVITY\fashionistar_backend\.venv\Lib\site-packages\celery\app\trace.py", line 479, in trace_task
    R = retval = fun(*args, **kwargs)
                 ~~~^^^^^^^^^^^^^^^^^
  File "C:\Users\fashi\OneDrive\Documenti\FASHIONISTAR_ANTAGRAVITY\fashionistar_backend\apps\audit_logs\tasks.py", line 65, in write_audit_event
    raise self.retry(exc=exc)
          ~~~~~~~~~~^^^^^^^^^
  File "C:\Users\fashi\OneDrive\Documenti\FASHIONISTAR_ANTAGRAVITY\fashionistar_backend\.venv\Lib\site-packages\celery\app\task.py", line 763, in retry
    raise ret
celery.exceptions.Retry: Retry in 5s: TypeError("AuditEventLog() got unexpected keyword arguments: 'country_code', 'city'")

During handling of the above exception, another exception occurred:

Traceback (most recent call last):
  File "C:\Users\fashi\OneDrive\Documenti\FASHIONISTAR_ANTAGRAVITY\fashionistar_backend\apps\audit_logs\services\audit.py", line 275, in _write_sync
    obj = AuditEventLog(**payload)
  File "C:\Users\fashi\OneDrive\Documenti\FASHIONISTAR_ANTAGRAVITY\fashionistar_backend\.venv\Lib\site-packages\django\db\models\base.py", line 590, in __init__
    raise TypeError(
    ...<2 lines>...
    )
TypeError: AuditEventLog() got unexpected keyword arguments: 'country_code', 'city'
[ERROR   ] application \u2014 \u274c Password Confirm Error (Sync): Invalid or expired OTP.\n[WARNING ] application — [43f2bd39] PasswordResetConfirmPhone: failed — Invalid or expired OTP.
[INFO    ] security — SECURITY_AUDIT action=CLIENT_ERROR req=ac46cbd0-6cea-4b85-bb9a-6ee4bef0516f device=fp:57efdd91ba75ee0012c0 session=- ip=127.0.0.1 method=POST path=/api/v1/password/reset-phone-confirm/ status=400 duration_ms=25.8 user_id=anonymous role=anonymous ua='-' referrer=-
[INFO    ] apps.common.middleware \u2014 [POST] /api/v1/password/reset-phone-confirm/ \u2192 400 in 26.8ms [req=ac46cbd0-6cea-4b85-bb9a-6ee4bef0516f]\nPASSED                                                                   [ 65%]
------------------------------ live log teardown ------------------------------
[INFO    ] celery.app.trace — Task update_model_analytics_counter[cfc628d5-208c-4dd6-a68d-e19348972ad1] succeeded in 0.007906200000434183s: None
[INFO    ] application — EmailBackendConfig instance created via post_migrate signal.
[INFO    ] celery.app.trace — Task update_model_analytics_counter[8d9b7c10-5a5a-4125-b8b2-7bebf1c78c4c] succeeded in 0.006359599996358156s: None
[INFO    ] application — Default SMSBackendConfig instance created via post_migrate signal.

apps/authentication/tests/test_password_reset.py::TestPasswordResetConfirmPhone::test_invalid_otp_returns_400_invalid_otp_code 
-------------------------------- live log call --------------------------------
[INFO    ] application — [eaa90fbd] PasswordResetConfirmPhone: start
[WARNING ] apps.audit_logs.tasks — write_audit_event failed (attempt 1/3): AuditEventLog() got unexpected keyword arguments: 'country_code', 'city' — event_type=password_reset_done
[ERROR   ] apps.audit_logs.services.audit — AuditService._write_sync() failed for payload={'event_type': EventType.PASSWORD_RESET_DONE, 'event_category': EventCategory.SECURITY, 'severity': 'warning', 'action': 'Password reset failed — invalid or expired OTP', 'actor_email': None, 'ip_address': '127.0.0.1', 'user_agent': None, 'device_type': None, 'browser_family': None, 'os_family': None, 'country': None, 'country_code': None, 'city': None, 'resource_type': 'UnifiedUser', 'resource_id': None, 'request_method': 'POST', 'request_path': '/api/v1/password/reset-phone-confirm/', 'response_status': None, 'duration_ms': None, 'old_values': None, 'new_values': None, 'metadata': {'flow': 'phone'}, 'error_message': 'OTP invalid or expired', 'is_compliance': True, 'retention_days': 2555}
Traceback (most recent call last):
  File "C:\Users\fashi\OneDrive\Documenti\FASHIONISTAR_ANTAGRAVITY\fashionistar_backend\apps\audit_logs\tasks.py", line 48, in write_audit_event
    obj = AuditEventLog(**payload)
  File "C:\Users\fashi\OneDrive\Documenti\FASHIONISTAR_ANTAGRAVITY\fashionistar_backend\.venv\Lib\site-packages\django\db\models\base.py", line 590, in __init__
    raise TypeError(
    ...<2 lines>...
    )
TypeError: AuditEventLog() got unexpected keyword arguments: 'country_code', 'city'

During handling of the above exception, another exception occurred:

Traceback (most recent call last):
  File "C:\Users\fashi\OneDrive\Documenti\FASHIONISTAR_ANTAGRAVITY\fashionistar_backend\apps\audit_logs\services\audit.py", line 261, in _dispatch
    write_audit_event.apply_async(
    ~~~~~~~~~~~~~~~~~~~~~~~~~~~~~^
        kwargs={"payload": payload},
        ^^^^^^^^^^^^^^^^^^^^^^^^^^^^
        retry=False,
        ^^^^^^^^^^^^
        ignore_result=True,
        ^^^^^^^^^^^^^^^^^^^
    )
    ^
  File "C:\Users\fashi\OneDrive\Documenti\FASHIONISTAR_ANTAGRAVITY\fashionistar_backend\.venv\Lib\site-packages\celery\app\task.py", line 605, in apply_async
    return self.apply(args, kwargs, task_id=task_id or uuid(),
           ~~~~~~~~~~^^^^^^^^^^^^^^^^^^^^^^^^^^^^^^^^^^^^^^^^^
                      link=link, link_error=link_error, **options)
                      ^^^^^^^^^^^^^^^^^^^^^^^^^^^^^^^^^^^^^^^^^^^^
  File "C:\Users\fashi\OneDrive\Documenti\FASHIONISTAR_ANTAGRAVITY\fashionistar_backend\.venv\Lib\site-packages\celery\app\task.py", line 843, in apply
    ret = tracer(task_id, args, kwargs, request)
  File "C:\Users\fashi\OneDrive\Documenti\FASHIONISTAR_ANTAGRAVITY\fashionistar_backend\.venv\Lib\site-packages\celery\app\trace.py", line 494, in trace_task
    I, R, state, retval = on_error(
                          ~~~~~~~~^
        task_request, exc, RETRY, call_errbacks=False)
        ^^^^^^^^^^^^^^^^^^^^^^^^^^^^^^^^^^^^^^^^^^^^^^
  File "C:\Users\fashi\OneDrive\Documenti\FASHIONISTAR_ANTAGRAVITY\fashionistar_backend\.venv\Lib\site-packages\celery\app\trace.py", line 479, in trace_task
    R = retval = fun(*args, **kwargs)
                 ~~~^^^^^^^^^^^^^^^^^
  File "C:\Users\fashi\OneDrive\Documenti\FASHIONISTAR_ANTAGRAVITY\fashionistar_backend\apps\audit_logs\tasks.py", line 65, in write_audit_event
    raise self.retry(exc=exc)
          ~~~~~~~~~~^^^^^^^^^
  File "C:\Users\fashi\OneDrive\Documenti\FASHIONISTAR_ANTAGRAVITY\fashionistar_backend\.venv\Lib\site-packages\celery\app\task.py", line 763, in retry
    raise ret
celery.exceptions.Retry: Retry in 5s: TypeError("AuditEventLog() got unexpected keyword arguments: 'country_code', 'city'")

During handling of the above exception, another exception occurred:

Traceback (most recent call last):
  File "C:\Users\fashi\OneDrive\Documenti\FASHIONISTAR_ANTAGRAVITY\fashionistar_backend\apps\audit_logs\services\audit.py", line 275, in _write_sync
    obj = AuditEventLog(**payload)
  File "C:\Users\fashi\OneDrive\Documenti\FASHIONISTAR_ANTAGRAVITY\fashionistar_backend\.venv\Lib\site-packages\django\db\models\base.py", line 590, in __init__
    raise TypeError(
    ...<2 lines>...
    )
TypeError: AuditEventLog() got unexpected keyword arguments: 'country_code', 'city'
[ERROR   ] application \u2014 \u274c Password Confirm Error (Sync): Invalid or expired OTP.\n[WARNING ] application — [eaa90fbd] PasswordResetConfirmPhone: failed — Invalid or expired OTP.
[INFO    ] security — SECURITY_AUDIT action=CLIENT_ERROR req=89688d58-d29d-4cf4-ad0f-ccccce31e266 device=fp:57efdd91ba75ee0012c0 session=- ip=127.0.0.1 method=POST path=/api/v1/password/reset-phone-confirm/ status=400 duration_ms=10.8 user_id=anonymous role=anonymous ua='-' referrer=-
[INFO    ] apps.common.middleware \u2014 [POST] /api/v1/password/reset-phone-confirm/ \u2192 400 in 11.1ms [req=89688d58-d29d-4cf4-ad0f-ccccce31e266]\nPASSED                                                                   [ 66%]
------------------------------ live log teardown ------------------------------
[INFO    ] celery.app.trace — Task update_model_analytics_counter[c8f7037b-c452-429f-af06-7505bcff7694] succeeded in 0.0023188000050140545s: None
[INFO    ] application — EmailBackendConfig instance created via post_migrate signal.
[INFO    ] celery.app.trace — Task update_model_analytics_counter[92811000-067b-4242-8f74-6f881dcb73c2] succeeded in 0.002622499996505212s: None
[INFO    ] application — Default SMSBackendConfig instance created via post_migrate signal.

apps/authentication/tests/test_password_reset.py::TestPasswordResetConfirmPhone::test_non_digit_otp_rejected_by_serializer 
-------------------------------- live log call --------------------------------
[INFO    ] application — [8af28585] PasswordResetConfirmPhone: start
[INFO    ] security — SECURITY_AUDIT action=CLIENT_ERROR req=88bb6772-0d64-4ea9-8e2c-734d418723af device=fp:57efdd91ba75ee0012c0 session=- ip=127.0.0.1 method=POST path=/api/v1/password/reset-phone-confirm/ status=400 duration_ms=1.9 user_id=anonymous role=anonymous ua='-' referrer=-
[INFO    ] apps.common.middleware \u2014 [POST] /api/v1/password/reset-phone-confirm/ \u2192 400 in 2.2ms [req=88bb6772-0d64-4ea9-8e2c-734d418723af]\nPASSED                                                                   [ 67%]
------------------------------ live log teardown ------------------------------
[INFO    ] celery.app.trace — Task update_model_analytics_counter[22152140-8823-424c-888a-967c39470b6b] succeeded in 0.0027027000032830983s: None
[INFO    ] application — EmailBackendConfig instance created via post_migrate signal.
[INFO    ] celery.app.trace — Task update_model_analytics_counter[3f768151-aebb-4757-917a-c1579dea74ba] succeeded in 0.002259000000776723s: None
[INFO    ] application — Default SMSBackendConfig instance created via post_migrate signal.

apps/authentication/tests/test_password_reset.py::TestPasswordResetConfirmPhone::test_idempotency_otp_consumed_on_first_use 
-------------------------------- live log call --------------------------------
[INFO    ] apps.authentication.models — Saved UnifiedUser 019d20c5-59c7-7691-8877-dfd84894b57a [phone] member_id=FASTAR000001
[INFO    ] celery.app.trace — Task update_model_analytics_counter[0bb0c41c-0723-4c9d-bb87-308486132176] succeeded in 0.0016955000028247014s: None
[INFO    ] apps.authentication.managers \u2014 \u2705 Created user: email=+2348012345678\n[INFO    ] apps.authentication.models — Details updated for user: +234 801 234 5678
[INFO    ] celery.app.trace — Task update_model_analytics_counter[0950dddb-e937-458c-8ce6-8c71cc93e4b9] succeeded in 0.0020160999993095174s: None
[INFO    ] apps.authentication.models — Saved UnifiedUser 019d20c5-59c7-7691-8877-dfd84894b57a [phone] member_id=FASTAR000001
[INFO    ] application — [3ecda925] PasswordResetConfirmPhone: start
[INFO    ] apps.authentication.models — Details updated for user: +234 801 234 5678
[INFO    ] apps.authentication.models — Saved UnifiedUser 019d20c5-59c7-7691-8877-dfd84894b57a [phone] member_id=FASTAR000001
[INFO    ] celery.app.trace — Task update_model_analytics_counter[190d60b6-880e-476e-9df1-924bf3bece6b] succeeded in 0.001444699999410659s: None
[WARNING ] apps.audit_logs.tasks — write_audit_event failed (attempt 1/3): AuditEventLog() got unexpected keyword arguments: 'country_code', 'city' — event_type=password_reset_done
[ERROR   ] apps.audit_logs.services.audit — AuditService._write_sync() failed for payload={'event_type': EventType.PASSWORD_RESET_DONE, 'event_category': EventCategory.SECURITY, 'severity': 'info', 'action': 'Password reset completed successfully', 'actor_email': None, 'ip_address': '127.0.0.1', 'user_agent': None, 'device_type': None, 'browser_family': None, 'os_family': None, 'country': None, 'country_code': None, 'city': None, 'resource_type': 'UnifiedUser', 'resource_id': '019d20c5-59c7-7691-8877-dfd84894b57a', 'request_method': 'POST', 'request_path': '/api/v1/password/reset-phone-confirm/', 'response_status': None, 'duration_ms': None, 'old_values': None, 'new_values': None, 'metadata': {'flow': 'phone'}, 'error_message': None, 'is_compliance': True, 'retention_days': 2555}
Traceback (most recent call last):
  File "C:\Users\fashi\OneDrive\Documenti\FASHIONISTAR_ANTAGRAVITY\fashionistar_backend\apps\audit_logs\tasks.py", line 48, in write_audit_event
    obj = AuditEventLog(**payload)
  File "C:\Users\fashi\OneDrive\Documenti\FASHIONISTAR_ANTAGRAVITY\fashionistar_backend\.venv\Lib\site-packages\django\db\models\base.py", line 590, in __init__
    raise TypeError(
    ...<2 lines>...
    )
TypeError: AuditEventLog() got unexpected keyword arguments: 'country_code', 'city'

During handling of the above exception, another exception occurred:

Traceback (most recent call last):
  File "C:\Users\fashi\OneDrive\Documenti\FASHIONISTAR_ANTAGRAVITY\fashionistar_backend\apps\audit_logs\services\audit.py", line 261, in _dispatch
    write_audit_event.apply_async(
    ~~~~~~~~~~~~~~~~~~~~~~~~~~~~~^
        kwargs={"payload": payload},
        ^^^^^^^^^^^^^^^^^^^^^^^^^^^^
        retry=False,
        ^^^^^^^^^^^^
        ignore_result=True,
        ^^^^^^^^^^^^^^^^^^^
    )
    ^
  File "C:\Users\fashi\OneDrive\Documenti\FASHIONISTAR_ANTAGRAVITY\fashionistar_backend\.venv\Lib\site-packages\celery\app\task.py", line 605, in apply_async
    return self.apply(args, kwargs, task_id=task_id or uuid(),
           ~~~~~~~~~~^^^^^^^^^^^^^^^^^^^^^^^^^^^^^^^^^^^^^^^^^
                      link=link, link_error=link_error, **options)
                      ^^^^^^^^^^^^^^^^^^^^^^^^^^^^^^^^^^^^^^^^^^^^
  File "C:\Users\fashi\OneDrive\Documenti\FASHIONISTAR_ANTAGRAVITY\fashionistar_backend\.venv\Lib\site-packages\celery\app\task.py", line 843, in apply
    ret = tracer(task_id, args, kwargs, request)
  File "C:\Users\fashi\OneDrive\Documenti\FASHIONISTAR_ANTAGRAVITY\fashionistar_backend\.venv\Lib\site-packages\celery\app\trace.py", line 494, in trace_task
    I, R, state, retval = on_error(
                          ~~~~~~~~^
        task_request, exc, RETRY, call_errbacks=False)
        ^^^^^^^^^^^^^^^^^^^^^^^^^^^^^^^^^^^^^^^^^^^^^^
  File "C:\Users\fashi\OneDrive\Documenti\FASHIONISTAR_ANTAGRAVITY\fashionistar_backend\.venv\Lib\site-packages\celery\app\trace.py", line 479, in trace_task
    R = retval = fun(*args, **kwargs)
                 ~~~^^^^^^^^^^^^^^^^^
  File "C:\Users\fashi\OneDrive\Documenti\FASHIONISTAR_ANTAGRAVITY\fashionistar_backend\apps\audit_logs\tasks.py", line 65, in write_audit_event
    raise self.retry(exc=exc)
          ~~~~~~~~~~^^^^^^^^^
  File "C:\Users\fashi\OneDrive\Documenti\FASHIONISTAR_ANTAGRAVITY\fashionistar_backend\.venv\Lib\site-packages\celery\app\task.py", line 763, in retry
    raise ret
celery.exceptions.Retry: Retry in 5s: TypeError("AuditEventLog() got unexpected keyword arguments: 'country_code', 'city'")

During handling of the above exception, another exception occurred:

Traceback (most recent call last):
  File "C:\Users\fashi\OneDrive\Documenti\FASHIONISTAR_ANTAGRAVITY\fashionistar_backend\apps\audit_logs\services\audit.py", line 275, in _write_sync
    obj = AuditEventLog(**payload)
  File "C:\Users\fashi\OneDrive\Documenti\FASHIONISTAR_ANTAGRAVITY\fashionistar_backend\.venv\Lib\site-packages\django\db\models\base.py", line 590, in __init__
    raise TypeError(
    ...<2 lines>...
    )
TypeError: AuditEventLog() got unexpected keyword arguments: 'country_code', 'city'
[INFO    ] application \u2014 \u2705 Password reset successful for User 019d20c5-59c7-7691-8877-dfd84894b57a\n[INFO    ] application — [3ecda925] PasswordResetConfirmPhone: success
[WARNING ] apps.audit_logs.tasks — write_audit_event failed (attempt 1/3): AuditEventLog() got unexpected keyword arguments: 'country_code', 'city' — event_type=password_reset_done
[ERROR   ] apps.audit_logs.services.audit — AuditService._write_sync() failed for payload={'event_type': EventType.PASSWORD_RESET_DONE, 'event_category': EventCategory.SECURITY, 'severity': SeverityLevel.INFO, 'action': 'Password reset completed via phone OTP', 'actor_email': None, 'ip_address': '127.0.0.1', 'user_agent': None, 'device_type': None, 'browser_family': None, 'os_family': None, 'country': None, 'country_code': None, 'city': None, 'resource_type': None, 'resource_id': None, 'request_method': 'POST', 'request_path': '/api/v1/password/reset-phone-confirm/', 'response_status': None, 'duration_ms': None, 'old_values': None, 'new_values': None, 'metadata': {'method': 'phone', 'request_id': '3ecda925'}, 'error_message': None, 'is_compliance': True, 'retention_days': 2555}
Traceback (most recent call last):
  File "C:\Users\fashi\OneDrive\Documenti\FASHIONISTAR_ANTAGRAVITY\fashionistar_backend\apps\audit_logs\tasks.py", line 48, in write_audit_event
    obj = AuditEventLog(**payload)
  File "C:\Users\fashi\OneDrive\Documenti\FASHIONISTAR_ANTAGRAVITY\fashionistar_backend\.venv\Lib\site-packages\django\db\models\base.py", line 590, in __init__
    raise TypeError(
    ...<2 lines>...
    )
TypeError: AuditEventLog() got unexpected keyword arguments: 'country_code', 'city'

During handling of the above exception, another exception occurred:

Traceback (most recent call last):
  File "C:\Users\fashi\OneDrive\Documenti\FASHIONISTAR_ANTAGRAVITY\fashionistar_backend\apps\audit_logs\services\audit.py", line 261, in _dispatch
    write_audit_event.apply_async(
    ~~~~~~~~~~~~~~~~~~~~~~~~~~~~~^
        kwargs={"payload": payload},
        ^^^^^^^^^^^^^^^^^^^^^^^^^^^^
        retry=False,
        ^^^^^^^^^^^^
        ignore_result=True,
        ^^^^^^^^^^^^^^^^^^^
    )
    ^
  File "C:\Users\fashi\OneDrive\Documenti\FASHIONISTAR_ANTAGRAVITY\fashionistar_backend\.venv\Lib\site-packages\celery\app\task.py", line 605, in apply_async
    return self.apply(args, kwargs, task_id=task_id or uuid(),
           ~~~~~~~~~~^^^^^^^^^^^^^^^^^^^^^^^^^^^^^^^^^^^^^^^^^
                      link=link, link_error=link_error, **options)
                      ^^^^^^^^^^^^^^^^^^^^^^^^^^^^^^^^^^^^^^^^^^^^
  File "C:\Users\fashi\OneDrive\Documenti\FASHIONISTAR_ANTAGRAVITY\fashionistar_backend\.venv\Lib\site-packages\celery\app\task.py", line 843, in apply
    ret = tracer(task_id, args, kwargs, request)
  File "C:\Users\fashi\OneDrive\Documenti\FASHIONISTAR_ANTAGRAVITY\fashionistar_backend\.venv\Lib\site-packages\celery\app\trace.py", line 494, in trace_task
    I, R, state, retval = on_error(
                          ~~~~~~~~^
        task_request, exc, RETRY, call_errbacks=False)
        ^^^^^^^^^^^^^^^^^^^^^^^^^^^^^^^^^^^^^^^^^^^^^^
  File "C:\Users\fashi\OneDrive\Documenti\FASHIONISTAR_ANTAGRAVITY\fashionistar_backend\.venv\Lib\site-packages\celery\app\trace.py", line 479, in trace_task
    R = retval = fun(*args, **kwargs)
                 ~~~^^^^^^^^^^^^^^^^^
  File "C:\Users\fashi\OneDrive\Documenti\FASHIONISTAR_ANTAGRAVITY\fashionistar_backend\apps\audit_logs\tasks.py", line 65, in write_audit_event
    raise self.retry(exc=exc)
          ~~~~~~~~~~^^^^^^^^^
  File "C:\Users\fashi\OneDrive\Documenti\FASHIONISTAR_ANTAGRAVITY\fashionistar_backend\.venv\Lib\site-packages\celery\app\task.py", line 763, in retry
    raise ret
celery.exceptions.Retry: Retry in 5s: TypeError("AuditEventLog() got unexpected keyword arguments: 'country_code', 'city'")

During handling of the above exception, another exception occurred:

Traceback (most recent call last):
  File "C:\Users\fashi\OneDrive\Documenti\FASHIONISTAR_ANTAGRAVITY\fashionistar_backend\apps\audit_logs\services\audit.py", line 275, in _write_sync
    obj = AuditEventLog(**payload)
  File "C:\Users\fashi\OneDrive\Documenti\FASHIONISTAR_ANTAGRAVITY\fashionistar_backend\.venv\Lib\site-packages\django\db\models\base.py", line 590, in __init__
    raise TypeError(
    ...<2 lines>...
    )
TypeError: AuditEventLog() got unexpected keyword arguments: 'country_code', 'city'
[INFO    ] security — SECURITY_AUDIT action=REQUEST req=03967549-8c6e-4545-833a-567336fde57a device=fp:57efdd91ba75ee0012c0 session=- ip=127.0.0.1 method=POST path=/api/v1/password/reset-phone-confirm/ status=200 duration_ms=120.0 user_id=anonymous role=anonymous ua='-' referrer=-
[INFO    ] apps.common.middleware \u2014 [POST] /api/v1/password/reset-phone-confirm/ \u2192 200 in 120.3ms [req=03967549-8c6e-4545-833a-567336fde57a]\n[INFO    ] application — [ddd546d4] PasswordResetConfirmPhone: start
[WARNING ] apps.audit_logs.tasks — write_audit_event failed (attempt 1/3): AuditEventLog() got unexpected keyword arguments: 'country_code', 'city' — event_type=password_reset_done
[ERROR   ] apps.audit_logs.services.audit — AuditService._write_sync() failed for payload={'event_type': EventType.PASSWORD_RESET_DONE, 'event_category': EventCategory.SECURITY, 'severity': 'warning', 'action': 'Password reset failed — invalid or expired OTP', 'actor_email': None, 'ip_address': '127.0.0.1', 'user_agent': None, 'device_type': None, 'browser_family': None, 'os_family': None, 'country': None, 'country_code': None, 'city': None, 'resource_type': 'UnifiedUser', 'resource_id': None, 'request_method': 'POST', 'request_path': '/api/v1/password/reset-phone-confirm/', 'response_status': None, 'duration_ms': None, 'old_values': None, 'new_values': None, 'metadata': {'flow': 'phone'}, 'error_message': 'OTP invalid or expired', 'is_compliance': True, 'retention_days': 2555}
Traceback (most recent call last):
  File "C:\Users\fashi\OneDrive\Documenti\FASHIONISTAR_ANTAGRAVITY\fashionistar_backend\apps\audit_logs\tasks.py", line 48, in write_audit_event
    obj = AuditEventLog(**payload)
  File "C:\Users\fashi\OneDrive\Documenti\FASHIONISTAR_ANTAGRAVITY\fashionistar_backend\.venv\Lib\site-packages\django\db\models\base.py", line 590, in __init__
    raise TypeError(
    ...<2 lines>...
    )
TypeError: AuditEventLog() got unexpected keyword arguments: 'country_code', 'city'

During handling of the above exception, another exception occurred:

Traceback (most recent call last):
  File "C:\Users\fashi\OneDrive\Documenti\FASHIONISTAR_ANTAGRAVITY\fashionistar_backend\apps\audit_logs\services\audit.py", line 261, in _dispatch
    write_audit_event.apply_async(
    ~~~~~~~~~~~~~~~~~~~~~~~~~~~~~^
        kwargs={"payload": payload},
        ^^^^^^^^^^^^^^^^^^^^^^^^^^^^
        retry=False,
        ^^^^^^^^^^^^
        ignore_result=True,
        ^^^^^^^^^^^^^^^^^^^
    )
    ^
  File "C:\Users\fashi\OneDrive\Documenti\FASHIONISTAR_ANTAGRAVITY\fashionistar_backend\.venv\Lib\site-packages\celery\app\task.py", line 605, in apply_async
    return self.apply(args, kwargs, task_id=task_id or uuid(),
           ~~~~~~~~~~^^^^^^^^^^^^^^^^^^^^^^^^^^^^^^^^^^^^^^^^^
                      link=link, link_error=link_error, **options)
                      ^^^^^^^^^^^^^^^^^^^^^^^^^^^^^^^^^^^^^^^^^^^^
  File "C:\Users\fashi\OneDrive\Documenti\FASHIONISTAR_ANTAGRAVITY\fashionistar_backend\.venv\Lib\site-packages\celery\app\task.py", line 843, in apply
    ret = tracer(task_id, args, kwargs, request)
  File "C:\Users\fashi\OneDrive\Documenti\FASHIONISTAR_ANTAGRAVITY\fashionistar_backend\.venv\Lib\site-packages\celery\app\trace.py", line 494, in trace_task
    I, R, state, retval = on_error(
                          ~~~~~~~~^
        task_request, exc, RETRY, call_errbacks=False)
        ^^^^^^^^^^^^^^^^^^^^^^^^^^^^^^^^^^^^^^^^^^^^^^
  File "C:\Users\fashi\OneDrive\Documenti\FASHIONISTAR_ANTAGRAVITY\fashionistar_backend\.venv\Lib\site-packages\celery\app\trace.py", line 479, in trace_task
    R = retval = fun(*args, **kwargs)
                 ~~~^^^^^^^^^^^^^^^^^
  File "C:\Users\fashi\OneDrive\Documenti\FASHIONISTAR_ANTAGRAVITY\fashionistar_backend\apps\audit_logs\tasks.py", line 65, in write_audit_event
    raise self.retry(exc=exc)
          ~~~~~~~~~~^^^^^^^^^
  File "C:\Users\fashi\OneDrive\Documenti\FASHIONISTAR_ANTAGRAVITY\fashionistar_backend\.venv\Lib\site-packages\celery\app\task.py", line 763, in retry
    raise ret
celery.exceptions.Retry: Retry in 5s: TypeError("AuditEventLog() got unexpected keyword arguments: 'country_code', 'city'")

During handling of the above exception, another exception occurred:

Traceback (most recent call last):
  File "C:\Users\fashi\OneDrive\Documenti\FASHIONISTAR_ANTAGRAVITY\fashionistar_backend\apps\audit_logs\services\audit.py", line 275, in _write_sync
    obj = AuditEventLog(**payload)
  File "C:\Users\fashi\OneDrive\Documenti\FASHIONISTAR_ANTAGRAVITY\fashionistar_backend\.venv\Lib\site-packages\django\db\models\base.py", line 590, in __init__
    raise TypeError(
    ...<2 lines>...
    )
TypeError: AuditEventLog() got unexpected keyword arguments: 'country_code', 'city'
[ERROR   ] application \u2014 \u274c Password Confirm Error (Sync): Invalid or expired OTP.\n[WARNING ] application — [ddd546d4] PasswordResetConfirmPhone: failed — Invalid or expired OTP.
[INFO    ] security — SECURITY_AUDIT action=CLIENT_ERROR req=d286388a-358e-43aa-927d-d43ea152d662 device=fp:57efdd91ba75ee0012c0 session=- ip=127.0.0.1 method=POST path=/api/v1/password/reset-phone-confirm/ status=400 duration_ms=8.1 user_id=anonymous role=anonymous ua='-' referrer=-
[INFO    ] apps.common.middleware \u2014 [POST] /api/v1/password/reset-phone-confirm/ \u2192 400 in 8.3ms [req=d286388a-358e-43aa-927d-d43ea152d662]\nPASSED                                                                   [ 67%]
------------------------------ live log teardown ------------------------------
[INFO    ] celery.app.trace — Task update_model_analytics_counter[5c85c5dd-a6d1-4e83-b2d8-c119cb3e4c5a] succeeded in 0.0018551999964984134s: None
[INFO    ] application — EmailBackendConfig instance created via post_migrate signal.
[INFO    ] celery.app.trace — Task update_model_analytics_counter[2a95e473-19cf-4d0b-9782-9f0c89f68b64] succeeded in 0.0016203999985009432s: None
[INFO    ] application — Default SMSBackendConfig instance created via post_migrate signal.

apps/authentication/tests/test_password_reset.py::TestPasswordResetConfirmPhone::test_atomic_rollback_on_invalid_otp 
-------------------------------- live log call --------------------------------
[INFO    ] apps.authentication.models — Saved UnifiedUser 019d20c5-5b50-7a81-a630-3b104b7c1dd2 [phone] member_id=FASTAR000001
[INFO    ] celery.app.trace — Task update_model_analytics_counter[ca5580a4-a9ef-45b1-8c03-45788d34f23e] succeeded in 0.003975300001911819s: None
[INFO    ] apps.authentication.managers \u2014 \u2705 Created user: email=+2348012345678\n[INFO    ] apps.authentication.models — Details updated for user: +234 801 234 5678
[INFO    ] celery.app.trace — Task update_model_analytics_counter[06a93608-28fb-42d2-89b7-4280f37edada] succeeded in 0.0012113999982830137s: None
[INFO    ] apps.authentication.models — Saved UnifiedUser 019d20c5-5b50-7a81-a630-3b104b7c1dd2 [phone] member_id=FASTAR000001
[INFO    ] application — [aebd910d] PasswordResetConfirmPhone: start
[WARNING ] apps.audit_logs.tasks — write_audit_event failed (attempt 1/3): AuditEventLog() got unexpected keyword arguments: 'country_code', 'city' — event_type=password_reset_done
[ERROR   ] apps.audit_logs.services.audit — AuditService._write_sync() failed for payload={'event_type': EventType.PASSWORD_RESET_DONE, 'event_category': EventCategory.SECURITY, 'severity': 'warning', 'action': 'Password reset failed — invalid or expired OTP', 'actor_email': None, 'ip_address': '127.0.0.1', 'user_agent': None, 'device_type': None, 'browser_family': None, 'os_family': None, 'country': None, 'country_code': None, 'city': None, 'resource_type': 'UnifiedUser', 'resource_id': None, 'request_method': 'POST', 'request_path': '/api/v1/password/reset-phone-confirm/', 'response_status': None, 'duration_ms': None, 'old_values': None, 'new_values': None, 'metadata': {'flow': 'phone'}, 'error_message': 'OTP invalid or expired', 'is_compliance': True, 'retention_days': 2555}
Traceback (most recent call last):
  File "C:\Users\fashi\OneDrive\Documenti\FASHIONISTAR_ANTAGRAVITY\fashionistar_backend\apps\audit_logs\tasks.py", line 48, in write_audit_event
    obj = AuditEventLog(**payload)
  File "C:\Users\fashi\OneDrive\Documenti\FASHIONISTAR_ANTAGRAVITY\fashionistar_backend\.venv\Lib\site-packages\django\db\models\base.py", line 590, in __init__
    raise TypeError(
    ...<2 lines>...
    )
TypeError: AuditEventLog() got unexpected keyword arguments: 'country_code', 'city'

During handling of the above exception, another exception occurred:

Traceback (most recent call last):
  File "C:\Users\fashi\OneDrive\Documenti\FASHIONISTAR_ANTAGRAVITY\fashionistar_backend\apps\audit_logs\services\audit.py", line 261, in _dispatch
    write_audit_event.apply_async(
    ~~~~~~~~~~~~~~~~~~~~~~~~~~~~~^
        kwargs={"payload": payload},
        ^^^^^^^^^^^^^^^^^^^^^^^^^^^^
        retry=False,
        ^^^^^^^^^^^^
        ignore_result=True,
        ^^^^^^^^^^^^^^^^^^^
    )
    ^
  File "C:\Users\fashi\OneDrive\Documenti\FASHIONISTAR_ANTAGRAVITY\fashionistar_backend\.venv\Lib\site-packages\celery\app\task.py", line 605, in apply_async
    return self.apply(args, kwargs, task_id=task_id or uuid(),
           ~~~~~~~~~~^^^^^^^^^^^^^^^^^^^^^^^^^^^^^^^^^^^^^^^^^
                      link=link, link_error=link_error, **options)
                      ^^^^^^^^^^^^^^^^^^^^^^^^^^^^^^^^^^^^^^^^^^^^
  File "C:\Users\fashi\OneDrive\Documenti\FASHIONISTAR_ANTAGRAVITY\fashionistar_backend\.venv\Lib\site-packages\celery\app\task.py", line 843, in apply
    ret = tracer(task_id, args, kwargs, request)
  File "C:\Users\fashi\OneDrive\Documenti\FASHIONISTAR_ANTAGRAVITY\fashionistar_backend\.venv\Lib\site-packages\celery\app\trace.py", line 494, in trace_task
    I, R, state, retval = on_error(
                          ~~~~~~~~^
        task_request, exc, RETRY, call_errbacks=False)
        ^^^^^^^^^^^^^^^^^^^^^^^^^^^^^^^^^^^^^^^^^^^^^^
  File "C:\Users\fashi\OneDrive\Documenti\FASHIONISTAR_ANTAGRAVITY\fashionistar_backend\.venv\Lib\site-packages\celery\app\trace.py", line 479, in trace_task
    R = retval = fun(*args, **kwargs)
                 ~~~^^^^^^^^^^^^^^^^^
  File "C:\Users\fashi\OneDrive\Documenti\FASHIONISTAR_ANTAGRAVITY\fashionistar_backend\apps\audit_logs\tasks.py", line 65, in write_audit_event
    raise self.retry(exc=exc)
          ~~~~~~~~~~^^^^^^^^^
  File "C:\Users\fashi\OneDrive\Documenti\FASHIONISTAR_ANTAGRAVITY\fashionistar_backend\.venv\Lib\site-packages\celery\app\task.py", line 763, in retry
    raise ret
celery.exceptions.Retry: Retry in 5s: TypeError("AuditEventLog() got unexpected keyword arguments: 'country_code', 'city'")

During handling of the above exception, another exception occurred:

Traceback (most recent call last):
  File "C:\Users\fashi\OneDrive\Documenti\FASHIONISTAR_ANTAGRAVITY\fashionistar_backend\apps\audit_logs\services\audit.py", line 275, in _write_sync
    obj = AuditEventLog(**payload)
  File "C:\Users\fashi\OneDrive\Documenti\FASHIONISTAR_ANTAGRAVITY\fashionistar_backend\.venv\Lib\site-packages\django\db\models\base.py", line 590, in __init__
    raise TypeError(
    ...<2 lines>...
    )
TypeError: AuditEventLog() got unexpected keyword arguments: 'country_code', 'city'
[ERROR   ] application \u2014 \u274c Password Confirm Error (Sync): Invalid or expired OTP.\n[WARNING ] application — [aebd910d] PasswordResetConfirmPhone: failed — Invalid or expired OTP.
[INFO    ] security — SECURITY_AUDIT action=CLIENT_ERROR req=5bdca82d-cdde-4c74-8f77-1babcfd47a34 device=fp:57efdd91ba75ee0012c0 session=- ip=127.0.0.1 method=POST path=/api/v1/password/reset-phone-confirm/ status=400 duration_ms=19.2 user_id=anonymous role=anonymous ua='-' referrer=-
[INFO    ] apps.common.middleware \u2014 [POST] /api/v1/password/reset-phone-confirm/ \u2192 400 in 19.6ms [req=5bdca82d-cdde-4c74-8f77-1babcfd47a34]\nPASSED                                                                   [ 68%]
------------------------------ live log teardown ------------------------------
[INFO    ] celery.app.trace — Task update_model_analytics_counter[accad2ef-c39d-4ad2-866e-1bd97b5fa8da] succeeded in 0.0056571999957668595s: None
[INFO    ] application — EmailBackendConfig instance created via post_migrate signal.
[INFO    ] celery.app.trace — Task update_model_analytics_counter[e3846ad9-a4a1-4134-b8fe-1e0966a55a47] succeeded in 0.003732699995453004s: None
[INFO    ] application — Default SMSBackendConfig instance created via post_migrate signal.

apps/authentication/tests/test_password_reset.py::TestPasswordResetConfirmPhone::test_race_otp_consumed_only_once 
-------------------------------- live log call --------------------------------
[INFO    ] apps.authentication.models — Saved UnifiedUser 019d20c5-5c95-7792-845b-f169de6e280b [phone] member_id=FASTAR000001
[INFO    ] celery.app.trace — Task update_model_analytics_counter[396b7c34-b6a4-45c0-8ecc-522edf3905de] succeeded in 0.003406900003028568s: None
[INFO    ] apps.authentication.managers \u2014 \u2705 Created user: email=+2348012345678\n[INFO    ] apps.authentication.models — Details updated for user: +234 801 234 5678
[INFO    ] celery.app.trace — Task update_model_analytics_counter[5dccb000-2953-402c-96e0-be166eed7265] succeeded in 0.0023723000049358234s: None
[INFO    ] apps.authentication.models — Saved UnifiedUser 019d20c5-5c95-7792-845b-f169de6e280b [phone] member_id=FASTAR000001
[INFO    ] application — [48d7bef3] PasswordResetConfirmPhone: start
[INFO    ] application — [0343158a] PasswordResetConfirmPhone: start
[WARNING ] apps.audit_logs.tasks — write_audit_event failed (attempt 1/3): AuditEventLog() got unexpected keyword arguments: 'country_code', 'city' — event_type=password_reset_done
[ERROR   ] apps.audit_logs.services.audit — AuditService._write_sync() failed for payload={'event_type': EventType.PASSWORD_RESET_DONE, 'event_category': EventCategory.SECURITY, 'severity': 'warning', 'action': 'Password reset failed — invalid or expired OTP', 'actor_email': None, 'ip_address': '127.0.0.1', 'user_agent': None, 'device_type': None, 'browser_family': None, 'os_family': None, 'country': None, 'country_code': None, 'city': None, 'resource_type': 'UnifiedUser', 'resource_id': None, 'request_method': 'POST', 'request_path': '/api/v1/password/reset-phone-confirm/', 'response_status': None, 'duration_ms': None, 'old_values': None, 'new_values': None, 'metadata': {'flow': 'phone'}, 'error_message': 'OTP invalid or expired', 'is_compliance': True, 'retention_days': 2555}
Traceback (most recent call last):
  File "C:\Users\fashi\OneDrive\Documenti\FASHIONISTAR_ANTAGRAVITY\fashionistar_backend\apps\audit_logs\tasks.py", line 48, in write_audit_event
    obj = AuditEventLog(**payload)
  File "C:\Users\fashi\OneDrive\Documenti\FASHIONISTAR_ANTAGRAVITY\fashionistar_backend\.venv\Lib\site-packages\django\db\models\base.py", line 590, in __init__
    raise TypeError(
    ...<2 lines>...
    )
TypeError: AuditEventLog() got unexpected keyword arguments: 'country_code', 'city'

During handling of the above exception, another exception occurred:

Traceback (most recent call last):
  File "C:\Users\fashi\OneDrive\Documenti\FASHIONISTAR_ANTAGRAVITY\fashionistar_backend\apps\audit_logs\services\audit.py", line 261, in _dispatch
    write_audit_event.apply_async(
    ~~~~~~~~~~~~~~~~~~~~~~~~~~~~~^
        kwargs={"payload": payload},
        ^^^^^^^^^^^^^^^^^^^^^^^^^^^^
        retry=False,
        ^^^^^^^^^^^^
        ignore_result=True,
        ^^^^^^^^^^^^^^^^^^^
    )
    ^
  File "C:\Users\fashi\OneDrive\Documenti\FASHIONISTAR_ANTAGRAVITY\fashionistar_backend\.venv\Lib\site-packages\celery\app\task.py", line 605, in apply_async
    return self.apply(args, kwargs, task_id=task_id or uuid(),
           ~~~~~~~~~~^^^^^^^^^^^^^^^^^^^^^^^^^^^^^^^^^^^^^^^^^
                      link=link, link_error=link_error, **options)
                      ^^^^^^^^^^^^^^^^^^^^^^^^^^^^^^^^^^^^^^^^^^^^
  File "C:\Users\fashi\OneDrive\Documenti\FASHIONISTAR_ANTAGRAVITY\fashionistar_backend\.venv\Lib\site-packages\celery\app\task.py", line 843, in apply
    ret = tracer(task_id, args, kwargs, request)
  File "C:\Users\fashi\OneDrive\Documenti\FASHIONISTAR_ANTAGRAVITY\fashionistar_backend\.venv\Lib\site-packages\celery\app\trace.py", line 494, in trace_task
    I, R, state, retval = on_error(
                          ~~~~~~~~^
        task_request, exc, RETRY, call_errbacks=False)
        ^^^^^^^^^^^^^^^^^^^^^^^^^^^^^^^^^^^^^^^^^^^^^^
  File "C:\Users\fashi\OneDrive\Documenti\FASHIONISTAR_ANTAGRAVITY\fashionistar_backend\.venv\Lib\site-packages\celery\app\trace.py", line 479, in trace_task
    R = retval = fun(*args, **kwargs)
                 ~~~^^^^^^^^^^^^^^^^^
  File "C:\Users\fashi\OneDrive\Documenti\FASHIONISTAR_ANTAGRAVITY\fashionistar_backend\apps\audit_logs\tasks.py", line 65, in write_audit_event
    raise self.retry(exc=exc)
          ~~~~~~~~~~^^^^^^^^^
  File "C:\Users\fashi\OneDrive\Documenti\FASHIONISTAR_ANTAGRAVITY\fashionistar_backend\.venv\Lib\site-packages\celery\app\task.py", line 763, in retry
    raise ret
celery.exceptions.Retry: Retry in 5s: TypeError("AuditEventLog() got unexpected keyword arguments: 'country_code', 'city'")

During handling of the above exception, another exception occurred:

Traceback (most recent call last):
  File "C:\Users\fashi\OneDrive\Documenti\FASHIONISTAR_ANTAGRAVITY\fashionistar_backend\apps\audit_logs\services\audit.py", line 275, in _write_sync
    obj = AuditEventLog(**payload)
  File "C:\Users\fashi\OneDrive\Documenti\FASHIONISTAR_ANTAGRAVITY\fashionistar_backend\.venv\Lib\site-packages\django\db\models\base.py", line 590, in __init__
    raise TypeError(
    ...<2 lines>...
    )
TypeError: AuditEventLog() got unexpected keyword arguments: 'country_code', 'city'
[ERROR   ] application \u2014 \u274c Password Confirm Error (Sync): Invalid or expired OTP.\n[WARNING ] application — [0343158a] PasswordResetConfirmPhone: failed — Invalid or expired OTP.
[INFO    ] security — SECURITY_AUDIT action=CLIENT_ERROR req=2e356dd1-77c6-449d-b805-a7a18e4c46f6 device=fp:57efdd91ba75ee0012c0 session=- ip=127.0.0.1 method=POST path=/api/v1/password/reset-phone-confirm/ status=400 duration_ms=25.0 user_id=anonymous role=anonymous ua='-' referrer=-
[INFO    ] apps.authentication.models — Details updated for user: +234 801 234 5678
[INFO    ] apps.common.middleware \u2014 [POST] /api/v1/password/reset-phone-confirm/ \u2192 400 in 25.4ms [req=2e356dd1-77c6-449d-b805-a7a18e4c46f6]\n[INFO    ] apps.authentication.models — Saved UnifiedUser 019d20c5-5c95-7792-845b-f169de6e280b [phone] member_id=FASTAR000001
[INFO    ] celery.app.trace — Task update_model_analytics_counter[384608ee-df59-409e-9a7a-8baec65fe067] succeeded in 0.03532719999930123s: None
[WARNING ] apps.audit_logs.tasks — write_audit_event failed (attempt 1/3): AuditEventLog() got unexpected keyword arguments: 'country_code', 'city' — event_type=password_reset_done
[ERROR   ] apps.audit_logs.services.audit — AuditService._write_sync() failed for payload={'event_type': EventType.PASSWORD_RESET_DONE, 'event_category': EventCategory.SECURITY, 'severity': 'info', 'action': 'Password reset completed successfully', 'actor_email': None, 'ip_address': '127.0.0.1', 'user_agent': None, 'device_type': None, 'browser_family': None, 'os_family': None, 'country': None, 'country_code': None, 'city': None, 'resource_type': 'UnifiedUser', 'resource_id': '019d20c5-5c95-7792-845b-f169de6e280b', 'request_method': 'POST', 'request_path': '/api/v1/password/reset-phone-confirm/', 'response_status': None, 'duration_ms': None, 'old_values': None, 'new_values': None, 'metadata': {'flow': 'phone'}, 'error_message': None, 'is_compliance': True, 'retention_days': 2555}
Traceback (most recent call last):
  File "C:\Users\fashi\OneDrive\Documenti\FASHIONISTAR_ANTAGRAVITY\fashionistar_backend\apps\audit_logs\tasks.py", line 48, in write_audit_event
    obj = AuditEventLog(**payload)
  File "C:\Users\fashi\OneDrive\Documenti\FASHIONISTAR_ANTAGRAVITY\fashionistar_backend\.venv\Lib\site-packages\django\db\models\base.py", line 590, in __init__
    raise TypeError(
    ...<2 lines>...
    )
TypeError: AuditEventLog() got unexpected keyword arguments: 'country_code', 'city'

During handling of the above exception, another exception occurred:

Traceback (most recent call last):
  File "C:\Users\fashi\OneDrive\Documenti\FASHIONISTAR_ANTAGRAVITY\fashionistar_backend\apps\audit_logs\services\audit.py", line 261, in _dispatch
    write_audit_event.apply_async(
    ~~~~~~~~~~~~~~~~~~~~~~~~~~~~~^
        kwargs={"payload": payload},
        ^^^^^^^^^^^^^^^^^^^^^^^^^^^^
        retry=False,
        ^^^^^^^^^^^^
        ignore_result=True,
        ^^^^^^^^^^^^^^^^^^^
    )
    ^
  File "C:\Users\fashi\OneDrive\Documenti\FASHIONISTAR_ANTAGRAVITY\fashionistar_backend\.venv\Lib\site-packages\celery\app\task.py", line 605, in apply_async
    return self.apply(args, kwargs, task_id=task_id or uuid(),
           ~~~~~~~~~~^^^^^^^^^^^^^^^^^^^^^^^^^^^^^^^^^^^^^^^^^
                      link=link, link_error=link_error, **options)
                      ^^^^^^^^^^^^^^^^^^^^^^^^^^^^^^^^^^^^^^^^^^^^
  File "C:\Users\fashi\OneDrive\Documenti\FASHIONISTAR_ANTAGRAVITY\fashionistar_backend\.venv\Lib\site-packages\celery\app\task.py", line 843, in apply
    ret = tracer(task_id, args, kwargs, request)
  File "C:\Users\fashi\OneDrive\Documenti\FASHIONISTAR_ANTAGRAVITY\fashionistar_backend\.venv\Lib\site-packages\celery\app\trace.py", line 494, in trace_task
    I, R, state, retval = on_error(
                          ~~~~~~~~^
        task_request, exc, RETRY, call_errbacks=False)
        ^^^^^^^^^^^^^^^^^^^^^^^^^^^^^^^^^^^^^^^^^^^^^^
  File "C:\Users\fashi\OneDrive\Documenti\FASHIONISTAR_ANTAGRAVITY\fashionistar_backend\.venv\Lib\site-packages\celery\app\trace.py", line 479, in trace_task
    R = retval = fun(*args, **kwargs)
                 ~~~^^^^^^^^^^^^^^^^^
  File "C:\Users\fashi\OneDrive\Documenti\FASHIONISTAR_ANTAGRAVITY\fashionistar_backend\apps\audit_logs\tasks.py", line 65, in write_audit_event
    raise self.retry(exc=exc)
          ~~~~~~~~~~^^^^^^^^^
  File "C:\Users\fashi\OneDrive\Documenti\FASHIONISTAR_ANTAGRAVITY\fashionistar_backend\.venv\Lib\site-packages\celery\app\task.py", line 763, in retry
    raise ret
celery.exceptions.Retry: Retry in 5s: TypeError("AuditEventLog() got unexpected keyword arguments: 'country_code', 'city'")

During handling of the above exception, another exception occurred:

Traceback (most recent call last):
  File "C:\Users\fashi\OneDrive\Documenti\FASHIONISTAR_ANTAGRAVITY\fashionistar_backend\apps\audit_logs\services\audit.py", line 275, in _write_sync
    obj = AuditEventLog(**payload)
  File "C:\Users\fashi\OneDrive\Documenti\FASHIONISTAR_ANTAGRAVITY\fashionistar_backend\.venv\Lib\site-packages\django\db\models\base.py", line 590, in __init__
    raise TypeError(
    ...<2 lines>...
    )
TypeError: AuditEventLog() got unexpected keyword arguments: 'country_code', 'city'
[INFO    ] application \u2014 \u2705 Password reset successful for User 019d20c5-5c95-7792-845b-f169de6e280b\n[INFO    ] application — [48d7bef3] PasswordResetConfirmPhone: success
[WARNING ] apps.audit_logs.tasks — write_audit_event failed (attempt 1/3): AuditEventLog() got unexpected keyword arguments: 'country_code', 'city' — event_type=password_reset_done
[ERROR   ] apps.audit_logs.services.audit — AuditService._write_sync() failed for payload={'event_type': EventType.PASSWORD_RESET_DONE, 'event_category': EventCategory.SECURITY, 'severity': SeverityLevel.INFO, 'action': 'Password reset completed via phone OTP', 'actor_email': None, 'ip_address': '127.0.0.1', 'user_agent': None, 'device_type': None, 'browser_family': None, 'os_family': None, 'country': None, 'country_code': None, 'city': None, 'resource_type': None, 'resource_id': None, 'request_method': 'POST', 'request_path': '/api/v1/password/reset-phone-confirm/', 'response_status': None, 'duration_ms': None, 'old_values': None, 'new_values': None, 'metadata': {'method': 'phone', 'request_id': '48d7bef3'}, 'error_message': None, 'is_compliance': True, 'retention_days': 2555}
Traceback (most recent call last):
  File "C:\Users\fashi\OneDrive\Documenti\FASHIONISTAR_ANTAGRAVITY\fashionistar_backend\apps\audit_logs\tasks.py", line 48, in write_audit_event
    obj = AuditEventLog(**payload)
  File "C:\Users\fashi\OneDrive\Documenti\FASHIONISTAR_ANTAGRAVITY\fashionistar_backend\.venv\Lib\site-packages\django\db\models\base.py", line 590, in __init__
    raise TypeError(
    ...<2 lines>...
    )
TypeError: AuditEventLog() got unexpected keyword arguments: 'country_code', 'city'

During handling of the above exception, another exception occurred:

Traceback (most recent call last):
  File "C:\Users\fashi\OneDrive\Documenti\FASHIONISTAR_ANTAGRAVITY\fashionistar_backend\apps\audit_logs\services\audit.py", line 261, in _dispatch
    write_audit_event.apply_async(
    ~~~~~~~~~~~~~~~~~~~~~~~~~~~~~^
        kwargs={"payload": payload},
        ^^^^^^^^^^^^^^^^^^^^^^^^^^^^
        retry=False,
        ^^^^^^^^^^^^
        ignore_result=True,
        ^^^^^^^^^^^^^^^^^^^
    )
    ^
  File "C:\Users\fashi\OneDrive\Documenti\FASHIONISTAR_ANTAGRAVITY\fashionistar_backend\.venv\Lib\site-packages\celery\app\task.py", line 605, in apply_async
    return self.apply(args, kwargs, task_id=task_id or uuid(),
           ~~~~~~~~~~^^^^^^^^^^^^^^^^^^^^^^^^^^^^^^^^^^^^^^^^^
                      link=link, link_error=link_error, **options)
                      ^^^^^^^^^^^^^^^^^^^^^^^^^^^^^^^^^^^^^^^^^^^^
  File "C:\Users\fashi\OneDrive\Documenti\FASHIONISTAR_ANTAGRAVITY\fashionistar_backend\.venv\Lib\site-packages\celery\app\task.py", line 843, in apply
    ret = tracer(task_id, args, kwargs, request)
  File "C:\Users\fashi\OneDrive\Documenti\FASHIONISTAR_ANTAGRAVITY\fashionistar_backend\.venv\Lib\site-packages\celery\app\trace.py", line 494, in trace_task
    I, R, state, retval = on_error(
                          ~~~~~~~~^
        task_request, exc, RETRY, call_errbacks=False)
        ^^^^^^^^^^^^^^^^^^^^^^^^^^^^^^^^^^^^^^^^^^^^^^
  File "C:\Users\fashi\OneDrive\Documenti\FASHIONISTAR_ANTAGRAVITY\fashionistar_backend\.venv\Lib\site-packages\celery\app\trace.py", line 479, in trace_task
    R = retval = fun(*args, **kwargs)
                 ~~~^^^^^^^^^^^^^^^^^
  File "C:\Users\fashi\OneDrive\Documenti\FASHIONISTAR_ANTAGRAVITY\fashionistar_backend\apps\audit_logs\tasks.py", line 65, in write_audit_event
    raise self.retry(exc=exc)
          ~~~~~~~~~~^^^^^^^^^
  File "C:\Users\fashi\OneDrive\Documenti\FASHIONISTAR_ANTAGRAVITY\fashionistar_backend\.venv\Lib\site-packages\celery\app\task.py", line 763, in retry
    raise ret
celery.exceptions.Retry: Retry in 5s: TypeError("AuditEventLog() got unexpected keyword arguments: 'country_code', 'city'")

During handling of the above exception, another exception occurred:

Traceback (most recent call last):
  File "C:\Users\fashi\OneDrive\Documenti\FASHIONISTAR_ANTAGRAVITY\fashionistar_backend\apps\audit_logs\services\audit.py", line 275, in _write_sync
    obj = AuditEventLog(**payload)
  File "C:\Users\fashi\OneDrive\Documenti\FASHIONISTAR_ANTAGRAVITY\fashionistar_backend\.venv\Lib\site-packages\django\db\models\base.py", line 590, in __init__
    raise TypeError(
    ...<2 lines>...
    )
TypeError: AuditEventLog() got unexpected keyword arguments: 'country_code', 'city'
[INFO    ] security — SECURITY_AUDIT action=REQUEST req=8cd0848f-39a9-48b5-924e-4a390b498249 device=fp:57efdd91ba75ee0012c0 session=- ip=127.0.0.1 method=POST path=/api/v1/password/reset-phone-confirm/ status=200 duration_ms=100.1 user_id=anonymous role=anonymous ua='-' referrer=-
[INFO    ] apps.common.middleware \u2014 [POST] /api/v1/password/reset-phone-confirm/ \u2192 200 in 100.3ms [req=8cd0848f-39a9-48b5-924e-4a390b498249]\nPASSED                                                                   [ 69%]
------------------------------ live log teardown ------------------------------
[INFO    ] celery.app.trace — Task update_model_analytics_counter[eebc002f-be45-4cac-ac65-d009d4fafa76] succeeded in 0.002010000003792811s: None
[INFO    ] application — EmailBackendConfig instance created via post_migrate signal.
[INFO    ] celery.app.trace — Task update_model_analytics_counter[eed336fd-da3c-48b3-9a64-e6b6520c9564] succeeded in 0.001451299998734612s: None
[INFO    ] application — Default SMSBackendConfig instance created via post_migrate signal.

apps/authentication/tests/test_password_reset.py::TestChangePassword::test_success 
-------------------------------- live log call --------------------------------
[INFO    ] apps.authentication.models — Saved UnifiedUser 019d20c5-5e45-7911-9d91-64eb848e0c38 [email] member_id=FASTAR000001
[INFO    ] celery.app.trace — Task update_model_analytics_counter[3982c287-8899-4297-b9b7-0db4b6c3f83d] succeeded in 0.0015898000056040473s: None
[INFO    ] apps.authentication.managers \u2014 \u2705 Created user: email=pwreset@example.com\n[INFO    ] apps.authentication.models — Details updated for user: pwreset@example.com
[INFO    ] celery.app.trace — Task update_model_analytics_counter[95508eee-a358-42d7-b213-806812f6ea99] succeeded in 0.001055200002156198s: None
[INFO    ] apps.authentication.models — Saved UnifiedUser 019d20c5-5e45-7911-9d91-64eb848e0c38 [email] member_id=FASTAR000001
[INFO    ] application — [6eee3926] ChangePassword: user=pwreset@example.com
[INFO    ] apps.authentication.models — Details updated for user: pwreset@example.com
[INFO    ] apps.authentication.models — Saved UnifiedUser 019d20c5-5e45-7911-9d91-64eb848e0c38 [email] member_id=FASTAR000001
[INFO    ] application — [6eee3926] ChangePassword: password updated for user=pwreset@example.com
[WARNING ] apps.audit_logs.tasks — write_audit_event failed (attempt 1/3): AuditEventLog() got unexpected keyword arguments: 'country_code', 'city' — event_type=password_changed
[ERROR   ] apps.audit_logs.services.audit — AuditService._write_sync() failed for payload={'event_type': EventType.PASSWORD_CHANGED, 'event_category': EventCategory.SECURITY, 'severity': SeverityLevel.INFO, 'action': 'Password changed by user 019d20c5-5e45-7911-9d91-64eb848e0c38', 'actor_email': 'pwreset@example.com', 'ip_address': '127.0.0.1', 'user_agent': None, 'device_type': None, 'browser_family': None, 'os_family': None, 'country': None, 'country_code': None, 'city': None, 'resource_type': None, 'resource_id': None, 'request_method': 'POST', 'request_path': '/api/v1/password/change/', 'response_status': None, 'duration_ms': None, 'old_values': None, 'new_values': None, 'metadata': {'user_id': '019d20c5-5e45-7911-9d91-64eb848e0c38', 'user_email': 'pwreset@example.com', 'request_id': '6eee3926'}, 'error_message': None, 'is_compliance': True, 'retention_days': 2555}
Traceback (most recent call last):
  File "C:\Users\fashi\OneDrive\Documenti\FASHIONISTAR_ANTAGRAVITY\fashionistar_backend\apps\audit_logs\tasks.py", line 48, in write_audit_event
    obj = AuditEventLog(**payload)
  File "C:\Users\fashi\OneDrive\Documenti\FASHIONISTAR_ANTAGRAVITY\fashionistar_backend\.venv\Lib\site-packages\django\db\models\base.py", line 590, in __init__
    raise TypeError(
    ...<2 lines>...
    )
TypeError: AuditEventLog() got unexpected keyword arguments: 'country_code', 'city'

During handling of the above exception, another exception occurred:

Traceback (most recent call last):
  File "C:\Users\fashi\OneDrive\Documenti\FASHIONISTAR_ANTAGRAVITY\fashionistar_backend\apps\audit_logs\services\audit.py", line 261, in _dispatch
    write_audit_event.apply_async(
    ~~~~~~~~~~~~~~~~~~~~~~~~~~~~~^
        kwargs={"payload": payload},
        ^^^^^^^^^^^^^^^^^^^^^^^^^^^^
        retry=False,
        ^^^^^^^^^^^^
        ignore_result=True,
        ^^^^^^^^^^^^^^^^^^^
    )
    ^
  File "C:\Users\fashi\OneDrive\Documenti\FASHIONISTAR_ANTAGRAVITY\fashionistar_backend\.venv\Lib\site-packages\celery\app\task.py", line 605, in apply_async
    return self.apply(args, kwargs, task_id=task_id or uuid(),
           ~~~~~~~~~~^^^^^^^^^^^^^^^^^^^^^^^^^^^^^^^^^^^^^^^^^
                      link=link, link_error=link_error, **options)
                      ^^^^^^^^^^^^^^^^^^^^^^^^^^^^^^^^^^^^^^^^^^^^
  File "C:\Users\fashi\OneDrive\Documenti\FASHIONISTAR_ANTAGRAVITY\fashionistar_backend\.venv\Lib\site-packages\celery\app\task.py", line 843, in apply
    ret = tracer(task_id, args, kwargs, request)
  File "C:\Users\fashi\OneDrive\Documenti\FASHIONISTAR_ANTAGRAVITY\fashionistar_backend\.venv\Lib\site-packages\celery\app\trace.py", line 494, in trace_task
    I, R, state, retval = on_error(
                          ~~~~~~~~^
        task_request, exc, RETRY, call_errbacks=False)
        ^^^^^^^^^^^^^^^^^^^^^^^^^^^^^^^^^^^^^^^^^^^^^^
  File "C:\Users\fashi\OneDrive\Documenti\FASHIONISTAR_ANTAGRAVITY\fashionistar_backend\.venv\Lib\site-packages\celery\app\trace.py", line 479, in trace_task
    R = retval = fun(*args, **kwargs)
                 ~~~^^^^^^^^^^^^^^^^^
  File "C:\Users\fashi\OneDrive\Documenti\FASHIONISTAR_ANTAGRAVITY\fashionistar_backend\apps\audit_logs\tasks.py", line 65, in write_audit_event
    raise self.retry(exc=exc)
          ~~~~~~~~~~^^^^^^^^^
  File "C:\Users\fashi\OneDrive\Documenti\FASHIONISTAR_ANTAGRAVITY\fashionistar_backend\.venv\Lib\site-packages\celery\app\task.py", line 763, in retry
    raise ret
celery.exceptions.Retry: Retry in 5s: TypeError("AuditEventLog() got unexpected keyword arguments: 'country_code', 'city'")

During handling of the above exception, another exception occurred:

Traceback (most recent call last):
  File "C:\Users\fashi\OneDrive\Documenti\FASHIONISTAR_ANTAGRAVITY\fashionistar_backend\apps\audit_logs\services\audit.py", line 275, in _write_sync
    obj = AuditEventLog(**payload)
  File "C:\Users\fashi\OneDrive\Documenti\FASHIONISTAR_ANTAGRAVITY\fashionistar_backend\.venv\Lib\site-packages\django\db\models\base.py", line 590, in __init__
    raise TypeError(
    ...<2 lines>...
    )
TypeError: AuditEventLog() got unexpected keyword arguments: 'country_code', 'city'
[INFO    ] application — [6eee3926] ChangePassword: confirmation email scheduled via Celery
[INFO    ] celery.app.trace — Task update_model_analytics_counter[a81a8dcb-9e5a-4a53-8d28-718c507a48a9] succeeded in 0.0015818000028957613s: None
[INFO    ] security — SECURITY_AUDIT action=REQUEST req=defe87b1-c69a-4f73-9952-a29e5d567a6f device=fp:57efdd91ba75ee0012c0 session=- ip=127.0.0.1 method=POST path=/api/v1/password/change/ status=200 duration_ms=19.4 user_id=019d20c5-5e45-7911-9d91-64eb848e0c38 role=client ua='-' referrer=-
[INFO    ] apps.common.middleware \u2014 [POST] /api/v1/password/change/ \u2192 200 in 19.6ms [req=defe87b1-c69a-4f73-9952-a29e5d567a6f]\nPASSED                                                                   [ 69%]
------------------------------ live log teardown ------------------------------
[INFO    ] celery.app.trace — Task update_model_analytics_counter[6f766b75-e01f-42cb-99a1-b666c24304df] succeeded in 0.0019778000059886836s: None
[INFO    ] application — EmailBackendConfig instance created via post_migrate signal.
[INFO    ] celery.app.trace — Task update_model_analytics_counter[d27fa9a2-ade6-456c-8bdc-c520be124afb] succeeded in 0.0024921000003814697s: None
[INFO    ] application — Default SMSBackendConfig instance created via post_migrate signal.

apps/authentication/tests/test_password_reset.py::TestChangePassword::test_wrong_old_password_returns_400 
-------------------------------- live log call --------------------------------
[INFO    ] apps.authentication.models — Saved UnifiedUser 019d20c5-5f21-7878-829b-5dd7f9ce57b1 [email] member_id=FASTAR000001
[INFO    ] celery.app.trace — Task update_model_analytics_counter[3d5c484c-91c2-45e2-949e-dfe877901707] succeeded in 0.0024015000017243437s: None
[INFO    ] apps.authentication.managers \u2014 \u2705 Created user: email=pwreset@example.com\n[INFO    ] apps.authentication.models — Details updated for user: pwreset@example.com
[INFO    ] celery.app.trace — Task update_model_analytics_counter[a02281ac-696b-4713-ad0a-013ad92a8275] succeeded in 0.0010884000002988614s: None
[INFO    ] apps.authentication.models — Saved UnifiedUser 019d20c5-5f21-7878-829b-5dd7f9ce57b1 [email] member_id=FASTAR000001
[INFO    ] application — [3244d5aa] ChangePassword: user=pwreset@example.com
[INFO    ] security — SECURITY_AUDIT action=CLIENT_ERROR req=b46d9186-911a-4130-bec1-cddfc39a2065 device=fp:57efdd91ba75ee0012c0 session=- ip=127.0.0.1 method=POST path=/api/v1/password/change/ status=400 duration_ms=6.8 user_id=019d20c5-5f21-7878-829b-5dd7f9ce57b1 role=client ua='-' referrer=-
[INFO    ] apps.common.middleware \u2014 [POST] /api/v1/password/change/ \u2192 400 in 7.2ms [req=b46d9186-911a-4130-bec1-cddfc39a2065]\nPASSED                                                                   [ 70%]
------------------------------ live log teardown ------------------------------
[INFO    ] celery.app.trace — Task update_model_analytics_counter[03095af1-f7ec-41be-ac80-ea0147597625] succeeded in 0.0018886999969254248s: None
[INFO    ] application — EmailBackendConfig instance created via post_migrate signal.
[INFO    ] celery.app.trace — Task update_model_analytics_counter[b7e39d8f-b76a-40c6-8056-36e04e980933] succeeded in 0.0016052999999374151s: None
[INFO    ] application — Default SMSBackendConfig instance created via post_migrate signal.

apps/authentication/tests/test_password_reset.py::TestChangePassword::test_unauthenticated_returns_401 
-------------------------------- live log call --------------------------------
[WARNING ] permissions — IsVerifiedUser: unauthenticated request blocked.
[WARNING ] security — SECURITY_AUDIT action=PERMISSION_DENIED req=ff0f068b-c9e1-4c95-9127-d2713b1c7074 code=not_authenticated
[WARNING ] security — SECURITY_AUDIT action=PERMISSION_DENIED req=ff0f068b-c9e1-4c95-9127-d2713b1c7074 device=fp:57efdd91ba75ee0012c0 session=- ip=127.0.0.1 method=POST path=/api/v1/password/change/ status=401 duration_ms=1.5 user_id=anonymous role=anonymous ua='-' referrer=-
[INFO    ] apps.common.middleware \u2014 [POST] /api/v1/password/change/ \u2192 401 in 1.8ms [req=ff0f068b-c9e1-4c95-9127-d2713b1c7074]\nPASSED                                                                   [ 70%]
------------------------------ live log teardown ------------------------------
[INFO    ] celery.app.trace — Task update_model_analytics_counter[c850f0c8-043b-4b47-a389-2eb0118011f4] succeeded in 0.0027313000027788803s: None
[INFO    ] application — EmailBackendConfig instance created via post_migrate signal.
[INFO    ] celery.app.trace — Task update_model_analytics_counter[d495c087-03e8-4bf1-a51c-0f24a50ab035] succeeded in 0.0023736000002827495s: None
[INFO    ] application — Default SMSBackendConfig instance created via post_migrate signal.

apps/authentication/tests/test_password_reset.py::TestChangePassword::test_atomic_block_integrity 
-------------------------------- live log call --------------------------------
[INFO    ] apps.authentication.models — Saved UnifiedUser 019d20c5-6065-7e94-81b1-3a8d5cf24e41 [email] member_id=FASTAR000001
[INFO    ] celery.app.trace — Task update_model_analytics_counter[cfa45f19-72a3-4432-9014-8fc6b1b17651] succeeded in 0.0018071000013151206s: None
[INFO    ] apps.authentication.managers \u2014 \u2705 Created user: email=pwreset@example.com\n[INFO    ] apps.authentication.models — Details updated for user: pwreset@example.com
[INFO    ] celery.app.trace — Task update_model_analytics_counter[e478da54-9354-4f9b-8a83-ed59a396df2f] succeeded in 0.0009824000007938594s: None
[INFO    ] apps.authentication.models — Saved UnifiedUser 019d20c5-6065-7e94-81b1-3a8d5cf24e41 [email] member_id=FASTAR000001
[INFO    ] application — [9f95caac] ChangePassword: user=pwreset@example.com
[INFO    ] apps.authentication.models — Details updated for user: pwreset@example.com
[INFO    ] apps.authentication.models — Saved UnifiedUser 019d20c5-6065-7e94-81b1-3a8d5cf24e41 [email] member_id=FASTAR000001
[INFO    ] application — [9f95caac] ChangePassword: password updated for user=pwreset@example.com
[WARNING ] apps.audit_logs.tasks — write_audit_event failed (attempt 1/3): AuditEventLog() got unexpected keyword arguments: 'country_code', 'city' — event_type=password_changed
[ERROR   ] apps.audit_logs.services.audit — AuditService._write_sync() failed for payload={'event_type': EventType.PASSWORD_CHANGED, 'event_category': EventCategory.SECURITY, 'severity': SeverityLevel.INFO, 'action': 'Password changed by user 019d20c5-6065-7e94-81b1-3a8d5cf24e41', 'actor_email': 'pwreset@example.com', 'ip_address': '127.0.0.1', 'user_agent': None, 'device_type': None, 'browser_family': None, 'os_family': None, 'country': None, 'country_code': None, 'city': None, 'resource_type': None, 'resource_id': None, 'request_method': 'POST', 'request_path': '/api/v1/password/change/', 'response_status': None, 'duration_ms': None, 'old_values': None, 'new_values': None, 'metadata': {'user_id': '019d20c5-6065-7e94-81b1-3a8d5cf24e41', 'user_email': 'pwreset@example.com', 'request_id': '9f95caac'}, 'error_message': None, 'is_compliance': True, 'retention_days': 2555}
Traceback (most recent call last):
  File "C:\Users\fashi\OneDrive\Documenti\FASHIONISTAR_ANTAGRAVITY\fashionistar_backend\apps\audit_logs\tasks.py", line 48, in write_audit_event
    obj = AuditEventLog(**payload)
  File "C:\Users\fashi\OneDrive\Documenti\FASHIONISTAR_ANTAGRAVITY\fashionistar_backend\.venv\Lib\site-packages\django\db\models\base.py", line 590, in __init__
    raise TypeError(
    ...<2 lines>...
    )
TypeError: AuditEventLog() got unexpected keyword arguments: 'country_code', 'city'

During handling of the above exception, another exception occurred:

Traceback (most recent call last):
  File "C:\Users\fashi\OneDrive\Documenti\FASHIONISTAR_ANTAGRAVITY\fashionistar_backend\apps\audit_logs\services\audit.py", line 261, in _dispatch
    write_audit_event.apply_async(
    ~~~~~~~~~~~~~~~~~~~~~~~~~~~~~^
        kwargs={"payload": payload},
        ^^^^^^^^^^^^^^^^^^^^^^^^^^^^
        retry=False,
        ^^^^^^^^^^^^
        ignore_result=True,
        ^^^^^^^^^^^^^^^^^^^
    )
    ^
  File "C:\Users\fashi\OneDrive\Documenti\FASHIONISTAR_ANTAGRAVITY\fashionistar_backend\.venv\Lib\site-packages\celery\app\task.py", line 605, in apply_async
    return self.apply(args, kwargs, task_id=task_id or uuid(),
           ~~~~~~~~~~^^^^^^^^^^^^^^^^^^^^^^^^^^^^^^^^^^^^^^^^^
                      link=link, link_error=link_error, **options)
                      ^^^^^^^^^^^^^^^^^^^^^^^^^^^^^^^^^^^^^^^^^^^^
  File "C:\Users\fashi\OneDrive\Documenti\FASHIONISTAR_ANTAGRAVITY\fashionistar_backend\.venv\Lib\site-packages\celery\app\task.py", line 843, in apply
    ret = tracer(task_id, args, kwargs, request)
  File "C:\Users\fashi\OneDrive\Documenti\FASHIONISTAR_ANTAGRAVITY\fashionistar_backend\.venv\Lib\site-packages\celery\app\trace.py", line 494, in trace_task
    I, R, state, retval = on_error(
                          ~~~~~~~~^
        task_request, exc, RETRY, call_errbacks=False)
        ^^^^^^^^^^^^^^^^^^^^^^^^^^^^^^^^^^^^^^^^^^^^^^
  File "C:\Users\fashi\OneDrive\Documenti\FASHIONISTAR_ANTAGRAVITY\fashionistar_backend\.venv\Lib\site-packages\celery\app\trace.py", line 479, in trace_task
    R = retval = fun(*args, **kwargs)
                 ~~~^^^^^^^^^^^^^^^^^
  File "C:\Users\fashi\OneDrive\Documenti\FASHIONISTAR_ANTAGRAVITY\fashionistar_backend\apps\audit_logs\tasks.py", line 65, in write_audit_event
    raise self.retry(exc=exc)
          ~~~~~~~~~~^^^^^^^^^
  File "C:\Users\fashi\OneDrive\Documenti\FASHIONISTAR_ANTAGRAVITY\fashionistar_backend\.venv\Lib\site-packages\celery\app\task.py", line 763, in retry
    raise ret
celery.exceptions.Retry: Retry in 5s: TypeError("AuditEventLog() got unexpected keyword arguments: 'country_code', 'city'")

During handling of the above exception, another exception occurred:

Traceback (most recent call last):
  File "C:\Users\fashi\OneDrive\Documenti\FASHIONISTAR_ANTAGRAVITY\fashionistar_backend\apps\audit_logs\services\audit.py", line 275, in _write_sync
    obj = AuditEventLog(**payload)
  File "C:\Users\fashi\OneDrive\Documenti\FASHIONISTAR_ANTAGRAVITY\fashionistar_backend\.venv\Lib\site-packages\django\db\models\base.py", line 590, in __init__
    raise TypeError(
    ...<2 lines>...
    )
TypeError: AuditEventLog() got unexpected keyword arguments: 'country_code', 'city'
[INFO    ] application — [9f95caac] ChangePassword: confirmation email scheduled via Celery
[INFO    ] security — SECURITY_AUDIT action=REQUEST req=6062d3b3-6f50-43f5-ad06-b6373a16db58 device=fp:57efdd91ba75ee0012c0 session=- ip=127.0.0.1 method=POST path=/api/v1/password/change/ status=200 duration_ms=18.0 user_id=019d20c5-6065-7e94-81b1-3a8d5cf24e41 role=client ua='-' referrer=-
[INFO    ] apps.common.middleware \u2014 [POST] /api/v1/password/change/ \u2192 200 in 18.2ms [req=6062d3b3-6f50-43f5-ad06-b6373a16db58]\n[INFO    ] celery.app.trace — Task update_model_analytics_counter[dfbbc2ed-7ed0-4c03-8de9-23719f44dfe1] succeeded in 0.0013006000008317642s: None
PASSED                                                                   [ 71%]
------------------------------ live log teardown ------------------------------
[INFO    ] celery.app.trace — Task update_model_analytics_counter[91aca2ac-ff10-4b68-8780-003e27e6e293] succeeded in 0.0018855000016628765s: None
[INFO    ] application — EmailBackendConfig instance created via post_migrate signal.
[INFO    ] celery.app.trace — Task update_model_analytics_counter[69246c47-fe13-424c-a0ed-c1ba1c05ee73] succeeded in 0.0014535000009345822s: None
[INFO    ] application — Default SMSBackendConfig instance created via post_migrate signal.

apps/authentication/tests/test_password_reset.py::TestSessionViews::test_session_list_200 
-------------------------------- live log call --------------------------------
[INFO    ] apps.authentication.models — Saved UnifiedUser 019d20c5-6110-743f-a98a-932fe0b1ab1e [email] member_id=FASTAR000001
[INFO    ] celery.app.trace — Task update_model_analytics_counter[ae0373f2-6799-4689-a7e8-3f078b1b1f6b] succeeded in 0.0018213000003015622s: None
[INFO    ] apps.authentication.managers \u2014 \u2705 Created user: email=pwreset@example.com\n[INFO    ] apps.authentication.models — Details updated for user: pwreset@example.com
[INFO    ] celery.app.trace — Task update_model_analytics_counter[a774240e-d19d-45a0-a39b-9f1f344668fe] succeeded in 0.0013127999991411343s: None
[INFO    ] apps.authentication.models — Saved UnifiedUser 019d20c5-6110-743f-a98a-932fe0b1ab1e [email] member_id=FASTAR000001
[INFO    ] security — SECURITY_AUDIT action=REQUEST req=a449ef5c-ee4f-4a5a-95b0-c74750f354e5 device=fp:57efdd91ba75ee0012c0 session=- ip=127.0.0.1 method=GET path=/api/v1/auth/sessions/ status=200 duration_ms=4.3 user_id=019d20c5-6110-743f-a98a-932fe0b1ab1e role=client ua='-' referrer=-
[INFO    ] apps.common.middleware \u2014 [GET] /api/v1/auth/sessions/ \u2192 200 in 4.6ms [req=a449ef5c-ee4f-4a5a-95b0-c74750f354e5]\nPASSED                                                                   [ 72%]
------------------------------ live log teardown ------------------------------
[INFO    ] celery.app.trace — Task update_model_analytics_counter[17abafd3-d380-4e16-89ae-0d1cd354ca3f] succeeded in 0.0033475000018370338s: None
[INFO    ] application — EmailBackendConfig instance created via post_migrate signal.
[INFO    ] celery.app.trace — Task update_model_analytics_counter[09a63b9d-3380-4289-87a3-b49d910aa502] succeeded in 0.0016757999983383343s: None
[INFO    ] application — Default SMSBackendConfig instance created via post_migrate signal.

apps/authentication/tests/test_password_reset.py::TestSessionViews::test_session_list_unauthenticated_401 
-------------------------------- live log call --------------------------------
[WARNING ] permissions — IsVerifiedUser: unauthenticated request blocked.
[WARNING ] security — SECURITY_AUDIT action=PERMISSION_DENIED req=1b43ae69-26f3-41ce-a0f8-02004bd0f4eb code=not_authenticated
[WARNING ] security — SECURITY_AUDIT action=PERMISSION_DENIED req=1b43ae69-26f3-41ce-a0f8-02004bd0f4eb device=fp:57efdd91ba75ee0012c0 session=- ip=127.0.0.1 method=GET path=/api/v1/auth/sessions/ status=401 duration_ms=1.3 user_id=anonymous role=anonymous ua='-' referrer=-
[INFO    ] apps.common.middleware \u2014 [GET] /api/v1/auth/sessions/ \u2192 401 in 1.5ms [req=1b43ae69-26f3-41ce-a0f8-02004bd0f4eb]\nPASSED                                                                   [ 72%]
------------------------------ live log teardown ------------------------------
[INFO    ] celery.app.trace — Task update_model_analytics_counter[61ce4a0d-2f4c-4072-aada-55ac6b126570] succeeded in 0.004155099995841738s: None
[INFO    ] application — EmailBackendConfig instance created via post_migrate signal.
[INFO    ] celery.app.trace — Task update_model_analytics_counter[1fa14d3c-11fa-401d-8b23-41e2d7ea4945] succeeded in 0.004514499996730592s: None
[INFO    ] application — Default SMSBackendConfig instance created via post_migrate signal.

apps/authentication/tests/test_password_reset.py::TestSessionViews::test_revoke_others_200 
-------------------------------- live log call --------------------------------
[INFO    ] apps.authentication.models — Saved UnifiedUser 019d20c5-62fc-77ba-8b96-a8d1e49b3971 [email] member_id=FASTAR000001
[INFO    ] celery.app.trace — Task update_model_analytics_counter[cd646677-7001-42ae-b6b0-9f05bd67e597] succeeded in 0.003527200002281461s: None
[INFO    ] apps.authentication.managers \u2014 \u2705 Created user: email=pwreset@example.com\n[INFO    ] apps.authentication.models — Details updated for user: pwreset@example.com
[INFO    ] celery.app.trace — Task update_model_analytics_counter[818e829f-fba3-4992-8524-aa1e5ed9c5b4] succeeded in 0.002444199999445118s: None
[INFO    ] apps.authentication.models — Saved UnifiedUser 019d20c5-62fc-77ba-8b96-a8d1e49b3971 [email] member_id=FASTAR000001
[INFO    ] application \u2014 \u2705 RevokeOthers: 0 sessions terminated for user=019d20c5-62fc-77ba-8b96-a8d1e49b3971\n[INFO    ] security — SECURITY_AUDIT action=REQUEST req=681931e1-9a2e-4563-b59f-4b71573bf84b device=fp:57efdd91ba75ee0012c0 session=- ip=127.0.0.1 method=POST path=/api/v1/auth/sessions/revoke-others/ status=200 duration_ms=8.2 user_id=019d20c5-62fc-77ba-8b96-a8d1e49b3971 role=client ua='-' referrer=-
[INFO    ] apps.common.middleware \u2014 [POST] /api/v1/auth/sessions/revoke-others/ \u2192 200 in 8.7ms [req=681931e1-9a2e-4563-b59f-4b71573bf84b]\nPASSED                                                                   [ 73%]
------------------------------ live log teardown ------------------------------
[INFO    ] celery.app.trace — Task update_model_analytics_counter[91096518-8f3b-4216-acd2-eb3223906e3c] succeeded in 0.0035663000016938895s: None
[INFO    ] application — EmailBackendConfig instance created via post_migrate signal.
[INFO    ] celery.app.trace — Task update_model_analytics_counter[daf1ddc2-3915-4468-927f-95a1e053c4fa] succeeded in 0.0022305000020423904s: None
[INFO    ] application — Default SMSBackendConfig instance created via post_migrate signal.

apps/authentication/tests/test_password_reset.py::TestSessionViews::test_login_events_200 
-------------------------------- live log call --------------------------------
[INFO    ] apps.authentication.models — Saved UnifiedUser 019d20c5-6444-7cdb-be4f-e49a778624d8 [email] member_id=FASTAR000001
[INFO    ] celery.app.trace — Task update_model_analytics_counter[5a52e6c3-7bbf-4d21-a957-a1276e5b2a74] succeeded in 0.0027955000041401945s: None
[INFO    ] apps.authentication.managers \u2014 \u2705 Created user: email=pwreset@example.com\n[INFO    ] apps.authentication.models — Details updated for user: pwreset@example.com
[INFO    ] celery.app.trace — Task update_model_analytics_counter[2066d53a-d737-480f-8b85-e45591b61909] succeeded in 0.0015530999953625724s: None
[INFO    ] apps.authentication.models — Saved UnifiedUser 019d20c5-6444-7cdb-be4f-e49a778624d8 [email] member_id=FASTAR000001
[INFO    ] security — SECURITY_AUDIT action=REQUEST req=d8b4143e-b780-4483-9447-ab0cf21fa053 device=fp:57efdd91ba75ee0012c0 session=- ip=127.0.0.1 method=GET path=/api/v1/auth/login-events/ status=200 duration_ms=3.2 user_id=019d20c5-6444-7cdb-be4f-e49a778624d8 role=client ua='-' referrer=-
[INFO    ] apps.common.middleware \u2014 [GET] /api/v1/auth/login-events/ \u2192 200 in 3.5ms [req=d8b4143e-b780-4483-9447-ab0cf21fa053]\nPASSED                                                                   [ 74%]
------------------------------ live log teardown ------------------------------
[INFO    ] celery.app.trace — Task update_model_analytics_counter[1d243b7e-0d28-41e2-b7d5-23e57a33284e] succeeded in 0.0023786000019754283s: None
[INFO    ] application — EmailBackendConfig instance created via post_migrate signal.
[INFO    ] celery.app.trace — Task update_model_analytics_counter[72bcca54-7aa4-4c10-8915-c0e6eefa357e] succeeded in 0.0021074999967822805s: None
[INFO    ] application — Default SMSBackendConfig instance created via post_migrate signal.

apps/authentication/tests/test_password_reset.py::TestSessionViews::test_login_events_unauthenticated_401 
-------------------------------- live log call --------------------------------
[WARNING ] permissions — IsVerifiedUser: unauthenticated request blocked.
[WARNING ] security — SECURITY_AUDIT action=PERMISSION_DENIED req=2819a347-87b0-47a3-9480-66a41fb97cfa code=not_authenticated
[WARNING ] security — SECURITY_AUDIT action=PERMISSION_DENIED req=2819a347-87b0-47a3-9480-66a41fb97cfa device=fp:57efdd91ba75ee0012c0 session=- ip=127.0.0.1 method=GET path=/api/v1/auth/login-events/ status=401 duration_ms=1.6 user_id=anonymous role=anonymous ua='-' referrer=-
[INFO    ] apps.common.middleware \u2014 [GET] /api/v1/auth/login-events/ \u2192 401 in 1.8ms [req=2819a347-87b0-47a3-9480-66a41fb97cfa]\nPASSED                                                                   [ 74%]
------------------------------ live log teardown ------------------------------
[INFO    ] celery.app.trace — Task update_model_analytics_counter[dfa0ba71-7a17-4968-b304-6c2ddec27a73] succeeded in 0.0019299999985378236s: None
[INFO    ] application — EmailBackendConfig instance created via post_migrate signal.
[INFO    ] celery.app.trace — Task update_model_analytics_counter[f705fada-de4b-48d5-ba4a-b25a5d435080] succeeded in 0.0017550000047776848s: None
[INFO    ] application — Default SMSBackendConfig instance created via post_migrate signal.

apps/authentication/tests/test_password_reset.py::TestSessionViews::test_revoke_nonexistent_session_404 
-------------------------------- live log call --------------------------------
[INFO    ] apps.authentication.models — Saved UnifiedUser 019d20c5-6586-7535-a0fe-72ecdcb8dc63 [email] member_id=FASTAR000001
[INFO    ] celery.app.trace — Task update_model_analytics_counter[21ec30bb-c24d-435f-a7ba-ce4a68ed61ce] succeeded in 0.0017349999980069697s: None
[INFO    ] apps.authentication.managers \u2014 \u2705 Created user: email=pwreset@example.com\n[INFO    ] apps.authentication.models — Details updated for user: pwreset@example.com
[INFO    ] celery.app.trace — Task update_model_analytics_counter[cb91d848-6509-4093-970a-5370c46d8793] succeeded in 0.0012115999998059124s: None
[INFO    ] apps.authentication.models — Saved UnifiedUser 019d20c5-6586-7535-a0fe-72ecdcb8dc63 [email] member_id=FASTAR000001
[INFO    ] security — SECURITY_AUDIT action=CLIENT_ERROR req=84ca7a12-098c-4fa9-a631-7cd76385d119 device=fp:57efdd91ba75ee0012c0 session=- ip=127.0.0.1 method=DELETE path=/api/v1/auth/sessions/999999/ status=404 duration_ms=3.7 user_id=019d20c5-6586-7535-a0fe-72ecdcb8dc63 role=client ua='-' referrer=-
[INFO    ] apps.common.middleware \u2014 [DELETE] /api/v1/auth/sessions/999999/ \u2192 404 in 4.2ms [req=84ca7a12-098c-4fa9-a631-7cd76385d119]\nPASSED                                                                   [ 75%]
------------------------------ live log teardown ------------------------------
[INFO    ] celery.app.trace — Task update_model_analytics_counter[aa50af34-791d-4ed2-82bc-227d5704f35e] succeeded in 0.0018360000030952506s: None
[INFO    ] application — EmailBackendConfig instance created via post_migrate signal.
[INFO    ] celery.app.trace — Task update_model_analytics_counter[089c86cf-0a97-4d48-9841-4caa10284ae0] succeeded in 0.002696800002013333s: None
[INFO    ] application — Default SMSBackendConfig instance created via post_migrate signal.

apps/authentication/tests/test_password_reset.py::TestConcurrencyStress::test_20_concurrent_reset_requests_all_200 
-------------------------------- live log call --------------------------------
[INFO    ] apps.authentication.models — Saved UnifiedUser 019d20c5-6651-7e87-ac99-3d4be4eda562 [email] member_id=FASTAR000001
[INFO    ] celery.app.trace — Task update_model_analytics_counter[62a1c870-f9e5-4b20-aa5c-ecdfd620211f] succeeded in 0.002492999999958556s: None
[INFO    ] apps.authentication.managers \u2014 \u2705 Created user: email=pwreset@example.com\n[INFO    ] apps.authentication.models — Details updated for user: pwreset@example.com
[INFO    ] celery.app.trace — Task update_model_analytics_counter[a2269204-fb40-428d-b2a2-2dadbdb7b4ba] succeeded in 0.00160679999680724s: None
[INFO    ] apps.authentication.models — Saved UnifiedUser 019d20c5-6651-7e87-ac99-3d4be4eda562 [email] member_id=FASTAR000001
[INFO    ] application — [13eb390f] PasswordResetRequest: start — identifier=pwreset@example.com
[INFO    ] application — [80318561] PasswordResetRequest: start — identifier=pwreset@example.com
[INFO    ] apps.authentication.serializers.password — Password reset request validation for pwreset@example.com
[INFO    ] apps.authentication.serializers.password — Password reset request validation for pwreset@example.com
[WARNING ] apps.audit_logs.tasks — write_audit_event failed (attempt 1/3): AuditEventLog() got unexpected keyword arguments: 'country_code', 'city' — event_type=password_reset_request
[INFO    ] application — [ce62980b] PasswordResetRequest: start — identifier=pwreset@example.com
[INFO    ] application — [489d2ae4] PasswordResetRequest: start — identifier=pwreset@example.com
[INFO    ] application — [7260a80f] PasswordResetRequest: start — identifier=pwreset@example.com
[INFO    ] application — [2db95ee0] PasswordResetRequest: start — identifier=pwreset@example.com
[ERROR   ] apps.audit_logs.services.audit — AuditService._write_sync() failed for payload={'event_type': EventType.PASSWORD_RESET_REQUEST, 'event_category': EventCategory.SECURITY, 'severity': 'info', 'action': 'Password reset requested for known identifier (email=True)', 'actor_email': 'pwreset@example.com', 'ip_address': '127.0.0.1', 'user_agent': None, 'device_type': None, 'browser_family': None, 'os_family': None, 'country': None, 'country_code': None, 'city': None, 'resource_type': 'UnifiedUser', 'resource_id': '019d20c5-6651-7e87-ac99-3d4be4eda562', 'request_method': 'POST', 'request_path': '/api/v1/password/reset-request/', 'response_status': None, 'duration_ms': None, 'old_values': None, 'new_values': None, 'metadata': {'identifier_type': 'email', 'user_exists': True}, 'error_message': None, 'is_compliance': True, 'retention_days': 2555}
Traceback (most recent call last):
  File "C:\Users\fashi\OneDrive\Documenti\FASHIONISTAR_ANTAGRAVITY\fashionistar_backend\apps\audit_logs\tasks.py", line 48, in write_audit_event
    obj = AuditEventLog(**payload)
  File "C:\Users\fashi\OneDrive\Documenti\FASHIONISTAR_ANTAGRAVITY\fashionistar_backend\.venv\Lib\site-packages\django\db\models\base.py", line 590, in __init__
    raise TypeError(
    ...<2 lines>...
    )
TypeError: AuditEventLog() got unexpected keyword arguments: 'country_code', 'city'

During handling of the above exception, another exception occurred:

Traceback (most recent call last):
  File "C:\Users\fashi\OneDrive\Documenti\FASHIONISTAR_ANTAGRAVITY\fashionistar_backend\apps\audit_logs\services\audit.py", line 261, in _dispatch
    write_audit_event.apply_async(
    ~~~~~~~~~~~~~~~~~~~~~~~~~~~~~^
        kwargs={"payload": payload},
        ^^^^^^^^^^^^^^^^^^^^^^^^^^^^
        retry=False,
        ^^^^^^^^^^^^
        ignore_result=True,
        ^^^^^^^^^^^^^^^^^^^
    )
    ^
  File "C:\Users\fashi\OneDrive\Documenti\FASHIONISTAR_ANTAGRAVITY\fashionistar_backend\.venv\Lib\site-packages\celery\app\task.py", line 605, in apply_async
    return self.apply(args, kwargs, task_id=task_id or uuid(),
           ~~~~~~~~~~^^^^^^^^^^^^^^^^^^^^^^^^^^^^^^^^^^^^^^^^^
                      link=link, link_error=link_error, **options)
                      ^^^^^^^^^^^^^^^^^^^^^^^^^^^^^^^^^^^^^^^^^^^^
  File "C:\Users\fashi\OneDrive\Documenti\FASHIONISTAR_ANTAGRAVITY\fashionistar_backend\.venv\Lib\site-packages\celery\app\task.py", line 843, in apply
    ret = tracer(task_id, args, kwargs, request)
  File "C:\Users\fashi\OneDrive\Documenti\FASHIONISTAR_ANTAGRAVITY\fashionistar_backend\.venv\Lib\site-packages\celery\app\trace.py", line 494, in trace_task
    I, R, state, retval = on_error(
                          ~~~~~~~~^
        task_request, exc, RETRY, call_errbacks=False)
        ^^^^^^^^^^^^^^^^^^^^^^^^^^^^^^^^^^^^^^^^^^^^^^
  File "C:\Users\fashi\OneDrive\Documenti\FASHIONISTAR_ANTAGRAVITY\fashionistar_backend\.venv\Lib\site-packages\celery\app\trace.py", line 479, in trace_task
    R = retval = fun(*args, **kwargs)
                 ~~~^^^^^^^^^^^^^^^^^
  File "C:\Users\fashi\OneDrive\Documenti\FASHIONISTAR_ANTAGRAVITY\fashionistar_backend\apps\audit_logs\tasks.py", line 65, in write_audit_event
    raise self.retry(exc=exc)
          ~~~~~~~~~~^^^^^^^^^
  File "C:\Users\fashi\OneDrive\Documenti\FASHIONISTAR_ANTAGRAVITY\fashionistar_backend\.venv\Lib\site-packages\celery\app\task.py", line 763, in retry
    raise ret
celery.exceptions.Retry: Retry in 5s: TypeError("AuditEventLog() got unexpected keyword arguments: 'country_code', 'city'")

During handling of the above exception, another exception occurred:

Traceback (most recent call last):
  File "C:\Users\fashi\OneDrive\Documenti\FASHIONISTAR_ANTAGRAVITY\fashionistar_backend\apps\audit_logs\services\audit.py", line 275, in _write_sync
    obj = AuditEventLog(**payload)
  File "C:\Users\fashi\OneDrive\Documenti\FASHIONISTAR_ANTAGRAVITY\fashionistar_backend\.venv\Lib\site-packages\django\db\models\base.py", line 590, in __init__
    raise TypeError(
    ...<2 lines>...
    )
TypeError: AuditEventLog() got unexpected keyword arguments: 'country_code', 'city'
[INFO    ] application — [c692e2d7] PasswordResetRequest: start — identifier=pwreset@example.com
[INFO    ] application — [ca37f2a6] PasswordResetRequest: start — identifier=pwreset@example.com
[WARNING ] apps.audit_logs.tasks — write_audit_event failed (attempt 1/3): AuditEventLog() got unexpected keyword arguments: 'country_code', 'city' — event_type=password_reset_request
[INFO    ] application — [ea98c4b7] PasswordResetRequest: start — identifier=pwreset@example.com
[INFO    ] application — [89efa82b] PasswordResetRequest: start — identifier=pwreset@example.com
[INFO    ] application \u2014 \U0001f4e7 Reset Email Celery task dispatched for pwreset@example.com\n[INFO    ] apps.authentication.serializers.password — Password reset request validation for pwreset@example.com
[INFO    ] apps.authentication.serializers.password — Password reset request validation for pwreset@example.com
[INFO    ] application — [401a9322] PasswordResetRequest: start — identifier=pwreset@example.com
[INFO    ] apps.authentication.serializers.password — Password reset request validation for pwreset@example.com
[INFO    ] application — [4c30b4bb] PasswordResetRequest: start — identifier=pwreset@example.com
[INFO    ] application — [046f2198] PasswordResetRequest: start — identifier=pwreset@example.com
[ERROR   ] apps.audit_logs.services.audit — AuditService._write_sync() failed for payload={'event_type': EventType.PASSWORD_RESET_REQUEST, 'event_category': EventCategory.SECURITY, 'severity': 'info', 'action': 'Password reset requested for known identifier (email=True)', 'actor_email': 'pwreset@example.com', 'ip_address': '127.0.0.1', 'user_agent': None, 'device_type': None, 'browser_family': None, 'os_family': None, 'country': None, 'country_code': None, 'city': None, 'resource_type': 'UnifiedUser', 'resource_id': '019d20c5-6651-7e87-ac99-3d4be4eda562', 'request_method': 'POST', 'request_path': '/api/v1/password/reset-request/', 'response_status': None, 'duration_ms': None, 'old_values': None, 'new_values': None, 'metadata': {'identifier_type': 'email', 'user_exists': True}, 'error_message': None, 'is_compliance': True, 'retention_days': 2555}
Traceback (most recent call last):
  File "C:\Users\fashi\OneDrive\Documenti\FASHIONISTAR_ANTAGRAVITY\fashionistar_backend\apps\audit_logs\tasks.py", line 48, in write_audit_event
    obj = AuditEventLog(**payload)
  File "C:\Users\fashi\OneDrive\Documenti\FASHIONISTAR_ANTAGRAVITY\fashionistar_backend\.venv\Lib\site-packages\django\db\models\base.py", line 590, in __init__
    raise TypeError(
    ...<2 lines>...
    )
TypeError: AuditEventLog() got unexpected keyword arguments: 'country_code', 'city'

During handling of the above exception, another exception occurred:

Traceback (most recent call last):
  File "C:\Users\fashi\OneDrive\Documenti\FASHIONISTAR_ANTAGRAVITY\fashionistar_backend\apps\audit_logs\services\audit.py", line 261, in _dispatch
    write_audit_event.apply_async(
    ~~~~~~~~~~~~~~~~~~~~~~~~~~~~~^
        kwargs={"payload": payload},
        ^^^^^^^^^^^^^^^^^^^^^^^^^^^^
        retry=False,
        ^^^^^^^^^^^^
        ignore_result=True,
        ^^^^^^^^^^^^^^^^^^^
    )
    ^
  File "C:\Users\fashi\OneDrive\Documenti\FASHIONISTAR_ANTAGRAVITY\fashionistar_backend\.venv\Lib\site-packages\celery\app\task.py", line 605, in apply_async
    return self.apply(args, kwargs, task_id=task_id or uuid(),
           ~~~~~~~~~~^^^^^^^^^^^^^^^^^^^^^^^^^^^^^^^^^^^^^^^^^
                      link=link, link_error=link_error, **options)
                      ^^^^^^^^^^^^^^^^^^^^^^^^^^^^^^^^^^^^^^^^^^^^
  File "C:\Users\fashi\OneDrive\Documenti\FASHIONISTAR_ANTAGRAVITY\fashionistar_backend\.venv\Lib\site-packages\celery\app\task.py", line 843, in apply
    ret = tracer(task_id, args, kwargs, request)
  File "C:\Users\fashi\OneDrive\Documenti\FASHIONISTAR_ANTAGRAVITY\fashionistar_backend\.venv\Lib\site-packages\celery\app\trace.py", line 494, in trace_task
    I, R, state, retval = on_error(
                          ~~~~~~~~^
        task_request, exc, RETRY, call_errbacks=False)
        ^^^^^^^^^^^^^^^^^^^^^^^^^^^^^^^^^^^^^^^^^^^^^^
  File "C:\Users\fashi\OneDrive\Documenti\FASHIONISTAR_ANTAGRAVITY\fashionistar_backend\.venv\Lib\site-packages\celery\app\trace.py", line 479, in trace_task
    R = retval = fun(*args, **kwargs)
                 ~~~^^^^^^^^^^^^^^^^^
  File "C:\Users\fashi\OneDrive\Documenti\FASHIONISTAR_ANTAGRAVITY\fashionistar_backend\apps\audit_logs\tasks.py", line 65, in write_audit_event
    raise self.retry(exc=exc)
          ~~~~~~~~~~^^^^^^^^^
  File "C:\Users\fashi\OneDrive\Documenti\FASHIONISTAR_ANTAGRAVITY\fashionistar_backend\.venv\Lib\site-packages\celery\app\task.py", line 763, in retry
    raise ret
celery.exceptions.Retry: Retry in 5s: TypeError("AuditEventLog() got unexpected keyword arguments: 'country_code', 'city'")

During handling of the above exception, another exception occurred:

Traceback (most recent call last):
  File "C:\Users\fashi\OneDrive\Documenti\FASHIONISTAR_ANTAGRAVITY\fashionistar_backend\apps\audit_logs\services\audit.py", line 275, in _write_sync
    obj = AuditEventLog(**payload)
  File "C:\Users\fashi\OneDrive\Documenti\FASHIONISTAR_ANTAGRAVITY\fashionistar_backend\.venv\Lib\site-packages\django\db\models\base.py", line 590, in __init__
    raise TypeError(
    ...<2 lines>...
    )
TypeError: AuditEventLog() got unexpected keyword arguments: 'country_code', 'city'
[INFO    ] apps.authentication.serializers.password — Password reset request validation for pwreset@example.com
[INFO    ] application — [f718961c] PasswordResetRequest: start — identifier=pwreset@example.com
[INFO    ] application — [baad5bc2] PasswordResetRequest: start — identifier=pwreset@example.com
[INFO    ] application — [a0aded4f] PasswordResetRequest: start — identifier=pwreset@example.com
[INFO    ] apps.authentication.serializers.password — Password reset request validation for pwreset@example.com
[INFO    ] application — [13eb390f] PasswordResetRequest: dispatched
[INFO    ] application — [1e50ef70] PasswordResetRequest: start — identifier=pwreset@example.com
[INFO    ] apps.authentication.serializers.password — Password reset request validation for pwreset@example.com
[INFO    ] application — [9995c97d] PasswordResetRequest: start — identifier=pwreset@example.com
[INFO    ] apps.authentication.serializers.password — Password reset request validation for pwreset@example.com
[INFO    ] apps.authentication.serializers.password — Password reset request validation for pwreset@example.com
[INFO    ] application — [6dbf7648] PasswordResetRequest: start — identifier=pwreset@example.com
[WARNING ] apps.audit_logs.tasks — write_audit_event failed (attempt 1/3): AuditEventLog() got unexpected keyword arguments: 'country_code', 'city' — event_type=password_reset_request
[WARNING ] apps.audit_logs.tasks — write_audit_event failed (attempt 1/3): AuditEventLog() got unexpected keyword arguments: 'country_code', 'city' — event_type=password_reset_request
[WARNING ] apps.audit_logs.tasks — write_audit_event failed (attempt 1/3): AuditEventLog() got unexpected keyword arguments: 'country_code', 'city' — event_type=password_reset_request
[INFO    ] apps.authentication.serializers.password — Password reset request validation for pwreset@example.com
[INFO    ] application \u2014 \U0001f4e7 Reset Email Celery task dispatched for pwreset@example.com\n[WARNING ] apps.audit_logs.tasks — write_audit_event failed (attempt 1/3): AuditEventLog() got unexpected keyword arguments: 'country_code', 'city' — event_type=password_reset_request
[INFO    ] apps.authentication.serializers.password — Password reset request validation for pwreset@example.com
[INFO    ] apps.authentication.serializers.password — Password reset request validation for pwreset@example.com
[WARNING ] apps.audit_logs.tasks — write_audit_event failed (attempt 1/3): AuditEventLog() got unexpected keyword arguments: 'country_code', 'city' — event_type=password_reset_request
[INFO    ] apps.authentication.serializers.password — Password reset request validation for pwreset@example.com
[WARNING ] apps.audit_logs.tasks — write_audit_event failed (attempt 1/3): AuditEventLog() got unexpected keyword arguments: 'country_code', 'city' — event_type=password_reset_request
[INFO    ] application — [68c5f236] PasswordResetRequest: start — identifier=pwreset@example.com
[INFO    ] apps.authentication.serializers.password — Password reset request validation for pwreset@example.com
[INFO    ] apps.authentication.serializers.password — Password reset request validation for pwreset@example.com
[WARNING ] apps.audit_logs.tasks — write_audit_event failed (attempt 1/3): AuditEventLog() got unexpected keyword arguments: 'country_code', 'city' — event_type=password_reset_request
[WARNING ] apps.audit_logs.tasks — write_audit_event failed (attempt 1/3): AuditEventLog() got unexpected keyword arguments: 'country_code', 'city' — event_type=password_reset_request
[INFO    ] apps.authentication.serializers.password — Password reset request validation for pwreset@example.com
[WARNING ] apps.audit_logs.tasks — write_audit_event failed (attempt 1/3): AuditEventLog() got unexpected keyword arguments: 'country_code', 'city' — event_type=password_reset_request
[ERROR   ] apps.audit_logs.services.audit — AuditService._write_sync() failed for payload={'event_type': EventType.PASSWORD_RESET_REQUEST, 'event_category': EventCategory.SECURITY, 'severity': 'info', 'action': 'Password reset requested for known identifier (email=True)', 'actor_email': 'pwreset@example.com', 'ip_address': '127.0.0.1', 'user_agent': None, 'device_type': None, 'browser_family': None, 'os_family': None, 'country': None, 'country_code': None, 'city': None, 'resource_type': 'UnifiedUser', 'resource_id': '019d20c5-6651-7e87-ac99-3d4be4eda562', 'request_method': 'POST', 'request_path': '/api/v1/password/reset-request/', 'response_status': None, 'duration_ms': None, 'old_values': None, 'new_values': None, 'metadata': {'identifier_type': 'email', 'user_exists': True}, 'error_message': None, 'is_compliance': True, 'retention_days': 2555}
Traceback (most recent call last):
  File "C:\Users\fashi\OneDrive\Documenti\FASHIONISTAR_ANTAGRAVITY\fashionistar_backend\apps\audit_logs\tasks.py", line 48, in write_audit_event
    obj = AuditEventLog(**payload)
  File "C:\Users\fashi\OneDrive\Documenti\FASHIONISTAR_ANTAGRAVITY\fashionistar_backend\.venv\Lib\site-packages\django\db\models\base.py", line 590, in __init__
    raise TypeError(
    ...<2 lines>...
    )
TypeError: AuditEventLog() got unexpected keyword arguments: 'country_code', 'city'

During handling of the above exception, another exception occurred:

Traceback (most recent call last):
  File "C:\Users\fashi\OneDrive\Documenti\FASHIONISTAR_ANTAGRAVITY\fashionistar_backend\apps\audit_logs\services\audit.py", line 261, in _dispatch
    write_audit_event.apply_async(
    ~~~~~~~~~~~~~~~~~~~~~~~~~~~~~^
        kwargs={"payload": payload},
        ^^^^^^^^^^^^^^^^^^^^^^^^^^^^
        retry=False,
        ^^^^^^^^^^^^
        ignore_result=True,
        ^^^^^^^^^^^^^^^^^^^
    )
    ^
  File "C:\Users\fashi\OneDrive\Documenti\FASHIONISTAR_ANTAGRAVITY\fashionistar_backend\.venv\Lib\site-packages\celery\app\task.py", line 605, in apply_async
    return self.apply(args, kwargs, task_id=task_id or uuid(),
           ~~~~~~~~~~^^^^^^^^^^^^^^^^^^^^^^^^^^^^^^^^^^^^^^^^^
                      link=link, link_error=link_error, **options)
                      ^^^^^^^^^^^^^^^^^^^^^^^^^^^^^^^^^^^^^^^^^^^^
  File "C:\Users\fashi\OneDrive\Documenti\FASHIONISTAR_ANTAGRAVITY\fashionistar_backend\.venv\Lib\site-packages\celery\app\task.py", line 843, in apply
    ret = tracer(task_id, args, kwargs, request)
  File "C:\Users\fashi\OneDrive\Documenti\FASHIONISTAR_ANTAGRAVITY\fashionistar_backend\.venv\Lib\site-packages\celery\app\trace.py", line 494, in trace_task
    I, R, state, retval = on_error(
                          ~~~~~~~~^
        task_request, exc, RETRY, call_errbacks=False)
        ^^^^^^^^^^^^^^^^^^^^^^^^^^^^^^^^^^^^^^^^^^^^^^
  File "C:\Users\fashi\OneDrive\Documenti\FASHIONISTAR_ANTAGRAVITY\fashionistar_backend\.venv\Lib\site-packages\celery\app\trace.py", line 479, in trace_task
    R = retval = fun(*args, **kwargs)
                 ~~~^^^^^^^^^^^^^^^^^
  File "C:\Users\fashi\OneDrive\Documenti\FASHIONISTAR_ANTAGRAVITY\fashionistar_backend\apps\audit_logs\tasks.py", line 65, in write_audit_event
    raise self.retry(exc=exc)
          ~~~~~~~~~~^^^^^^^^^
  File "C:\Users\fashi\OneDrive\Documenti\FASHIONISTAR_ANTAGRAVITY\fashionistar_backend\.venv\Lib\site-packages\celery\app\task.py", line 763, in retry
    raise ret
celery.exceptions.Retry: Retry in 5s: TypeError("AuditEventLog() got unexpected keyword arguments: 'country_code', 'city'")

During handling of the above exception, another exception occurred:

Traceback (most recent call last):
  File "C:\Users\fashi\OneDrive\Documenti\FASHIONISTAR_ANTAGRAVITY\fashionistar_backend\apps\audit_logs\services\audit.py", line 275, in _write_sync
    obj = AuditEventLog(**payload)
  File "C:\Users\fashi\OneDrive\Documenti\FASHIONISTAR_ANTAGRAVITY\fashionistar_backend\.venv\Lib\site-packages\django\db\models\base.py", line 590, in __init__
    raise TypeError(
    ...<2 lines>...
    )
TypeError: AuditEventLog() got unexpected keyword arguments: 'country_code', 'city'
[INFO    ] apps.authentication.serializers.password — Password reset request validation for pwreset@example.com
[ERROR   ] apps.audit_logs.services.audit — AuditService._write_sync() failed for payload={'event_type': EventType.PASSWORD_RESET_REQUEST, 'event_category': EventCategory.SECURITY, 'severity': 'info', 'action': 'Password reset requested for known identifier (email=True)', 'actor_email': 'pwreset@example.com', 'ip_address': '127.0.0.1', 'user_agent': None, 'device_type': None, 'browser_family': None, 'os_family': None, 'country': None, 'country_code': None, 'city': None, 'resource_type': 'UnifiedUser', 'resource_id': '019d20c5-6651-7e87-ac99-3d4be4eda562', 'request_method': 'POST', 'request_path': '/api/v1/password/reset-request/', 'response_status': None, 'duration_ms': None, 'old_values': None, 'new_values': None, 'metadata': {'identifier_type': 'email', 'user_exists': True}, 'error_message': None, 'is_compliance': True, 'retention_days': 2555}
Traceback (most recent call last):
  File "C:\Users\fashi\OneDrive\Documenti\FASHIONISTAR_ANTAGRAVITY\fashionistar_backend\apps\audit_logs\tasks.py", line 48, in write_audit_event
    obj = AuditEventLog(**payload)
  File "C:\Users\fashi\OneDrive\Documenti\FASHIONISTAR_ANTAGRAVITY\fashionistar_backend\.venv\Lib\site-packages\django\db\models\base.py", line 590, in __init__
    raise TypeError(
    ...<2 lines>...
    )
TypeError: AuditEventLog() got unexpected keyword arguments: 'country_code', 'city'

During handling of the above exception, another exception occurred:

Traceback (most recent call last):
  File "C:\Users\fashi\OneDrive\Documenti\FASHIONISTAR_ANTAGRAVITY\fashionistar_backend\apps\audit_logs\services\audit.py", line 261, in _dispatch
    write_audit_event.apply_async(
    ~~~~~~~~~~~~~~~~~~~~~~~~~~~~~^
        kwargs={"payload": payload},
        ^^^^^^^^^^^^^^^^^^^^^^^^^^^^
        retry=False,
        ^^^^^^^^^^^^
        ignore_result=True,
        ^^^^^^^^^^^^^^^^^^^
    )
    ^
  File "C:\Users\fashi\OneDrive\Documenti\FASHIONISTAR_ANTAGRAVITY\fashionistar_backend\.venv\Lib\site-packages\celery\app\task.py", line 605, in apply_async
    return self.apply(args, kwargs, task_id=task_id or uuid(),
           ~~~~~~~~~~^^^^^^^^^^^^^^^^^^^^^^^^^^^^^^^^^^^^^^^^^
                      link=link, link_error=link_error, **options)
                      ^^^^^^^^^^^^^^^^^^^^^^^^^^^^^^^^^^^^^^^^^^^^
  File "C:\Users\fashi\OneDrive\Documenti\FASHIONISTAR_ANTAGRAVITY\fashionistar_backend\.venv\Lib\site-packages\celery\app\task.py", line 843, in apply
    ret = tracer(task_id, args, kwargs, request)
  File "C:\Users\fashi\OneDrive\Documenti\FASHIONISTAR_ANTAGRAVITY\fashionistar_backend\.venv\Lib\site-packages\celery\app\trace.py", line 494, in trace_task
    I, R, state, retval = on_error(
                          ~~~~~~~~^
        task_request, exc, RETRY, call_errbacks=False)
        ^^^^^^^^^^^^^^^^^^^^^^^^^^^^^^^^^^^^^^^^^^^^^^
  File "C:\Users\fashi\OneDrive\Documenti\FASHIONISTAR_ANTAGRAVITY\fashionistar_backend\.venv\Lib\site-packages\celery\app\trace.py", line 479, in trace_task
    R = retval = fun(*args, **kwargs)
                 ~~~^^^^^^^^^^^^^^^^^
  File "C:\Users\fashi\OneDrive\Documenti\FASHIONISTAR_ANTAGRAVITY\fashionistar_backend\apps\audit_logs\tasks.py", line 65, in write_audit_event
    raise self.retry(exc=exc)
          ~~~~~~~~~~^^^^^^^^^
  File "C:\Users\fashi\OneDrive\Documenti\FASHIONISTAR_ANTAGRAVITY\fashionistar_backend\.venv\Lib\site-packages\celery\app\task.py", line 763, in retry
    raise ret
celery.exceptions.Retry: Retry in 5s: TypeError("AuditEventLog() got unexpected keyword arguments: 'country_code', 'city'")

During handling of the above exception, another exception occurred:

Traceback (most recent call last):
  File "C:\Users\fashi\OneDrive\Documenti\FASHIONISTAR_ANTAGRAVITY\fashionistar_backend\apps\audit_logs\services\audit.py", line 275, in _write_sync
    obj = AuditEventLog(**payload)
  File "C:\Users\fashi\OneDrive\Documenti\FASHIONISTAR_ANTAGRAVITY\fashionistar_backend\.venv\Lib\site-packages\django\db\models\base.py", line 590, in __init__
    raise TypeError(
    ...<2 lines>...
    )
TypeError: AuditEventLog() got unexpected keyword arguments: 'country_code', 'city'
[INFO    ] apps.authentication.serializers.password — Password reset request validation for pwreset@example.com
[ERROR   ] apps.audit_logs.services.audit — AuditService._write_sync() failed for payload={'event_type': EventType.PASSWORD_RESET_REQUEST, 'event_category': EventCategory.SECURITY, 'severity': 'info', 'action': 'Password reset requested for known identifier (email=True)', 'actor_email': 'pwreset@example.com', 'ip_address': '127.0.0.1', 'user_agent': None, 'device_type': None, 'browser_family': None, 'os_family': None, 'country': None, 'country_code': None, 'city': None, 'resource_type': 'UnifiedUser', 'resource_id': '019d20c5-6651-7e87-ac99-3d4be4eda562', 'request_method': 'POST', 'request_path': '/api/v1/password/reset-request/', 'response_status': None, 'duration_ms': None, 'old_values': None, 'new_values': None, 'metadata': {'identifier_type': 'email', 'user_exists': True}, 'error_message': None, 'is_compliance': True, 'retention_days': 2555}
Traceback (most recent call last):
  File "C:\Users\fashi\OneDrive\Documenti\FASHIONISTAR_ANTAGRAVITY\fashionistar_backend\apps\audit_logs\tasks.py", line 48, in write_audit_event
    obj = AuditEventLog(**payload)
  File "C:\Users\fashi\OneDrive\Documenti\FASHIONISTAR_ANTAGRAVITY\fashionistar_backend\.venv\Lib\site-packages\django\db\models\base.py", line 590, in __init__
    raise TypeError(
    ...<2 lines>...
    )
TypeError: AuditEventLog() got unexpected keyword arguments: 'country_code', 'city'

During handling of the above exception, another exception occurred:

Traceback (most recent call last):
  File "C:\Users\fashi\OneDrive\Documenti\FASHIONISTAR_ANTAGRAVITY\fashionistar_backend\apps\audit_logs\services\audit.py", line 261, in _dispatch
    write_audit_event.apply_async(
    ~~~~~~~~~~~~~~~~~~~~~~~~~~~~~^
        kwargs={"payload": payload},
        ^^^^^^^^^^^^^^^^^^^^^^^^^^^^
        retry=False,
        ^^^^^^^^^^^^
        ignore_result=True,
        ^^^^^^^^^^^^^^^^^^^
    )
    ^
  File "C:\Users\fashi\OneDrive\Documenti\FASHIONISTAR_ANTAGRAVITY\fashionistar_backend\.venv\Lib\site-packages\celery\app\task.py", line 605, in apply_async
    return self.apply(args, kwargs, task_id=task_id or uuid(),
           ~~~~~~~~~~^^^^^^^^^^^^^^^^^^^^^^^^^^^^^^^^^^^^^^^^^
                      link=link, link_error=link_error, **options)
                      ^^^^^^^^^^^^^^^^^^^^^^^^^^^^^^^^^^^^^^^^^^^^
  File "C:\Users\fashi\OneDrive\Documenti\FASHIONISTAR_ANTAGRAVITY\fashionistar_backend\.venv\Lib\site-packages\celery\app\task.py", line 843, in apply
    ret = tracer(task_id, args, kwargs, request)
  File "C:\Users\fashi\OneDrive\Documenti\FASHIONISTAR_ANTAGRAVITY\fashionistar_backend\.venv\Lib\site-packages\celery\app\trace.py", line 494, in trace_task
    I, R, state, retval = on_error(
                          ~~~~~~~~^
        task_request, exc, RETRY, call_errbacks=False)
        ^^^^^^^^^^^^^^^^^^^^^^^^^^^^^^^^^^^^^^^^^^^^^^
  File "C:\Users\fashi\OneDrive\Documenti\FASHIONISTAR_ANTAGRAVITY\fashionistar_backend\.venv\Lib\site-packages\celery\app\trace.py", line 479, in trace_task
    R = retval = fun(*args, **kwargs)
                 ~~~^^^^^^^^^^^^^^^^^
  File "C:\Users\fashi\OneDrive\Documenti\FASHIONISTAR_ANTAGRAVITY\fashionistar_backend\apps\audit_logs\tasks.py", line 65, in write_audit_event
    raise self.retry(exc=exc)
          ~~~~~~~~~~^^^^^^^^^
  File "C:\Users\fashi\OneDrive\Documenti\FASHIONISTAR_ANTAGRAVITY\fashionistar_backend\.venv\Lib\site-packages\celery\app\task.py", line 763, in retry
    raise ret
celery.exceptions.Retry: Retry in 5s: TypeError("AuditEventLog() got unexpected keyword arguments: 'country_code', 'city'")

During handling of the above exception, another exception occurred:

Traceback (most recent call last):
  File "C:\Users\fashi\OneDrive\Documenti\FASHIONISTAR_ANTAGRAVITY\fashionistar_backend\apps\audit_logs\services\audit.py", line 275, in _write_sync
    obj = AuditEventLog(**payload)
  File "C:\Users\fashi\OneDrive\Documenti\FASHIONISTAR_ANTAGRAVITY\fashionistar_backend\.venv\Lib\site-packages\django\db\models\base.py", line 590, in __init__
    raise TypeError(
    ...<2 lines>...
    )
TypeError: AuditEventLog() got unexpected keyword arguments: 'country_code', 'city'
[INFO    ] application — [80318561] PasswordResetRequest: dispatched
[WARNING ] apps.audit_logs.tasks — write_audit_event failed (attempt 1/3): AuditEventLog() got unexpected keyword arguments: 'country_code', 'city' — event_type=password_reset_request
[ERROR   ] apps.audit_logs.services.audit — AuditService._write_sync() failed for payload={'event_type': EventType.PASSWORD_RESET_REQUEST, 'event_category': EventCategory.SECURITY, 'severity': 'info', 'action': 'Password reset requested for known identifier (email=True)', 'actor_email': 'pwreset@example.com', 'ip_address': '127.0.0.1', 'user_agent': None, 'device_type': None, 'browser_family': None, 'os_family': None, 'country': None, 'country_code': None, 'city': None, 'resource_type': 'UnifiedUser', 'resource_id': '019d20c5-6651-7e87-ac99-3d4be4eda562', 'request_method': 'POST', 'request_path': '/api/v1/password/reset-request/', 'response_status': None, 'duration_ms': None, 'old_values': None, 'new_values': None, 'metadata': {'identifier_type': 'email', 'user_exists': True}, 'error_message': None, 'is_compliance': True, 'retention_days': 2555}
Traceback (most recent call last):
  File "C:\Users\fashi\OneDrive\Documenti\FASHIONISTAR_ANTAGRAVITY\fashionistar_backend\apps\audit_logs\tasks.py", line 48, in write_audit_event
    obj = AuditEventLog(**payload)
  File "C:\Users\fashi\OneDrive\Documenti\FASHIONISTAR_ANTAGRAVITY\fashionistar_backend\.venv\Lib\site-packages\django\db\models\base.py", line 590, in __init__
    raise TypeError(
    ...<2 lines>...
    )
TypeError: AuditEventLog() got unexpected keyword arguments: 'country_code', 'city'

During handling of the above exception, another exception occurred:

Traceback (most recent call last):
  File "C:\Users\fashi\OneDrive\Documenti\FASHIONISTAR_ANTAGRAVITY\fashionistar_backend\apps\audit_logs\services\audit.py", line 261, in _dispatch
    write_audit_event.apply_async(
    ~~~~~~~~~~~~~~~~~~~~~~~~~~~~~^
        kwargs={"payload": payload},
        ^^^^^^^^^^^^^^^^^^^^^^^^^^^^
        retry=False,
        ^^^^^^^^^^^^
        ignore_result=True,
        ^^^^^^^^^^^^^^^^^^^
    )
    ^
  File "C:\Users\fashi\OneDrive\Documenti\FASHIONISTAR_ANTAGRAVITY\fashionistar_backend\.venv\Lib\site-packages\celery\app\task.py", line 605, in apply_async
    return self.apply(args, kwargs, task_id=task_id or uuid(),
           ~~~~~~~~~~^^^^^^^^^^^^^^^^^^^^^^^^^^^^^^^^^^^^^^^^^
                      link=link, link_error=link_error, **options)
                      ^^^^^^^^^^^^^^^^^^^^^^^^^^^^^^^^^^^^^^^^^^^^
  File "C:\Users\fashi\OneDrive\Documenti\FASHIONISTAR_ANTAGRAVITY\fashionistar_backend\.venv\Lib\site-packages\celery\app\task.py", line 843, in apply
    ret = tracer(task_id, args, kwargs, request)
  File "C:\Users\fashi\OneDrive\Documenti\FASHIONISTAR_ANTAGRAVITY\fashionistar_backend\.venv\Lib\site-packages\celery\app\trace.py", line 494, in trace_task
    I, R, state, retval = on_error(
                          ~~~~~~~~^
        task_request, exc, RETRY, call_errbacks=False)
        ^^^^^^^^^^^^^^^^^^^^^^^^^^^^^^^^^^^^^^^^^^^^^^
  File "C:\Users\fashi\OneDrive\Documenti\FASHIONISTAR_ANTAGRAVITY\fashionistar_backend\.venv\Lib\site-packages\celery\app\trace.py", line 479, in trace_task
    R = retval = fun(*args, **kwargs)
                 ~~~^^^^^^^^^^^^^^^^^
  File "C:\Users\fashi\OneDrive\Documenti\FASHIONISTAR_ANTAGRAVITY\fashionistar_backend\apps\audit_logs\tasks.py", line 65, in write_audit_event
    raise self.retry(exc=exc)
          ~~~~~~~~~~^^^^^^^^^
  File "C:\Users\fashi\OneDrive\Documenti\FASHIONISTAR_ANTAGRAVITY\fashionistar_backend\.venv\Lib\site-packages\celery\app\task.py", line 763, in retry
    raise ret
celery.exceptions.Retry: Retry in 5s: TypeError("AuditEventLog() got unexpected keyword arguments: 'country_code', 'city'")

During handling of the above exception, another exception occurred:

Traceback (most recent call last):
  File "C:\Users\fashi\OneDrive\Documenti\FASHIONISTAR_ANTAGRAVITY\fashionistar_backend\apps\audit_logs\services\audit.py", line 275, in _write_sync
    obj = AuditEventLog(**payload)
  File "C:\Users\fashi\OneDrive\Documenti\FASHIONISTAR_ANTAGRAVITY\fashionistar_backend\.venv\Lib\site-packages\django\db\models\base.py", line 590, in __init__
    raise TypeError(
    ...<2 lines>...
    )
TypeError: AuditEventLog() got unexpected keyword arguments: 'country_code', 'city'
[WARNING ] apps.audit_logs.tasks — write_audit_event failed (attempt 1/3): AuditEventLog() got unexpected keyword arguments: 'country_code', 'city' — event_type=password_reset_request
[WARNING ] apps.audit_logs.tasks — write_audit_event failed (attempt 1/3): AuditEventLog() got unexpected keyword arguments: 'country_code', 'city' — event_type=password_reset_request
[ERROR   ] apps.audit_logs.services.audit — AuditService._write_sync() failed for payload={'event_type': EventType.PASSWORD_RESET_REQUEST, 'event_category': EventCategory.SECURITY, 'severity': 'info', 'action': 'Password reset requested for known identifier (email=True)', 'actor_email': 'pwreset@example.com', 'ip_address': '127.0.0.1', 'user_agent': None, 'device_type': None, 'browser_family': None, 'os_family': None, 'country': None, 'country_code': None, 'city': None, 'resource_type': 'UnifiedUser', 'resource_id': '019d20c5-6651-7e87-ac99-3d4be4eda562', 'request_method': 'POST', 'request_path': '/api/v1/password/reset-request/', 'response_status': None, 'duration_ms': None, 'old_values': None, 'new_values': None, 'metadata': {'identifier_type': 'email', 'user_exists': True}, 'error_message': None, 'is_compliance': True, 'retention_days': 2555}
Traceback (most recent call last):
  File "C:\Users\fashi\OneDrive\Documenti\FASHIONISTAR_ANTAGRAVITY\fashionistar_backend\apps\audit_logs\tasks.py", line 48, in write_audit_event
    obj = AuditEventLog(**payload)
  File "C:\Users\fashi\OneDrive\Documenti\FASHIONISTAR_ANTAGRAVITY\fashionistar_backend\.venv\Lib\site-packages\django\db\models\base.py", line 590, in __init__
    raise TypeError(
    ...<2 lines>...
    )
TypeError: AuditEventLog() got unexpected keyword arguments: 'country_code', 'city'

During handling of the above exception, another exception occurred:

Traceback (most recent call last):
  File "C:\Users\fashi\OneDrive\Documenti\FASHIONISTAR_ANTAGRAVITY\fashionistar_backend\apps\audit_logs\services\audit.py", line 261, in _dispatch
    write_audit_event.apply_async(
    ~~~~~~~~~~~~~~~~~~~~~~~~~~~~~^
        kwargs={"payload": payload},
        ^^^^^^^^^^^^^^^^^^^^^^^^^^^^
        retry=False,
        ^^^^^^^^^^^^
        ignore_result=True,
        ^^^^^^^^^^^^^^^^^^^
    )
    ^
  File "C:\Users\fashi\OneDrive\Documenti\FASHIONISTAR_ANTAGRAVITY\fashionistar_backend\.venv\Lib\site-packages\celery\app\task.py", line 605, in apply_async
    return self.apply(args, kwargs, task_id=task_id or uuid(),
           ~~~~~~~~~~^^^^^^^^^^^^^^^^^^^^^^^^^^^^^^^^^^^^^^^^^
                      link=link, link_error=link_error, **options)
                      ^^^^^^^^^^^^^^^^^^^^^^^^^^^^^^^^^^^^^^^^^^^^
  File "C:\Users\fashi\OneDrive\Documenti\FASHIONISTAR_ANTAGRAVITY\fashionistar_backend\.venv\Lib\site-packages\celery\app\task.py", line 843, in apply
    ret = tracer(task_id, args, kwargs, request)
  File "C:\Users\fashi\OneDrive\Documenti\FASHIONISTAR_ANTAGRAVITY\fashionistar_backend\.venv\Lib\site-packages\celery\app\trace.py", line 494, in trace_task
    I, R, state, retval = on_error(
                          ~~~~~~~~^
        task_request, exc, RETRY, call_errbacks=False)
        ^^^^^^^^^^^^^^^^^^^^^^^^^^^^^^^^^^^^^^^^^^^^^^
  File "C:\Users\fashi\OneDrive\Documenti\FASHIONISTAR_ANTAGRAVITY\fashionistar_backend\.venv\Lib\site-packages\celery\app\trace.py", line 479, in trace_task
    R = retval = fun(*args, **kwargs)
                 ~~~^^^^^^^^^^^^^^^^^
  File "C:\Users\fashi\OneDrive\Documenti\FASHIONISTAR_ANTAGRAVITY\fashionistar_backend\apps\audit_logs\tasks.py", line 65, in write_audit_event
    raise self.retry(exc=exc)
          ~~~~~~~~~~^^^^^^^^^
  File "C:\Users\fashi\OneDrive\Documenti\FASHIONISTAR_ANTAGRAVITY\fashionistar_backend\.venv\Lib\site-packages\celery\app\task.py", line 763, in retry
    raise ret
celery.exceptions.Retry: Retry in 5s: TypeError("AuditEventLog() got unexpected keyword arguments: 'country_code', 'city'")

During handling of the above exception, another exception occurred:

Traceback (most recent call last):
  File "C:\Users\fashi\OneDrive\Documenti\FASHIONISTAR_ANTAGRAVITY\fashionistar_backend\apps\audit_logs\services\audit.py", line 275, in _write_sync
    obj = AuditEventLog(**payload)
  File "C:\Users\fashi\OneDrive\Documenti\FASHIONISTAR_ANTAGRAVITY\fashionistar_backend\.venv\Lib\site-packages\django\db\models\base.py", line 590, in __init__
    raise TypeError(
    ...<2 lines>...
    )
TypeError: AuditEventLog() got unexpected keyword arguments: 'country_code', 'city'
[WARNING ] apps.audit_logs.tasks — write_audit_event failed (attempt 1/3): AuditEventLog() got unexpected keyword arguments: 'country_code', 'city' — event_type=password_reset_request
[ERROR   ] apps.audit_logs.services.audit — AuditService._write_sync() failed for payload={'event_type': EventType.PASSWORD_RESET_REQUEST, 'event_category': EventCategory.SECURITY, 'severity': SeverityLevel.INFO, 'action': 'Password reset requested for: pwreset@example.com', 'actor_email': None, 'ip_address': '127.0.0.1', 'user_agent': None, 'device_type': None, 'browser_family': None, 'os_family': None, 'country': None, 'country_code': None, 'city': None, 'resource_type': None, 'resource_id': None, 'request_method': 'POST', 'request_path': '/api/v1/password/reset-request/', 'response_status': None, 'duration_ms': None, 'old_values': None, 'new_values': None, 'metadata': {'email_or_phone': 'pwreset@example.com', 'request_id': '13eb390f'}, 'error_message': None, 'is_compliance': True, 'retention_days': 2555}
Traceback (most recent call last):
  File "C:\Users\fashi\OneDrive\Documenti\FASHIONISTAR_ANTAGRAVITY\fashionistar_backend\apps\audit_logs\tasks.py", line 48, in write_audit_event
    obj = AuditEventLog(**payload)
  File "C:\Users\fashi\OneDrive\Documenti\FASHIONISTAR_ANTAGRAVITY\fashionistar_backend\.venv\Lib\site-packages\django\db\models\base.py", line 590, in __init__
    raise TypeError(
    ...<2 lines>...
    )
TypeError: AuditEventLog() got unexpected keyword arguments: 'country_code', 'city'

During handling of the above exception, another exception occurred:

Traceback (most recent call last):
  File "C:\Users\fashi\OneDrive\Documenti\FASHIONISTAR_ANTAGRAVITY\fashionistar_backend\apps\audit_logs\services\audit.py", line 261, in _dispatch
    write_audit_event.apply_async(
    ~~~~~~~~~~~~~~~~~~~~~~~~~~~~~^
        kwargs={"payload": payload},
        ^^^^^^^^^^^^^^^^^^^^^^^^^^^^
        retry=False,
        ^^^^^^^^^^^^
        ignore_result=True,
        ^^^^^^^^^^^^^^^^^^^
    )
    ^
  File "C:\Users\fashi\OneDrive\Documenti\FASHIONISTAR_ANTAGRAVITY\fashionistar_backend\.venv\Lib\site-packages\celery\app\task.py", line 605, in apply_async
    return self.apply(args, kwargs, task_id=task_id or uuid(),
           ~~~~~~~~~~^^^^^^^^^^^^^^^^^^^^^^^^^^^^^^^^^^^^^^^^^
                      link=link, link_error=link_error, **options)
                      ^^^^^^^^^^^^^^^^^^^^^^^^^^^^^^^^^^^^^^^^^^^^
  File "C:\Users\fashi\OneDrive\Documenti\FASHIONISTAR_ANTAGRAVITY\fashionistar_backend\.venv\Lib\site-packages\celery\app\task.py", line 843, in apply
    ret = tracer(task_id, args, kwargs, request)
  File "C:\Users\fashi\OneDrive\Documenti\FASHIONISTAR_ANTAGRAVITY\fashionistar_backend\.venv\Lib\site-packages\celery\app\trace.py", line 494, in trace_task
    I, R, state, retval = on_error(
                          ~~~~~~~~^
        task_request, exc, RETRY, call_errbacks=False)
        ^^^^^^^^^^^^^^^^^^^^^^^^^^^^^^^^^^^^^^^^^^^^^^
  File "C:\Users\fashi\OneDrive\Documenti\FASHIONISTAR_ANTAGRAVITY\fashionistar_backend\.venv\Lib\site-packages\celery\app\trace.py", line 479, in trace_task
    R = retval = fun(*args, **kwargs)
                 ~~~^^^^^^^^^^^^^^^^^
  File "C:\Users\fashi\OneDrive\Documenti\FASHIONISTAR_ANTAGRAVITY\fashionistar_backend\apps\audit_logs\tasks.py", line 65, in write_audit_event
    raise self.retry(exc=exc)
          ~~~~~~~~~~^^^^^^^^^
  File "C:\Users\fashi\OneDrive\Documenti\FASHIONISTAR_ANTAGRAVITY\fashionistar_backend\.venv\Lib\site-packages\celery\app\task.py", line 763, in retry
    raise ret
celery.exceptions.Retry: Retry in 5s: TypeError("AuditEventLog() got unexpected keyword arguments: 'country_code', 'city'")

During handling of the above exception, another exception occurred:

Traceback (most recent call last):
  File "C:\Users\fashi\OneDrive\Documenti\FASHIONISTAR_ANTAGRAVITY\fashionistar_backend\apps\audit_logs\services\audit.py", line 275, in _write_sync
    obj = AuditEventLog(**payload)
  File "C:\Users\fashi\OneDrive\Documenti\FASHIONISTAR_ANTAGRAVITY\fashionistar_backend\.venv\Lib\site-packages\django\db\models\base.py", line 590, in __init__
    raise TypeError(
    ...<2 lines>...
    )
TypeError: AuditEventLog() got unexpected keyword arguments: 'country_code', 'city'
[INFO    ] apps.authentication.serializers.password — Password reset request validation for pwreset@example.com
[WARNING ] apps.audit_logs.tasks — write_audit_event failed (attempt 1/3): AuditEventLog() got unexpected keyword arguments: 'country_code', 'city' — event_type=password_reset_request
[INFO    ] application \u2014 \U0001f4e7 Reset Email Celery task dispatched for pwreset@example.com\n[ERROR   ] apps.audit_logs.services.audit — AuditService._write_sync() failed for payload={'event_type': EventType.PASSWORD_RESET_REQUEST, 'event_category': EventCategory.SECURITY, 'severity': 'info', 'action': 'Password reset requested for known identifier (email=True)', 'actor_email': 'pwreset@example.com', 'ip_address': '127.0.0.1', 'user_agent': None, 'device_type': None, 'browser_family': None, 'os_family': None, 'country': None, 'country_code': None, 'city': None, 'resource_type': 'UnifiedUser', 'resource_id': '019d20c5-6651-7e87-ac99-3d4be4eda562', 'request_method': 'POST', 'request_path': '/api/v1/password/reset-request/', 'response_status': None, 'duration_ms': None, 'old_values': None, 'new_values': None, 'metadata': {'identifier_type': 'email', 'user_exists': True}, 'error_message': None, 'is_compliance': True, 'retention_days': 2555}
Traceback (most recent call last):
  File "C:\Users\fashi\OneDrive\Documenti\FASHIONISTAR_ANTAGRAVITY\fashionistar_backend\apps\audit_logs\tasks.py", line 48, in write_audit_event
    obj = AuditEventLog(**payload)
  File "C:\Users\fashi\OneDrive\Documenti\FASHIONISTAR_ANTAGRAVITY\fashionistar_backend\.venv\Lib\site-packages\django\db\models\base.py", line 590, in __init__
    raise TypeError(
    ...<2 lines>...
    )
TypeError: AuditEventLog() got unexpected keyword arguments: 'country_code', 'city'

During handling of the above exception, another exception occurred:

Traceback (most recent call last):
  File "C:\Users\fashi\OneDrive\Documenti\FASHIONISTAR_ANTAGRAVITY\fashionistar_backend\apps\audit_logs\services\audit.py", line 261, in _dispatch
    write_audit_event.apply_async(
    ~~~~~~~~~~~~~~~~~~~~~~~~~~~~~^
        kwargs={"payload": payload},
        ^^^^^^^^^^^^^^^^^^^^^^^^^^^^
        retry=False,
        ^^^^^^^^^^^^
        ignore_result=True,
        ^^^^^^^^^^^^^^^^^^^
    )
    ^
  File "C:\Users\fashi\OneDrive\Documenti\FASHIONISTAR_ANTAGRAVITY\fashionistar_backend\.venv\Lib\site-packages\celery\app\task.py", line 605, in apply_async
    return self.apply(args, kwargs, task_id=task_id or uuid(),
           ~~~~~~~~~~^^^^^^^^^^^^^^^^^^^^^^^^^^^^^^^^^^^^^^^^^
                      link=link, link_error=link_error, **options)
                      ^^^^^^^^^^^^^^^^^^^^^^^^^^^^^^^^^^^^^^^^^^^^
  File "C:\Users\fashi\OneDrive\Documenti\FASHIONISTAR_ANTAGRAVITY\fashionistar_backend\.venv\Lib\site-packages\celery\app\task.py", line 843, in apply
    ret = tracer(task_id, args, kwargs, request)
  File "C:\Users\fashi\OneDrive\Documenti\FASHIONISTAR_ANTAGRAVITY\fashionistar_backend\.venv\Lib\site-packages\celery\app\trace.py", line 494, in trace_task
    I, R, state, retval = on_error(
                          ~~~~~~~~^
        task_request, exc, RETRY, call_errbacks=False)
        ^^^^^^^^^^^^^^^^^^^^^^^^^^^^^^^^^^^^^^^^^^^^^^
  File "C:\Users\fashi\OneDrive\Documenti\FASHIONISTAR_ANTAGRAVITY\fashionistar_backend\.venv\Lib\site-packages\celery\app\trace.py", line 479, in trace_task
    R = retval = fun(*args, **kwargs)
                 ~~~^^^^^^^^^^^^^^^^^
  File "C:\Users\fashi\OneDrive\Documenti\FASHIONISTAR_ANTAGRAVITY\fashionistar_backend\apps\audit_logs\tasks.py", line 65, in write_audit_event
    raise self.retry(exc=exc)
          ~~~~~~~~~~^^^^^^^^^
  File "C:\Users\fashi\OneDrive\Documenti\FASHIONISTAR_ANTAGRAVITY\fashionistar_backend\.venv\Lib\site-packages\celery\app\task.py", line 763, in retry
    raise ret
celery.exceptions.Retry: Retry in 5s: TypeError("AuditEventLog() got unexpected keyword arguments: 'country_code', 'city'")

During handling of the above exception, another exception occurred:

Traceback (most recent call last):
  File "C:\Users\fashi\OneDrive\Documenti\FASHIONISTAR_ANTAGRAVITY\fashionistar_backend\apps\audit_logs\services\audit.py", line 275, in _write_sync
    obj = AuditEventLog(**payload)
  File "C:\Users\fashi\OneDrive\Documenti\FASHIONISTAR_ANTAGRAVITY\fashionistar_backend\.venv\Lib\site-packages\django\db\models\base.py", line 590, in __init__
    raise TypeError(
    ...<2 lines>...
    )
TypeError: AuditEventLog() got unexpected keyword arguments: 'country_code', 'city'
[ERROR   ] apps.audit_logs.services.audit — AuditService._write_sync() failed for payload={'event_type': EventType.PASSWORD_RESET_REQUEST, 'event_category': EventCategory.SECURITY, 'severity': 'info', 'action': 'Password reset requested for known identifier (email=True)', 'actor_email': 'pwreset@example.com', 'ip_address': '127.0.0.1', 'user_agent': None, 'device_type': None, 'browser_family': None, 'os_family': None, 'country': None, 'country_code': None, 'city': None, 'resource_type': 'UnifiedUser', 'resource_id': '019d20c5-6651-7e87-ac99-3d4be4eda562', 'request_method': 'POST', 'request_path': '/api/v1/password/reset-request/', 'response_status': None, 'duration_ms': None, 'old_values': None, 'new_values': None, 'metadata': {'identifier_type': 'email', 'user_exists': True}, 'error_message': None, 'is_compliance': True, 'retention_days': 2555}
Traceback (most recent call last):
  File "C:\Users\fashi\OneDrive\Documenti\FASHIONISTAR_ANTAGRAVITY\fashionistar_backend\apps\audit_logs\tasks.py", line 48, in write_audit_event
    obj = AuditEventLog(**payload)
  File "C:\Users\fashi\OneDrive\Documenti\FASHIONISTAR_ANTAGRAVITY\fashionistar_backend\.venv\Lib\site-packages\django\db\models\base.py", line 590, in __init__
    raise TypeError(
    ...<2 lines>...
    )
TypeError: AuditEventLog() got unexpected keyword arguments: 'country_code', 'city'

During handling of the above exception, another exception occurred:

Traceback (most recent call last):
  File "C:\Users\fashi\OneDrive\Documenti\FASHIONISTAR_ANTAGRAVITY\fashionistar_backend\apps\audit_logs\services\audit.py", line 261, in _dispatch
    write_audit_event.apply_async(
    ~~~~~~~~~~~~~~~~~~~~~~~~~~~~~^
        kwargs={"payload": payload},
        ^^^^^^^^^^^^^^^^^^^^^^^^^^^^
        retry=False,
        ^^^^^^^^^^^^
        ignore_result=True,
        ^^^^^^^^^^^^^^^^^^^
    )
    ^
  File "C:\Users\fashi\OneDrive\Documenti\FASHIONISTAR_ANTAGRAVITY\fashionistar_backend\.venv\Lib\site-packages\celery\app\task.py", line 605, in apply_async
    return self.apply(args, kwargs, task_id=task_id or uuid(),
           ~~~~~~~~~~^^^^^^^^^^^^^^^^^^^^^^^^^^^^^^^^^^^^^^^^^
                      link=link, link_error=link_error, **options)
                      ^^^^^^^^^^^^^^^^^^^^^^^^^^^^^^^^^^^^^^^^^^^^
  File "C:\Users\fashi\OneDrive\Documenti\FASHIONISTAR_ANTAGRAVITY\fashionistar_backend\.venv\Lib\site-packages\celery\app\task.py", line 843, in apply
    ret = tracer(task_id, args, kwargs, request)
  File "C:\Users\fashi\OneDrive\Documenti\FASHIONISTAR_ANTAGRAVITY\fashionistar_backend\.venv\Lib\site-packages\celery\app\trace.py", line 494, in trace_task
    I, R, state, retval = on_error(
                          ~~~~~~~~^
        task_request, exc, RETRY, call_errbacks=False)
        ^^^^^^^^^^^^^^^^^^^^^^^^^^^^^^^^^^^^^^^^^^^^^^
  File "C:\Users\fashi\OneDrive\Documenti\FASHIONISTAR_ANTAGRAVITY\fashionistar_backend\.venv\Lib\site-packages\celery\app\trace.py", line 479, in trace_task
    R = retval = fun(*args, **kwargs)
                 ~~~^^^^^^^^^^^^^^^^^
  File "C:\Users\fashi\OneDrive\Documenti\FASHIONISTAR_ANTAGRAVITY\fashionistar_backend\apps\audit_logs\tasks.py", line 65, in write_audit_event
    raise self.retry(exc=exc)
          ~~~~~~~~~~^^^^^^^^^
  File "C:\Users\fashi\OneDrive\Documenti\FASHIONISTAR_ANTAGRAVITY\fashionistar_backend\.venv\Lib\site-packages\celery\app\task.py", line 763, in retry
    raise ret
celery.exceptions.Retry: Retry in 5s: TypeError("AuditEventLog() got unexpected keyword arguments: 'country_code', 'city'")

During handling of the above exception, another exception occurred:

Traceback (most recent call last):
  File "C:\Users\fashi\OneDrive\Documenti\FASHIONISTAR_ANTAGRAVITY\fashionistar_backend\apps\audit_logs\services\audit.py", line 275, in _write_sync
    obj = AuditEventLog(**payload)
  File "C:\Users\fashi\OneDrive\Documenti\FASHIONISTAR_ANTAGRAVITY\fashionistar_backend\.venv\Lib\site-packages\django\db\models\base.py", line 590, in __init__
    raise TypeError(
    ...<2 lines>...
    )
TypeError: AuditEventLog() got unexpected keyword arguments: 'country_code', 'city'
[WARNING ] apps.audit_logs.tasks — write_audit_event failed (attempt 1/3): AuditEventLog() got unexpected keyword arguments: 'country_code', 'city' — event_type=password_reset_request
[WARNING ] apps.audit_logs.tasks — write_audit_event failed (attempt 1/3): AuditEventLog() got unexpected keyword arguments: 'country_code', 'city' — event_type=password_reset_request
[ERROR   ] apps.audit_logs.services.audit — AuditService._write_sync() failed for payload={'event_type': EventType.PASSWORD_RESET_REQUEST, 'event_category': EventCategory.SECURITY, 'severity': 'info', 'action': 'Password reset requested for known identifier (email=True)', 'actor_email': 'pwreset@example.com', 'ip_address': '127.0.0.1', 'user_agent': None, 'device_type': None, 'browser_family': None, 'os_family': None, 'country': None, 'country_code': None, 'city': None, 'resource_type': 'UnifiedUser', 'resource_id': '019d20c5-6651-7e87-ac99-3d4be4eda562', 'request_method': 'POST', 'request_path': '/api/v1/password/reset-request/', 'response_status': None, 'duration_ms': None, 'old_values': None, 'new_values': None, 'metadata': {'identifier_type': 'email', 'user_exists': True}, 'error_message': None, 'is_compliance': True, 'retention_days': 2555}
Traceback (most recent call last):
  File "C:\Users\fashi\OneDrive\Documenti\FASHIONISTAR_ANTAGRAVITY\fashionistar_backend\apps\audit_logs\tasks.py", line 48, in write_audit_event
    obj = AuditEventLog(**payload)
  File "C:\Users\fashi\OneDrive\Documenti\FASHIONISTAR_ANTAGRAVITY\fashionistar_backend\.venv\Lib\site-packages\django\db\models\base.py", line 590, in __init__
    raise TypeError(
    ...<2 lines>...
    )
TypeError: AuditEventLog() got unexpected keyword arguments: 'country_code', 'city'

During handling of the above exception, another exception occurred:

Traceback (most recent call last):
  File "C:\Users\fashi\OneDrive\Documenti\FASHIONISTAR_ANTAGRAVITY\fashionistar_backend\apps\audit_logs\services\audit.py", line 261, in _dispatch
    write_audit_event.apply_async(
    ~~~~~~~~~~~~~~~~~~~~~~~~~~~~~^
        kwargs={"payload": payload},
        ^^^^^^^^^^^^^^^^^^^^^^^^^^^^
        retry=False,
        ^^^^^^^^^^^^
        ignore_result=True,
        ^^^^^^^^^^^^^^^^^^^
    )
    ^
  File "C:\Users\fashi\OneDrive\Documenti\FASHIONISTAR_ANTAGRAVITY\fashionistar_backend\.venv\Lib\site-packages\celery\app\task.py", line 605, in apply_async
    return self.apply(args, kwargs, task_id=task_id or uuid(),
           ~~~~~~~~~~^^^^^^^^^^^^^^^^^^^^^^^^^^^^^^^^^^^^^^^^^
                      link=link, link_error=link_error, **options)
                      ^^^^^^^^^^^^^^^^^^^^^^^^^^^^^^^^^^^^^^^^^^^^
  File "C:\Users\fashi\OneDrive\Documenti\FASHIONISTAR_ANTAGRAVITY\fashionistar_backend\.venv\Lib\site-packages\celery\app\task.py", line 843, in apply
    ret = tracer(task_id, args, kwargs, request)
  File "C:\Users\fashi\OneDrive\Documenti\FASHIONISTAR_ANTAGRAVITY\fashionistar_backend\.venv\Lib\site-packages\celery\app\trace.py", line 494, in trace_task
    I, R, state, retval = on_error(
                          ~~~~~~~~^
        task_request, exc, RETRY, call_errbacks=False)
        ^^^^^^^^^^^^^^^^^^^^^^^^^^^^^^^^^^^^^^^^^^^^^^
  File "C:\Users\fashi\OneDrive\Documenti\FASHIONISTAR_ANTAGRAVITY\fashionistar_backend\.venv\Lib\site-packages\celery\app\trace.py", line 479, in trace_task
    R = retval = fun(*args, **kwargs)
                 ~~~^^^^^^^^^^^^^^^^^
  File "C:\Users\fashi\OneDrive\Documenti\FASHIONISTAR_ANTAGRAVITY\fashionistar_backend\apps\audit_logs\tasks.py", line 65, in write_audit_event
    raise self.retry(exc=exc)
          ~~~~~~~~~~^^^^^^^^^
  File "C:\Users\fashi\OneDrive\Documenti\FASHIONISTAR_ANTAGRAVITY\fashionistar_backend\.venv\Lib\site-packages\celery\app\task.py", line 763, in retry
    raise ret
celery.exceptions.Retry: Retry in 5s: TypeError("AuditEventLog() got unexpected keyword arguments: 'country_code', 'city'")

During handling of the above exception, another exception occurred:

Traceback (most recent call last):
  File "C:\Users\fashi\OneDrive\Documenti\FASHIONISTAR_ANTAGRAVITY\fashionistar_backend\apps\audit_logs\services\audit.py", line 275, in _write_sync
    obj = AuditEventLog(**payload)
  File "C:\Users\fashi\OneDrive\Documenti\FASHIONISTAR_ANTAGRAVITY\fashionistar_backend\.venv\Lib\site-packages\django\db\models\base.py", line 590, in __init__
    raise TypeError(
    ...<2 lines>...
    )
TypeError: AuditEventLog() got unexpected keyword arguments: 'country_code', 'city'
[INFO    ] application \u2014 \U0001f4e7 Reset Email Celery task dispatched for pwreset@example.com\n[WARNING ] apps.audit_logs.tasks — write_audit_event failed (attempt 1/3): AuditEventLog() got unexpected keyword arguments: 'country_code', 'city' — event_type=password_reset_request
[INFO    ] application \u2014 \U0001f4e7 Reset Email Celery task dispatched for pwreset@example.com\n[WARNING ] apps.audit_logs.tasks — write_audit_event failed (attempt 1/3): AuditEventLog() got unexpected keyword arguments: 'country_code', 'city' — event_type=password_reset_request
[WARNING ] apps.audit_logs.tasks — write_audit_event failed (attempt 1/3): AuditEventLog() got unexpected keyword arguments: 'country_code', 'city' — event_type=password_reset_request
[INFO    ] application \u2014 \U0001f4e7 Reset Email Celery task dispatched for pwreset@example.com\n[ERROR   ] apps.audit_logs.services.audit — AuditService._write_sync() failed for payload={'event_type': EventType.PASSWORD_RESET_REQUEST, 'event_category': EventCategory.SECURITY, 'severity': 'info', 'action': 'Password reset requested for known identifier (email=True)', 'actor_email': 'pwreset@example.com', 'ip_address': '127.0.0.1', 'user_agent': None, 'device_type': None, 'browser_family': None, 'os_family': None, 'country': None, 'country_code': None, 'city': None, 'resource_type': 'UnifiedUser', 'resource_id': '019d20c5-6651-7e87-ac99-3d4be4eda562', 'request_method': 'POST', 'request_path': '/api/v1/password/reset-request/', 'response_status': None, 'duration_ms': None, 'old_values': None, 'new_values': None, 'metadata': {'identifier_type': 'email', 'user_exists': True}, 'error_message': None, 'is_compliance': True, 'retention_days': 2555}
Traceback (most recent call last):
  File "C:\Users\fashi\OneDrive\Documenti\FASHIONISTAR_ANTAGRAVITY\fashionistar_backend\apps\audit_logs\tasks.py", line 48, in write_audit_event
    obj = AuditEventLog(**payload)
  File "C:\Users\fashi\OneDrive\Documenti\FASHIONISTAR_ANTAGRAVITY\fashionistar_backend\.venv\Lib\site-packages\django\db\models\base.py", line 590, in __init__
    raise TypeError(
    ...<2 lines>...
    )
TypeError: AuditEventLog() got unexpected keyword arguments: 'country_code', 'city'

During handling of the above exception, another exception occurred:

Traceback (most recent call last):
  File "C:\Users\fashi\OneDrive\Documenti\FASHIONISTAR_ANTAGRAVITY\fashionistar_backend\apps\audit_logs\services\audit.py", line 261, in _dispatch
    write_audit_event.apply_async(
    ~~~~~~~~~~~~~~~~~~~~~~~~~~~~~^
        kwargs={"payload": payload},
        ^^^^^^^^^^^^^^^^^^^^^^^^^^^^
        retry=False,
        ^^^^^^^^^^^^
        ignore_result=True,
        ^^^^^^^^^^^^^^^^^^^
    )
    ^
  File "C:\Users\fashi\OneDrive\Documenti\FASHIONISTAR_ANTAGRAVITY\fashionistar_backend\.venv\Lib\site-packages\celery\app\task.py", line 605, in apply_async
    return self.apply(args, kwargs, task_id=task_id or uuid(),
           ~~~~~~~~~~^^^^^^^^^^^^^^^^^^^^^^^^^^^^^^^^^^^^^^^^^
                      link=link, link_error=link_error, **options)
                      ^^^^^^^^^^^^^^^^^^^^^^^^^^^^^^^^^^^^^^^^^^^^
  File "C:\Users\fashi\OneDrive\Documenti\FASHIONISTAR_ANTAGRAVITY\fashionistar_backend\.venv\Lib\site-packages\celery\app\task.py", line 843, in apply
    ret = tracer(task_id, args, kwargs, request)
  File "C:\Users\fashi\OneDrive\Documenti\FASHIONISTAR_ANTAGRAVITY\fashionistar_backend\.venv\Lib\site-packages\celery\app\trace.py", line 494, in trace_task
    I, R, state, retval = on_error(
                          ~~~~~~~~^
        task_request, exc, RETRY, call_errbacks=False)
        ^^^^^^^^^^^^^^^^^^^^^^^^^^^^^^^^^^^^^^^^^^^^^^
  File "C:\Users\fashi\OneDrive\Documenti\FASHIONISTAR_ANTAGRAVITY\fashionistar_backend\.venv\Lib\site-packages\celery\app\trace.py", line 479, in trace_task
    R = retval = fun(*args, **kwargs)
                 ~~~^^^^^^^^^^^^^^^^^
  File "C:\Users\fashi\OneDrive\Documenti\FASHIONISTAR_ANTAGRAVITY\fashionistar_backend\apps\audit_logs\tasks.py", line 65, in write_audit_event
    raise self.retry(exc=exc)
          ~~~~~~~~~~^^^^^^^^^
  File "C:\Users\fashi\OneDrive\Documenti\FASHIONISTAR_ANTAGRAVITY\fashionistar_backend\.venv\Lib\site-packages\celery\app\task.py", line 763, in retry
    raise ret
celery.exceptions.Retry: Retry in 5s: TypeError("AuditEventLog() got unexpected keyword arguments: 'country_code', 'city'")

During handling of the above exception, another exception occurred:

Traceback (most recent call last):
  File "C:\Users\fashi\OneDrive\Documenti\FASHIONISTAR_ANTAGRAVITY\fashionistar_backend\apps\audit_logs\services\audit.py", line 275, in _write_sync
    obj = AuditEventLog(**payload)
  File "C:\Users\fashi\OneDrive\Documenti\FASHIONISTAR_ANTAGRAVITY\fashionistar_backend\.venv\Lib\site-packages\django\db\models\base.py", line 590, in __init__
    raise TypeError(
    ...<2 lines>...
    )
TypeError: AuditEventLog() got unexpected keyword arguments: 'country_code', 'city'
[ERROR   ] apps.audit_logs.services.audit — AuditService._write_sync() failed for payload={'event_type': EventType.PASSWORD_RESET_REQUEST, 'event_category': EventCategory.SECURITY, 'severity': 'info', 'action': 'Password reset requested for known identifier (email=True)', 'actor_email': 'pwreset@example.com', 'ip_address': '127.0.0.1', 'user_agent': None, 'device_type': None, 'browser_family': None, 'os_family': None, 'country': None, 'country_code': None, 'city': None, 'resource_type': 'UnifiedUser', 'resource_id': '019d20c5-6651-7e87-ac99-3d4be4eda562', 'request_method': 'POST', 'request_path': '/api/v1/password/reset-request/', 'response_status': None, 'duration_ms': None, 'old_values': None, 'new_values': None, 'metadata': {'identifier_type': 'email', 'user_exists': True}, 'error_message': None, 'is_compliance': True, 'retention_days': 2555}
Traceback (most recent call last):
  File "C:\Users\fashi\OneDrive\Documenti\FASHIONISTAR_ANTAGRAVITY\fashionistar_backend\apps\audit_logs\tasks.py", line 48, in write_audit_event
    obj = AuditEventLog(**payload)
  File "C:\Users\fashi\OneDrive\Documenti\FASHIONISTAR_ANTAGRAVITY\fashionistar_backend\.venv\Lib\site-packages\django\db\models\base.py", line 590, in __init__
    raise TypeError(
    ...<2 lines>...
    )
TypeError: AuditEventLog() got unexpected keyword arguments: 'country_code', 'city'

During handling of the above exception, another exception occurred:

Traceback (most recent call last):
  File "C:\Users\fashi\OneDrive\Documenti\FASHIONISTAR_ANTAGRAVITY\fashionistar_backend\apps\audit_logs\services\audit.py", line 261, in _dispatch
    write_audit_event.apply_async(
    ~~~~~~~~~~~~~~~~~~~~~~~~~~~~~^
        kwargs={"payload": payload},
        ^^^^^^^^^^^^^^^^^^^^^^^^^^^^
        retry=False,
        ^^^^^^^^^^^^
        ignore_result=True,
        ^^^^^^^^^^^^^^^^^^^
    )
    ^
  File "C:\Users\fashi\OneDrive\Documenti\FASHIONISTAR_ANTAGRAVITY\fashionistar_backend\.venv\Lib\site-packages\celery\app\task.py", line 605, in apply_async
    return self.apply(args, kwargs, task_id=task_id or uuid(),
           ~~~~~~~~~~^^^^^^^^^^^^^^^^^^^^^^^^^^^^^^^^^^^^^^^^^
                      link=link, link_error=link_error, **options)
                      ^^^^^^^^^^^^^^^^^^^^^^^^^^^^^^^^^^^^^^^^^^^^
  File "C:\Users\fashi\OneDrive\Documenti\FASHIONISTAR_ANTAGRAVITY\fashionistar_backend\.venv\Lib\site-packages\celery\app\task.py", line 843, in apply
    ret = tracer(task_id, args, kwargs, request)
  File "C:\Users\fashi\OneDrive\Documenti\FASHIONISTAR_ANTAGRAVITY\fashionistar_backend\.venv\Lib\site-packages\celery\app\trace.py", line 494, in trace_task
    I, R, state, retval = on_error(
                          ~~~~~~~~^
        task_request, exc, RETRY, call_errbacks=False)
        ^^^^^^^^^^^^^^^^^^^^^^^^^^^^^^^^^^^^^^^^^^^^^^
  File "C:\Users\fashi\OneDrive\Documenti\FASHIONISTAR_ANTAGRAVITY\fashionistar_backend\.venv\Lib\site-packages\celery\app\trace.py", line 479, in trace_task
    R = retval = fun(*args, **kwargs)
                 ~~~^^^^^^^^^^^^^^^^^
  File "C:\Users\fashi\OneDrive\Documenti\FASHIONISTAR_ANTAGRAVITY\fashionistar_backend\apps\audit_logs\tasks.py", line 65, in write_audit_event
    raise self.retry(exc=exc)
          ~~~~~~~~~~^^^^^^^^^
  File "C:\Users\fashi\OneDrive\Documenti\FASHIONISTAR_ANTAGRAVITY\fashionistar_backend\.venv\Lib\site-packages\celery\app\task.py", line 763, in retry
    raise ret
celery.exceptions.Retry: Retry in 5s: TypeError("AuditEventLog() got unexpected keyword arguments: 'country_code', 'city'")

During handling of the above exception, another exception occurred:

Traceback (most recent call last):
  File "C:\Users\fashi\OneDrive\Documenti\FASHIONISTAR_ANTAGRAVITY\fashionistar_backend\apps\audit_logs\services\audit.py", line 275, in _write_sync
    obj = AuditEventLog(**payload)
  File "C:\Users\fashi\OneDrive\Documenti\FASHIONISTAR_ANTAGRAVITY\fashionistar_backend\.venv\Lib\site-packages\django\db\models\base.py", line 590, in __init__
    raise TypeError(
    ...<2 lines>...
    )
TypeError: AuditEventLog() got unexpected keyword arguments: 'country_code', 'city'
[INFO    ] application \u2014 \U0001f4e7 Reset Email Celery task dispatched for pwreset@example.com\n[ERROR   ] apps.audit_logs.services.audit — AuditService._write_sync() failed for payload={'event_type': EventType.PASSWORD_RESET_REQUEST, 'event_category': EventCategory.SECURITY, 'severity': 'info', 'action': 'Password reset requested for known identifier (email=True)', 'actor_email': 'pwreset@example.com', 'ip_address': '127.0.0.1', 'user_agent': None, 'device_type': None, 'browser_family': None, 'os_family': None, 'country': None, 'country_code': None, 'city': None, 'resource_type': 'UnifiedUser', 'resource_id': '019d20c5-6651-7e87-ac99-3d4be4eda562', 'request_method': 'POST', 'request_path': '/api/v1/password/reset-request/', 'response_status': None, 'duration_ms': None, 'old_values': None, 'new_values': None, 'metadata': {'identifier_type': 'email', 'user_exists': True}, 'error_message': None, 'is_compliance': True, 'retention_days': 2555}
Traceback (most recent call last):
  File "C:\Users\fashi\OneDrive\Documenti\FASHIONISTAR_ANTAGRAVITY\fashionistar_backend\apps\audit_logs\tasks.py", line 48, in write_audit_event
    obj = AuditEventLog(**payload)
  File "C:\Users\fashi\OneDrive\Documenti\FASHIONISTAR_ANTAGRAVITY\fashionistar_backend\.venv\Lib\site-packages\django\db\models\base.py", line 590, in __init__
    raise TypeError(
    ...<2 lines>...
    )
TypeError: AuditEventLog() got unexpected keyword arguments: 'country_code', 'city'

During handling of the above exception, another exception occurred:

Traceback (most recent call last):
  File "C:\Users\fashi\OneDrive\Documenti\FASHIONISTAR_ANTAGRAVITY\fashionistar_backend\apps\audit_logs\services\audit.py", line 261, in _dispatch
    write_audit_event.apply_async(
    ~~~~~~~~~~~~~~~~~~~~~~~~~~~~~^
        kwargs={"payload": payload},
        ^^^^^^^^^^^^^^^^^^^^^^^^^^^^
        retry=False,
        ^^^^^^^^^^^^
        ignore_result=True,
        ^^^^^^^^^^^^^^^^^^^
    )
    ^
  File "C:\Users\fashi\OneDrive\Documenti\FASHIONISTAR_ANTAGRAVITY\fashionistar_backend\.venv\Lib\site-packages\celery\app\task.py", line 605, in apply_async
    return self.apply(args, kwargs, task_id=task_id or uuid(),
           ~~~~~~~~~~^^^^^^^^^^^^^^^^^^^^^^^^^^^^^^^^^^^^^^^^^
                      link=link, link_error=link_error, **options)
                      ^^^^^^^^^^^^^^^^^^^^^^^^^^^^^^^^^^^^^^^^^^^^
  File "C:\Users\fashi\OneDrive\Documenti\FASHIONISTAR_ANTAGRAVITY\fashionistar_backend\.venv\Lib\site-packages\celery\app\task.py", line 843, in apply
    ret = tracer(task_id, args, kwargs, request)
  File "C:\Users\fashi\OneDrive\Documenti\FASHIONISTAR_ANTAGRAVITY\fashionistar_backend\.venv\Lib\site-packages\celery\app\trace.py", line 494, in trace_task
    I, R, state, retval = on_error(
                          ~~~~~~~~^
        task_request, exc, RETRY, call_errbacks=False)
        ^^^^^^^^^^^^^^^^^^^^^^^^^^^^^^^^^^^^^^^^^^^^^^
  File "C:\Users\fashi\OneDrive\Documenti\FASHIONISTAR_ANTAGRAVITY\fashionistar_backend\.venv\Lib\site-packages\celery\app\trace.py", line 479, in trace_task
    R = retval = fun(*args, **kwargs)
                 ~~~^^^^^^^^^^^^^^^^^
  File "C:\Users\fashi\OneDrive\Documenti\FASHIONISTAR_ANTAGRAVITY\fashionistar_backend\apps\audit_logs\tasks.py", line 65, in write_audit_event
    raise self.retry(exc=exc)
          ~~~~~~~~~~^^^^^^^^^
  File "C:\Users\fashi\OneDrive\Documenti\FASHIONISTAR_ANTAGRAVITY\fashionistar_backend\.venv\Lib\site-packages\celery\app\task.py", line 763, in retry
    raise ret
celery.exceptions.Retry: Retry in 5s: TypeError("AuditEventLog() got unexpected keyword arguments: 'country_code', 'city'")

During handling of the above exception, another exception occurred:

Traceback (most recent call last):
  File "C:\Users\fashi\OneDrive\Documenti\FASHIONISTAR_ANTAGRAVITY\fashionistar_backend\apps\audit_logs\services\audit.py", line 275, in _write_sync
    obj = AuditEventLog(**payload)
  File "C:\Users\fashi\OneDrive\Documenti\FASHIONISTAR_ANTAGRAVITY\fashionistar_backend\.venv\Lib\site-packages\django\db\models\base.py", line 590, in __init__
    raise TypeError(
    ...<2 lines>...
    )
TypeError: AuditEventLog() got unexpected keyword arguments: 'country_code', 'city'
[INFO    ] security — SECURITY_AUDIT action=REQUEST req=3450707f-d015-4dc2-acae-c6419bd7a3cd device=fp:57efdd91ba75ee0012c0 session=- ip=127.0.0.1 method=POST path=/api/v1/password/reset-request/ status=200 duration_ms=1513.3 user_id=anonymous role=anonymous ua='-' referrer=-
[ERROR   ] apps.audit_logs.services.audit — AuditService._write_sync() failed for payload={'event_type': EventType.PASSWORD_RESET_REQUEST, 'event_category': EventCategory.SECURITY, 'severity': 'info', 'action': 'Password reset requested for known identifier (email=True)', 'actor_email': 'pwreset@example.com', 'ip_address': '127.0.0.1', 'user_agent': None, 'device_type': None, 'browser_family': None, 'os_family': None, 'country': None, 'country_code': None, 'city': None, 'resource_type': 'UnifiedUser', 'resource_id': '019d20c5-6651-7e87-ac99-3d4be4eda562', 'request_method': 'POST', 'request_path': '/api/v1/password/reset-request/', 'response_status': None, 'duration_ms': None, 'old_values': None, 'new_values': None, 'metadata': {'identifier_type': 'email', 'user_exists': True}, 'error_message': None, 'is_compliance': True, 'retention_days': 2555}
Traceback (most recent call last):
  File "C:\Users\fashi\OneDrive\Documenti\FASHIONISTAR_ANTAGRAVITY\fashionistar_backend\apps\audit_logs\tasks.py", line 48, in write_audit_event
    obj = AuditEventLog(**payload)
  File "C:\Users\fashi\OneDrive\Documenti\FASHIONISTAR_ANTAGRAVITY\fashionistar_backend\.venv\Lib\site-packages\django\db\models\base.py", line 590, in __init__
    raise TypeError(
    ...<2 lines>...
    )
TypeError: AuditEventLog() got unexpected keyword arguments: 'country_code', 'city'

During handling of the above exception, another exception occurred:

Traceback (most recent call last):
  File "C:\Users\fashi\OneDrive\Documenti\FASHIONISTAR_ANTAGRAVITY\fashionistar_backend\apps\audit_logs\services\audit.py", line 261, in _dispatch
    write_audit_event.apply_async(
    ~~~~~~~~~~~~~~~~~~~~~~~~~~~~~^
        kwargs={"payload": payload},
        ^^^^^^^^^^^^^^^^^^^^^^^^^^^^
        retry=False,
        ^^^^^^^^^^^^
        ignore_result=True,
        ^^^^^^^^^^^^^^^^^^^
    )
    ^
  File "C:\Users\fashi\OneDrive\Documenti\FASHIONISTAR_ANTAGRAVITY\fashionistar_backend\.venv\Lib\site-packages\celery\app\task.py", line 605, in apply_async
    return self.apply(args, kwargs, task_id=task_id or uuid(),
           ~~~~~~~~~~^^^^^^^^^^^^^^^^^^^^^^^^^^^^^^^^^^^^^^^^^
                      link=link, link_error=link_error, **options)
                      ^^^^^^^^^^^^^^^^^^^^^^^^^^^^^^^^^^^^^^^^^^^^
  File "C:\Users\fashi\OneDrive\Documenti\FASHIONISTAR_ANTAGRAVITY\fashionistar_backend\.venv\Lib\site-packages\celery\app\task.py", line 843, in apply
    ret = tracer(task_id, args, kwargs, request)
  File "C:\Users\fashi\OneDrive\Documenti\FASHIONISTAR_ANTAGRAVITY\fashionistar_backend\.venv\Lib\site-packages\celery\app\trace.py", line 494, in trace_task
    I, R, state, retval = on_error(
                          ~~~~~~~~^
        task_request, exc, RETRY, call_errbacks=False)
        ^^^^^^^^^^^^^^^^^^^^^^^^^^^^^^^^^^^^^^^^^^^^^^
  File "C:\Users\fashi\OneDrive\Documenti\FASHIONISTAR_ANTAGRAVITY\fashionistar_backend\.venv\Lib\site-packages\celery\app\trace.py", line 479, in trace_task
    R = retval = fun(*args, **kwargs)
                 ~~~^^^^^^^^^^^^^^^^^
  File "C:\Users\fashi\OneDrive\Documenti\FASHIONISTAR_ANTAGRAVITY\fashionistar_backend\apps\audit_logs\tasks.py", line 65, in write_audit_event
    raise self.retry(exc=exc)
          ~~~~~~~~~~^^^^^^^^^
  File "C:\Users\fashi\OneDrive\Documenti\FASHIONISTAR_ANTAGRAVITY\fashionistar_backend\.venv\Lib\site-packages\celery\app\task.py", line 763, in retry
    raise ret
celery.exceptions.Retry: Retry in 5s: TypeError("AuditEventLog() got unexpected keyword arguments: 'country_code', 'city'")

During handling of the above exception, another exception occurred:

Traceback (most recent call last):
  File "C:\Users\fashi\OneDrive\Documenti\FASHIONISTAR_ANTAGRAVITY\fashionistar_backend\apps\audit_logs\services\audit.py", line 275, in _write_sync
    obj = AuditEventLog(**payload)
  File "C:\Users\fashi\OneDrive\Documenti\FASHIONISTAR_ANTAGRAVITY\fashionistar_backend\.venv\Lib\site-packages\django\db\models\base.py", line 590, in __init__
    raise TypeError(
    ...<2 lines>...
    )
TypeError: AuditEventLog() got unexpected keyword arguments: 'country_code', 'city'
[WARNING ] apps.audit_logs.tasks — write_audit_event failed (attempt 1/3): AuditEventLog() got unexpected keyword arguments: 'country_code', 'city' — event_type=password_reset_request
[INFO    ] application — [ce62980b] PasswordResetRequest: dispatched
[ERROR   ] apps.audit_logs.services.audit — AuditService._write_sync() failed for payload={'event_type': EventType.PASSWORD_RESET_REQUEST, 'event_category': EventCategory.SECURITY, 'severity': 'info', 'action': 'Password reset requested for known identifier (email=True)', 'actor_email': 'pwreset@example.com', 'ip_address': '127.0.0.1', 'user_agent': None, 'device_type': None, 'browser_family': None, 'os_family': None, 'country': None, 'country_code': None, 'city': None, 'resource_type': 'UnifiedUser', 'resource_id': '019d20c5-6651-7e87-ac99-3d4be4eda562', 'request_method': 'POST', 'request_path': '/api/v1/password/reset-request/', 'response_status': None, 'duration_ms': None, 'old_values': None, 'new_values': None, 'metadata': {'identifier_type': 'email', 'user_exists': True}, 'error_message': None, 'is_compliance': True, 'retention_days': 2555}
Traceback (most recent call last):
  File "C:\Users\fashi\OneDrive\Documenti\FASHIONISTAR_ANTAGRAVITY\fashionistar_backend\apps\audit_logs\tasks.py", line 48, in write_audit_event
    obj = AuditEventLog(**payload)
  File "C:\Users\fashi\OneDrive\Documenti\FASHIONISTAR_ANTAGRAVITY\fashionistar_backend\.venv\Lib\site-packages\django\db\models\base.py", line 590, in __init__
    raise TypeError(
    ...<2 lines>...
    )
TypeError: AuditEventLog() got unexpected keyword arguments: 'country_code', 'city'

During handling of the above exception, another exception occurred:

Traceback (most recent call last):
  File "C:\Users\fashi\OneDrive\Documenti\FASHIONISTAR_ANTAGRAVITY\fashionistar_backend\apps\audit_logs\services\audit.py", line 261, in _dispatch
    write_audit_event.apply_async(
    ~~~~~~~~~~~~~~~~~~~~~~~~~~~~~^
        kwargs={"payload": payload},
        ^^^^^^^^^^^^^^^^^^^^^^^^^^^^
        retry=False,
        ^^^^^^^^^^^^
        ignore_result=True,
        ^^^^^^^^^^^^^^^^^^^
    )
    ^
  File "C:\Users\fashi\OneDrive\Documenti\FASHIONISTAR_ANTAGRAVITY\fashionistar_backend\.venv\Lib\site-packages\celery\app\task.py", line 605, in apply_async
    return self.apply(args, kwargs, task_id=task_id or uuid(),
           ~~~~~~~~~~^^^^^^^^^^^^^^^^^^^^^^^^^^^^^^^^^^^^^^^^^
                      link=link, link_error=link_error, **options)
                      ^^^^^^^^^^^^^^^^^^^^^^^^^^^^^^^^^^^^^^^^^^^^
  File "C:\Users\fashi\OneDrive\Documenti\FASHIONISTAR_ANTAGRAVITY\fashionistar_backend\.venv\Lib\site-packages\celery\app\task.py", line 843, in apply
    ret = tracer(task_id, args, kwargs, request)
  File "C:\Users\fashi\OneDrive\Documenti\FASHIONISTAR_ANTAGRAVITY\fashionistar_backend\.venv\Lib\site-packages\celery\app\trace.py", line 494, in trace_task
    I, R, state, retval = on_error(
                          ~~~~~~~~^
        task_request, exc, RETRY, call_errbacks=False)
        ^^^^^^^^^^^^^^^^^^^^^^^^^^^^^^^^^^^^^^^^^^^^^^
  File "C:\Users\fashi\OneDrive\Documenti\FASHIONISTAR_ANTAGRAVITY\fashionistar_backend\.venv\Lib\site-packages\celery\app\trace.py", line 479, in trace_task
    R = retval = fun(*args, **kwargs)
                 ~~~^^^^^^^^^^^^^^^^^
  File "C:\Users\fashi\OneDrive\Documenti\FASHIONISTAR_ANTAGRAVITY\fashionistar_backend\apps\audit_logs\tasks.py", line 65, in write_audit_event
    raise self.retry(exc=exc)
          ~~~~~~~~~~^^^^^^^^^
  File "C:\Users\fashi\OneDrive\Documenti\FASHIONISTAR_ANTAGRAVITY\fashionistar_backend\.venv\Lib\site-packages\celery\app\task.py", line 763, in retry
    raise ret
celery.exceptions.Retry: Retry in 5s: TypeError("AuditEventLog() got unexpected keyword arguments: 'country_code', 'city'")

During handling of the above exception, another exception occurred:

Traceback (most recent call last):
  File "C:\Users\fashi\OneDrive\Documenti\FASHIONISTAR_ANTAGRAVITY\fashionistar_backend\apps\audit_logs\services\audit.py", line 275, in _write_sync
    obj = AuditEventLog(**payload)
  File "C:\Users\fashi\OneDrive\Documenti\FASHIONISTAR_ANTAGRAVITY\fashionistar_backend\.venv\Lib\site-packages\django\db\models\base.py", line 590, in __init__
    raise TypeError(
    ...<2 lines>...
    )
TypeError: AuditEventLog() got unexpected keyword arguments: 'country_code', 'city'
[INFO    ] application \u2014 \U0001f4e7 Reset Email Celery task dispatched for pwreset@example.com\n[INFO    ] application \u2014 \U0001f4e7 Reset Email Celery task dispatched for pwreset@example.com\n[ERROR   ] apps.audit_logs.services.audit — AuditService._write_sync() failed for payload={'event_type': EventType.PASSWORD_RESET_REQUEST, 'event_category': EventCategory.SECURITY, 'severity': 'info', 'action': 'Password reset requested for known identifier (email=True)', 'actor_email': 'pwreset@example.com', 'ip_address': '127.0.0.1', 'user_agent': None, 'device_type': None, 'browser_family': None, 'os_family': None, 'country': None, 'country_code': None, 'city': None, 'resource_type': 'UnifiedUser', 'resource_id': '019d20c5-6651-7e87-ac99-3d4be4eda562', 'request_method': 'POST', 'request_path': '/api/v1/password/reset-request/', 'response_status': None, 'duration_ms': None, 'old_values': None, 'new_values': None, 'metadata': {'identifier_type': 'email', 'user_exists': True}, 'error_message': None, 'is_compliance': True, 'retention_days': 2555}
Traceback (most recent call last):
  File "C:\Users\fashi\OneDrive\Documenti\FASHIONISTAR_ANTAGRAVITY\fashionistar_backend\apps\audit_logs\tasks.py", line 48, in write_audit_event
    obj = AuditEventLog(**payload)
  File "C:\Users\fashi\OneDrive\Documenti\FASHIONISTAR_ANTAGRAVITY\fashionistar_backend\.venv\Lib\site-packages\django\db\models\base.py", line 590, in __init__
    raise TypeError(
    ...<2 lines>...
    )
TypeError: AuditEventLog() got unexpected keyword arguments: 'country_code', 'city'

During handling of the above exception, another exception occurred:

Traceback (most recent call last):
  File "C:\Users\fashi\OneDrive\Documenti\FASHIONISTAR_ANTAGRAVITY\fashionistar_backend\apps\audit_logs\services\audit.py", line 261, in _dispatch
    write_audit_event.apply_async(
    ~~~~~~~~~~~~~~~~~~~~~~~~~~~~~^
        kwargs={"payload": payload},
        ^^^^^^^^^^^^^^^^^^^^^^^^^^^^
        retry=False,
        ^^^^^^^^^^^^
        ignore_result=True,
        ^^^^^^^^^^^^^^^^^^^
    )
    ^
  File "C:\Users\fashi\OneDrive\Documenti\FASHIONISTAR_ANTAGRAVITY\fashionistar_backend\.venv\Lib\site-packages\celery\app\task.py", line 605, in apply_async
    return self.apply(args, kwargs, task_id=task_id or uuid(),
           ~~~~~~~~~~^^^^^^^^^^^^^^^^^^^^^^^^^^^^^^^^^^^^^^^^^
                      link=link, link_error=link_error, **options)
                      ^^^^^^^^^^^^^^^^^^^^^^^^^^^^^^^^^^^^^^^^^^^^
  File "C:\Users\fashi\OneDrive\Documenti\FASHIONISTAR_ANTAGRAVITY\fashionistar_backend\.venv\Lib\site-packages\celery\app\task.py", line 843, in apply
    ret = tracer(task_id, args, kwargs, request)
  File "C:\Users\fashi\OneDrive\Documenti\FASHIONISTAR_ANTAGRAVITY\fashionistar_backend\.venv\Lib\site-packages\celery\app\trace.py", line 494, in trace_task
    I, R, state, retval = on_error(
                          ~~~~~~~~^
        task_request, exc, RETRY, call_errbacks=False)
        ^^^^^^^^^^^^^^^^^^^^^^^^^^^^^^^^^^^^^^^^^^^^^^
  File "C:\Users\fashi\OneDrive\Documenti\FASHIONISTAR_ANTAGRAVITY\fashionistar_backend\.venv\Lib\site-packages\celery\app\trace.py", line 479, in trace_task
    R = retval = fun(*args, **kwargs)
                 ~~~^^^^^^^^^^^^^^^^^
  File "C:\Users\fashi\OneDrive\Documenti\FASHIONISTAR_ANTAGRAVITY\fashionistar_backend\apps\audit_logs\tasks.py", line 65, in write_audit_event
    raise self.retry(exc=exc)
          ~~~~~~~~~~^^^^^^^^^
  File "C:\Users\fashi\OneDrive\Documenti\FASHIONISTAR_ANTAGRAVITY\fashionistar_backend\.venv\Lib\site-packages\celery\app\task.py", line 763, in retry
    raise ret
celery.exceptions.Retry: Retry in 5s: TypeError("AuditEventLog() got unexpected keyword arguments: 'country_code', 'city'")

During handling of the above exception, another exception occurred:

Traceback (most recent call last):
  File "C:\Users\fashi\OneDrive\Documenti\FASHIONISTAR_ANTAGRAVITY\fashionistar_backend\apps\audit_logs\services\audit.py", line 275, in _write_sync
    obj = AuditEventLog(**payload)
  File "C:\Users\fashi\OneDrive\Documenti\FASHIONISTAR_ANTAGRAVITY\fashionistar_backend\.venv\Lib\site-packages\django\db\models\base.py", line 590, in __init__
    raise TypeError(
    ...<2 lines>...
    )
TypeError: AuditEventLog() got unexpected keyword arguments: 'country_code', 'city'
[INFO    ] application \u2014 \U0001f4e7 Reset Email Celery task dispatched for pwreset@example.com\n[ERROR   ] apps.audit_logs.services.audit — AuditService._write_sync() failed for payload={'event_type': EventType.PASSWORD_RESET_REQUEST, 'event_category': EventCategory.SECURITY, 'severity': 'info', 'action': 'Password reset requested for known identifier (email=True)', 'actor_email': 'pwreset@example.com', 'ip_address': '127.0.0.1', 'user_agent': None, 'device_type': None, 'browser_family': None, 'os_family': None, 'country': None, 'country_code': None, 'city': None, 'resource_type': 'UnifiedUser', 'resource_id': '019d20c5-6651-7e87-ac99-3d4be4eda562', 'request_method': 'POST', 'request_path': '/api/v1/password/reset-request/', 'response_status': None, 'duration_ms': None, 'old_values': None, 'new_values': None, 'metadata': {'identifier_type': 'email', 'user_exists': True}, 'error_message': None, 'is_compliance': True, 'retention_days': 2555}
Traceback (most recent call last):
  File "C:\Users\fashi\OneDrive\Documenti\FASHIONISTAR_ANTAGRAVITY\fashionistar_backend\apps\audit_logs\tasks.py", line 48, in write_audit_event
    obj = AuditEventLog(**payload)
  File "C:\Users\fashi\OneDrive\Documenti\FASHIONISTAR_ANTAGRAVITY\fashionistar_backend\.venv\Lib\site-packages\django\db\models\base.py", line 590, in __init__
    raise TypeError(
    ...<2 lines>...
    )
TypeError: AuditEventLog() got unexpected keyword arguments: 'country_code', 'city'

During handling of the above exception, another exception occurred:

Traceback (most recent call last):
  File "C:\Users\fashi\OneDrive\Documenti\FASHIONISTAR_ANTAGRAVITY\fashionistar_backend\apps\audit_logs\services\audit.py", line 261, in _dispatch
    write_audit_event.apply_async(
    ~~~~~~~~~~~~~~~~~~~~~~~~~~~~~^
        kwargs={"payload": payload},
        ^^^^^^^^^^^^^^^^^^^^^^^^^^^^
        retry=False,
        ^^^^^^^^^^^^
        ignore_result=True,
        ^^^^^^^^^^^^^^^^^^^
    )
    ^
  File "C:\Users\fashi\OneDrive\Documenti\FASHIONISTAR_ANTAGRAVITY\fashionistar_backend\.venv\Lib\site-packages\celery\app\task.py", line 605, in apply_async
    return self.apply(args, kwargs, task_id=task_id or uuid(),
           ~~~~~~~~~~^^^^^^^^^^^^^^^^^^^^^^^^^^^^^^^^^^^^^^^^^
                      link=link, link_error=link_error, **options)
                      ^^^^^^^^^^^^^^^^^^^^^^^^^^^^^^^^^^^^^^^^^^^^
  File "C:\Users\fashi\OneDrive\Documenti\FASHIONISTAR_ANTAGRAVITY\fashionistar_backend\.venv\Lib\site-packages\celery\app\task.py", line 843, in apply
    ret = tracer(task_id, args, kwargs, request)
  File "C:\Users\fashi\OneDrive\Documenti\FASHIONISTAR_ANTAGRAVITY\fashionistar_backend\.venv\Lib\site-packages\celery\app\trace.py", line 494, in trace_task
    I, R, state, retval = on_error(
                          ~~~~~~~~^
        task_request, exc, RETRY, call_errbacks=False)
        ^^^^^^^^^^^^^^^^^^^^^^^^^^^^^^^^^^^^^^^^^^^^^^
  File "C:\Users\fashi\OneDrive\Documenti\FASHIONISTAR_ANTAGRAVITY\fashionistar_backend\.venv\Lib\site-packages\celery\app\trace.py", line 479, in trace_task
    R = retval = fun(*args, **kwargs)
                 ~~~^^^^^^^^^^^^^^^^^
  File "C:\Users\fashi\OneDrive\Documenti\FASHIONISTAR_ANTAGRAVITY\fashionistar_backend\apps\audit_logs\tasks.py", line 65, in write_audit_event
    raise self.retry(exc=exc)
          ~~~~~~~~~~^^^^^^^^^
  File "C:\Users\fashi\OneDrive\Documenti\FASHIONISTAR_ANTAGRAVITY\fashionistar_backend\.venv\Lib\site-packages\celery\app\task.py", line 763, in retry
    raise ret
celery.exceptions.Retry: Retry in 5s: TypeError("AuditEventLog() got unexpected keyword arguments: 'country_code', 'city'")

During handling of the above exception, another exception occurred:

Traceback (most recent call last):
  File "C:\Users\fashi\OneDrive\Documenti\FASHIONISTAR_ANTAGRAVITY\fashionistar_backend\apps\audit_logs\services\audit.py", line 275, in _write_sync
    obj = AuditEventLog(**payload)
  File "C:\Users\fashi\OneDrive\Documenti\FASHIONISTAR_ANTAGRAVITY\fashionistar_backend\.venv\Lib\site-packages\django\db\models\base.py", line 590, in __init__
    raise TypeError(
    ...<2 lines>...
    )
TypeError: AuditEventLog() got unexpected keyword arguments: 'country_code', 'city'
[INFO    ] application — [7260a80f] PasswordResetRequest: dispatched
[INFO    ] application — [489d2ae4] PasswordResetRequest: dispatched
[ERROR   ] apps.audit_logs.services.audit — AuditService._write_sync() failed for payload={'event_type': EventType.PASSWORD_RESET_REQUEST, 'event_category': EventCategory.SECURITY, 'severity': 'info', 'action': 'Password reset requested for known identifier (email=True)', 'actor_email': 'pwreset@example.com', 'ip_address': '127.0.0.1', 'user_agent': None, 'device_type': None, 'browser_family': None, 'os_family': None, 'country': None, 'country_code': None, 'city': None, 'resource_type': 'UnifiedUser', 'resource_id': '019d20c5-6651-7e87-ac99-3d4be4eda562', 'request_method': 'POST', 'request_path': '/api/v1/password/reset-request/', 'response_status': None, 'duration_ms': None, 'old_values': None, 'new_values': None, 'metadata': {'identifier_type': 'email', 'user_exists': True}, 'error_message': None, 'is_compliance': True, 'retention_days': 2555}
Traceback (most recent call last):
  File "C:\Users\fashi\OneDrive\Documenti\FASHIONISTAR_ANTAGRAVITY\fashionistar_backend\apps\audit_logs\tasks.py", line 48, in write_audit_event
    obj = AuditEventLog(**payload)
  File "C:\Users\fashi\OneDrive\Documenti\FASHIONISTAR_ANTAGRAVITY\fashionistar_backend\.venv\Lib\site-packages\django\db\models\base.py", line 590, in __init__
    raise TypeError(
    ...<2 lines>...
    )
TypeError: AuditEventLog() got unexpected keyword arguments: 'country_code', 'city'

During handling of the above exception, another exception occurred:

Traceback (most recent call last):
  File "C:\Users\fashi\OneDrive\Documenti\FASHIONISTAR_ANTAGRAVITY\fashionistar_backend\apps\audit_logs\services\audit.py", line 261, in _dispatch
    write_audit_event.apply_async(
    ~~~~~~~~~~~~~~~~~~~~~~~~~~~~~^
        kwargs={"payload": payload},
        ^^^^^^^^^^^^^^^^^^^^^^^^^^^^
        retry=False,
        ^^^^^^^^^^^^
        ignore_result=True,
        ^^^^^^^^^^^^^^^^^^^
    )
    ^
  File "C:\Users\fashi\OneDrive\Documenti\FASHIONISTAR_ANTAGRAVITY\fashionistar_backend\.venv\Lib\site-packages\celery\app\task.py", line 605, in apply_async
    return self.apply(args, kwargs, task_id=task_id or uuid(),
           ~~~~~~~~~~^^^^^^^^^^^^^^^^^^^^^^^^^^^^^^^^^^^^^^^^^
                      link=link, link_error=link_error, **options)
                      ^^^^^^^^^^^^^^^^^^^^^^^^^^^^^^^^^^^^^^^^^^^^
  File "C:\Users\fashi\OneDrive\Documenti\FASHIONISTAR_ANTAGRAVITY\fashionistar_backend\.venv\Lib\site-packages\celery\app\task.py", line 843, in apply
    ret = tracer(task_id, args, kwargs, request)
  File "C:\Users\fashi\OneDrive\Documenti\FASHIONISTAR_ANTAGRAVITY\fashionistar_backend\.venv\Lib\site-packages\celery\app\trace.py", line 494, in trace_task
    I, R, state, retval = on_error(
                          ~~~~~~~~^
        task_request, exc, RETRY, call_errbacks=False)
        ^^^^^^^^^^^^^^^^^^^^^^^^^^^^^^^^^^^^^^^^^^^^^^
  File "C:\Users\fashi\OneDrive\Documenti\FASHIONISTAR_ANTAGRAVITY\fashionistar_backend\.venv\Lib\site-packages\celery\app\trace.py", line 479, in trace_task
    R = retval = fun(*args, **kwargs)
                 ~~~^^^^^^^^^^^^^^^^^
  File "C:\Users\fashi\OneDrive\Documenti\FASHIONISTAR_ANTAGRAVITY\fashionistar_backend\apps\audit_logs\tasks.py", line 65, in write_audit_event
    raise self.retry(exc=exc)
          ~~~~~~~~~~^^^^^^^^^
  File "C:\Users\fashi\OneDrive\Documenti\FASHIONISTAR_ANTAGRAVITY\fashionistar_backend\.venv\Lib\site-packages\celery\app\task.py", line 763, in retry
    raise ret
celery.exceptions.Retry: Retry in 5s: TypeError("AuditEventLog() got unexpected keyword arguments: 'country_code', 'city'")

During handling of the above exception, another exception occurred:

Traceback (most recent call last):
  File "C:\Users\fashi\OneDrive\Documenti\FASHIONISTAR_ANTAGRAVITY\fashionistar_backend\apps\audit_logs\services\audit.py", line 275, in _write_sync
    obj = AuditEventLog(**payload)
  File "C:\Users\fashi\OneDrive\Documenti\FASHIONISTAR_ANTAGRAVITY\fashionistar_backend\.venv\Lib\site-packages\django\db\models\base.py", line 590, in __init__
    raise TypeError(
    ...<2 lines>...
    )
TypeError: AuditEventLog() got unexpected keyword arguments: 'country_code', 'city'
[ERROR   ] apps.audit_logs.services.audit — AuditService._write_sync() failed for payload={'event_type': EventType.PASSWORD_RESET_REQUEST, 'event_category': EventCategory.SECURITY, 'severity': SeverityLevel.INFO, 'action': 'Password reset requested for: pwreset@example.com', 'actor_email': None, 'ip_address': '127.0.0.1', 'user_agent': None, 'device_type': None, 'browser_family': None, 'os_family': None, 'country': None, 'country_code': None, 'city': None, 'resource_type': None, 'resource_id': None, 'request_method': 'POST', 'request_path': '/api/v1/password/reset-request/', 'response_status': None, 'duration_ms': None, 'old_values': None, 'new_values': None, 'metadata': {'email_or_phone': 'pwreset@example.com', 'request_id': '80318561'}, 'error_message': None, 'is_compliance': True, 'retention_days': 2555}
Traceback (most recent call last):
  File "C:\Users\fashi\OneDrive\Documenti\FASHIONISTAR_ANTAGRAVITY\fashionistar_backend\apps\audit_logs\tasks.py", line 48, in write_audit_event
    obj = AuditEventLog(**payload)
  File "C:\Users\fashi\OneDrive\Documenti\FASHIONISTAR_ANTAGRAVITY\fashionistar_backend\.venv\Lib\site-packages\django\db\models\base.py", line 590, in __init__
    raise TypeError(
    ...<2 lines>...
    )
TypeError: AuditEventLog() got unexpected keyword arguments: 'country_code', 'city'

During handling of the above exception, another exception occurred:

Traceback (most recent call last):
  File "C:\Users\fashi\OneDrive\Documenti\FASHIONISTAR_ANTAGRAVITY\fashionistar_backend\apps\audit_logs\services\audit.py", line 261, in _dispatch
    write_audit_event.apply_async(
    ~~~~~~~~~~~~~~~~~~~~~~~~~~~~~^
        kwargs={"payload": payload},
        ^^^^^^^^^^^^^^^^^^^^^^^^^^^^
        retry=False,
        ^^^^^^^^^^^^
        ignore_result=True,
        ^^^^^^^^^^^^^^^^^^^
    )
    ^
  File "C:\Users\fashi\OneDrive\Documenti\FASHIONISTAR_ANTAGRAVITY\fashionistar_backend\.venv\Lib\site-packages\celery\app\task.py", line 605, in apply_async
    return self.apply(args, kwargs, task_id=task_id or uuid(),
           ~~~~~~~~~~^^^^^^^^^^^^^^^^^^^^^^^^^^^^^^^^^^^^^^^^^
                      link=link, link_error=link_error, **options)
                      ^^^^^^^^^^^^^^^^^^^^^^^^^^^^^^^^^^^^^^^^^^^^
  File "C:\Users\fashi\OneDrive\Documenti\FASHIONISTAR_ANTAGRAVITY\fashionistar_backend\.venv\Lib\site-packages\celery\app\task.py", line 843, in apply
    ret = tracer(task_id, args, kwargs, request)
  File "C:\Users\fashi\OneDrive\Documenti\FASHIONISTAR_ANTAGRAVITY\fashionistar_backend\.venv\Lib\site-packages\celery\app\trace.py", line 494, in trace_task
    I, R, state, retval = on_error(
                          ~~~~~~~~^
        task_request, exc, RETRY, call_errbacks=False)
        ^^^^^^^^^^^^^^^^^^^^^^^^^^^^^^^^^^^^^^^^^^^^^^
  File "C:\Users\fashi\OneDrive\Documenti\FASHIONISTAR_ANTAGRAVITY\fashionistar_backend\.venv\Lib\site-packages\celery\app\trace.py", line 479, in trace_task
    R = retval = fun(*args, **kwargs)
                 ~~~^^^^^^^^^^^^^^^^^
  File "C:\Users\fashi\OneDrive\Documenti\FASHIONISTAR_ANTAGRAVITY\fashionistar_backend\apps\audit_logs\tasks.py", line 65, in write_audit_event
    raise self.retry(exc=exc)
          ~~~~~~~~~~^^^^^^^^^
  File "C:\Users\fashi\OneDrive\Documenti\FASHIONISTAR_ANTAGRAVITY\fashionistar_backend\.venv\Lib\site-packages\celery\app\task.py", line 763, in retry
    raise ret
celery.exceptions.Retry: Retry in 5s: TypeError("AuditEventLog() got unexpected keyword arguments: 'country_code', 'city'")

During handling of the above exception, another exception occurred:

Traceback (most recent call last):
  File "C:\Users\fashi\OneDrive\Documenti\FASHIONISTAR_ANTAGRAVITY\fashionistar_backend\apps\audit_logs\services\audit.py", line 275, in _write_sync
    obj = AuditEventLog(**payload)
  File "C:\Users\fashi\OneDrive\Documenti\FASHIONISTAR_ANTAGRAVITY\fashionistar_backend\.venv\Lib\site-packages\django\db\models\base.py", line 590, in __init__
    raise TypeError(
    ...<2 lines>...
    )
TypeError: AuditEventLog() got unexpected keyword arguments: 'country_code', 'city'
[INFO    ] application — [c692e2d7] PasswordResetRequest: dispatched
[INFO    ] application \u2014 \U0001f4e7 Reset Email Celery task dispatched for pwreset@example.com\n[ERROR   ] apps.audit_logs.services.audit — AuditService._write_sync() failed for payload={'event_type': EventType.PASSWORD_RESET_REQUEST, 'event_category': EventCategory.SECURITY, 'severity': 'info', 'action': 'Password reset requested for known identifier (email=True)', 'actor_email': 'pwreset@example.com', 'ip_address': '127.0.0.1', 'user_agent': None, 'device_type': None, 'browser_family': None, 'os_family': None, 'country': None, 'country_code': None, 'city': None, 'resource_type': 'UnifiedUser', 'resource_id': '019d20c5-6651-7e87-ac99-3d4be4eda562', 'request_method': 'POST', 'request_path': '/api/v1/password/reset-request/', 'response_status': None, 'duration_ms': None, 'old_values': None, 'new_values': None, 'metadata': {'identifier_type': 'email', 'user_exists': True}, 'error_message': None, 'is_compliance': True, 'retention_days': 2555}
Traceback (most recent call last):
  File "C:\Users\fashi\OneDrive\Documenti\FASHIONISTAR_ANTAGRAVITY\fashionistar_backend\apps\audit_logs\tasks.py", line 48, in write_audit_event
    obj = AuditEventLog(**payload)
  File "C:\Users\fashi\OneDrive\Documenti\FASHIONISTAR_ANTAGRAVITY\fashionistar_backend\.venv\Lib\site-packages\django\db\models\base.py", line 590, in __init__
    raise TypeError(
    ...<2 lines>...
    )
TypeError: AuditEventLog() got unexpected keyword arguments: 'country_code', 'city'

During handling of the above exception, another exception occurred:

Traceback (most recent call last):
  File "C:\Users\fashi\OneDrive\Documenti\FASHIONISTAR_ANTAGRAVITY\fashionistar_backend\apps\audit_logs\services\audit.py", line 261, in _dispatch
    write_audit_event.apply_async(
    ~~~~~~~~~~~~~~~~~~~~~~~~~~~~~^
        kwargs={"payload": payload},
        ^^^^^^^^^^^^^^^^^^^^^^^^^^^^
        retry=False,
        ^^^^^^^^^^^^
        ignore_result=True,
        ^^^^^^^^^^^^^^^^^^^
    )
    ^
  File "C:\Users\fashi\OneDrive\Documenti\FASHIONISTAR_ANTAGRAVITY\fashionistar_backend\.venv\Lib\site-packages\celery\app\task.py", line 605, in apply_async
    return self.apply(args, kwargs, task_id=task_id or uuid(),
           ~~~~~~~~~~^^^^^^^^^^^^^^^^^^^^^^^^^^^^^^^^^^^^^^^^^
                      link=link, link_error=link_error, **options)
                      ^^^^^^^^^^^^^^^^^^^^^^^^^^^^^^^^^^^^^^^^^^^^
  File "C:\Users\fashi\OneDrive\Documenti\FASHIONISTAR_ANTAGRAVITY\fashionistar_backend\.venv\Lib\site-packages\celery\app\task.py", line 843, in apply
    ret = tracer(task_id, args, kwargs, request)
  File "C:\Users\fashi\OneDrive\Documenti\FASHIONISTAR_ANTAGRAVITY\fashionistar_backend\.venv\Lib\site-packages\celery\app\trace.py", line 494, in trace_task
    I, R, state, retval = on_error(
                          ~~~~~~~~^
        task_request, exc, RETRY, call_errbacks=False)
        ^^^^^^^^^^^^^^^^^^^^^^^^^^^^^^^^^^^^^^^^^^^^^^
  File "C:\Users\fashi\OneDrive\Documenti\FASHIONISTAR_ANTAGRAVITY\fashionistar_backend\.venv\Lib\site-packages\celery\app\trace.py", line 479, in trace_task
    R = retval = fun(*args, **kwargs)
                 ~~~^^^^^^^^^^^^^^^^^
  File "C:\Users\fashi\OneDrive\Documenti\FASHIONISTAR_ANTAGRAVITY\fashionistar_backend\apps\audit_logs\tasks.py", line 65, in write_audit_event
    raise self.retry(exc=exc)
          ~~~~~~~~~~^^^^^^^^^
  File "C:\Users\fashi\OneDrive\Documenti\FASHIONISTAR_ANTAGRAVITY\fashionistar_backend\.venv\Lib\site-packages\celery\app\task.py", line 763, in retry
    raise ret
celery.exceptions.Retry: Retry in 5s: TypeError("AuditEventLog() got unexpected keyword arguments: 'country_code', 'city'")

During handling of the above exception, another exception occurred:

Traceback (most recent call last):
  File "C:\Users\fashi\OneDrive\Documenti\FASHIONISTAR_ANTAGRAVITY\fashionistar_backend\apps\audit_logs\services\audit.py", line 275, in _write_sync
    obj = AuditEventLog(**payload)
  File "C:\Users\fashi\OneDrive\Documenti\FASHIONISTAR_ANTAGRAVITY\fashionistar_backend\.venv\Lib\site-packages\django\db\models\base.py", line 590, in __init__
    raise TypeError(
    ...<2 lines>...
    )
TypeError: AuditEventLog() got unexpected keyword arguments: 'country_code', 'city'
[INFO    ] application \u2014 \U0001f4e7 Reset Email Celery task dispatched for pwreset@example.com\n[INFO    ] application — [2db95ee0] PasswordResetRequest: dispatched
[INFO    ] application \u2014 \U0001f4e7 Reset Email Celery task dispatched for pwreset@example.com\n[INFO    ] apps.common.middleware \u2014 [POST] /api/v1/password/reset-request/ \u2192 200 in 1609.1ms [req=3450707f-d015-4dc2-acae-c6419bd7a3cd]\n[INFO    ] application \u2014 \U0001f4e7 Reset Email Celery task dispatched for pwreset@example.com\n[WARNING ] apps.audit_logs.tasks — write_audit_event failed (attempt 1/3): AuditEventLog() got unexpected keyword arguments: 'country_code', 'city' — event_type=password_reset_request
[ERROR   ] apps.audit_logs.services.audit — AuditService._write_sync() failed for payload={'event_type': EventType.PASSWORD_RESET_REQUEST, 'event_category': EventCategory.SECURITY, 'severity': 'info', 'action': 'Password reset requested for known identifier (email=True)', 'actor_email': 'pwreset@example.com', 'ip_address': '127.0.0.1', 'user_agent': None, 'device_type': None, 'browser_family': None, 'os_family': None, 'country': None, 'country_code': None, 'city': None, 'resource_type': 'UnifiedUser', 'resource_id': '019d20c5-6651-7e87-ac99-3d4be4eda562', 'request_method': 'POST', 'request_path': '/api/v1/password/reset-request/', 'response_status': None, 'duration_ms': None, 'old_values': None, 'new_values': None, 'metadata': {'identifier_type': 'email', 'user_exists': True}, 'error_message': None, 'is_compliance': True, 'retention_days': 2555}
Traceback (most recent call last):
  File "C:\Users\fashi\OneDrive\Documenti\FASHIONISTAR_ANTAGRAVITY\fashionistar_backend\apps\audit_logs\tasks.py", line 48, in write_audit_event
    obj = AuditEventLog(**payload)
  File "C:\Users\fashi\OneDrive\Documenti\FASHIONISTAR_ANTAGRAVITY\fashionistar_backend\.venv\Lib\site-packages\django\db\models\base.py", line 590, in __init__
    raise TypeError(
    ...<2 lines>...
    )
TypeError: AuditEventLog() got unexpected keyword arguments: 'country_code', 'city'

During handling of the above exception, another exception occurred:

Traceback (most recent call last):
  File "C:\Users\fashi\OneDrive\Documenti\FASHIONISTAR_ANTAGRAVITY\fashionistar_backend\apps\audit_logs\services\audit.py", line 261, in _dispatch
    write_audit_event.apply_async(
    ~~~~~~~~~~~~~~~~~~~~~~~~~~~~~^
        kwargs={"payload": payload},
        ^^^^^^^^^^^^^^^^^^^^^^^^^^^^
        retry=False,
        ^^^^^^^^^^^^
        ignore_result=True,
        ^^^^^^^^^^^^^^^^^^^
    )
    ^
  File "C:\Users\fashi\OneDrive\Documenti\FASHIONISTAR_ANTAGRAVITY\fashionistar_backend\.venv\Lib\site-packages\celery\app\task.py", line 605, in apply_async
    return self.apply(args, kwargs, task_id=task_id or uuid(),
           ~~~~~~~~~~^^^^^^^^^^^^^^^^^^^^^^^^^^^^^^^^^^^^^^^^^
                      link=link, link_error=link_error, **options)
                      ^^^^^^^^^^^^^^^^^^^^^^^^^^^^^^^^^^^^^^^^^^^^
  File "C:\Users\fashi\OneDrive\Documenti\FASHIONISTAR_ANTAGRAVITY\fashionistar_backend\.venv\Lib\site-packages\celery\app\task.py", line 843, in apply
    ret = tracer(task_id, args, kwargs, request)
  File "C:\Users\fashi\OneDrive\Documenti\FASHIONISTAR_ANTAGRAVITY\fashionistar_backend\.venv\Lib\site-packages\celery\app\trace.py", line 494, in trace_task
    I, R, state, retval = on_error(
                          ~~~~~~~~^
        task_request, exc, RETRY, call_errbacks=False)
        ^^^^^^^^^^^^^^^^^^^^^^^^^^^^^^^^^^^^^^^^^^^^^^
  File "C:\Users\fashi\OneDrive\Documenti\FASHIONISTAR_ANTAGRAVITY\fashionistar_backend\.venv\Lib\site-packages\celery\app\trace.py", line 479, in trace_task
    R = retval = fun(*args, **kwargs)
                 ~~~^^^^^^^^^^^^^^^^^
  File "C:\Users\fashi\OneDrive\Documenti\FASHIONISTAR_ANTAGRAVITY\fashionistar_backend\apps\audit_logs\tasks.py", line 65, in write_audit_event
    raise self.retry(exc=exc)
          ~~~~~~~~~~^^^^^^^^^
  File "C:\Users\fashi\OneDrive\Documenti\FASHIONISTAR_ANTAGRAVITY\fashionistar_backend\.venv\Lib\site-packages\celery\app\task.py", line 763, in retry
    raise ret
celery.exceptions.Retry: Retry in 5s: TypeError("AuditEventLog() got unexpected keyword arguments: 'country_code', 'city'")

During handling of the above exception, another exception occurred:

Traceback (most recent call last):
  File "C:\Users\fashi\OneDrive\Documenti\FASHIONISTAR_ANTAGRAVITY\fashionistar_backend\apps\audit_logs\services\audit.py", line 275, in _write_sync
    obj = AuditEventLog(**payload)
  File "C:\Users\fashi\OneDrive\Documenti\FASHIONISTAR_ANTAGRAVITY\fashionistar_backend\.venv\Lib\site-packages\django\db\models\base.py", line 590, in __init__
    raise TypeError(
    ...<2 lines>...
    )
TypeError: AuditEventLog() got unexpected keyword arguments: 'country_code', 'city'
[INFO    ] application \u2014 \U0001f4e7 Reset Email Celery task dispatched for pwreset@example.com\n[INFO    ] application — [ea98c4b7] PasswordResetRequest: dispatched
[INFO    ] application — [89efa82b] PasswordResetRequest: dispatched
[INFO    ] application \u2014 \U0001f4e7 Reset Email Celery task dispatched for pwreset@example.com\n[INFO    ] application — [ca37f2a6] PasswordResetRequest: dispatched
[INFO    ] application \u2014 \U0001f4e7 Reset Email Celery task dispatched for pwreset@example.com\n[WARNING ] apps.audit_logs.tasks — write_audit_event failed (attempt 1/3): AuditEventLog() got unexpected keyword arguments: 'country_code', 'city' — event_type=password_reset_request
[WARNING ] apps.audit_logs.tasks — write_audit_event failed (attempt 1/3): AuditEventLog() got unexpected keyword arguments: 'country_code', 'city' — event_type=password_reset_request
[INFO    ] application \u2014 \U0001f4e7 Reset Email Celery task dispatched for pwreset@example.com\n[INFO    ] security — SECURITY_AUDIT action=REQUEST req=81b64417-679f-4345-a255-9d98927b3488 device=fp:57efdd91ba75ee0012c0 session=- ip=127.0.0.1 method=POST path=/api/v1/password/reset-request/ status=200 duration_ms=1590.5 user_id=anonymous role=anonymous ua='-' referrer=-
[WARNING ] apps.audit_logs.tasks — write_audit_event failed (attempt 1/3): AuditEventLog() got unexpected keyword arguments: 'country_code', 'city' — event_type=password_reset_request
[INFO    ] application — [401a9322] PasswordResetRequest: dispatched
[INFO    ] application \u2014 \U0001f4e7 Reset Email Celery task dispatched for pwreset@example.com\n[INFO    ] application — [4c30b4bb] PasswordResetRequest: dispatched
[WARNING ] apps.audit_logs.tasks — write_audit_event failed (attempt 1/3): AuditEventLog() got unexpected keyword arguments: 'country_code', 'city' — event_type=password_reset_request
[INFO    ] application — [046f2198] PasswordResetRequest: dispatched
[INFO    ] application — [f718961c] PasswordResetRequest: dispatched
[ERROR   ] apps.audit_logs.services.audit — AuditService._write_sync() failed for payload={'event_type': EventType.PASSWORD_RESET_REQUEST, 'event_category': EventCategory.SECURITY, 'severity': SeverityLevel.INFO, 'action': 'Password reset requested for: pwreset@example.com', 'actor_email': None, 'ip_address': '127.0.0.1', 'user_agent': None, 'device_type': None, 'browser_family': None, 'os_family': None, 'country': None, 'country_code': None, 'city': None, 'resource_type': None, 'resource_id': None, 'request_method': 'POST', 'request_path': '/api/v1/password/reset-request/', 'response_status': None, 'duration_ms': None, 'old_values': None, 'new_values': None, 'metadata': {'email_or_phone': 'pwreset@example.com', 'request_id': 'ce62980b'}, 'error_message': None, 'is_compliance': True, 'retention_days': 2555}
Traceback (most recent call last):
  File "C:\Users\fashi\OneDrive\Documenti\FASHIONISTAR_ANTAGRAVITY\fashionistar_backend\apps\audit_logs\tasks.py", line 48, in write_audit_event
    obj = AuditEventLog(**payload)
  File "C:\Users\fashi\OneDrive\Documenti\FASHIONISTAR_ANTAGRAVITY\fashionistar_backend\.venv\Lib\site-packages\django\db\models\base.py", line 590, in __init__
    raise TypeError(
    ...<2 lines>...
    )
TypeError: AuditEventLog() got unexpected keyword arguments: 'country_code', 'city'

During handling of the above exception, another exception occurred:

Traceback (most recent call last):
  File "C:\Users\fashi\OneDrive\Documenti\FASHIONISTAR_ANTAGRAVITY\fashionistar_backend\apps\audit_logs\services\audit.py", line 261, in _dispatch
    write_audit_event.apply_async(
    ~~~~~~~~~~~~~~~~~~~~~~~~~~~~~^
        kwargs={"payload": payload},
        ^^^^^^^^^^^^^^^^^^^^^^^^^^^^
        retry=False,
        ^^^^^^^^^^^^
        ignore_result=True,
        ^^^^^^^^^^^^^^^^^^^
    )
    ^
  File "C:\Users\fashi\OneDrive\Documenti\FASHIONISTAR_ANTAGRAVITY\fashionistar_backend\.venv\Lib\site-packages\celery\app\task.py", line 605, in apply_async
    return self.apply(args, kwargs, task_id=task_id or uuid(),
           ~~~~~~~~~~^^^^^^^^^^^^^^^^^^^^^^^^^^^^^^^^^^^^^^^^^
                      link=link, link_error=link_error, **options)
                      ^^^^^^^^^^^^^^^^^^^^^^^^^^^^^^^^^^^^^^^^^^^^
  File "C:\Users\fashi\OneDrive\Documenti\FASHIONISTAR_ANTAGRAVITY\fashionistar_backend\.venv\Lib\site-packages\celery\app\task.py", line 843, in apply
    ret = tracer(task_id, args, kwargs, request)
  File "C:\Users\fashi\OneDrive\Documenti\FASHIONISTAR_ANTAGRAVITY\fashionistar_backend\.venv\Lib\site-packages\celery\app\trace.py", line 494, in trace_task
    I, R, state, retval = on_error(
                          ~~~~~~~~^
        task_request, exc, RETRY, call_errbacks=False)
        ^^^^^^^^^^^^^^^^^^^^^^^^^^^^^^^^^^^^^^^^^^^^^^
  File "C:\Users\fashi\OneDrive\Documenti\FASHIONISTAR_ANTAGRAVITY\fashionistar_backend\.venv\Lib\site-packages\celery\app\trace.py", line 479, in trace_task
    R = retval = fun(*args, **kwargs)
                 ~~~^^^^^^^^^^^^^^^^^
  File "C:\Users\fashi\OneDrive\Documenti\FASHIONISTAR_ANTAGRAVITY\fashionistar_backend\apps\audit_logs\tasks.py", line 65, in write_audit_event
    raise self.retry(exc=exc)
          ~~~~~~~~~~^^^^^^^^^
  File "C:\Users\fashi\OneDrive\Documenti\FASHIONISTAR_ANTAGRAVITY\fashionistar_backend\.venv\Lib\site-packages\celery\app\task.py", line 763, in retry
    raise ret
celery.exceptions.Retry: Retry in 5s: TypeError("AuditEventLog() got unexpected keyword arguments: 'country_code', 'city'")

During handling of the above exception, another exception occurred:

Traceback (most recent call last):
  File "C:\Users\fashi\OneDrive\Documenti\FASHIONISTAR_ANTAGRAVITY\fashionistar_backend\apps\audit_logs\services\audit.py", line 275, in _write_sync
    obj = AuditEventLog(**payload)
  File "C:\Users\fashi\OneDrive\Documenti\FASHIONISTAR_ANTAGRAVITY\fashionistar_backend\.venv\Lib\site-packages\django\db\models\base.py", line 590, in __init__
    raise TypeError(
    ...<2 lines>...
    )
TypeError: AuditEventLog() got unexpected keyword arguments: 'country_code', 'city'
[INFO    ] application \u2014 \U0001f4e7 Reset Email Celery task dispatched for pwreset@example.com\n[INFO    ] application — [a0aded4f] PasswordResetRequest: dispatched
[WARNING ] apps.audit_logs.tasks — write_audit_event failed (attempt 1/3): AuditEventLog() got unexpected keyword arguments: 'country_code', 'city' — event_type=password_reset_request
[WARNING ] apps.audit_logs.tasks — write_audit_event failed (attempt 1/3): AuditEventLog() got unexpected keyword arguments: 'country_code', 'city' — event_type=password_reset_request
[INFO    ] application — [baad5bc2] PasswordResetRequest: dispatched
[WARNING ] apps.audit_logs.tasks — write_audit_event failed (attempt 1/3): AuditEventLog() got unexpected keyword arguments: 'country_code', 'city' — event_type=password_reset_request
[INFO    ] application — [1e50ef70] PasswordResetRequest: dispatched
[ERROR   ] apps.audit_logs.services.audit — AuditService._write_sync() failed for payload={'event_type': EventType.PASSWORD_RESET_REQUEST, 'event_category': EventCategory.SECURITY, 'severity': SeverityLevel.INFO, 'action': 'Password reset requested for: pwreset@example.com', 'actor_email': None, 'ip_address': '127.0.0.1', 'user_agent': None, 'device_type': None, 'browser_family': None, 'os_family': None, 'country': None, 'country_code': None, 'city': None, 'resource_type': None, 'resource_id': None, 'request_method': 'POST', 'request_path': '/api/v1/password/reset-request/', 'response_status': None, 'duration_ms': None, 'old_values': None, 'new_values': None, 'metadata': {'email_or_phone': 'pwreset@example.com', 'request_id': '7260a80f'}, 'error_message': None, 'is_compliance': True, 'retention_days': 2555}
Traceback (most recent call last):
  File "C:\Users\fashi\OneDrive\Documenti\FASHIONISTAR_ANTAGRAVITY\fashionistar_backend\apps\audit_logs\tasks.py", line 48, in write_audit_event
    obj = AuditEventLog(**payload)
  File "C:\Users\fashi\OneDrive\Documenti\FASHIONISTAR_ANTAGRAVITY\fashionistar_backend\.venv\Lib\site-packages\django\db\models\base.py", line 590, in __init__
    raise TypeError(
    ...<2 lines>...
    )
TypeError: AuditEventLog() got unexpected keyword arguments: 'country_code', 'city'

During handling of the above exception, another exception occurred:

Traceback (most recent call last):
  File "C:\Users\fashi\OneDrive\Documenti\FASHIONISTAR_ANTAGRAVITY\fashionistar_backend\apps\audit_logs\services\audit.py", line 261, in _dispatch
    write_audit_event.apply_async(
    ~~~~~~~~~~~~~~~~~~~~~~~~~~~~~^
        kwargs={"payload": payload},
        ^^^^^^^^^^^^^^^^^^^^^^^^^^^^
        retry=False,
        ^^^^^^^^^^^^
        ignore_result=True,
        ^^^^^^^^^^^^^^^^^^^
    )
    ^
  File "C:\Users\fashi\OneDrive\Documenti\FASHIONISTAR_ANTAGRAVITY\fashionistar_backend\.venv\Lib\site-packages\celery\app\task.py", line 605, in apply_async
    return self.apply(args, kwargs, task_id=task_id or uuid(),
           ~~~~~~~~~~^^^^^^^^^^^^^^^^^^^^^^^^^^^^^^^^^^^^^^^^^
                      link=link, link_error=link_error, **options)
                      ^^^^^^^^^^^^^^^^^^^^^^^^^^^^^^^^^^^^^^^^^^^^
  File "C:\Users\fashi\OneDrive\Documenti\FASHIONISTAR_ANTAGRAVITY\fashionistar_backend\.venv\Lib\site-packages\celery\app\task.py", line 843, in apply
    ret = tracer(task_id, args, kwargs, request)
  File "C:\Users\fashi\OneDrive\Documenti\FASHIONISTAR_ANTAGRAVITY\fashionistar_backend\.venv\Lib\site-packages\celery\app\trace.py", line 494, in trace_task
    I, R, state, retval = on_error(
                          ~~~~~~~~^
        task_request, exc, RETRY, call_errbacks=False)
        ^^^^^^^^^^^^^^^^^^^^^^^^^^^^^^^^^^^^^^^^^^^^^^
  File "C:\Users\fashi\OneDrive\Documenti\FASHIONISTAR_ANTAGRAVITY\fashionistar_backend\.venv\Lib\site-packages\celery\app\trace.py", line 479, in trace_task
    R = retval = fun(*args, **kwargs)
                 ~~~^^^^^^^^^^^^^^^^^
  File "C:\Users\fashi\OneDrive\Documenti\FASHIONISTAR_ANTAGRAVITY\fashionistar_backend\apps\audit_logs\tasks.py", line 65, in write_audit_event
    raise self.retry(exc=exc)
          ~~~~~~~~~~^^^^^^^^^
  File "C:\Users\fashi\OneDrive\Documenti\FASHIONISTAR_ANTAGRAVITY\fashionistar_backend\.venv\Lib\site-packages\celery\app\task.py", line 763, in retry
    raise ret
celery.exceptions.Retry: Retry in 5s: TypeError("AuditEventLog() got unexpected keyword arguments: 'country_code', 'city'")

During handling of the above exception, another exception occurred:

Traceback (most recent call last):
  File "C:\Users\fashi\OneDrive\Documenti\FASHIONISTAR_ANTAGRAVITY\fashionistar_backend\apps\audit_logs\services\audit.py", line 275, in _write_sync
    obj = AuditEventLog(**payload)
  File "C:\Users\fashi\OneDrive\Documenti\FASHIONISTAR_ANTAGRAVITY\fashionistar_backend\.venv\Lib\site-packages\django\db\models\base.py", line 590, in __init__
    raise TypeError(
    ...<2 lines>...
    )
TypeError: AuditEventLog() got unexpected keyword arguments: 'country_code', 'city'
[INFO    ] application — [9995c97d] PasswordResetRequest: dispatched
[INFO    ] apps.common.middleware \u2014 [POST] /api/v1/password/reset-request/ \u2192 200 in 1697.4ms [req=81b64417-679f-4345-a255-9d98927b3488]\n[ERROR   ] apps.audit_logs.services.audit — AuditService._write_sync() failed for payload={'event_type': EventType.PASSWORD_RESET_REQUEST, 'event_category': EventCategory.SECURITY, 'severity': SeverityLevel.INFO, 'action': 'Password reset requested for: pwreset@example.com', 'actor_email': None, 'ip_address': '127.0.0.1', 'user_agent': None, 'device_type': None, 'browser_family': None, 'os_family': None, 'country': None, 'country_code': None, 'city': None, 'resource_type': None, 'resource_id': None, 'request_method': 'POST', 'request_path': '/api/v1/password/reset-request/', 'response_status': None, 'duration_ms': None, 'old_values': None, 'new_values': None, 'metadata': {'email_or_phone': 'pwreset@example.com', 'request_id': '489d2ae4'}, 'error_message': None, 'is_compliance': True, 'retention_days': 2555}
Traceback (most recent call last):
  File "C:\Users\fashi\OneDrive\Documenti\FASHIONISTAR_ANTAGRAVITY\fashionistar_backend\apps\audit_logs\tasks.py", line 48, in write_audit_event
    obj = AuditEventLog(**payload)
  File "C:\Users\fashi\OneDrive\Documenti\FASHIONISTAR_ANTAGRAVITY\fashionistar_backend\.venv\Lib\site-packages\django\db\models\base.py", line 590, in __init__
    raise TypeError(
    ...<2 lines>...
    )
TypeError: AuditEventLog() got unexpected keyword arguments: 'country_code', 'city'

During handling of the above exception, another exception occurred:

Traceback (most recent call last):
  File "C:\Users\fashi\OneDrive\Documenti\FASHIONISTAR_ANTAGRAVITY\fashionistar_backend\apps\audit_logs\services\audit.py", line 261, in _dispatch
    write_audit_event.apply_async(
    ~~~~~~~~~~~~~~~~~~~~~~~~~~~~~^
        kwargs={"payload": payload},
        ^^^^^^^^^^^^^^^^^^^^^^^^^^^^
        retry=False,
        ^^^^^^^^^^^^
        ignore_result=True,
        ^^^^^^^^^^^^^^^^^^^
    )
    ^
  File "C:\Users\fashi\OneDrive\Documenti\FASHIONISTAR_ANTAGRAVITY\fashionistar_backend\.venv\Lib\site-packages\celery\app\task.py", line 605, in apply_async
    return self.apply(args, kwargs, task_id=task_id or uuid(),
           ~~~~~~~~~~^^^^^^^^^^^^^^^^^^^^^^^^^^^^^^^^^^^^^^^^^
                      link=link, link_error=link_error, **options)
                      ^^^^^^^^^^^^^^^^^^^^^^^^^^^^^^^^^^^^^^^^^^^^
  File "C:\Users\fashi\OneDrive\Documenti\FASHIONISTAR_ANTAGRAVITY\fashionistar_backend\.venv\Lib\site-packages\celery\app\task.py", line 843, in apply
    ret = tracer(task_id, args, kwargs, request)
  File "C:\Users\fashi\OneDrive\Documenti\FASHIONISTAR_ANTAGRAVITY\fashionistar_backend\.venv\Lib\site-packages\celery\app\trace.py", line 494, in trace_task
    I, R, state, retval = on_error(
                          ~~~~~~~~^
        task_request, exc, RETRY, call_errbacks=False)
        ^^^^^^^^^^^^^^^^^^^^^^^^^^^^^^^^^^^^^^^^^^^^^^
  File "C:\Users\fashi\OneDrive\Documenti\FASHIONISTAR_ANTAGRAVITY\fashionistar_backend\.venv\Lib\site-packages\celery\app\trace.py", line 479, in trace_task
    R = retval = fun(*args, **kwargs)
                 ~~~^^^^^^^^^^^^^^^^^
  File "C:\Users\fashi\OneDrive\Documenti\FASHIONISTAR_ANTAGRAVITY\fashionistar_backend\apps\audit_logs\tasks.py", line 65, in write_audit_event
    raise self.retry(exc=exc)
          ~~~~~~~~~~^^^^^^^^^
  File "C:\Users\fashi\OneDrive\Documenti\FASHIONISTAR_ANTAGRAVITY\fashionistar_backend\.venv\Lib\site-packages\celery\app\task.py", line 763, in retry
    raise ret
celery.exceptions.Retry: Retry in 5s: TypeError("AuditEventLog() got unexpected keyword arguments: 'country_code', 'city'")

During handling of the above exception, another exception occurred:

Traceback (most recent call last):
  File "C:\Users\fashi\OneDrive\Documenti\FASHIONISTAR_ANTAGRAVITY\fashionistar_backend\apps\audit_logs\services\audit.py", line 275, in _write_sync
    obj = AuditEventLog(**payload)
  File "C:\Users\fashi\OneDrive\Documenti\FASHIONISTAR_ANTAGRAVITY\fashionistar_backend\.venv\Lib\site-packages\django\db\models\base.py", line 590, in __init__
    raise TypeError(
    ...<2 lines>...
    )
TypeError: AuditEventLog() got unexpected keyword arguments: 'country_code', 'city'
[WARNING ] apps.audit_logs.tasks — write_audit_event failed (attempt 1/3): AuditEventLog() got unexpected keyword arguments: 'country_code', 'city' — event_type=password_reset_request
[INFO    ] application — [6dbf7648] PasswordResetRequest: dispatched
[WARNING ] apps.audit_logs.tasks — write_audit_event failed (attempt 1/3): AuditEventLog() got unexpected keyword arguments: 'country_code', 'city' — event_type=password_reset_request
[ERROR   ] apps.audit_logs.services.audit — AuditService._write_sync() failed for payload={'event_type': EventType.PASSWORD_RESET_REQUEST, 'event_category': EventCategory.SECURITY, 'severity': SeverityLevel.INFO, 'action': 'Password reset requested for: pwreset@example.com', 'actor_email': None, 'ip_address': '127.0.0.1', 'user_agent': None, 'device_type': None, 'browser_family': None, 'os_family': None, 'country': None, 'country_code': None, 'city': None, 'resource_type': None, 'resource_id': None, 'request_method': 'POST', 'request_path': '/api/v1/password/reset-request/', 'response_status': None, 'duration_ms': None, 'old_values': None, 'new_values': None, 'metadata': {'email_or_phone': 'pwreset@example.com', 'request_id': 'c692e2d7'}, 'error_message': None, 'is_compliance': True, 'retention_days': 2555}
Traceback (most recent call last):
  File "C:\Users\fashi\OneDrive\Documenti\FASHIONISTAR_ANTAGRAVITY\fashionistar_backend\apps\audit_logs\tasks.py", line 48, in write_audit_event
    obj = AuditEventLog(**payload)
  File "C:\Users\fashi\OneDrive\Documenti\FASHIONISTAR_ANTAGRAVITY\fashionistar_backend\.venv\Lib\site-packages\django\db\models\base.py", line 590, in __init__
    raise TypeError(
    ...<2 lines>...
    )
TypeError: AuditEventLog() got unexpected keyword arguments: 'country_code', 'city'

During handling of the above exception, another exception occurred:

Traceback (most recent call last):
  File "C:\Users\fashi\OneDrive\Documenti\FASHIONISTAR_ANTAGRAVITY\fashionistar_backend\apps\audit_logs\services\audit.py", line 261, in _dispatch
    write_audit_event.apply_async(
    ~~~~~~~~~~~~~~~~~~~~~~~~~~~~~^
        kwargs={"payload": payload},
        ^^^^^^^^^^^^^^^^^^^^^^^^^^^^
        retry=False,
        ^^^^^^^^^^^^
        ignore_result=True,
        ^^^^^^^^^^^^^^^^^^^
    )
    ^
  File "C:\Users\fashi\OneDrive\Documenti\FASHIONISTAR_ANTAGRAVITY\fashionistar_backend\.venv\Lib\site-packages\celery\app\task.py", line 605, in apply_async
    return self.apply(args, kwargs, task_id=task_id or uuid(),
           ~~~~~~~~~~^^^^^^^^^^^^^^^^^^^^^^^^^^^^^^^^^^^^^^^^^
                      link=link, link_error=link_error, **options)
                      ^^^^^^^^^^^^^^^^^^^^^^^^^^^^^^^^^^^^^^^^^^^^
  File "C:\Users\fashi\OneDrive\Documenti\FASHIONISTAR_ANTAGRAVITY\fashionistar_backend\.venv\Lib\site-packages\celery\app\task.py", line 843, in apply
    ret = tracer(task_id, args, kwargs, request)
  File "C:\Users\fashi\OneDrive\Documenti\FASHIONISTAR_ANTAGRAVITY\fashionistar_backend\.venv\Lib\site-packages\celery\app\trace.py", line 494, in trace_task
    I, R, state, retval = on_error(
                          ~~~~~~~~^
        task_request, exc, RETRY, call_errbacks=False)
        ^^^^^^^^^^^^^^^^^^^^^^^^^^^^^^^^^^^^^^^^^^^^^^
  File "C:\Users\fashi\OneDrive\Documenti\FASHIONISTAR_ANTAGRAVITY\fashionistar_backend\.venv\Lib\site-packages\celery\app\trace.py", line 479, in trace_task
    R = retval = fun(*args, **kwargs)
                 ~~~^^^^^^^^^^^^^^^^^
  File "C:\Users\fashi\OneDrive\Documenti\FASHIONISTAR_ANTAGRAVITY\fashionistar_backend\apps\audit_logs\tasks.py", line 65, in write_audit_event
    raise self.retry(exc=exc)
          ~~~~~~~~~~^^^^^^^^^
  File "C:\Users\fashi\OneDrive\Documenti\FASHIONISTAR_ANTAGRAVITY\fashionistar_backend\.venv\Lib\site-packages\celery\app\task.py", line 763, in retry
    raise ret
celery.exceptions.Retry: Retry in 5s: TypeError("AuditEventLog() got unexpected keyword arguments: 'country_code', 'city'")

During handling of the above exception, another exception occurred:

Traceback (most recent call last):
  File "C:\Users\fashi\OneDrive\Documenti\FASHIONISTAR_ANTAGRAVITY\fashionistar_backend\apps\audit_logs\services\audit.py", line 275, in _write_sync
    obj = AuditEventLog(**payload)
  File "C:\Users\fashi\OneDrive\Documenti\FASHIONISTAR_ANTAGRAVITY\fashionistar_backend\.venv\Lib\site-packages\django\db\models\base.py", line 590, in __init__
    raise TypeError(
    ...<2 lines>...
    )
TypeError: AuditEventLog() got unexpected keyword arguments: 'country_code', 'city'
[WARNING ] apps.audit_logs.tasks — write_audit_event failed (attempt 1/3): AuditEventLog() got unexpected keyword arguments: 'country_code', 'city' — event_type=password_reset_request
[WARNING ] apps.audit_logs.tasks — write_audit_event failed (attempt 1/3): AuditEventLog() got unexpected keyword arguments: 'country_code', 'city' — event_type=password_reset_request
[INFO    ] security — SECURITY_AUDIT action=REQUEST req=aa57df82-fdb6-4faf-85fe-c509ad6909d1 device=fp:57efdd91ba75ee0012c0 session=- ip=127.0.0.1 method=POST path=/api/v1/password/reset-request/ status=200 duration_ms=1599.8 user_id=anonymous role=anonymous ua='-' referrer=-
[ERROR   ] apps.audit_logs.services.audit — AuditService._write_sync() failed for payload={'event_type': EventType.PASSWORD_RESET_REQUEST, 'event_category': EventCategory.SECURITY, 'severity': SeverityLevel.INFO, 'action': 'Password reset requested for: pwreset@example.com', 'actor_email': None, 'ip_address': '127.0.0.1', 'user_agent': None, 'device_type': None, 'browser_family': None, 'os_family': None, 'country': None, 'country_code': None, 'city': None, 'resource_type': None, 'resource_id': None, 'request_method': 'POST', 'request_path': '/api/v1/password/reset-request/', 'response_status': None, 'duration_ms': None, 'old_values': None, 'new_values': None, 'metadata': {'email_or_phone': 'pwreset@example.com', 'request_id': '2db95ee0'}, 'error_message': None, 'is_compliance': True, 'retention_days': 2555}
Traceback (most recent call last):
  File "C:\Users\fashi\OneDrive\Documenti\FASHIONISTAR_ANTAGRAVITY\fashionistar_backend\apps\audit_logs\tasks.py", line 48, in write_audit_event
    obj = AuditEventLog(**payload)
  File "C:\Users\fashi\OneDrive\Documenti\FASHIONISTAR_ANTAGRAVITY\fashionistar_backend\.venv\Lib\site-packages\django\db\models\base.py", line 590, in __init__
    raise TypeError(
    ...<2 lines>...
    )
TypeError: AuditEventLog() got unexpected keyword arguments: 'country_code', 'city'

During handling of the above exception, another exception occurred:

Traceback (most recent call last):
  File "C:\Users\fashi\OneDrive\Documenti\FASHIONISTAR_ANTAGRAVITY\fashionistar_backend\apps\audit_logs\services\audit.py", line 261, in _dispatch
    write_audit_event.apply_async(
    ~~~~~~~~~~~~~~~~~~~~~~~~~~~~~^
        kwargs={"payload": payload},
        ^^^^^^^^^^^^^^^^^^^^^^^^^^^^
        retry=False,
        ^^^^^^^^^^^^
        ignore_result=True,
        ^^^^^^^^^^^^^^^^^^^
    )
    ^
  File "C:\Users\fashi\OneDrive\Documenti\FASHIONISTAR_ANTAGRAVITY\fashionistar_backend\.venv\Lib\site-packages\celery\app\task.py", line 605, in apply_async
    return self.apply(args, kwargs, task_id=task_id or uuid(),
           ~~~~~~~~~~^^^^^^^^^^^^^^^^^^^^^^^^^^^^^^^^^^^^^^^^^
                      link=link, link_error=link_error, **options)
                      ^^^^^^^^^^^^^^^^^^^^^^^^^^^^^^^^^^^^^^^^^^^^
  File "C:\Users\fashi\OneDrive\Documenti\FASHIONISTAR_ANTAGRAVITY\fashionistar_backend\.venv\Lib\site-packages\celery\app\task.py", line 843, in apply
    ret = tracer(task_id, args, kwargs, request)
  File "C:\Users\fashi\OneDrive\Documenti\FASHIONISTAR_ANTAGRAVITY\fashionistar_backend\.venv\Lib\site-packages\celery\app\trace.py", line 494, in trace_task
    I, R, state, retval = on_error(
                          ~~~~~~~~^
        task_request, exc, RETRY, call_errbacks=False)
        ^^^^^^^^^^^^^^^^^^^^^^^^^^^^^^^^^^^^^^^^^^^^^^
  File "C:\Users\fashi\OneDrive\Documenti\FASHIONISTAR_ANTAGRAVITY\fashionistar_backend\.venv\Lib\site-packages\celery\app\trace.py", line 479, in trace_task
    R = retval = fun(*args, **kwargs)
                 ~~~^^^^^^^^^^^^^^^^^
  File "C:\Users\fashi\OneDrive\Documenti\FASHIONISTAR_ANTAGRAVITY\fashionistar_backend\apps\audit_logs\tasks.py", line 65, in write_audit_event
    raise self.retry(exc=exc)
          ~~~~~~~~~~^^^^^^^^^
  File "C:\Users\fashi\OneDrive\Documenti\FASHIONISTAR_ANTAGRAVITY\fashionistar_backend\.venv\Lib\site-packages\celery\app\task.py", line 763, in retry
    raise ret
celery.exceptions.Retry: Retry in 5s: TypeError("AuditEventLog() got unexpected keyword arguments: 'country_code', 'city'")

During handling of the above exception, another exception occurred:

Traceback (most recent call last):
  File "C:\Users\fashi\OneDrive\Documenti\FASHIONISTAR_ANTAGRAVITY\fashionistar_backend\apps\audit_logs\services\audit.py", line 275, in _write_sync
    obj = AuditEventLog(**payload)
  File "C:\Users\fashi\OneDrive\Documenti\FASHIONISTAR_ANTAGRAVITY\fashionistar_backend\.venv\Lib\site-packages\django\db\models\base.py", line 590, in __init__
    raise TypeError(
    ...<2 lines>...
    )
TypeError: AuditEventLog() got unexpected keyword arguments: 'country_code', 'city'
[INFO    ] application — [68c5f236] PasswordResetRequest: dispatched
[WARNING ] apps.audit_logs.tasks — write_audit_event failed (attempt 1/3): AuditEventLog() got unexpected keyword arguments: 'country_code', 'city' — event_type=password_reset_request
[WARNING ] apps.audit_logs.tasks — write_audit_event failed (attempt 1/3): AuditEventLog() got unexpected keyword arguments: 'country_code', 'city' — event_type=password_reset_request
[WARNING ] apps.audit_logs.tasks — write_audit_event failed (attempt 1/3): AuditEventLog() got unexpected keyword arguments: 'country_code', 'city' — event_type=password_reset_request
[ERROR   ] apps.audit_logs.services.audit — AuditService._write_sync() failed for payload={'event_type': EventType.PASSWORD_RESET_REQUEST, 'event_category': EventCategory.SECURITY, 'severity': SeverityLevel.INFO, 'action': 'Password reset requested for: pwreset@example.com', 'actor_email': None, 'ip_address': '127.0.0.1', 'user_agent': None, 'device_type': None, 'browser_family': None, 'os_family': None, 'country': None, 'country_code': None, 'city': None, 'resource_type': None, 'resource_id': None, 'request_method': 'POST', 'request_path': '/api/v1/password/reset-request/', 'response_status': None, 'duration_ms': None, 'old_values': None, 'new_values': None, 'metadata': {'email_or_phone': 'pwreset@example.com', 'request_id': 'ea98c4b7'}, 'error_message': None, 'is_compliance': True, 'retention_days': 2555}
Traceback (most recent call last):
  File "C:\Users\fashi\OneDrive\Documenti\FASHIONISTAR_ANTAGRAVITY\fashionistar_backend\apps\audit_logs\tasks.py", line 48, in write_audit_event
    obj = AuditEventLog(**payload)
  File "C:\Users\fashi\OneDrive\Documenti\FASHIONISTAR_ANTAGRAVITY\fashionistar_backend\.venv\Lib\site-packages\django\db\models\base.py", line 590, in __init__
    raise TypeError(
    ...<2 lines>...
    )
TypeError: AuditEventLog() got unexpected keyword arguments: 'country_code', 'city'

During handling of the above exception, another exception occurred:

Traceback (most recent call last):
  File "C:\Users\fashi\OneDrive\Documenti\FASHIONISTAR_ANTAGRAVITY\fashionistar_backend\apps\audit_logs\services\audit.py", line 261, in _dispatch
    write_audit_event.apply_async(
    ~~~~~~~~~~~~~~~~~~~~~~~~~~~~~^
        kwargs={"payload": payload},
        ^^^^^^^^^^^^^^^^^^^^^^^^^^^^
        retry=False,
        ^^^^^^^^^^^^
        ignore_result=True,
        ^^^^^^^^^^^^^^^^^^^
    )
    ^
  File "C:\Users\fashi\OneDrive\Documenti\FASHIONISTAR_ANTAGRAVITY\fashionistar_backend\.venv\Lib\site-packages\celery\app\task.py", line 605, in apply_async
    return self.apply(args, kwargs, task_id=task_id or uuid(),
           ~~~~~~~~~~^^^^^^^^^^^^^^^^^^^^^^^^^^^^^^^^^^^^^^^^^
                      link=link, link_error=link_error, **options)
                      ^^^^^^^^^^^^^^^^^^^^^^^^^^^^^^^^^^^^^^^^^^^^
  File "C:\Users\fashi\OneDrive\Documenti\FASHIONISTAR_ANTAGRAVITY\fashionistar_backend\.venv\Lib\site-packages\celery\app\task.py", line 843, in apply
    ret = tracer(task_id, args, kwargs, request)
  File "C:\Users\fashi\OneDrive\Documenti\FASHIONISTAR_ANTAGRAVITY\fashionistar_backend\.venv\Lib\site-packages\celery\app\trace.py", line 494, in trace_task
    I, R, state, retval = on_error(
                          ~~~~~~~~^
        task_request, exc, RETRY, call_errbacks=False)
        ^^^^^^^^^^^^^^^^^^^^^^^^^^^^^^^^^^^^^^^^^^^^^^
  File "C:\Users\fashi\OneDrive\Documenti\FASHIONISTAR_ANTAGRAVITY\fashionistar_backend\.venv\Lib\site-packages\celery\app\trace.py", line 479, in trace_task
    R = retval = fun(*args, **kwargs)
                 ~~~^^^^^^^^^^^^^^^^^
  File "C:\Users\fashi\OneDrive\Documenti\FASHIONISTAR_ANTAGRAVITY\fashionistar_backend\apps\audit_logs\tasks.py", line 65, in write_audit_event
    raise self.retry(exc=exc)
          ~~~~~~~~~~^^^^^^^^^
  File "C:\Users\fashi\OneDrive\Documenti\FASHIONISTAR_ANTAGRAVITY\fashionistar_backend\.venv\Lib\site-packages\celery\app\task.py", line 763, in retry
    raise ret
celery.exceptions.Retry: Retry in 5s: TypeError("AuditEventLog() got unexpected keyword arguments: 'country_code', 'city'")

During handling of the above exception, another exception occurred:

Traceback (most recent call last):
  File "C:\Users\fashi\OneDrive\Documenti\FASHIONISTAR_ANTAGRAVITY\fashionistar_backend\apps\audit_logs\services\audit.py", line 275, in _write_sync
    obj = AuditEventLog(**payload)
  File "C:\Users\fashi\OneDrive\Documenti\FASHIONISTAR_ANTAGRAVITY\fashionistar_backend\.venv\Lib\site-packages\django\db\models\base.py", line 590, in __init__
    raise TypeError(
    ...<2 lines>...
    )
TypeError: AuditEventLog() got unexpected keyword arguments: 'country_code', 'city'
[ERROR   ] apps.audit_logs.services.audit — AuditService._write_sync() failed for payload={'event_type': EventType.PASSWORD_RESET_REQUEST, 'event_category': EventCategory.SECURITY, 'severity': SeverityLevel.INFO, 'action': 'Password reset requested for: pwreset@example.com', 'actor_email': None, 'ip_address': '127.0.0.1', 'user_agent': None, 'device_type': None, 'browser_family': None, 'os_family': None, 'country': None, 'country_code': None, 'city': None, 'resource_type': None, 'resource_id': None, 'request_method': 'POST', 'request_path': '/api/v1/password/reset-request/', 'response_status': None, 'duration_ms': None, 'old_values': None, 'new_values': None, 'metadata': {'email_or_phone': 'pwreset@example.com', 'request_id': '89efa82b'}, 'error_message': None, 'is_compliance': True, 'retention_days': 2555}
Traceback (most recent call last):
  File "C:\Users\fashi\OneDrive\Documenti\FASHIONISTAR_ANTAGRAVITY\fashionistar_backend\apps\audit_logs\tasks.py", line 48, in write_audit_event
    obj = AuditEventLog(**payload)
  File "C:\Users\fashi\OneDrive\Documenti\FASHIONISTAR_ANTAGRAVITY\fashionistar_backend\.venv\Lib\site-packages\django\db\models\base.py", line 590, in __init__
    raise TypeError(
    ...<2 lines>...
    )
TypeError: AuditEventLog() got unexpected keyword arguments: 'country_code', 'city'

During handling of the above exception, another exception occurred:

Traceback (most recent call last):
  File "C:\Users\fashi\OneDrive\Documenti\FASHIONISTAR_ANTAGRAVITY\fashionistar_backend\apps\audit_logs\services\audit.py", line 261, in _dispatch
    write_audit_event.apply_async(
    ~~~~~~~~~~~~~~~~~~~~~~~~~~~~~^
        kwargs={"payload": payload},
        ^^^^^^^^^^^^^^^^^^^^^^^^^^^^
        retry=False,
        ^^^^^^^^^^^^
        ignore_result=True,
        ^^^^^^^^^^^^^^^^^^^
    )
    ^
  File "C:\Users\fashi\OneDrive\Documenti\FASHIONISTAR_ANTAGRAVITY\fashionistar_backend\.venv\Lib\site-packages\celery\app\task.py", line 605, in apply_async
    return self.apply(args, kwargs, task_id=task_id or uuid(),
           ~~~~~~~~~~^^^^^^^^^^^^^^^^^^^^^^^^^^^^^^^^^^^^^^^^^
                      link=link, link_error=link_error, **options)
                      ^^^^^^^^^^^^^^^^^^^^^^^^^^^^^^^^^^^^^^^^^^^^
  File "C:\Users\fashi\OneDrive\Documenti\FASHIONISTAR_ANTAGRAVITY\fashionistar_backend\.venv\Lib\site-packages\celery\app\task.py", line 843, in apply
    ret = tracer(task_id, args, kwargs, request)
  File "C:\Users\fashi\OneDrive\Documenti\FASHIONISTAR_ANTAGRAVITY\fashionistar_backend\.venv\Lib\site-packages\celery\app\trace.py", line 494, in trace_task
    I, R, state, retval = on_error(
                          ~~~~~~~~^
        task_request, exc, RETRY, call_errbacks=False)
        ^^^^^^^^^^^^^^^^^^^^^^^^^^^^^^^^^^^^^^^^^^^^^^
  File "C:\Users\fashi\OneDrive\Documenti\FASHIONISTAR_ANTAGRAVITY\fashionistar_backend\.venv\Lib\site-packages\celery\app\trace.py", line 479, in trace_task
    R = retval = fun(*args, **kwargs)
                 ~~~^^^^^^^^^^^^^^^^^
  File "C:\Users\fashi\OneDrive\Documenti\FASHIONISTAR_ANTAGRAVITY\fashionistar_backend\apps\audit_logs\tasks.py", line 65, in write_audit_event
    raise self.retry(exc=exc)
          ~~~~~~~~~~^^^^^^^^^
  File "C:\Users\fashi\OneDrive\Documenti\FASHIONISTAR_ANTAGRAVITY\fashionistar_backend\.venv\Lib\site-packages\celery\app\task.py", line 763, in retry
    raise ret
celery.exceptions.Retry: Retry in 5s: TypeError("AuditEventLog() got unexpected keyword arguments: 'country_code', 'city'")

During handling of the above exception, another exception occurred:

Traceback (most recent call last):
  File "C:\Users\fashi\OneDrive\Documenti\FASHIONISTAR_ANTAGRAVITY\fashionistar_backend\apps\audit_logs\services\audit.py", line 275, in _write_sync
    obj = AuditEventLog(**payload)
  File "C:\Users\fashi\OneDrive\Documenti\FASHIONISTAR_ANTAGRAVITY\fashionistar_backend\.venv\Lib\site-packages\django\db\models\base.py", line 590, in __init__
    raise TypeError(
    ...<2 lines>...
    )
TypeError: AuditEventLog() got unexpected keyword arguments: 'country_code', 'city'
[ERROR   ] apps.audit_logs.services.audit — AuditService._write_sync() failed for payload={'event_type': EventType.PASSWORD_RESET_REQUEST, 'event_category': EventCategory.SECURITY, 'severity': SeverityLevel.INFO, 'action': 'Password reset requested for: pwreset@example.com', 'actor_email': None, 'ip_address': '127.0.0.1', 'user_agent': None, 'device_type': None, 'browser_family': None, 'os_family': None, 'country': None, 'country_code': None, 'city': None, 'resource_type': None, 'resource_id': None, 'request_method': 'POST', 'request_path': '/api/v1/password/reset-request/', 'response_status': None, 'duration_ms': None, 'old_values': None, 'new_values': None, 'metadata': {'email_or_phone': 'pwreset@example.com', 'request_id': 'ca37f2a6'}, 'error_message': None, 'is_compliance': True, 'retention_days': 2555}
Traceback (most recent call last):
  File "C:\Users\fashi\OneDrive\Documenti\FASHIONISTAR_ANTAGRAVITY\fashionistar_backend\apps\audit_logs\tasks.py", line 48, in write_audit_event
    obj = AuditEventLog(**payload)
  File "C:\Users\fashi\OneDrive\Documenti\FASHIONISTAR_ANTAGRAVITY\fashionistar_backend\.venv\Lib\site-packages\django\db\models\base.py", line 590, in __init__
    raise TypeError(
    ...<2 lines>...
    )
TypeError: AuditEventLog() got unexpected keyword arguments: 'country_code', 'city'

During handling of the above exception, another exception occurred:

Traceback (most recent call last):
  File "C:\Users\fashi\OneDrive\Documenti\FASHIONISTAR_ANTAGRAVITY\fashionistar_backend\apps\audit_logs\services\audit.py", line 261, in _dispatch
    write_audit_event.apply_async(
    ~~~~~~~~~~~~~~~~~~~~~~~~~~~~~^
        kwargs={"payload": payload},
        ^^^^^^^^^^^^^^^^^^^^^^^^^^^^
        retry=False,
        ^^^^^^^^^^^^
        ignore_result=True,
        ^^^^^^^^^^^^^^^^^^^
    )
    ^
  File "C:\Users\fashi\OneDrive\Documenti\FASHIONISTAR_ANTAGRAVITY\fashionistar_backend\.venv\Lib\site-packages\celery\app\task.py", line 605, in apply_async
    return self.apply(args, kwargs, task_id=task_id or uuid(),
           ~~~~~~~~~~^^^^^^^^^^^^^^^^^^^^^^^^^^^^^^^^^^^^^^^^^
                      link=link, link_error=link_error, **options)
                      ^^^^^^^^^^^^^^^^^^^^^^^^^^^^^^^^^^^^^^^^^^^^
  File "C:\Users\fashi\OneDrive\Documenti\FASHIONISTAR_ANTAGRAVITY\fashionistar_backend\.venv\Lib\site-packages\celery\app\task.py", line 843, in apply
    ret = tracer(task_id, args, kwargs, request)
  File "C:\Users\fashi\OneDrive\Documenti\FASHIONISTAR_ANTAGRAVITY\fashionistar_backend\.venv\Lib\site-packages\celery\app\trace.py", line 494, in trace_task
    I, R, state, retval = on_error(
                          ~~~~~~~~^
        task_request, exc, RETRY, call_errbacks=False)
        ^^^^^^^^^^^^^^^^^^^^^^^^^^^^^^^^^^^^^^^^^^^^^^
  File "C:\Users\fashi\OneDrive\Documenti\FASHIONISTAR_ANTAGRAVITY\fashionistar_backend\.venv\Lib\site-packages\celery\app\trace.py", line 479, in trace_task
    R = retval = fun(*args, **kwargs)
                 ~~~^^^^^^^^^^^^^^^^^
  File "C:\Users\fashi\OneDrive\Documenti\FASHIONISTAR_ANTAGRAVITY\fashionistar_backend\apps\audit_logs\tasks.py", line 65, in write_audit_event
    raise self.retry(exc=exc)
          ~~~~~~~~~~^^^^^^^^^
  File "C:\Users\fashi\OneDrive\Documenti\FASHIONISTAR_ANTAGRAVITY\fashionistar_backend\.venv\Lib\site-packages\celery\app\task.py", line 763, in retry
    raise ret
celery.exceptions.Retry: Retry in 5s: TypeError("AuditEventLog() got unexpected keyword arguments: 'country_code', 'city'")

During handling of the above exception, another exception occurred:

Traceback (most recent call last):
  File "C:\Users\fashi\OneDrive\Documenti\FASHIONISTAR_ANTAGRAVITY\fashionistar_backend\apps\audit_logs\services\audit.py", line 275, in _write_sync
    obj = AuditEventLog(**payload)
  File "C:\Users\fashi\OneDrive\Documenti\FASHIONISTAR_ANTAGRAVITY\fashionistar_backend\.venv\Lib\site-packages\django\db\models\base.py", line 590, in __init__
    raise TypeError(
    ...<2 lines>...
    )
TypeError: AuditEventLog() got unexpected keyword arguments: 'country_code', 'city'
[INFO    ] security — SECURITY_AUDIT action=REQUEST req=8ce57211-23a1-42c1-bfed-3f4668c99da6 device=fp:57efdd91ba75ee0012c0 session=- ip=127.0.0.1 method=POST path=/api/v1/password/reset-request/ status=200 duration_ms=1466.0 user_id=anonymous role=anonymous ua='-' referrer=-
[WARNING ] apps.audit_logs.tasks — write_audit_event failed (attempt 1/3): AuditEventLog() got unexpected keyword arguments: 'country_code', 'city' — event_type=password_reset_request
[INFO    ] security — SECURITY_AUDIT action=REQUEST req=8326b663-d056-4007-9a2c-96ef9fbd7ad7 device=fp:57efdd91ba75ee0012c0 session=- ip=127.0.0.1 method=POST path=/api/v1/password/reset-request/ status=200 duration_ms=1500.0 user_id=anonymous role=anonymous ua='-' referrer=-
[WARNING ] apps.audit_logs.tasks — write_audit_event failed (attempt 1/3): AuditEventLog() got unexpected keyword arguments: 'country_code', 'city' — event_type=password_reset_request
[ERROR   ] apps.audit_logs.services.audit — AuditService._write_sync() failed for payload={'event_type': EventType.PASSWORD_RESET_REQUEST, 'event_category': EventCategory.SECURITY, 'severity': SeverityLevel.INFO, 'action': 'Password reset requested for: pwreset@example.com', 'actor_email': None, 'ip_address': '127.0.0.1', 'user_agent': None, 'device_type': None, 'browser_family': None, 'os_family': None, 'country': None, 'country_code': None, 'city': None, 'resource_type': None, 'resource_id': None, 'request_method': 'POST', 'request_path': '/api/v1/password/reset-request/', 'response_status': None, 'duration_ms': None, 'old_values': None, 'new_values': None, 'metadata': {'email_or_phone': 'pwreset@example.com', 'request_id': '401a9322'}, 'error_message': None, 'is_compliance': True, 'retention_days': 2555}
Traceback (most recent call last):
  File "C:\Users\fashi\OneDrive\Documenti\FASHIONISTAR_ANTAGRAVITY\fashionistar_backend\apps\audit_logs\tasks.py", line 48, in write_audit_event
    obj = AuditEventLog(**payload)
  File "C:\Users\fashi\OneDrive\Documenti\FASHIONISTAR_ANTAGRAVITY\fashionistar_backend\.venv\Lib\site-packages\django\db\models\base.py", line 590, in __init__
    raise TypeError(
    ...<2 lines>...
    )
TypeError: AuditEventLog() got unexpected keyword arguments: 'country_code', 'city'

During handling of the above exception, another exception occurred:

Traceback (most recent call last):
  File "C:\Users\fashi\OneDrive\Documenti\FASHIONISTAR_ANTAGRAVITY\fashionistar_backend\apps\audit_logs\services\audit.py", line 261, in _dispatch
    write_audit_event.apply_async(
    ~~~~~~~~~~~~~~~~~~~~~~~~~~~~~^
        kwargs={"payload": payload},
        ^^^^^^^^^^^^^^^^^^^^^^^^^^^^
        retry=False,
        ^^^^^^^^^^^^
        ignore_result=True,
        ^^^^^^^^^^^^^^^^^^^
    )
    ^
  File "C:\Users\fashi\OneDrive\Documenti\FASHIONISTAR_ANTAGRAVITY\fashionistar_backend\.venv\Lib\site-packages\celery\app\task.py", line 605, in apply_async
    return self.apply(args, kwargs, task_id=task_id or uuid(),
           ~~~~~~~~~~^^^^^^^^^^^^^^^^^^^^^^^^^^^^^^^^^^^^^^^^^
                      link=link, link_error=link_error, **options)
                      ^^^^^^^^^^^^^^^^^^^^^^^^^^^^^^^^^^^^^^^^^^^^
  File "C:\Users\fashi\OneDrive\Documenti\FASHIONISTAR_ANTAGRAVITY\fashionistar_backend\.venv\Lib\site-packages\celery\app\task.py", line 843, in apply
    ret = tracer(task_id, args, kwargs, request)
  File "C:\Users\fashi\OneDrive\Documenti\FASHIONISTAR_ANTAGRAVITY\fashionistar_backend\.venv\Lib\site-packages\celery\app\trace.py", line 494, in trace_task
    I, R, state, retval = on_error(
                          ~~~~~~~~^
        task_request, exc, RETRY, call_errbacks=False)
        ^^^^^^^^^^^^^^^^^^^^^^^^^^^^^^^^^^^^^^^^^^^^^^
  File "C:\Users\fashi\OneDrive\Documenti\FASHIONISTAR_ANTAGRAVITY\fashionistar_backend\.venv\Lib\site-packages\celery\app\trace.py", line 479, in trace_task
    R = retval = fun(*args, **kwargs)
                 ~~~^^^^^^^^^^^^^^^^^
  File "C:\Users\fashi\OneDrive\Documenti\FASHIONISTAR_ANTAGRAVITY\fashionistar_backend\apps\audit_logs\tasks.py", line 65, in write_audit_event
    raise self.retry(exc=exc)
          ~~~~~~~~~~^^^^^^^^^
  File "C:\Users\fashi\OneDrive\Documenti\FASHIONISTAR_ANTAGRAVITY\fashionistar_backend\.venv\Lib\site-packages\celery\app\task.py", line 763, in retry
    raise ret
celery.exceptions.Retry: Retry in 5s: TypeError("AuditEventLog() got unexpected keyword arguments: 'country_code', 'city'")

During handling of the above exception, another exception occurred:

Traceback (most recent call last):
  File "C:\Users\fashi\OneDrive\Documenti\FASHIONISTAR_ANTAGRAVITY\fashionistar_backend\apps\audit_logs\services\audit.py", line 275, in _write_sync
    obj = AuditEventLog(**payload)
  File "C:\Users\fashi\OneDrive\Documenti\FASHIONISTAR_ANTAGRAVITY\fashionistar_backend\.venv\Lib\site-packages\django\db\models\base.py", line 590, in __init__
    raise TypeError(
    ...<2 lines>...
    )
TypeError: AuditEventLog() got unexpected keyword arguments: 'country_code', 'city'
[ERROR   ] apps.audit_logs.services.audit — AuditService._write_sync() failed for payload={'event_type': EventType.PASSWORD_RESET_REQUEST, 'event_category': EventCategory.SECURITY, 'severity': SeverityLevel.INFO, 'action': 'Password reset requested for: pwreset@example.com', 'actor_email': None, 'ip_address': '127.0.0.1', 'user_agent': None, 'device_type': None, 'browser_family': None, 'os_family': None, 'country': None, 'country_code': None, 'city': None, 'resource_type': None, 'resource_id': None, 'request_method': 'POST', 'request_path': '/api/v1/password/reset-request/', 'response_status': None, 'duration_ms': None, 'old_values': None, 'new_values': None, 'metadata': {'email_or_phone': 'pwreset@example.com', 'request_id': '4c30b4bb'}, 'error_message': None, 'is_compliance': True, 'retention_days': 2555}
Traceback (most recent call last):
  File "C:\Users\fashi\OneDrive\Documenti\FASHIONISTAR_ANTAGRAVITY\fashionistar_backend\apps\audit_logs\tasks.py", line 48, in write_audit_event
    obj = AuditEventLog(**payload)
  File "C:\Users\fashi\OneDrive\Documenti\FASHIONISTAR_ANTAGRAVITY\fashionistar_backend\.venv\Lib\site-packages\django\db\models\base.py", line 590, in __init__
    raise TypeError(
    ...<2 lines>...
    )
TypeError: AuditEventLog() got unexpected keyword arguments: 'country_code', 'city'

During handling of the above exception, another exception occurred:

Traceback (most recent call last):
  File "C:\Users\fashi\OneDrive\Documenti\FASHIONISTAR_ANTAGRAVITY\fashionistar_backend\apps\audit_logs\services\audit.py", line 261, in _dispatch
    write_audit_event.apply_async(
    ~~~~~~~~~~~~~~~~~~~~~~~~~~~~~^
        kwargs={"payload": payload},
        ^^^^^^^^^^^^^^^^^^^^^^^^^^^^
        retry=False,
        ^^^^^^^^^^^^
        ignore_result=True,
        ^^^^^^^^^^^^^^^^^^^
    )
    ^
  File "C:\Users\fashi\OneDrive\Documenti\FASHIONISTAR_ANTAGRAVITY\fashionistar_backend\.venv\Lib\site-packages\celery\app\task.py", line 605, in apply_async
    return self.apply(args, kwargs, task_id=task_id or uuid(),
           ~~~~~~~~~~^^^^^^^^^^^^^^^^^^^^^^^^^^^^^^^^^^^^^^^^^
                      link=link, link_error=link_error, **options)
                      ^^^^^^^^^^^^^^^^^^^^^^^^^^^^^^^^^^^^^^^^^^^^
  File "C:\Users\fashi\OneDrive\Documenti\FASHIONISTAR_ANTAGRAVITY\fashionistar_backend\.venv\Lib\site-packages\celery\app\task.py", line 843, in apply
    ret = tracer(task_id, args, kwargs, request)
  File "C:\Users\fashi\OneDrive\Documenti\FASHIONISTAR_ANTAGRAVITY\fashionistar_backend\.venv\Lib\site-packages\celery\app\trace.py", line 494, in trace_task
    I, R, state, retval = on_error(
                          ~~~~~~~~^
        task_request, exc, RETRY, call_errbacks=False)
        ^^^^^^^^^^^^^^^^^^^^^^^^^^^^^^^^^^^^^^^^^^^^^^
  File "C:\Users\fashi\OneDrive\Documenti\FASHIONISTAR_ANTAGRAVITY\fashionistar_backend\.venv\Lib\site-packages\celery\app\trace.py", line 479, in trace_task
    R = retval = fun(*args, **kwargs)
                 ~~~^^^^^^^^^^^^^^^^^
  File "C:\Users\fashi\OneDrive\Documenti\FASHIONISTAR_ANTAGRAVITY\fashionistar_backend\apps\audit_logs\tasks.py", line 65, in write_audit_event
    raise self.retry(exc=exc)
          ~~~~~~~~~~^^^^^^^^^
  File "C:\Users\fashi\OneDrive\Documenti\FASHIONISTAR_ANTAGRAVITY\fashionistar_backend\.venv\Lib\site-packages\celery\app\task.py", line 763, in retry
    raise ret
celery.exceptions.Retry: Retry in 5s: TypeError("AuditEventLog() got unexpected keyword arguments: 'country_code', 'city'")

During handling of the above exception, another exception occurred:

Traceback (most recent call last):
  File "C:\Users\fashi\OneDrive\Documenti\FASHIONISTAR_ANTAGRAVITY\fashionistar_backend\apps\audit_logs\services\audit.py", line 275, in _write_sync
    obj = AuditEventLog(**payload)
  File "C:\Users\fashi\OneDrive\Documenti\FASHIONISTAR_ANTAGRAVITY\fashionistar_backend\.venv\Lib\site-packages\django\db\models\base.py", line 590, in __init__
    raise TypeError(
    ...<2 lines>...
    )
TypeError: AuditEventLog() got unexpected keyword arguments: 'country_code', 'city'
[INFO    ] security — SECURITY_AUDIT action=REQUEST req=7ea850ad-5bb7-419e-9ded-6b72967d7b4c device=fp:57efdd91ba75ee0012c0 session=- ip=127.0.0.1 method=POST path=/api/v1/password/reset-request/ status=200 duration_ms=1368.9 user_id=anonymous role=anonymous ua='-' referrer=-
[ERROR   ] apps.audit_logs.services.audit — AuditService._write_sync() failed for payload={'event_type': EventType.PASSWORD_RESET_REQUEST, 'event_category': EventCategory.SECURITY, 'severity': SeverityLevel.INFO, 'action': 'Password reset requested for: pwreset@example.com', 'actor_email': None, 'ip_address': '127.0.0.1', 'user_agent': None, 'device_type': None, 'browser_family': None, 'os_family': None, 'country': None, 'country_code': None, 'city': None, 'resource_type': None, 'resource_id': None, 'request_method': 'POST', 'request_path': '/api/v1/password/reset-request/', 'response_status': None, 'duration_ms': None, 'old_values': None, 'new_values': None, 'metadata': {'email_or_phone': 'pwreset@example.com', 'request_id': '046f2198'}, 'error_message': None, 'is_compliance': True, 'retention_days': 2555}
Traceback (most recent call last):
  File "C:\Users\fashi\OneDrive\Documenti\FASHIONISTAR_ANTAGRAVITY\fashionistar_backend\apps\audit_logs\tasks.py", line 48, in write_audit_event
    obj = AuditEventLog(**payload)
  File "C:\Users\fashi\OneDrive\Documenti\FASHIONISTAR_ANTAGRAVITY\fashionistar_backend\.venv\Lib\site-packages\django\db\models\base.py", line 590, in __init__
    raise TypeError(
    ...<2 lines>...
    )
TypeError: AuditEventLog() got unexpected keyword arguments: 'country_code', 'city'

During handling of the above exception, another exception occurred:

Traceback (most recent call last):
  File "C:\Users\fashi\OneDrive\Documenti\FASHIONISTAR_ANTAGRAVITY\fashionistar_backend\apps\audit_logs\services\audit.py", line 261, in _dispatch
    write_audit_event.apply_async(
    ~~~~~~~~~~~~~~~~~~~~~~~~~~~~~^
        kwargs={"payload": payload},
        ^^^^^^^^^^^^^^^^^^^^^^^^^^^^
        retry=False,
        ^^^^^^^^^^^^
        ignore_result=True,
        ^^^^^^^^^^^^^^^^^^^
    )
    ^
  File "C:\Users\fashi\OneDrive\Documenti\FASHIONISTAR_ANTAGRAVITY\fashionistar_backend\.venv\Lib\site-packages\celery\app\task.py", line 605, in apply_async
    return self.apply(args, kwargs, task_id=task_id or uuid(),
           ~~~~~~~~~~^^^^^^^^^^^^^^^^^^^^^^^^^^^^^^^^^^^^^^^^^
                      link=link, link_error=link_error, **options)
                      ^^^^^^^^^^^^^^^^^^^^^^^^^^^^^^^^^^^^^^^^^^^^
  File "C:\Users\fashi\OneDrive\Documenti\FASHIONISTAR_ANTAGRAVITY\fashionistar_backend\.venv\Lib\site-packages\celery\app\task.py", line 843, in apply
    ret = tracer(task_id, args, kwargs, request)
  File "C:\Users\fashi\OneDrive\Documenti\FASHIONISTAR_ANTAGRAVITY\fashionistar_backend\.venv\Lib\site-packages\celery\app\trace.py", line 494, in trace_task
    I, R, state, retval = on_error(
                          ~~~~~~~~^
        task_request, exc, RETRY, call_errbacks=False)
        ^^^^^^^^^^^^^^^^^^^^^^^^^^^^^^^^^^^^^^^^^^^^^^
  File "C:\Users\fashi\OneDrive\Documenti\FASHIONISTAR_ANTAGRAVITY\fashionistar_backend\.venv\Lib\site-packages\celery\app\trace.py", line 479, in trace_task
    R = retval = fun(*args, **kwargs)
                 ~~~^^^^^^^^^^^^^^^^^
  File "C:\Users\fashi\OneDrive\Documenti\FASHIONISTAR_ANTAGRAVITY\fashionistar_backend\apps\audit_logs\tasks.py", line 65, in write_audit_event
    raise self.retry(exc=exc)
          ~~~~~~~~~~^^^^^^^^^
  File "C:\Users\fashi\OneDrive\Documenti\FASHIONISTAR_ANTAGRAVITY\fashionistar_backend\.venv\Lib\site-packages\celery\app\task.py", line 763, in retry
    raise ret
celery.exceptions.Retry: Retry in 5s: TypeError("AuditEventLog() got unexpected keyword arguments: 'country_code', 'city'")

During handling of the above exception, another exception occurred:

Traceback (most recent call last):
  File "C:\Users\fashi\OneDrive\Documenti\FASHIONISTAR_ANTAGRAVITY\fashionistar_backend\apps\audit_logs\services\audit.py", line 275, in _write_sync
    obj = AuditEventLog(**payload)
  File "C:\Users\fashi\OneDrive\Documenti\FASHIONISTAR_ANTAGRAVITY\fashionistar_backend\.venv\Lib\site-packages\django\db\models\base.py", line 590, in __init__
    raise TypeError(
    ...<2 lines>...
    )
TypeError: AuditEventLog() got unexpected keyword arguments: 'country_code', 'city'
[INFO    ] apps.common.middleware \u2014 [POST] /api/v1/password/reset-request/ \u2192 200 in 1660.8ms [req=aa57df82-fdb6-4faf-85fe-c509ad6909d1]\n[INFO    ] security — SECURITY_AUDIT action=REQUEST req=07776fd9-09f7-4308-841a-947e291d2fbd device=fp:57efdd91ba75ee0012c0 session=- ip=127.0.0.1 method=POST path=/api/v1/password/reset-request/ status=200 duration_ms=1479.2 user_id=anonymous role=anonymous ua='-' referrer=-
[WARNING ] apps.audit_logs.tasks — write_audit_event failed (attempt 1/3): AuditEventLog() got unexpected keyword arguments: 'country_code', 'city' — event_type=password_reset_request
[ERROR   ] apps.audit_logs.services.audit — AuditService._write_sync() failed for payload={'event_type': EventType.PASSWORD_RESET_REQUEST, 'event_category': EventCategory.SECURITY, 'severity': SeverityLevel.INFO, 'action': 'Password reset requested for: pwreset@example.com', 'actor_email': None, 'ip_address': '127.0.0.1', 'user_agent': None, 'device_type': None, 'browser_family': None, 'os_family': None, 'country': None, 'country_code': None, 'city': None, 'resource_type': None, 'resource_id': None, 'request_method': 'POST', 'request_path': '/api/v1/password/reset-request/', 'response_status': None, 'duration_ms': None, 'old_values': None, 'new_values': None, 'metadata': {'email_or_phone': 'pwreset@example.com', 'request_id': 'f718961c'}, 'error_message': None, 'is_compliance': True, 'retention_days': 2555}
Traceback (most recent call last):
  File "C:\Users\fashi\OneDrive\Documenti\FASHIONISTAR_ANTAGRAVITY\fashionistar_backend\apps\audit_logs\tasks.py", line 48, in write_audit_event
    obj = AuditEventLog(**payload)
  File "C:\Users\fashi\OneDrive\Documenti\FASHIONISTAR_ANTAGRAVITY\fashionistar_backend\.venv\Lib\site-packages\django\db\models\base.py", line 590, in __init__
    raise TypeError(
    ...<2 lines>...
    )
TypeError: AuditEventLog() got unexpected keyword arguments: 'country_code', 'city'

During handling of the above exception, another exception occurred:

Traceback (most recent call last):
  File "C:\Users\fashi\OneDrive\Documenti\FASHIONISTAR_ANTAGRAVITY\fashionistar_backend\apps\audit_logs\services\audit.py", line 261, in _dispatch
    write_audit_event.apply_async(
    ~~~~~~~~~~~~~~~~~~~~~~~~~~~~~^
        kwargs={"payload": payload},
        ^^^^^^^^^^^^^^^^^^^^^^^^^^^^
        retry=False,
        ^^^^^^^^^^^^
        ignore_result=True,
        ^^^^^^^^^^^^^^^^^^^
    )
    ^
  File "C:\Users\fashi\OneDrive\Documenti\FASHIONISTAR_ANTAGRAVITY\fashionistar_backend\.venv\Lib\site-packages\celery\app\task.py", line 605, in apply_async
    return self.apply(args, kwargs, task_id=task_id or uuid(),
           ~~~~~~~~~~^^^^^^^^^^^^^^^^^^^^^^^^^^^^^^^^^^^^^^^^^
                      link=link, link_error=link_error, **options)
                      ^^^^^^^^^^^^^^^^^^^^^^^^^^^^^^^^^^^^^^^^^^^^
  File "C:\Users\fashi\OneDrive\Documenti\FASHIONISTAR_ANTAGRAVITY\fashionistar_backend\.venv\Lib\site-packages\celery\app\task.py", line 843, in apply
    ret = tracer(task_id, args, kwargs, request)
  File "C:\Users\fashi\OneDrive\Documenti\FASHIONISTAR_ANTAGRAVITY\fashionistar_backend\.venv\Lib\site-packages\celery\app\trace.py", line 494, in trace_task
    I, R, state, retval = on_error(
                          ~~~~~~~~^
        task_request, exc, RETRY, call_errbacks=False)
        ^^^^^^^^^^^^^^^^^^^^^^^^^^^^^^^^^^^^^^^^^^^^^^
  File "C:\Users\fashi\OneDrive\Documenti\FASHIONISTAR_ANTAGRAVITY\fashionistar_backend\.venv\Lib\site-packages\celery\app\trace.py", line 479, in trace_task
    R = retval = fun(*args, **kwargs)
                 ~~~^^^^^^^^^^^^^^^^^
  File "C:\Users\fashi\OneDrive\Documenti\FASHIONISTAR_ANTAGRAVITY\fashionistar_backend\apps\audit_logs\tasks.py", line 65, in write_audit_event
    raise self.retry(exc=exc)
          ~~~~~~~~~~^^^^^^^^^
  File "C:\Users\fashi\OneDrive\Documenti\FASHIONISTAR_ANTAGRAVITY\fashionistar_backend\.venv\Lib\site-packages\celery\app\task.py", line 763, in retry
    raise ret
celery.exceptions.Retry: Retry in 5s: TypeError("AuditEventLog() got unexpected keyword arguments: 'country_code', 'city'")

During handling of the above exception, another exception occurred:

Traceback (most recent call last):
  File "C:\Users\fashi\OneDrive\Documenti\FASHIONISTAR_ANTAGRAVITY\fashionistar_backend\apps\audit_logs\services\audit.py", line 275, in _write_sync
    obj = AuditEventLog(**payload)
  File "C:\Users\fashi\OneDrive\Documenti\FASHIONISTAR_ANTAGRAVITY\fashionistar_backend\.venv\Lib\site-packages\django\db\models\base.py", line 590, in __init__
    raise TypeError(
    ...<2 lines>...
    )
TypeError: AuditEventLog() got unexpected keyword arguments: 'country_code', 'city'
[INFO    ] security — SECURITY_AUDIT action=REQUEST req=4e74fe3c-7ebd-434c-b351-6019fe09950c device=fp:57efdd91ba75ee0012c0 session=- ip=127.0.0.1 method=POST path=/api/v1/password/reset-request/ status=200 duration_ms=1288.0 user_id=anonymous role=anonymous ua='-' referrer=-
[ERROR   ] apps.audit_logs.services.audit — AuditService._write_sync() failed for payload={'event_type': EventType.PASSWORD_RESET_REQUEST, 'event_category': EventCategory.SECURITY, 'severity': SeverityLevel.INFO, 'action': 'Password reset requested for: pwreset@example.com', 'actor_email': None, 'ip_address': '127.0.0.1', 'user_agent': None, 'device_type': None, 'browser_family': None, 'os_family': None, 'country': None, 'country_code': None, 'city': None, 'resource_type': None, 'resource_id': None, 'request_method': 'POST', 'request_path': '/api/v1/password/reset-request/', 'response_status': None, 'duration_ms': None, 'old_values': None, 'new_values': None, 'metadata': {'email_or_phone': 'pwreset@example.com', 'request_id': '1e50ef70'}, 'error_message': None, 'is_compliance': True, 'retention_days': 2555}
Traceback (most recent call last):
  File "C:\Users\fashi\OneDrive\Documenti\FASHIONISTAR_ANTAGRAVITY\fashionistar_backend\apps\audit_logs\tasks.py", line 48, in write_audit_event
    obj = AuditEventLog(**payload)
  File "C:\Users\fashi\OneDrive\Documenti\FASHIONISTAR_ANTAGRAVITY\fashionistar_backend\.venv\Lib\site-packages\django\db\models\base.py", line 590, in __init__
    raise TypeError(
    ...<2 lines>...
    )
TypeError: AuditEventLog() got unexpected keyword arguments: 'country_code', 'city'

During handling of the above exception, another exception occurred:

Traceback (most recent call last):
  File "C:\Users\fashi\OneDrive\Documenti\FASHIONISTAR_ANTAGRAVITY\fashionistar_backend\apps\audit_logs\services\audit.py", line 261, in _dispatch
    write_audit_event.apply_async(
    ~~~~~~~~~~~~~~~~~~~~~~~~~~~~~^
        kwargs={"payload": payload},
        ^^^^^^^^^^^^^^^^^^^^^^^^^^^^
        retry=False,
        ^^^^^^^^^^^^
        ignore_result=True,
        ^^^^^^^^^^^^^^^^^^^
    )
    ^
  File "C:\Users\fashi\OneDrive\Documenti\FASHIONISTAR_ANTAGRAVITY\fashionistar_backend\.venv\Lib\site-packages\celery\app\task.py", line 605, in apply_async
    return self.apply(args, kwargs, task_id=task_id or uuid(),
           ~~~~~~~~~~^^^^^^^^^^^^^^^^^^^^^^^^^^^^^^^^^^^^^^^^^
                      link=link, link_error=link_error, **options)
                      ^^^^^^^^^^^^^^^^^^^^^^^^^^^^^^^^^^^^^^^^^^^^
  File "C:\Users\fashi\OneDrive\Documenti\FASHIONISTAR_ANTAGRAVITY\fashionistar_backend\.venv\Lib\site-packages\celery\app\task.py", line 843, in apply
    ret = tracer(task_id, args, kwargs, request)
  File "C:\Users\fashi\OneDrive\Documenti\FASHIONISTAR_ANTAGRAVITY\fashionistar_backend\.venv\Lib\site-packages\celery\app\trace.py", line 494, in trace_task
    I, R, state, retval = on_error(
                          ~~~~~~~~^
        task_request, exc, RETRY, call_errbacks=False)
        ^^^^^^^^^^^^^^^^^^^^^^^^^^^^^^^^^^^^^^^^^^^^^^
  File "C:\Users\fashi\OneDrive\Documenti\FASHIONISTAR_ANTAGRAVITY\fashionistar_backend\.venv\Lib\site-packages\celery\app\trace.py", line 479, in trace_task
    R = retval = fun(*args, **kwargs)
                 ~~~^^^^^^^^^^^^^^^^^
  File "C:\Users\fashi\OneDrive\Documenti\FASHIONISTAR_ANTAGRAVITY\fashionistar_backend\apps\audit_logs\tasks.py", line 65, in write_audit_event
    raise self.retry(exc=exc)
          ~~~~~~~~~~^^^^^^^^^
  File "C:\Users\fashi\OneDrive\Documenti\FASHIONISTAR_ANTAGRAVITY\fashionistar_backend\.venv\Lib\site-packages\celery\app\task.py", line 763, in retry
    raise ret
celery.exceptions.Retry: Retry in 5s: TypeError("AuditEventLog() got unexpected keyword arguments: 'country_code', 'city'")

During handling of the above exception, another exception occurred:

Traceback (most recent call last):
  File "C:\Users\fashi\OneDrive\Documenti\FASHIONISTAR_ANTAGRAVITY\fashionistar_backend\apps\audit_logs\services\audit.py", line 275, in _write_sync
    obj = AuditEventLog(**payload)
  File "C:\Users\fashi\OneDrive\Documenti\FASHIONISTAR_ANTAGRAVITY\fashionistar_backend\.venv\Lib\site-packages\django\db\models\base.py", line 590, in __init__
    raise TypeError(
    ...<2 lines>...
    )
TypeError: AuditEventLog() got unexpected keyword arguments: 'country_code', 'city'
[ERROR   ] apps.audit_logs.services.audit — AuditService._write_sync() failed for payload={'event_type': EventType.PASSWORD_RESET_REQUEST, 'event_category': EventCategory.SECURITY, 'severity': SeverityLevel.INFO, 'action': 'Password reset requested for: pwreset@example.com', 'actor_email': None, 'ip_address': '127.0.0.1', 'user_agent': None, 'device_type': None, 'browser_family': None, 'os_family': None, 'country': None, 'country_code': None, 'city': None, 'resource_type': None, 'resource_id': None, 'request_method': 'POST', 'request_path': '/api/v1/password/reset-request/', 'response_status': None, 'duration_ms': None, 'old_values': None, 'new_values': None, 'metadata': {'email_or_phone': 'pwreset@example.com', 'request_id': 'a0aded4f'}, 'error_message': None, 'is_compliance': True, 'retention_days': 2555}
Traceback (most recent call last):
  File "C:\Users\fashi\OneDrive\Documenti\FASHIONISTAR_ANTAGRAVITY\fashionistar_backend\apps\audit_logs\tasks.py", line 48, in write_audit_event
    obj = AuditEventLog(**payload)
  File "C:\Users\fashi\OneDrive\Documenti\FASHIONISTAR_ANTAGRAVITY\fashionistar_backend\.venv\Lib\site-packages\django\db\models\base.py", line 590, in __init__
    raise TypeError(
    ...<2 lines>...
    )
TypeError: AuditEventLog() got unexpected keyword arguments: 'country_code', 'city'

During handling of the above exception, another exception occurred:

Traceback (most recent call last):
  File "C:\Users\fashi\OneDrive\Documenti\FASHIONISTAR_ANTAGRAVITY\fashionistar_backend\apps\audit_logs\services\audit.py", line 261, in _dispatch
    write_audit_event.apply_async(
    ~~~~~~~~~~~~~~~~~~~~~~~~~~~~~^
        kwargs={"payload": payload},
        ^^^^^^^^^^^^^^^^^^^^^^^^^^^^
        retry=False,
        ^^^^^^^^^^^^
        ignore_result=True,
        ^^^^^^^^^^^^^^^^^^^
    )
    ^
  File "C:\Users\fashi\OneDrive\Documenti\FASHIONISTAR_ANTAGRAVITY\fashionistar_backend\.venv\Lib\site-packages\celery\app\task.py", line 605, in apply_async
    return self.apply(args, kwargs, task_id=task_id or uuid(),
           ~~~~~~~~~~^^^^^^^^^^^^^^^^^^^^^^^^^^^^^^^^^^^^^^^^^
                      link=link, link_error=link_error, **options)
                      ^^^^^^^^^^^^^^^^^^^^^^^^^^^^^^^^^^^^^^^^^^^^
  File "C:\Users\fashi\OneDrive\Documenti\FASHIONISTAR_ANTAGRAVITY\fashionistar_backend\.venv\Lib\site-packages\celery\app\task.py", line 843, in apply
    ret = tracer(task_id, args, kwargs, request)
  File "C:\Users\fashi\OneDrive\Documenti\FASHIONISTAR_ANTAGRAVITY\fashionistar_backend\.venv\Lib\site-packages\celery\app\trace.py", line 494, in trace_task
    I, R, state, retval = on_error(
                          ~~~~~~~~^
        task_request, exc, RETRY, call_errbacks=False)
        ^^^^^^^^^^^^^^^^^^^^^^^^^^^^^^^^^^^^^^^^^^^^^^
  File "C:\Users\fashi\OneDrive\Documenti\FASHIONISTAR_ANTAGRAVITY\fashionistar_backend\.venv\Lib\site-packages\celery\app\trace.py", line 479, in trace_task
    R = retval = fun(*args, **kwargs)
                 ~~~^^^^^^^^^^^^^^^^^
  File "C:\Users\fashi\OneDrive\Documenti\FASHIONISTAR_ANTAGRAVITY\fashionistar_backend\apps\audit_logs\tasks.py", line 65, in write_audit_event
    raise self.retry(exc=exc)
          ~~~~~~~~~~^^^^^^^^^
  File "C:\Users\fashi\OneDrive\Documenti\FASHIONISTAR_ANTAGRAVITY\fashionistar_backend\.venv\Lib\site-packages\celery\app\task.py", line 763, in retry
    raise ret
celery.exceptions.Retry: Retry in 5s: TypeError("AuditEventLog() got unexpected keyword arguments: 'country_code', 'city'")

During handling of the above exception, another exception occurred:

Traceback (most recent call last):
  File "C:\Users\fashi\OneDrive\Documenti\FASHIONISTAR_ANTAGRAVITY\fashionistar_backend\apps\audit_logs\services\audit.py", line 275, in _write_sync
    obj = AuditEventLog(**payload)
  File "C:\Users\fashi\OneDrive\Documenti\FASHIONISTAR_ANTAGRAVITY\fashionistar_backend\.venv\Lib\site-packages\django\db\models\base.py", line 590, in __init__
    raise TypeError(
    ...<2 lines>...
    )
TypeError: AuditEventLog() got unexpected keyword arguments: 'country_code', 'city'
[INFO    ] security — SECURITY_AUDIT action=REQUEST req=7309b472-7dd8-4678-94a7-c8e58479318d device=fp:57efdd91ba75ee0012c0 session=- ip=127.0.0.1 method=POST path=/api/v1/password/reset-request/ status=200 duration_ms=1225.0 user_id=anonymous role=anonymous ua='-' referrer=-
[ERROR   ] apps.audit_logs.services.audit — AuditService._write_sync() failed for payload={'event_type': EventType.PASSWORD_RESET_REQUEST, 'event_category': EventCategory.SECURITY, 'severity': SeverityLevel.INFO, 'action': 'Password reset requested for: pwreset@example.com', 'actor_email': None, 'ip_address': '127.0.0.1', 'user_agent': None, 'device_type': None, 'browser_family': None, 'os_family': None, 'country': None, 'country_code': None, 'city': None, 'resource_type': None, 'resource_id': None, 'request_method': 'POST', 'request_path': '/api/v1/password/reset-request/', 'response_status': None, 'duration_ms': None, 'old_values': None, 'new_values': None, 'metadata': {'email_or_phone': 'pwreset@example.com', 'request_id': 'baad5bc2'}, 'error_message': None, 'is_compliance': True, 'retention_days': 2555}
Traceback (most recent call last):
  File "C:\Users\fashi\OneDrive\Documenti\FASHIONISTAR_ANTAGRAVITY\fashionistar_backend\apps\audit_logs\tasks.py", line 48, in write_audit_event
    obj = AuditEventLog(**payload)
  File "C:\Users\fashi\OneDrive\Documenti\FASHIONISTAR_ANTAGRAVITY\fashionistar_backend\.venv\Lib\site-packages\django\db\models\base.py", line 590, in __init__
    raise TypeError(
    ...<2 lines>...
    )
TypeError: AuditEventLog() got unexpected keyword arguments: 'country_code', 'city'

During handling of the above exception, another exception occurred:

Traceback (most recent call last):
  File "C:\Users\fashi\OneDrive\Documenti\FASHIONISTAR_ANTAGRAVITY\fashionistar_backend\apps\audit_logs\services\audit.py", line 261, in _dispatch
    write_audit_event.apply_async(
    ~~~~~~~~~~~~~~~~~~~~~~~~~~~~~^
        kwargs={"payload": payload},
        ^^^^^^^^^^^^^^^^^^^^^^^^^^^^
        retry=False,
        ^^^^^^^^^^^^
        ignore_result=True,
        ^^^^^^^^^^^^^^^^^^^
    )
    ^
  File "C:\Users\fashi\OneDrive\Documenti\FASHIONISTAR_ANTAGRAVITY\fashionistar_backend\.venv\Lib\site-packages\celery\app\task.py", line 605, in apply_async
    return self.apply(args, kwargs, task_id=task_id or uuid(),
           ~~~~~~~~~~^^^^^^^^^^^^^^^^^^^^^^^^^^^^^^^^^^^^^^^^^
                      link=link, link_error=link_error, **options)
                      ^^^^^^^^^^^^^^^^^^^^^^^^^^^^^^^^^^^^^^^^^^^^
  File "C:\Users\fashi\OneDrive\Documenti\FASHIONISTAR_ANTAGRAVITY\fashionistar_backend\.venv\Lib\site-packages\celery\app\task.py", line 843, in apply
    ret = tracer(task_id, args, kwargs, request)
  File "C:\Users\fashi\OneDrive\Documenti\FASHIONISTAR_ANTAGRAVITY\fashionistar_backend\.venv\Lib\site-packages\celery\app\trace.py", line 494, in trace_task
    I, R, state, retval = on_error(
                          ~~~~~~~~^
        task_request, exc, RETRY, call_errbacks=False)
        ^^^^^^^^^^^^^^^^^^^^^^^^^^^^^^^^^^^^^^^^^^^^^^
  File "C:\Users\fashi\OneDrive\Documenti\FASHIONISTAR_ANTAGRAVITY\fashionistar_backend\.venv\Lib\site-packages\celery\app\trace.py", line 479, in trace_task
    R = retval = fun(*args, **kwargs)
                 ~~~^^^^^^^^^^^^^^^^^
  File "C:\Users\fashi\OneDrive\Documenti\FASHIONISTAR_ANTAGRAVITY\fashionistar_backend\apps\audit_logs\tasks.py", line 65, in write_audit_event
    raise self.retry(exc=exc)
          ~~~~~~~~~~^^^^^^^^^
  File "C:\Users\fashi\OneDrive\Documenti\FASHIONISTAR_ANTAGRAVITY\fashionistar_backend\.venv\Lib\site-packages\celery\app\task.py", line 763, in retry
    raise ret
celery.exceptions.Retry: Retry in 5s: TypeError("AuditEventLog() got unexpected keyword arguments: 'country_code', 'city'")

During handling of the above exception, another exception occurred:

Traceback (most recent call last):
  File "C:\Users\fashi\OneDrive\Documenti\FASHIONISTAR_ANTAGRAVITY\fashionistar_backend\apps\audit_logs\services\audit.py", line 275, in _write_sync
    obj = AuditEventLog(**payload)
  File "C:\Users\fashi\OneDrive\Documenti\FASHIONISTAR_ANTAGRAVITY\fashionistar_backend\.venv\Lib\site-packages\django\db\models\base.py", line 590, in __init__
    raise TypeError(
    ...<2 lines>...
    )
TypeError: AuditEventLog() got unexpected keyword arguments: 'country_code', 'city'
[INFO    ] security — SECURITY_AUDIT action=REQUEST req=2ff87759-fd7a-4820-afa0-ecc3c81b5dad device=fp:57efdd91ba75ee0012c0 session=- ip=127.0.0.1 method=POST path=/api/v1/password/reset-request/ status=200 duration_ms=1369.8 user_id=anonymous role=anonymous ua='-' referrer=-
[INFO    ] apps.common.middleware \u2014 [POST] /api/v1/password/reset-request/ \u2192 200 in 1521.0ms [req=8ce57211-23a1-42c1-bfed-3f4668c99da6]\n[ERROR   ] apps.audit_logs.services.audit — AuditService._write_sync() failed for payload={'event_type': EventType.PASSWORD_RESET_REQUEST, 'event_category': EventCategory.SECURITY, 'severity': SeverityLevel.INFO, 'action': 'Password reset requested for: pwreset@example.com', 'actor_email': None, 'ip_address': '127.0.0.1', 'user_agent': None, 'device_type': None, 'browser_family': None, 'os_family': None, 'country': None, 'country_code': None, 'city': None, 'resource_type': None, 'resource_id': None, 'request_method': 'POST', 'request_path': '/api/v1/password/reset-request/', 'response_status': None, 'duration_ms': None, 'old_values': None, 'new_values': None, 'metadata': {'email_or_phone': 'pwreset@example.com', 'request_id': '6dbf7648'}, 'error_message': None, 'is_compliance': True, 'retention_days': 2555}
Traceback (most recent call last):
  File "C:\Users\fashi\OneDrive\Documenti\FASHIONISTAR_ANTAGRAVITY\fashionistar_backend\apps\audit_logs\tasks.py", line 48, in write_audit_event
    obj = AuditEventLog(**payload)
  File "C:\Users\fashi\OneDrive\Documenti\FASHIONISTAR_ANTAGRAVITY\fashionistar_backend\.venv\Lib\site-packages\django\db\models\base.py", line 590, in __init__
    raise TypeError(
    ...<2 lines>...
    )
TypeError: AuditEventLog() got unexpected keyword arguments: 'country_code', 'city'

During handling of the above exception, another exception occurred:

Traceback (most recent call last):
  File "C:\Users\fashi\OneDrive\Documenti\FASHIONISTAR_ANTAGRAVITY\fashionistar_backend\apps\audit_logs\services\audit.py", line 261, in _dispatch
    write_audit_event.apply_async(
    ~~~~~~~~~~~~~~~~~~~~~~~~~~~~~^
        kwargs={"payload": payload},
        ^^^^^^^^^^^^^^^^^^^^^^^^^^^^
        retry=False,
        ^^^^^^^^^^^^
        ignore_result=True,
        ^^^^^^^^^^^^^^^^^^^
    )
    ^
  File "C:\Users\fashi\OneDrive\Documenti\FASHIONISTAR_ANTAGRAVITY\fashionistar_backend\.venv\Lib\site-packages\celery\app\task.py", line 605, in apply_async
    return self.apply(args, kwargs, task_id=task_id or uuid(),
           ~~~~~~~~~~^^^^^^^^^^^^^^^^^^^^^^^^^^^^^^^^^^^^^^^^^
                      link=link, link_error=link_error, **options)
                      ^^^^^^^^^^^^^^^^^^^^^^^^^^^^^^^^^^^^^^^^^^^^
  File "C:\Users\fashi\OneDrive\Documenti\FASHIONISTAR_ANTAGRAVITY\fashionistar_backend\.venv\Lib\site-packages\celery\app\task.py", line 843, in apply
    ret = tracer(task_id, args, kwargs, request)
  File "C:\Users\fashi\OneDrive\Documenti\FASHIONISTAR_ANTAGRAVITY\fashionistar_backend\.venv\Lib\site-packages\celery\app\trace.py", line 494, in trace_task
    I, R, state, retval = on_error(
                          ~~~~~~~~^
        task_request, exc, RETRY, call_errbacks=False)
        ^^^^^^^^^^^^^^^^^^^^^^^^^^^^^^^^^^^^^^^^^^^^^^
  File "C:\Users\fashi\OneDrive\Documenti\FASHIONISTAR_ANTAGRAVITY\fashionistar_backend\.venv\Lib\site-packages\celery\app\trace.py", line 479, in trace_task
    R = retval = fun(*args, **kwargs)
                 ~~~^^^^^^^^^^^^^^^^^
  File "C:\Users\fashi\OneDrive\Documenti\FASHIONISTAR_ANTAGRAVITY\fashionistar_backend\apps\audit_logs\tasks.py", line 65, in write_audit_event
    raise self.retry(exc=exc)
          ~~~~~~~~~~^^^^^^^^^
  File "C:\Users\fashi\OneDrive\Documenti\FASHIONISTAR_ANTAGRAVITY\fashionistar_backend\.venv\Lib\site-packages\celery\app\task.py", line 763, in retry
    raise ret
celery.exceptions.Retry: Retry in 5s: TypeError("AuditEventLog() got unexpected keyword arguments: 'country_code', 'city'")

During handling of the above exception, another exception occurred:

Traceback (most recent call last):
  File "C:\Users\fashi\OneDrive\Documenti\FASHIONISTAR_ANTAGRAVITY\fashionistar_backend\apps\audit_logs\services\audit.py", line 275, in _write_sync
    obj = AuditEventLog(**payload)
  File "C:\Users\fashi\OneDrive\Documenti\FASHIONISTAR_ANTAGRAVITY\fashionistar_backend\.venv\Lib\site-packages\django\db\models\base.py", line 590, in __init__
    raise TypeError(
    ...<2 lines>...
    )
TypeError: AuditEventLog() got unexpected keyword arguments: 'country_code', 'city'
[INFO    ] apps.common.middleware \u2014 [POST] /api/v1/password/reset-request/ \u2192 200 in 1554.8ms [req=8326b663-d056-4007-9a2c-96ef9fbd7ad7]\n[INFO    ] security — SECURITY_AUDIT action=REQUEST req=c193186f-972d-438e-8006-6f9bb5d529c9 device=fp:57efdd91ba75ee0012c0 session=- ip=127.0.0.1 method=POST path=/api/v1/password/reset-request/ status=200 duration_ms=1164.7 user_id=anonymous role=anonymous ua='-' referrer=-
[ERROR   ] apps.audit_logs.services.audit — AuditService._write_sync() failed for payload={'event_type': EventType.PASSWORD_RESET_REQUEST, 'event_category': EventCategory.SECURITY, 'severity': SeverityLevel.INFO, 'action': 'Password reset requested for: pwreset@example.com', 'actor_email': None, 'ip_address': '127.0.0.1', 'user_agent': None, 'device_type': None, 'browser_family': None, 'os_family': None, 'country': None, 'country_code': None, 'city': None, 'resource_type': None, 'resource_id': None, 'request_method': 'POST', 'request_path': '/api/v1/password/reset-request/', 'response_status': None, 'duration_ms': None, 'old_values': None, 'new_values': None, 'metadata': {'email_or_phone': 'pwreset@example.com', 'request_id': '9995c97d'}, 'error_message': None, 'is_compliance': True, 'retention_days': 2555}
Traceback (most recent call last):
  File "C:\Users\fashi\OneDrive\Documenti\FASHIONISTAR_ANTAGRAVITY\fashionistar_backend\apps\audit_logs\tasks.py", line 48, in write_audit_event
    obj = AuditEventLog(**payload)
  File "C:\Users\fashi\OneDrive\Documenti\FASHIONISTAR_ANTAGRAVITY\fashionistar_backend\.venv\Lib\site-packages\django\db\models\base.py", line 590, in __init__
    raise TypeError(
    ...<2 lines>...
    )
TypeError: AuditEventLog() got unexpected keyword arguments: 'country_code', 'city'

During handling of the above exception, another exception occurred:

Traceback (most recent call last):
  File "C:\Users\fashi\OneDrive\Documenti\FASHIONISTAR_ANTAGRAVITY\fashionistar_backend\apps\audit_logs\services\audit.py", line 261, in _dispatch
    write_audit_event.apply_async(
    ~~~~~~~~~~~~~~~~~~~~~~~~~~~~~^
        kwargs={"payload": payload},
        ^^^^^^^^^^^^^^^^^^^^^^^^^^^^
        retry=False,
        ^^^^^^^^^^^^
        ignore_result=True,
        ^^^^^^^^^^^^^^^^^^^
    )
    ^
  File "C:\Users\fashi\OneDrive\Documenti\FASHIONISTAR_ANTAGRAVITY\fashionistar_backend\.venv\Lib\site-packages\celery\app\task.py", line 605, in apply_async
    return self.apply(args, kwargs, task_id=task_id or uuid(),
           ~~~~~~~~~~^^^^^^^^^^^^^^^^^^^^^^^^^^^^^^^^^^^^^^^^^
                      link=link, link_error=link_error, **options)
                      ^^^^^^^^^^^^^^^^^^^^^^^^^^^^^^^^^^^^^^^^^^^^
  File "C:\Users\fashi\OneDrive\Documenti\FASHIONISTAR_ANTAGRAVITY\fashionistar_backend\.venv\Lib\site-packages\celery\app\task.py", line 843, in apply
    ret = tracer(task_id, args, kwargs, request)
  File "C:\Users\fashi\OneDrive\Documenti\FASHIONISTAR_ANTAGRAVITY\fashionistar_backend\.venv\Lib\site-packages\celery\app\trace.py", line 494, in trace_task
    I, R, state, retval = on_error(
                          ~~~~~~~~^
        task_request, exc, RETRY, call_errbacks=False)
        ^^^^^^^^^^^^^^^^^^^^^^^^^^^^^^^^^^^^^^^^^^^^^^
  File "C:\Users\fashi\OneDrive\Documenti\FASHIONISTAR_ANTAGRAVITY\fashionistar_backend\.venv\Lib\site-packages\celery\app\trace.py", line 479, in trace_task
    R = retval = fun(*args, **kwargs)
                 ~~~^^^^^^^^^^^^^^^^^
  File "C:\Users\fashi\OneDrive\Documenti\FASHIONISTAR_ANTAGRAVITY\fashionistar_backend\apps\audit_logs\tasks.py", line 65, in write_audit_event
    raise self.retry(exc=exc)
          ~~~~~~~~~~^^^^^^^^^
  File "C:\Users\fashi\OneDrive\Documenti\FASHIONISTAR_ANTAGRAVITY\fashionistar_backend\.venv\Lib\site-packages\celery\app\task.py", line 763, in retry
    raise ret
celery.exceptions.Retry: Retry in 5s: TypeError("AuditEventLog() got unexpected keyword arguments: 'country_code', 'city'")

During handling of the above exception, another exception occurred:

Traceback (most recent call last):
  File "C:\Users\fashi\OneDrive\Documenti\FASHIONISTAR_ANTAGRAVITY\fashionistar_backend\apps\audit_logs\services\audit.py", line 275, in _write_sync
    obj = AuditEventLog(**payload)
  File "C:\Users\fashi\OneDrive\Documenti\FASHIONISTAR_ANTAGRAVITY\fashionistar_backend\.venv\Lib\site-packages\django\db\models\base.py", line 590, in __init__
    raise TypeError(
    ...<2 lines>...
    )
TypeError: AuditEventLog() got unexpected keyword arguments: 'country_code', 'city'
[INFO    ] security — SECURITY_AUDIT action=REQUEST req=a83ebe09-f509-414f-b1da-08ced34a1326 device=fp:57efdd91ba75ee0012c0 session=- ip=127.0.0.1 method=POST path=/api/v1/password/reset-request/ status=200 duration_ms=1023.9 user_id=anonymous role=anonymous ua='-' referrer=-
[INFO    ] apps.common.middleware \u2014 [POST] /api/v1/password/reset-request/ \u2192 200 in 1420.6ms [req=7ea850ad-5bb7-419e-9ded-6b72967d7b4c]\n[INFO    ] security — SECURITY_AUDIT action=REQUEST req=e2fe3353-351a-494a-bc9c-99d8826e9667 device=fp:57efdd91ba75ee0012c0 session=- ip=127.0.0.1 method=POST path=/api/v1/password/reset-request/ status=200 duration_ms=1018.6 user_id=anonymous role=anonymous ua='-' referrer=-
[INFO    ] apps.common.middleware \u2014 [POST] /api/v1/password/reset-request/ \u2192 200 in 1530.6ms [req=07776fd9-09f7-4308-841a-947e291d2fbd]\n[INFO    ] security — SECURITY_AUDIT action=REQUEST req=013b8418-9c12-4f0a-9a3a-5414fc0cad97 device=fp:57efdd91ba75ee0012c0 session=- ip=127.0.0.1 method=POST path=/api/v1/password/reset-request/ status=200 duration_ms=847.6 user_id=anonymous role=anonymous ua='-' referrer=-
[ERROR   ] apps.audit_logs.services.audit — AuditService._write_sync() failed for payload={'event_type': EventType.PASSWORD_RESET_REQUEST, 'event_category': EventCategory.SECURITY, 'severity': SeverityLevel.INFO, 'action': 'Password reset requested for: pwreset@example.com', 'actor_email': None, 'ip_address': '127.0.0.1', 'user_agent': None, 'device_type': None, 'browser_family': None, 'os_family': None, 'country': None, 'country_code': None, 'city': None, 'resource_type': None, 'resource_id': None, 'request_method': 'POST', 'request_path': '/api/v1/password/reset-request/', 'response_status': None, 'duration_ms': None, 'old_values': None, 'new_values': None, 'metadata': {'email_or_phone': 'pwreset@example.com', 'request_id': '68c5f236'}, 'error_message': None, 'is_compliance': True, 'retention_days': 2555}
Traceback (most recent call last):
  File "C:\Users\fashi\OneDrive\Documenti\FASHIONISTAR_ANTAGRAVITY\fashionistar_backend\apps\audit_logs\tasks.py", line 48, in write_audit_event
    obj = AuditEventLog(**payload)
  File "C:\Users\fashi\OneDrive\Documenti\FASHIONISTAR_ANTAGRAVITY\fashionistar_backend\.venv\Lib\site-packages\django\db\models\base.py", line 590, in __init__
    raise TypeError(
    ...<2 lines>...
    )
TypeError: AuditEventLog() got unexpected keyword arguments: 'country_code', 'city'

During handling of the above exception, another exception occurred:

Traceback (most recent call last):
  File "C:\Users\fashi\OneDrive\Documenti\FASHIONISTAR_ANTAGRAVITY\fashionistar_backend\apps\audit_logs\services\audit.py", line 261, in _dispatch
    write_audit_event.apply_async(
    ~~~~~~~~~~~~~~~~~~~~~~~~~~~~~^
        kwargs={"payload": payload},
        ^^^^^^^^^^^^^^^^^^^^^^^^^^^^
        retry=False,
        ^^^^^^^^^^^^
        ignore_result=True,
        ^^^^^^^^^^^^^^^^^^^
    )
    ^
  File "C:\Users\fashi\OneDrive\Documenti\FASHIONISTAR_ANTAGRAVITY\fashionistar_backend\.venv\Lib\site-packages\celery\app\task.py", line 605, in apply_async
    return self.apply(args, kwargs, task_id=task_id or uuid(),
           ~~~~~~~~~~^^^^^^^^^^^^^^^^^^^^^^^^^^^^^^^^^^^^^^^^^
                      link=link, link_error=link_error, **options)
                      ^^^^^^^^^^^^^^^^^^^^^^^^^^^^^^^^^^^^^^^^^^^^
  File "C:\Users\fashi\OneDrive\Documenti\FASHIONISTAR_ANTAGRAVITY\fashionistar_backend\.venv\Lib\site-packages\celery\app\task.py", line 843, in apply
    ret = tracer(task_id, args, kwargs, request)
  File "C:\Users\fashi\OneDrive\Documenti\FASHIONISTAR_ANTAGRAVITY\fashionistar_backend\.venv\Lib\site-packages\celery\app\trace.py", line 494, in trace_task
    I, R, state, retval = on_error(
                          ~~~~~~~~^
        task_request, exc, RETRY, call_errbacks=False)
        ^^^^^^^^^^^^^^^^^^^^^^^^^^^^^^^^^^^^^^^^^^^^^^
  File "C:\Users\fashi\OneDrive\Documenti\FASHIONISTAR_ANTAGRAVITY\fashionistar_backend\.venv\Lib\site-packages\celery\app\trace.py", line 479, in trace_task
    R = retval = fun(*args, **kwargs)
                 ~~~^^^^^^^^^^^^^^^^^
  File "C:\Users\fashi\OneDrive\Documenti\FASHIONISTAR_ANTAGRAVITY\fashionistar_backend\apps\audit_logs\tasks.py", line 65, in write_audit_event
    raise self.retry(exc=exc)
          ~~~~~~~~~~^^^^^^^^^
  File "C:\Users\fashi\OneDrive\Documenti\FASHIONISTAR_ANTAGRAVITY\fashionistar_backend\.venv\Lib\site-packages\celery\app\task.py", line 763, in retry
    raise ret
celery.exceptions.Retry: Retry in 5s: TypeError("AuditEventLog() got unexpected keyword arguments: 'country_code', 'city'")

During handling of the above exception, another exception occurred:

Traceback (most recent call last):
  File "C:\Users\fashi\OneDrive\Documenti\FASHIONISTAR_ANTAGRAVITY\fashionistar_backend\apps\audit_logs\services\audit.py", line 275, in _write_sync
    obj = AuditEventLog(**payload)
  File "C:\Users\fashi\OneDrive\Documenti\FASHIONISTAR_ANTAGRAVITY\fashionistar_backend\.venv\Lib\site-packages\django\db\models\base.py", line 590, in __init__
    raise TypeError(
    ...<2 lines>...
    )
TypeError: AuditEventLog() got unexpected keyword arguments: 'country_code', 'city'
[INFO    ] apps.common.middleware \u2014 [POST] /api/v1/password/reset-request/ \u2192 200 in 1334.7ms [req=4e74fe3c-7ebd-434c-b351-6019fe09950c]\n[INFO    ] security — SECURITY_AUDIT action=REQUEST req=b9fb1a37-13bb-4bd0-9a8c-4701381cf3e0 device=fp:57efdd91ba75ee0012c0 session=- ip=127.0.0.1 method=POST path=/api/v1/password/reset-request/ status=200 duration_ms=713.9 user_id=anonymous role=anonymous ua='-' referrer=-
[INFO    ] security — SECURITY_AUDIT action=REQUEST req=00b3ed7b-bc7a-40f3-a82c-839211ec6773 device=fp:57efdd91ba75ee0012c0 session=- ip=127.0.0.1 method=POST path=/api/v1/password/reset-request/ status=200 duration_ms=745.8 user_id=anonymous role=anonymous ua='-' referrer=-
[INFO    ] apps.common.middleware \u2014 [POST] /api/v1/password/reset-request/ \u2192 200 in 1209.4ms [req=c193186f-972d-438e-8006-6f9bb5d529c9]\n[INFO    ] security — SECURITY_AUDIT action=REQUEST req=bcdb75e6-90a3-4c4a-85c6-94f037d0ad3c device=fp:57efdd91ba75ee0012c0 session=- ip=127.0.0.1 method=POST path=/api/v1/password/reset-request/ status=200 duration_ms=762.2 user_id=anonymous role=anonymous ua='-' referrer=-
[INFO    ] apps.common.middleware \u2014 [POST] /api/v1/password/reset-request/ \u2192 200 in 1422.6ms [req=2ff87759-fd7a-4820-afa0-ecc3c81b5dad]\n[INFO    ] security — SECURITY_AUDIT action=REQUEST req=cc326d46-9a80-428a-8471-c6c326538b24 device=fp:57efdd91ba75ee0012c0 session=- ip=127.0.0.1 method=POST path=/api/v1/password/reset-request/ status=200 duration_ms=611.1 user_id=anonymous role=anonymous ua='-' referrer=-
[INFO    ] apps.common.middleware \u2014 [POST] /api/v1/password/reset-request/ \u2192 200 in 1276.3ms [req=7309b472-7dd8-4678-94a7-c8e58479318d]\n[INFO    ] security — SECURITY_AUDIT action=REQUEST req=f5438d7c-e0ae-482d-8c70-bd58f950a919 device=fp:57efdd91ba75ee0012c0 session=- ip=127.0.0.1 method=POST path=/api/v1/password/reset-request/ status=200 duration_ms=676.3 user_id=anonymous role=anonymous ua='-' referrer=-
[INFO    ] apps.common.middleware \u2014 [POST] /api/v1/password/reset-request/ \u2192 200 in 1074.1ms [req=a83ebe09-f509-414f-b1da-08ced34a1326]\n[INFO    ] apps.common.middleware \u2014 [POST] /api/v1/password/reset-request/ \u2192 200 in 1065.3ms [req=e2fe3353-351a-494a-bc9c-99d8826e9667]\n[INFO    ] apps.common.middleware \u2014 [POST] /api/v1/password/reset-request/ \u2192 200 in 886.8ms [req=013b8418-9c12-4f0a-9a3a-5414fc0cad97]\n[INFO    ] security — SECURITY_AUDIT action=REQUEST req=5abde0e4-c307-452a-9ffd-0c35460491fe device=fp:57efdd91ba75ee0012c0 session=- ip=127.0.0.1 method=POST path=/api/v1/password/reset-request/ status=200 duration_ms=558.2 user_id=anonymous role=anonymous ua='-' referrer=-
[INFO    ] apps.common.middleware \u2014 [POST] /api/v1/password/reset-request/ \u2192 200 in 750.9ms [req=b9fb1a37-13bb-4bd0-9a8c-4701381cf3e0]\n[INFO    ] apps.common.middleware \u2014 [POST] /api/v1/password/reset-request/ \u2192 200 in 779.6ms [req=00b3ed7b-bc7a-40f3-a82c-839211ec6773]\n[INFO    ] apps.common.middleware \u2014 [POST] /api/v1/password/reset-request/ \u2192 200 in 792.0ms [req=bcdb75e6-90a3-4c4a-85c6-94f037d0ad3c]\n[INFO    ] apps.common.middleware \u2014 [POST] /api/v1/password/reset-request/ \u2192 200 in 635.4ms [req=cc326d46-9a80-428a-8471-c6c326538b24]\n[INFO    ] apps.common.middleware \u2014 [POST] /api/v1/password/reset-request/ \u2192 200 in 692.9ms [req=f5438d7c-e0ae-482d-8c70-bd58f950a919]\n[INFO    ] apps.common.middleware \u2014 [POST] /api/v1/password/reset-request/ \u2192 200 in 566.6ms [req=5abde0e4-c307-452a-9ffd-0c35460491fe]\nPASSED                                                                   [ 76%]
------------------------------ live log teardown ------------------------------
[INFO    ] celery.app.trace — Task update_model_analytics_counter[1bc3e4b5-6ad9-4147-940f-7f516bb66148] succeeded in 0.0027527999991434626s: None
[INFO    ] application — EmailBackendConfig instance created via post_migrate signal.
[INFO    ] celery.app.trace — Task update_model_analytics_counter[2f79c124-330f-44ff-be3d-3a990f573f6e] succeeded in 0.0016088999982457608s: None
[INFO    ] application — Default SMSBackendConfig instance created via post_migrate signal.

apps/authentication/tests/test_password_reset.py::TestConcurrencyStress::test_20_concurrent_phone_confirm_only_1_wins 
-------------------------------- live log call --------------------------------
[INFO    ] apps.authentication.models — Saved UnifiedUser 019d20c5-6f8e-70e8-800e-2066b790dbb2 [phone] member_id=FASTAR000001
[INFO    ] celery.app.trace — Task update_model_analytics_counter[92030d6b-e5d0-42fe-8da8-aad8b534b049] succeeded in 0.0018533999973442405s: None
[INFO    ] apps.authentication.managers \u2014 \u2705 Created user: email=+2348012345678\n[INFO    ] apps.authentication.models — Details updated for user: +234 801 234 5678
[INFO    ] celery.app.trace — Task update_model_analytics_counter[a8fa7526-357f-45c3-9c1b-f735f126df77] succeeded in 0.0017842000015662052s: None
[INFO    ] apps.authentication.models — Saved UnifiedUser 019d20c5-6f8e-70e8-800e-2066b790dbb2 [phone] member_id=FASTAR000001
[INFO    ] application — [a02bfc5a] PasswordResetConfirmPhone: start
[INFO    ] apps.authentication.models — Details updated for user: +234 801 234 5678
[INFO    ] apps.authentication.models — Saved UnifiedUser 019d20c5-6f8e-70e8-800e-2066b790dbb2 [phone] member_id=FASTAR000001
[INFO    ] application — [c0107d14] PasswordResetConfirmPhone: start
[WARNING ] apps.audit_logs.tasks — write_audit_event failed (attempt 1/3): AuditEventLog() got unexpected keyword arguments: 'country_code', 'city' — event_type=password_reset_done
[ERROR   ] apps.audit_logs.services.audit — AuditService._write_sync() failed for payload={'event_type': EventType.PASSWORD_RESET_DONE, 'event_category': EventCategory.SECURITY, 'severity': 'warning', 'action': 'Password reset failed — invalid or expired OTP', 'actor_email': None, 'ip_address': '127.0.0.1', 'user_agent': None, 'device_type': None, 'browser_family': None, 'os_family': None, 'country': None, 'country_code': None, 'city': None, 'resource_type': 'UnifiedUser', 'resource_id': None, 'request_method': 'POST', 'request_path': '/api/v1/password/reset-phone-confirm/', 'response_status': None, 'duration_ms': None, 'old_values': None, 'new_values': None, 'metadata': {'flow': 'phone'}, 'error_message': 'OTP invalid or expired', 'is_compliance': True, 'retention_days': 2555}
Traceback (most recent call last):
  File "C:\Users\fashi\OneDrive\Documenti\FASHIONISTAR_ANTAGRAVITY\fashionistar_backend\apps\audit_logs\tasks.py", line 48, in write_audit_event
    obj = AuditEventLog(**payload)
  File "C:\Users\fashi\OneDrive\Documenti\FASHIONISTAR_ANTAGRAVITY\fashionistar_backend\.venv\Lib\site-packages\django\db\models\base.py", line 590, in __init__
    raise TypeError(
    ...<2 lines>...
    )
TypeError: AuditEventLog() got unexpected keyword arguments: 'country_code', 'city'

During handling of the above exception, another exception occurred:

Traceback (most recent call last):
  File "C:\Users\fashi\OneDrive\Documenti\FASHIONISTAR_ANTAGRAVITY\fashionistar_backend\apps\audit_logs\services\audit.py", line 261, in _dispatch
    write_audit_event.apply_async(
    ~~~~~~~~~~~~~~~~~~~~~~~~~~~~~^
        kwargs={"payload": payload},
        ^^^^^^^^^^^^^^^^^^^^^^^^^^^^
        retry=False,
        ^^^^^^^^^^^^
        ignore_result=True,
        ^^^^^^^^^^^^^^^^^^^
    )
    ^
  File "C:\Users\fashi\OneDrive\Documenti\FASHIONISTAR_ANTAGRAVITY\fashionistar_backend\.venv\Lib\site-packages\celery\app\task.py", line 605, in apply_async
    return self.apply(args, kwargs, task_id=task_id or uuid(),
           ~~~~~~~~~~^^^^^^^^^^^^^^^^^^^^^^^^^^^^^^^^^^^^^^^^^
                      link=link, link_error=link_error, **options)
                      ^^^^^^^^^^^^^^^^^^^^^^^^^^^^^^^^^^^^^^^^^^^^
  File "C:\Users\fashi\OneDrive\Documenti\FASHIONISTAR_ANTAGRAVITY\fashionistar_backend\.venv\Lib\site-packages\celery\app\task.py", line 843, in apply
    ret = tracer(task_id, args, kwargs, request)
  File "C:\Users\fashi\OneDrive\Documenti\FASHIONISTAR_ANTAGRAVITY\fashionistar_backend\.venv\Lib\site-packages\celery\app\trace.py", line 494, in trace_task
    I, R, state, retval = on_error(
                          ~~~~~~~~^
        task_request, exc, RETRY, call_errbacks=False)
        ^^^^^^^^^^^^^^^^^^^^^^^^^^^^^^^^^^^^^^^^^^^^^^
  File "C:\Users\fashi\OneDrive\Documenti\FASHIONISTAR_ANTAGRAVITY\fashionistar_backend\.venv\Lib\site-packages\celery\app\trace.py", line 479, in trace_task
    R = retval = fun(*args, **kwargs)
                 ~~~^^^^^^^^^^^^^^^^^
  File "C:\Users\fashi\OneDrive\Documenti\FASHIONISTAR_ANTAGRAVITY\fashionistar_backend\apps\audit_logs\tasks.py", line 65, in write_audit_event
    raise self.retry(exc=exc)
          ~~~~~~~~~~^^^^^^^^^
  File "C:\Users\fashi\OneDrive\Documenti\FASHIONISTAR_ANTAGRAVITY\fashionistar_backend\.venv\Lib\site-packages\celery\app\task.py", line 763, in retry
    raise ret
celery.exceptions.Retry: Retry in 5s: TypeError("AuditEventLog() got unexpected keyword arguments: 'country_code', 'city'")

During handling of the above exception, another exception occurred:

Traceback (most recent call last):
  File "C:\Users\fashi\OneDrive\Documenti\FASHIONISTAR_ANTAGRAVITY\fashionistar_backend\apps\audit_logs\services\audit.py", line 275, in _write_sync
    obj = AuditEventLog(**payload)
  File "C:\Users\fashi\OneDrive\Documenti\FASHIONISTAR_ANTAGRAVITY\fashionistar_backend\.venv\Lib\site-packages\django\db\models\base.py", line 590, in __init__
    raise TypeError(
    ...<2 lines>...
    )
TypeError: AuditEventLog() got unexpected keyword arguments: 'country_code', 'city'
[INFO    ] application — [927d4b99] PasswordResetConfirmPhone: start
[ERROR   ] application \u2014 \u274c Password Confirm Error (Sync): Invalid or expired OTP.\n[INFO    ] application — [10b9b69a] PasswordResetConfirmPhone: start
[WARNING ] apps.audit_logs.tasks — write_audit_event failed (attempt 1/3): AuditEventLog() got unexpected keyword arguments: 'country_code', 'city' — event_type=password_reset_done
[WARNING ] application — [c0107d14] PasswordResetConfirmPhone: failed — Invalid or expired OTP.
[WARNING ] apps.audit_logs.tasks — write_audit_event failed (attempt 1/3): AuditEventLog() got unexpected keyword arguments: 'country_code', 'city' — event_type=password_reset_done
[INFO    ] application — [5c853d26] PasswordResetConfirmPhone: start
[INFO    ] application — [7bc5c16d] PasswordResetConfirmPhone: start
[INFO    ] security — SECURITY_AUDIT action=CLIENT_ERROR req=0d955c03-0460-4312-a98e-534299c3d3ec device=fp:57efdd91ba75ee0012c0 session=- ip=127.0.0.1 method=POST path=/api/v1/password/reset-phone-confirm/ status=400 duration_ms=260.4 user_id=anonymous role=anonymous ua='-' referrer=-
[ERROR   ] apps.audit_logs.services.audit — AuditService._write_sync() failed for payload={'event_type': EventType.PASSWORD_RESET_DONE, 'event_category': EventCategory.SECURITY, 'severity': 'warning', 'action': 'Password reset failed — invalid or expired OTP', 'actor_email': None, 'ip_address': '127.0.0.1', 'user_agent': None, 'device_type': None, 'browser_family': None, 'os_family': None, 'country': None, 'country_code': None, 'city': None, 'resource_type': 'UnifiedUser', 'resource_id': None, 'request_method': 'POST', 'request_path': '/api/v1/password/reset-phone-confirm/', 'response_status': None, 'duration_ms': None, 'old_values': None, 'new_values': None, 'metadata': {'flow': 'phone'}, 'error_message': 'OTP invalid or expired', 'is_compliance': True, 'retention_days': 2555}
Traceback (most recent call last):
  File "C:\Users\fashi\OneDrive\Documenti\FASHIONISTAR_ANTAGRAVITY\fashionistar_backend\apps\audit_logs\tasks.py", line 48, in write_audit_event
    obj = AuditEventLog(**payload)
  File "C:\Users\fashi\OneDrive\Documenti\FASHIONISTAR_ANTAGRAVITY\fashionistar_backend\.venv\Lib\site-packages\django\db\models\base.py", line 590, in __init__
    raise TypeError(
    ...<2 lines>...
    )
TypeError: AuditEventLog() got unexpected keyword arguments: 'country_code', 'city'

During handling of the above exception, another exception occurred:

Traceback (most recent call last):
  File "C:\Users\fashi\OneDrive\Documenti\FASHIONISTAR_ANTAGRAVITY\fashionistar_backend\apps\audit_logs\services\audit.py", line 261, in _dispatch
    write_audit_event.apply_async(
    ~~~~~~~~~~~~~~~~~~~~~~~~~~~~~^
        kwargs={"payload": payload},
        ^^^^^^^^^^^^^^^^^^^^^^^^^^^^
        retry=False,
        ^^^^^^^^^^^^
        ignore_result=True,
        ^^^^^^^^^^^^^^^^^^^
    )
    ^
  File "C:\Users\fashi\OneDrive\Documenti\FASHIONISTAR_ANTAGRAVITY\fashionistar_backend\.venv\Lib\site-packages\celery\app\task.py", line 605, in apply_async
    return self.apply(args, kwargs, task_id=task_id or uuid(),
           ~~~~~~~~~~^^^^^^^^^^^^^^^^^^^^^^^^^^^^^^^^^^^^^^^^^
                      link=link, link_error=link_error, **options)
                      ^^^^^^^^^^^^^^^^^^^^^^^^^^^^^^^^^^^^^^^^^^^^
  File "C:\Users\fashi\OneDrive\Documenti\FASHIONISTAR_ANTAGRAVITY\fashionistar_backend\.venv\Lib\site-packages\celery\app\task.py", line 843, in apply
    ret = tracer(task_id, args, kwargs, request)
  File "C:\Users\fashi\OneDrive\Documenti\FASHIONISTAR_ANTAGRAVITY\fashionistar_backend\.venv\Lib\site-packages\celery\app\trace.py", line 494, in trace_task
    I, R, state, retval = on_error(
                          ~~~~~~~~^
        task_request, exc, RETRY, call_errbacks=False)
        ^^^^^^^^^^^^^^^^^^^^^^^^^^^^^^^^^^^^^^^^^^^^^^
  File "C:\Users\fashi\OneDrive\Documenti\FASHIONISTAR_ANTAGRAVITY\fashionistar_backend\.venv\Lib\site-packages\celery\app\trace.py", line 479, in trace_task
    R = retval = fun(*args, **kwargs)
                 ~~~^^^^^^^^^^^^^^^^^
  File "C:\Users\fashi\OneDrive\Documenti\FASHIONISTAR_ANTAGRAVITY\fashionistar_backend\apps\audit_logs\tasks.py", line 65, in write_audit_event
    raise self.retry(exc=exc)
          ~~~~~~~~~~^^^^^^^^^
  File "C:\Users\fashi\OneDrive\Documenti\FASHIONISTAR_ANTAGRAVITY\fashionistar_backend\.venv\Lib\site-packages\celery\app\task.py", line 763, in retry
    raise ret
celery.exceptions.Retry: Retry in 5s: TypeError("AuditEventLog() got unexpected keyword arguments: 'country_code', 'city'")

During handling of the above exception, another exception occurred:

Traceback (most recent call last):
  File "C:\Users\fashi\OneDrive\Documenti\FASHIONISTAR_ANTAGRAVITY\fashionistar_backend\apps\audit_logs\services\audit.py", line 275, in _write_sync
    obj = AuditEventLog(**payload)
  File "C:\Users\fashi\OneDrive\Documenti\FASHIONISTAR_ANTAGRAVITY\fashionistar_backend\.venv\Lib\site-packages\django\db\models\base.py", line 590, in __init__
    raise TypeError(
    ...<2 lines>...
    )
TypeError: AuditEventLog() got unexpected keyword arguments: 'country_code', 'city'
[WARNING ] apps.audit_logs.tasks — write_audit_event failed (attempt 1/3): AuditEventLog() got unexpected keyword arguments: 'country_code', 'city' — event_type=password_reset_done
[WARNING ] apps.audit_logs.tasks — write_audit_event failed (attempt 1/3): AuditEventLog() got unexpected keyword arguments: 'country_code', 'city' — event_type=password_reset_done
[ERROR   ] apps.audit_logs.services.audit — AuditService._write_sync() failed for payload={'event_type': EventType.PASSWORD_RESET_DONE, 'event_category': EventCategory.SECURITY, 'severity': 'warning', 'action': 'Password reset failed — invalid or expired OTP', 'actor_email': None, 'ip_address': '127.0.0.1', 'user_agent': None, 'device_type': None, 'browser_family': None, 'os_family': None, 'country': None, 'country_code': None, 'city': None, 'resource_type': 'UnifiedUser', 'resource_id': None, 'request_method': 'POST', 'request_path': '/api/v1/password/reset-phone-confirm/', 'response_status': None, 'duration_ms': None, 'old_values': None, 'new_values': None, 'metadata': {'flow': 'phone'}, 'error_message': 'OTP invalid or expired', 'is_compliance': True, 'retention_days': 2555}
Traceback (most recent call last):
  File "C:\Users\fashi\OneDrive\Documenti\FASHIONISTAR_ANTAGRAVITY\fashionistar_backend\apps\audit_logs\tasks.py", line 48, in write_audit_event
    obj = AuditEventLog(**payload)
  File "C:\Users\fashi\OneDrive\Documenti\FASHIONISTAR_ANTAGRAVITY\fashionistar_backend\.venv\Lib\site-packages\django\db\models\base.py", line 590, in __init__
    raise TypeError(
    ...<2 lines>...
    )
TypeError: AuditEventLog() got unexpected keyword arguments: 'country_code', 'city'

During handling of the above exception, another exception occurred:

Traceback (most recent call last):
  File "C:\Users\fashi\OneDrive\Documenti\FASHIONISTAR_ANTAGRAVITY\fashionistar_backend\apps\audit_logs\services\audit.py", line 261, in _dispatch
    write_audit_event.apply_async(
    ~~~~~~~~~~~~~~~~~~~~~~~~~~~~~^
        kwargs={"payload": payload},
        ^^^^^^^^^^^^^^^^^^^^^^^^^^^^
        retry=False,
        ^^^^^^^^^^^^
        ignore_result=True,
        ^^^^^^^^^^^^^^^^^^^
    )
    ^
  File "C:\Users\fashi\OneDrive\Documenti\FASHIONISTAR_ANTAGRAVITY\fashionistar_backend\.venv\Lib\site-packages\celery\app\task.py", line 605, in apply_async
    return self.apply(args, kwargs, task_id=task_id or uuid(),
           ~~~~~~~~~~^^^^^^^^^^^^^^^^^^^^^^^^^^^^^^^^^^^^^^^^^
                      link=link, link_error=link_error, **options)
                      ^^^^^^^^^^^^^^^^^^^^^^^^^^^^^^^^^^^^^^^^^^^^
  File "C:\Users\fashi\OneDrive\Documenti\FASHIONISTAR_ANTAGRAVITY\fashionistar_backend\.venv\Lib\site-packages\celery\app\task.py", line 843, in apply
    ret = tracer(task_id, args, kwargs, request)
  File "C:\Users\fashi\OneDrive\Documenti\FASHIONISTAR_ANTAGRAVITY\fashionistar_backend\.venv\Lib\site-packages\celery\app\trace.py", line 494, in trace_task
    I, R, state, retval = on_error(
                          ~~~~~~~~^
        task_request, exc, RETRY, call_errbacks=False)
        ^^^^^^^^^^^^^^^^^^^^^^^^^^^^^^^^^^^^^^^^^^^^^^
  File "C:\Users\fashi\OneDrive\Documenti\FASHIONISTAR_ANTAGRAVITY\fashionistar_backend\.venv\Lib\site-packages\celery\app\trace.py", line 479, in trace_task
    R = retval = fun(*args, **kwargs)
                 ~~~^^^^^^^^^^^^^^^^^
  File "C:\Users\fashi\OneDrive\Documenti\FASHIONISTAR_ANTAGRAVITY\fashionistar_backend\apps\audit_logs\tasks.py", line 65, in write_audit_event
    raise self.retry(exc=exc)
          ~~~~~~~~~~^^^^^^^^^
  File "C:\Users\fashi\OneDrive\Documenti\FASHIONISTAR_ANTAGRAVITY\fashionistar_backend\.venv\Lib\site-packages\celery\app\task.py", line 763, in retry
    raise ret
celery.exceptions.Retry: Retry in 5s: TypeError("AuditEventLog() got unexpected keyword arguments: 'country_code', 'city'")

During handling of the above exception, another exception occurred:

Traceback (most recent call last):
  File "C:\Users\fashi\OneDrive\Documenti\FASHIONISTAR_ANTAGRAVITY\fashionistar_backend\apps\audit_logs\services\audit.py", line 275, in _write_sync
    obj = AuditEventLog(**payload)
  File "C:\Users\fashi\OneDrive\Documenti\FASHIONISTAR_ANTAGRAVITY\fashionistar_backend\.venv\Lib\site-packages\django\db\models\base.py", line 590, in __init__
    raise TypeError(
    ...<2 lines>...
    )
TypeError: AuditEventLog() got unexpected keyword arguments: 'country_code', 'city'
[INFO    ] apps.common.middleware \u2014 [POST] /api/v1/password/reset-phone-confirm/ \u2192 400 in 286.5ms [req=0d955c03-0460-4312-a98e-534299c3d3ec]\n[INFO    ] application — [13a95d9c] PasswordResetConfirmPhone: start
[INFO    ] application — [b3510751] PasswordResetConfirmPhone: start
[ERROR   ] application \u2014 \u274c Password Confirm Error (Sync): Invalid or expired OTP.\n[INFO    ] application — [46cc2579] PasswordResetConfirmPhone: start
[ERROR   ] apps.audit_logs.services.audit — AuditService._write_sync() failed for payload={'event_type': EventType.PASSWORD_RESET_DONE, 'event_category': EventCategory.SECURITY, 'severity': 'warning', 'action': 'Password reset failed — invalid or expired OTP', 'actor_email': None, 'ip_address': '127.0.0.1', 'user_agent': None, 'device_type': None, 'browser_family': None, 'os_family': None, 'country': None, 'country_code': None, 'city': None, 'resource_type': 'UnifiedUser', 'resource_id': None, 'request_method': 'POST', 'request_path': '/api/v1/password/reset-phone-confirm/', 'response_status': None, 'duration_ms': None, 'old_values': None, 'new_values': None, 'metadata': {'flow': 'phone'}, 'error_message': 'OTP invalid or expired', 'is_compliance': True, 'retention_days': 2555}
Traceback (most recent call last):
  File "C:\Users\fashi\OneDrive\Documenti\FASHIONISTAR_ANTAGRAVITY\fashionistar_backend\apps\audit_logs\tasks.py", line 48, in write_audit_event
    obj = AuditEventLog(**payload)
  File "C:\Users\fashi\OneDrive\Documenti\FASHIONISTAR_ANTAGRAVITY\fashionistar_backend\.venv\Lib\site-packages\django\db\models\base.py", line 590, in __init__
    raise TypeError(
    ...<2 lines>...
    )
TypeError: AuditEventLog() got unexpected keyword arguments: 'country_code', 'city'

During handling of the above exception, another exception occurred:

Traceback (most recent call last):
  File "C:\Users\fashi\OneDrive\Documenti\FASHIONISTAR_ANTAGRAVITY\fashionistar_backend\apps\audit_logs\services\audit.py", line 261, in _dispatch
    write_audit_event.apply_async(
    ~~~~~~~~~~~~~~~~~~~~~~~~~~~~~^
        kwargs={"payload": payload},
        ^^^^^^^^^^^^^^^^^^^^^^^^^^^^
        retry=False,
        ^^^^^^^^^^^^
        ignore_result=True,
        ^^^^^^^^^^^^^^^^^^^
    )
    ^
  File "C:\Users\fashi\OneDrive\Documenti\FASHIONISTAR_ANTAGRAVITY\fashionistar_backend\.venv\Lib\site-packages\celery\app\task.py", line 605, in apply_async
    return self.apply(args, kwargs, task_id=task_id or uuid(),
           ~~~~~~~~~~^^^^^^^^^^^^^^^^^^^^^^^^^^^^^^^^^^^^^^^^^
                      link=link, link_error=link_error, **options)
                      ^^^^^^^^^^^^^^^^^^^^^^^^^^^^^^^^^^^^^^^^^^^^
  File "C:\Users\fashi\OneDrive\Documenti\FASHIONISTAR_ANTAGRAVITY\fashionistar_backend\.venv\Lib\site-packages\celery\app\task.py", line 843, in apply
    ret = tracer(task_id, args, kwargs, request)
  File "C:\Users\fashi\OneDrive\Documenti\FASHIONISTAR_ANTAGRAVITY\fashionistar_backend\.venv\Lib\site-packages\celery\app\trace.py", line 494, in trace_task
    I, R, state, retval = on_error(
                          ~~~~~~~~^
        task_request, exc, RETRY, call_errbacks=False)
        ^^^^^^^^^^^^^^^^^^^^^^^^^^^^^^^^^^^^^^^^^^^^^^
  File "C:\Users\fashi\OneDrive\Documenti\FASHIONISTAR_ANTAGRAVITY\fashionistar_backend\.venv\Lib\site-packages\celery\app\trace.py", line 479, in trace_task
    R = retval = fun(*args, **kwargs)
                 ~~~^^^^^^^^^^^^^^^^^
  File "C:\Users\fashi\OneDrive\Documenti\FASHIONISTAR_ANTAGRAVITY\fashionistar_backend\apps\audit_logs\tasks.py", line 65, in write_audit_event
    raise self.retry(exc=exc)
          ~~~~~~~~~~^^^^^^^^^
  File "C:\Users\fashi\OneDrive\Documenti\FASHIONISTAR_ANTAGRAVITY\fashionistar_backend\.venv\Lib\site-packages\celery\app\task.py", line 763, in retry
    raise ret
celery.exceptions.Retry: Retry in 5s: TypeError("AuditEventLog() got unexpected keyword arguments: 'country_code', 'city'")

During handling of the above exception, another exception occurred:

Traceback (most recent call last):
  File "C:\Users\fashi\OneDrive\Documenti\FASHIONISTAR_ANTAGRAVITY\fashionistar_backend\apps\audit_logs\services\audit.py", line 275, in _write_sync
    obj = AuditEventLog(**payload)
  File "C:\Users\fashi\OneDrive\Documenti\FASHIONISTAR_ANTAGRAVITY\fashionistar_backend\.venv\Lib\site-packages\django\db\models\base.py", line 590, in __init__
    raise TypeError(
    ...<2 lines>...
    )
TypeError: AuditEventLog() got unexpected keyword arguments: 'country_code', 'city'
[ERROR   ] application \u2014 \u274c Password Confirm Error (Sync): Invalid or expired OTP.\n[ERROR   ] apps.audit_logs.services.audit — AuditService._write_sync() failed for payload={'event_type': EventType.PASSWORD_RESET_DONE, 'event_category': EventCategory.SECURITY, 'severity': 'warning', 'action': 'Password reset failed — invalid or expired OTP', 'actor_email': None, 'ip_address': '127.0.0.1', 'user_agent': None, 'device_type': None, 'browser_family': None, 'os_family': None, 'country': None, 'country_code': None, 'city': None, 'resource_type': 'UnifiedUser', 'resource_id': None, 'request_method': 'POST', 'request_path': '/api/v1/password/reset-phone-confirm/', 'response_status': None, 'duration_ms': None, 'old_values': None, 'new_values': None, 'metadata': {'flow': 'phone'}, 'error_message': 'OTP invalid or expired', 'is_compliance': True, 'retention_days': 2555}
Traceback (most recent call last):
  File "C:\Users\fashi\OneDrive\Documenti\FASHIONISTAR_ANTAGRAVITY\fashionistar_backend\apps\audit_logs\tasks.py", line 48, in write_audit_event
    obj = AuditEventLog(**payload)
  File "C:\Users\fashi\OneDrive\Documenti\FASHIONISTAR_ANTAGRAVITY\fashionistar_backend\.venv\Lib\site-packages\django\db\models\base.py", line 590, in __init__
    raise TypeError(
    ...<2 lines>...
    )
TypeError: AuditEventLog() got unexpected keyword arguments: 'country_code', 'city'

During handling of the above exception, another exception occurred:

Traceback (most recent call last):
  File "C:\Users\fashi\OneDrive\Documenti\FASHIONISTAR_ANTAGRAVITY\fashionistar_backend\apps\audit_logs\services\audit.py", line 261, in _dispatch
    write_audit_event.apply_async(
    ~~~~~~~~~~~~~~~~~~~~~~~~~~~~~^
        kwargs={"payload": payload},
        ^^^^^^^^^^^^^^^^^^^^^^^^^^^^
        retry=False,
        ^^^^^^^^^^^^
        ignore_result=True,
        ^^^^^^^^^^^^^^^^^^^
    )
    ^
  File "C:\Users\fashi\OneDrive\Documenti\FASHIONISTAR_ANTAGRAVITY\fashionistar_backend\.venv\Lib\site-packages\celery\app\task.py", line 605, in apply_async
    return self.apply(args, kwargs, task_id=task_id or uuid(),
           ~~~~~~~~~~^^^^^^^^^^^^^^^^^^^^^^^^^^^^^^^^^^^^^^^^^
                      link=link, link_error=link_error, **options)
                      ^^^^^^^^^^^^^^^^^^^^^^^^^^^^^^^^^^^^^^^^^^^^
  File "C:\Users\fashi\OneDrive\Documenti\FASHIONISTAR_ANTAGRAVITY\fashionistar_backend\.venv\Lib\site-packages\celery\app\task.py", line 843, in apply
    ret = tracer(task_id, args, kwargs, request)
  File "C:\Users\fashi\OneDrive\Documenti\FASHIONISTAR_ANTAGRAVITY\fashionistar_backend\.venv\Lib\site-packages\celery\app\trace.py", line 494, in trace_task
    I, R, state, retval = on_error(
                          ~~~~~~~~^
        task_request, exc, RETRY, call_errbacks=False)
        ^^^^^^^^^^^^^^^^^^^^^^^^^^^^^^^^^^^^^^^^^^^^^^
  File "C:\Users\fashi\OneDrive\Documenti\FASHIONISTAR_ANTAGRAVITY\fashionistar_backend\.venv\Lib\site-packages\celery\app\trace.py", line 479, in trace_task
    R = retval = fun(*args, **kwargs)
                 ~~~^^^^^^^^^^^^^^^^^
  File "C:\Users\fashi\OneDrive\Documenti\FASHIONISTAR_ANTAGRAVITY\fashionistar_backend\apps\audit_logs\tasks.py", line 65, in write_audit_event
    raise self.retry(exc=exc)
          ~~~~~~~~~~^^^^^^^^^
  File "C:\Users\fashi\OneDrive\Documenti\FASHIONISTAR_ANTAGRAVITY\fashionistar_backend\.venv\Lib\site-packages\celery\app\task.py", line 763, in retry
    raise ret
celery.exceptions.Retry: Retry in 5s: TypeError("AuditEventLog() got unexpected keyword arguments: 'country_code', 'city'")

During handling of the above exception, another exception occurred:

Traceback (most recent call last):
  File "C:\Users\fashi\OneDrive\Documenti\FASHIONISTAR_ANTAGRAVITY\fashionistar_backend\apps\audit_logs\services\audit.py", line 275, in _write_sync
    obj = AuditEventLog(**payload)
  File "C:\Users\fashi\OneDrive\Documenti\FASHIONISTAR_ANTAGRAVITY\fashionistar_backend\.venv\Lib\site-packages\django\db\models\base.py", line 590, in __init__
    raise TypeError(
    ...<2 lines>...
    )
TypeError: AuditEventLog() got unexpected keyword arguments: 'country_code', 'city'
[INFO    ] application — [f1f9d1ba] PasswordResetConfirmPhone: start
[INFO    ] application — [e4c481a9] PasswordResetConfirmPhone: start
[WARNING ] apps.audit_logs.tasks — write_audit_event failed (attempt 1/3): AuditEventLog() got unexpected keyword arguments: 'country_code', 'city' — event_type=password_reset_done
[INFO    ] application — [e3bfe307] PasswordResetConfirmPhone: start
[WARNING ] apps.audit_logs.tasks — write_audit_event failed (attempt 1/3): AuditEventLog() got unexpected keyword arguments: 'country_code', 'city' — event_type=password_reset_done
[WARNING ] application — [927d4b99] PasswordResetConfirmPhone: failed — Invalid or expired OTP.
[INFO    ] application — [d3884001] PasswordResetConfirmPhone: start
[INFO    ] application — [c26af4a6] PasswordResetConfirmPhone: start
[WARNING ] apps.audit_logs.tasks — write_audit_event failed (attempt 1/3): AuditEventLog() got unexpected keyword arguments: 'country_code', 'city' — event_type=password_reset_done
[ERROR   ] application \u2014 \u274c Password Confirm Error (Sync): Invalid or expired OTP.\n[WARNING ] application — [10b9b69a] PasswordResetConfirmPhone: failed — Invalid or expired OTP.
[INFO    ] application — [98a61a01] PasswordResetConfirmPhone: start
[ERROR   ] application \u2014 \u274c Password Confirm Error (Sync): Invalid or expired OTP.\n[INFO    ] application — [c709cc51] PasswordResetConfirmPhone: start
[INFO    ] application — [1094b6cd] PasswordResetConfirmPhone: start
[WARNING ] apps.audit_logs.tasks — write_audit_event failed (attempt 1/3): AuditEventLog() got unexpected keyword arguments: 'country_code', 'city' — event_type=password_reset_done
[WARNING ] apps.audit_logs.tasks — write_audit_event failed (attempt 1/3): AuditEventLog() got unexpected keyword arguments: 'country_code', 'city' — event_type=password_reset_done
[INFO    ] application — [1b3615de] PasswordResetConfirmPhone: start
[WARNING ] apps.audit_logs.tasks — write_audit_event failed (attempt 1/3): AuditEventLog() got unexpected keyword arguments: 'country_code', 'city' — event_type=password_reset_done
[ERROR   ] apps.audit_logs.services.audit — AuditService._write_sync() failed for payload={'event_type': EventType.PASSWORD_RESET_DONE, 'event_category': EventCategory.SECURITY, 'severity': 'warning', 'action': 'Password reset failed — invalid or expired OTP', 'actor_email': None, 'ip_address': '127.0.0.1', 'user_agent': None, 'device_type': None, 'browser_family': None, 'os_family': None, 'country': None, 'country_code': None, 'city': None, 'resource_type': 'UnifiedUser', 'resource_id': None, 'request_method': 'POST', 'request_path': '/api/v1/password/reset-phone-confirm/', 'response_status': None, 'duration_ms': None, 'old_values': None, 'new_values': None, 'metadata': {'flow': 'phone'}, 'error_message': 'OTP invalid or expired', 'is_compliance': True, 'retention_days': 2555}
Traceback (most recent call last):
  File "C:\Users\fashi\OneDrive\Documenti\FASHIONISTAR_ANTAGRAVITY\fashionistar_backend\apps\audit_logs\tasks.py", line 48, in write_audit_event
    obj = AuditEventLog(**payload)
  File "C:\Users\fashi\OneDrive\Documenti\FASHIONISTAR_ANTAGRAVITY\fashionistar_backend\.venv\Lib\site-packages\django\db\models\base.py", line 590, in __init__
    raise TypeError(
    ...<2 lines>...
    )
TypeError: AuditEventLog() got unexpected keyword arguments: 'country_code', 'city'

During handling of the above exception, another exception occurred:

Traceback (most recent call last):
  File "C:\Users\fashi\OneDrive\Documenti\FASHIONISTAR_ANTAGRAVITY\fashionistar_backend\apps\audit_logs\services\audit.py", line 261, in _dispatch
    write_audit_event.apply_async(
    ~~~~~~~~~~~~~~~~~~~~~~~~~~~~~^
        kwargs={"payload": payload},
        ^^^^^^^^^^^^^^^^^^^^^^^^^^^^
        retry=False,
        ^^^^^^^^^^^^
        ignore_result=True,
        ^^^^^^^^^^^^^^^^^^^
    )
    ^
  File "C:\Users\fashi\OneDrive\Documenti\FASHIONISTAR_ANTAGRAVITY\fashionistar_backend\.venv\Lib\site-packages\celery\app\task.py", line 605, in apply_async
    return self.apply(args, kwargs, task_id=task_id or uuid(),
           ~~~~~~~~~~^^^^^^^^^^^^^^^^^^^^^^^^^^^^^^^^^^^^^^^^^
                      link=link, link_error=link_error, **options)
                      ^^^^^^^^^^^^^^^^^^^^^^^^^^^^^^^^^^^^^^^^^^^^
  File "C:\Users\fashi\OneDrive\Documenti\FASHIONISTAR_ANTAGRAVITY\fashionistar_backend\.venv\Lib\site-packages\celery\app\task.py", line 843, in apply
    ret = tracer(task_id, args, kwargs, request)
  File "C:\Users\fashi\OneDrive\Documenti\FASHIONISTAR_ANTAGRAVITY\fashionistar_backend\.venv\Lib\site-packages\celery\app\trace.py", line 494, in trace_task
    I, R, state, retval = on_error(
                          ~~~~~~~~^
        task_request, exc, RETRY, call_errbacks=False)
        ^^^^^^^^^^^^^^^^^^^^^^^^^^^^^^^^^^^^^^^^^^^^^^
  File "C:\Users\fashi\OneDrive\Documenti\FASHIONISTAR_ANTAGRAVITY\fashionistar_backend\.venv\Lib\site-packages\celery\app\trace.py", line 479, in trace_task
    R = retval = fun(*args, **kwargs)
                 ~~~^^^^^^^^^^^^^^^^^
  File "C:\Users\fashi\OneDrive\Documenti\FASHIONISTAR_ANTAGRAVITY\fashionistar_backend\apps\audit_logs\tasks.py", line 65, in write_audit_event
    raise self.retry(exc=exc)
          ~~~~~~~~~~^^^^^^^^^
  File "C:\Users\fashi\OneDrive\Documenti\FASHIONISTAR_ANTAGRAVITY\fashionistar_backend\.venv\Lib\site-packages\celery\app\task.py", line 763, in retry
    raise ret
celery.exceptions.Retry: Retry in 5s: TypeError("AuditEventLog() got unexpected keyword arguments: 'country_code', 'city'")

During handling of the above exception, another exception occurred:

Traceback (most recent call last):
  File "C:\Users\fashi\OneDrive\Documenti\FASHIONISTAR_ANTAGRAVITY\fashionistar_backend\apps\audit_logs\services\audit.py", line 275, in _write_sync
    obj = AuditEventLog(**payload)
  File "C:\Users\fashi\OneDrive\Documenti\FASHIONISTAR_ANTAGRAVITY\fashionistar_backend\.venv\Lib\site-packages\django\db\models\base.py", line 590, in __init__
    raise TypeError(
    ...<2 lines>...
    )
TypeError: AuditEventLog() got unexpected keyword arguments: 'country_code', 'city'
[INFO    ] security — SECURITY_AUDIT action=CLIENT_ERROR req=8dfa5da0-0620-4358-9697-277bddb8538b device=fp:57efdd91ba75ee0012c0 session=- ip=127.0.0.1 method=POST path=/api/v1/password/reset-phone-confirm/ status=400 duration_ms=961.5 user_id=anonymous role=anonymous ua='-' referrer=-
[INFO    ] application — [5127b61c] PasswordResetConfirmPhone: start
[WARNING ] apps.audit_logs.tasks — write_audit_event failed (attempt 1/3): AuditEventLog() got unexpected keyword arguments: 'country_code', 'city' — event_type=password_reset_done
[ERROR   ] apps.audit_logs.services.audit — AuditService._write_sync() failed for payload={'event_type': EventType.PASSWORD_RESET_DONE, 'event_category': EventCategory.SECURITY, 'severity': 'warning', 'action': 'Password reset failed — invalid or expired OTP', 'actor_email': None, 'ip_address': '127.0.0.1', 'user_agent': None, 'device_type': None, 'browser_family': None, 'os_family': None, 'country': None, 'country_code': None, 'city': None, 'resource_type': 'UnifiedUser', 'resource_id': None, 'request_method': 'POST', 'request_path': '/api/v1/password/reset-phone-confirm/', 'response_status': None, 'duration_ms': None, 'old_values': None, 'new_values': None, 'metadata': {'flow': 'phone'}, 'error_message': 'OTP invalid or expired', 'is_compliance': True, 'retention_days': 2555}
Traceback (most recent call last):
  File "C:\Users\fashi\OneDrive\Documenti\FASHIONISTAR_ANTAGRAVITY\fashionistar_backend\apps\audit_logs\tasks.py", line 48, in write_audit_event
    obj = AuditEventLog(**payload)
  File "C:\Users\fashi\OneDrive\Documenti\FASHIONISTAR_ANTAGRAVITY\fashionistar_backend\.venv\Lib\site-packages\django\db\models\base.py", line 590, in __init__
    raise TypeError(
    ...<2 lines>...
    )
TypeError: AuditEventLog() got unexpected keyword arguments: 'country_code', 'city'

During handling of the above exception, another exception occurred:

Traceback (most recent call last):
  File "C:\Users\fashi\OneDrive\Documenti\FASHIONISTAR_ANTAGRAVITY\fashionistar_backend\apps\audit_logs\services\audit.py", line 261, in _dispatch
    write_audit_event.apply_async(
    ~~~~~~~~~~~~~~~~~~~~~~~~~~~~~^
        kwargs={"payload": payload},
        ^^^^^^^^^^^^^^^^^^^^^^^^^^^^
        retry=False,
        ^^^^^^^^^^^^
        ignore_result=True,
        ^^^^^^^^^^^^^^^^^^^
    )
    ^
  File "C:\Users\fashi\OneDrive\Documenti\FASHIONISTAR_ANTAGRAVITY\fashionistar_backend\.venv\Lib\site-packages\celery\app\task.py", line 605, in apply_async
    return self.apply(args, kwargs, task_id=task_id or uuid(),
           ~~~~~~~~~~^^^^^^^^^^^^^^^^^^^^^^^^^^^^^^^^^^^^^^^^^
                      link=link, link_error=link_error, **options)
                      ^^^^^^^^^^^^^^^^^^^^^^^^^^^^^^^^^^^^^^^^^^^^
  File "C:\Users\fashi\OneDrive\Documenti\FASHIONISTAR_ANTAGRAVITY\fashionistar_backend\.venv\Lib\site-packages\celery\app\task.py", line 843, in apply
    ret = tracer(task_id, args, kwargs, request)
  File "C:\Users\fashi\OneDrive\Documenti\FASHIONISTAR_ANTAGRAVITY\fashionistar_backend\.venv\Lib\site-packages\celery\app\trace.py", line 494, in trace_task
    I, R, state, retval = on_error(
                          ~~~~~~~~^
        task_request, exc, RETRY, call_errbacks=False)
        ^^^^^^^^^^^^^^^^^^^^^^^^^^^^^^^^^^^^^^^^^^^^^^
  File "C:\Users\fashi\OneDrive\Documenti\FASHIONISTAR_ANTAGRAVITY\fashionistar_backend\.venv\Lib\site-packages\celery\app\trace.py", line 479, in trace_task
    R = retval = fun(*args, **kwargs)
                 ~~~^^^^^^^^^^^^^^^^^
  File "C:\Users\fashi\OneDrive\Documenti\FASHIONISTAR_ANTAGRAVITY\fashionistar_backend\apps\audit_logs\tasks.py", line 65, in write_audit_event
    raise self.retry(exc=exc)
          ~~~~~~~~~~^^^^^^^^^
  File "C:\Users\fashi\OneDrive\Documenti\FASHIONISTAR_ANTAGRAVITY\fashionistar_backend\.venv\Lib\site-packages\celery\app\task.py", line 763, in retry
    raise ret
celery.exceptions.Retry: Retry in 5s: TypeError("AuditEventLog() got unexpected keyword arguments: 'country_code', 'city'")

During handling of the above exception, another exception occurred:

Traceback (most recent call last):
  File "C:\Users\fashi\OneDrive\Documenti\FASHIONISTAR_ANTAGRAVITY\fashionistar_backend\apps\audit_logs\services\audit.py", line 275, in _write_sync
    obj = AuditEventLog(**payload)
  File "C:\Users\fashi\OneDrive\Documenti\FASHIONISTAR_ANTAGRAVITY\fashionistar_backend\.venv\Lib\site-packages\django\db\models\base.py", line 590, in __init__
    raise TypeError(
    ...<2 lines>...
    )
TypeError: AuditEventLog() got unexpected keyword arguments: 'country_code', 'city'
[WARNING ] apps.audit_logs.tasks — write_audit_event failed (attempt 1/3): AuditEventLog() got unexpected keyword arguments: 'country_code', 'city' — event_type=password_reset_done
[WARNING ] application — [5c853d26] PasswordResetConfirmPhone: failed — Invalid or expired OTP.
[INFO    ] security — SECURITY_AUDIT action=CLIENT_ERROR req=8a5f023d-f93d-4a07-a6eb-11134e45e9f0 device=fp:57efdd91ba75ee0012c0 session=- ip=127.0.0.1 method=POST path=/api/v1/password/reset-phone-confirm/ status=400 duration_ms=957.8 user_id=anonymous role=anonymous ua='-' referrer=-
[ERROR   ] apps.audit_logs.services.audit — AuditService._write_sync() failed for payload={'event_type': EventType.PASSWORD_RESET_DONE, 'event_category': EventCategory.SECURITY, 'severity': 'warning', 'action': 'Password reset failed — invalid or expired OTP', 'actor_email': None, 'ip_address': '127.0.0.1', 'user_agent': None, 'device_type': None, 'browser_family': None, 'os_family': None, 'country': None, 'country_code': None, 'city': None, 'resource_type': 'UnifiedUser', 'resource_id': None, 'request_method': 'POST', 'request_path': '/api/v1/password/reset-phone-confirm/', 'response_status': None, 'duration_ms': None, 'old_values': None, 'new_values': None, 'metadata': {'flow': 'phone'}, 'error_message': 'OTP invalid or expired', 'is_compliance': True, 'retention_days': 2555}
Traceback (most recent call last):
  File "C:\Users\fashi\OneDrive\Documenti\FASHIONISTAR_ANTAGRAVITY\fashionistar_backend\apps\audit_logs\tasks.py", line 48, in write_audit_event
    obj = AuditEventLog(**payload)
  File "C:\Users\fashi\OneDrive\Documenti\FASHIONISTAR_ANTAGRAVITY\fashionistar_backend\.venv\Lib\site-packages\django\db\models\base.py", line 590, in __init__
    raise TypeError(
    ...<2 lines>...
    )
TypeError: AuditEventLog() got unexpected keyword arguments: 'country_code', 'city'

During handling of the above exception, another exception occurred:

Traceback (most recent call last):
  File "C:\Users\fashi\OneDrive\Documenti\FASHIONISTAR_ANTAGRAVITY\fashionistar_backend\apps\audit_logs\services\audit.py", line 261, in _dispatch
    write_audit_event.apply_async(
    ~~~~~~~~~~~~~~~~~~~~~~~~~~~~~^
        kwargs={"payload": payload},
        ^^^^^^^^^^^^^^^^^^^^^^^^^^^^
        retry=False,
        ^^^^^^^^^^^^
        ignore_result=True,
        ^^^^^^^^^^^^^^^^^^^
    )
    ^
  File "C:\Users\fashi\OneDrive\Documenti\FASHIONISTAR_ANTAGRAVITY\fashionistar_backend\.venv\Lib\site-packages\celery\app\task.py", line 605, in apply_async
    return self.apply(args, kwargs, task_id=task_id or uuid(),
           ~~~~~~~~~~^^^^^^^^^^^^^^^^^^^^^^^^^^^^^^^^^^^^^^^^^
                      link=link, link_error=link_error, **options)
                      ^^^^^^^^^^^^^^^^^^^^^^^^^^^^^^^^^^^^^^^^^^^^
  File "C:\Users\fashi\OneDrive\Documenti\FASHIONISTAR_ANTAGRAVITY\fashionistar_backend\.venv\Lib\site-packages\celery\app\task.py", line 843, in apply
    ret = tracer(task_id, args, kwargs, request)
  File "C:\Users\fashi\OneDrive\Documenti\FASHIONISTAR_ANTAGRAVITY\fashionistar_backend\.venv\Lib\site-packages\celery\app\trace.py", line 494, in trace_task
    I, R, state, retval = on_error(
                          ~~~~~~~~^
        task_request, exc, RETRY, call_errbacks=False)
        ^^^^^^^^^^^^^^^^^^^^^^^^^^^^^^^^^^^^^^^^^^^^^^
  File "C:\Users\fashi\OneDrive\Documenti\FASHIONISTAR_ANTAGRAVITY\fashionistar_backend\.venv\Lib\site-packages\celery\app\trace.py", line 479, in trace_task
    R = retval = fun(*args, **kwargs)
                 ~~~^^^^^^^^^^^^^^^^^
  File "C:\Users\fashi\OneDrive\Documenti\FASHIONISTAR_ANTAGRAVITY\fashionistar_backend\apps\audit_logs\tasks.py", line 65, in write_audit_event
    raise self.retry(exc=exc)
          ~~~~~~~~~~^^^^^^^^^
  File "C:\Users\fashi\OneDrive\Documenti\FASHIONISTAR_ANTAGRAVITY\fashionistar_backend\.venv\Lib\site-packages\celery\app\task.py", line 763, in retry
    raise ret
celery.exceptions.Retry: Retry in 5s: TypeError("AuditEventLog() got unexpected keyword arguments: 'country_code', 'city'")

During handling of the above exception, another exception occurred:

Traceback (most recent call last):
  File "C:\Users\fashi\OneDrive\Documenti\FASHIONISTAR_ANTAGRAVITY\fashionistar_backend\apps\audit_logs\services\audit.py", line 275, in _write_sync
    obj = AuditEventLog(**payload)
  File "C:\Users\fashi\OneDrive\Documenti\FASHIONISTAR_ANTAGRAVITY\fashionistar_backend\.venv\Lib\site-packages\django\db\models\base.py", line 590, in __init__
    raise TypeError(
    ...<2 lines>...
    )
TypeError: AuditEventLog() got unexpected keyword arguments: 'country_code', 'city'
[WARNING ] apps.audit_logs.tasks — write_audit_event failed (attempt 1/3): AuditEventLog() got unexpected keyword arguments: 'country_code', 'city' — event_type=password_reset_done
[WARNING ] application — [7bc5c16d] PasswordResetConfirmPhone: failed — Invalid or expired OTP.
[INFO    ] application — [3cd80a23] PasswordResetConfirmPhone: start
[WARNING ] apps.audit_logs.tasks — write_audit_event failed (attempt 1/3): AuditEventLog() got unexpected keyword arguments: 'country_code', 'city' — event_type=password_reset_done
[WARNING ] apps.audit_logs.tasks — write_audit_event failed (attempt 1/3): AuditEventLog() got unexpected keyword arguments: 'country_code', 'city' — event_type=password_reset_done
[ERROR   ] apps.audit_logs.services.audit — AuditService._write_sync() failed for payload={'event_type': EventType.PASSWORD_RESET_DONE, 'event_category': EventCategory.SECURITY, 'severity': 'warning', 'action': 'Password reset failed — invalid or expired OTP', 'actor_email': None, 'ip_address': '127.0.0.1', 'user_agent': None, 'device_type': None, 'browser_family': None, 'os_family': None, 'country': None, 'country_code': None, 'city': None, 'resource_type': 'UnifiedUser', 'resource_id': None, 'request_method': 'POST', 'request_path': '/api/v1/password/reset-phone-confirm/', 'response_status': None, 'duration_ms': None, 'old_values': None, 'new_values': None, 'metadata': {'flow': 'phone'}, 'error_message': 'OTP invalid or expired', 'is_compliance': True, 'retention_days': 2555}
Traceback (most recent call last):
  File "C:\Users\fashi\OneDrive\Documenti\FASHIONISTAR_ANTAGRAVITY\fashionistar_backend\apps\audit_logs\tasks.py", line 48, in write_audit_event
    obj = AuditEventLog(**payload)
  File "C:\Users\fashi\OneDrive\Documenti\FASHIONISTAR_ANTAGRAVITY\fashionistar_backend\.venv\Lib\site-packages\django\db\models\base.py", line 590, in __init__
    raise TypeError(
    ...<2 lines>...
    )
TypeError: AuditEventLog() got unexpected keyword arguments: 'country_code', 'city'

During handling of the above exception, another exception occurred:

Traceback (most recent call last):
  File "C:\Users\fashi\OneDrive\Documenti\FASHIONISTAR_ANTAGRAVITY\fashionistar_backend\apps\audit_logs\services\audit.py", line 261, in _dispatch
    write_audit_event.apply_async(
    ~~~~~~~~~~~~~~~~~~~~~~~~~~~~~^
        kwargs={"payload": payload},
        ^^^^^^^^^^^^^^^^^^^^^^^^^^^^
        retry=False,
        ^^^^^^^^^^^^
        ignore_result=True,
        ^^^^^^^^^^^^^^^^^^^
    )
    ^
  File "C:\Users\fashi\OneDrive\Documenti\FASHIONISTAR_ANTAGRAVITY\fashionistar_backend\.venv\Lib\site-packages\celery\app\task.py", line 605, in apply_async
    return self.apply(args, kwargs, task_id=task_id or uuid(),
           ~~~~~~~~~~^^^^^^^^^^^^^^^^^^^^^^^^^^^^^^^^^^^^^^^^^
                      link=link, link_error=link_error, **options)
                      ^^^^^^^^^^^^^^^^^^^^^^^^^^^^^^^^^^^^^^^^^^^^
  File "C:\Users\fashi\OneDrive\Documenti\FASHIONISTAR_ANTAGRAVITY\fashionistar_backend\.venv\Lib\site-packages\celery\app\task.py", line 843, in apply
    ret = tracer(task_id, args, kwargs, request)
  File "C:\Users\fashi\OneDrive\Documenti\FASHIONISTAR_ANTAGRAVITY\fashionistar_backend\.venv\Lib\site-packages\celery\app\trace.py", line 494, in trace_task
    I, R, state, retval = on_error(
                          ~~~~~~~~^
        task_request, exc, RETRY, call_errbacks=False)
        ^^^^^^^^^^^^^^^^^^^^^^^^^^^^^^^^^^^^^^^^^^^^^^
  File "C:\Users\fashi\OneDrive\Documenti\FASHIONISTAR_ANTAGRAVITY\fashionistar_backend\.venv\Lib\site-packages\celery\app\trace.py", line 479, in trace_task
    R = retval = fun(*args, **kwargs)
                 ~~~^^^^^^^^^^^^^^^^^
  File "C:\Users\fashi\OneDrive\Documenti\FASHIONISTAR_ANTAGRAVITY\fashionistar_backend\apps\audit_logs\tasks.py", line 65, in write_audit_event
    raise self.retry(exc=exc)
          ~~~~~~~~~~^^^^^^^^^
  File "C:\Users\fashi\OneDrive\Documenti\FASHIONISTAR_ANTAGRAVITY\fashionistar_backend\.venv\Lib\site-packages\celery\app\task.py", line 763, in retry
    raise ret
celery.exceptions.Retry: Retry in 5s: TypeError("AuditEventLog() got unexpected keyword arguments: 'country_code', 'city'")

During handling of the above exception, another exception occurred:

Traceback (most recent call last):
  File "C:\Users\fashi\OneDrive\Documenti\FASHIONISTAR_ANTAGRAVITY\fashionistar_backend\apps\audit_logs\services\audit.py", line 275, in _write_sync
    obj = AuditEventLog(**payload)
  File "C:\Users\fashi\OneDrive\Documenti\FASHIONISTAR_ANTAGRAVITY\fashionistar_backend\.venv\Lib\site-packages\django\db\models\base.py", line 590, in __init__
    raise TypeError(
    ...<2 lines>...
    )
TypeError: AuditEventLog() got unexpected keyword arguments: 'country_code', 'city'
[WARNING ] apps.audit_logs.tasks — write_audit_event failed (attempt 1/3): AuditEventLog() got unexpected keyword arguments: 'country_code', 'city' — event_type=password_reset_done
[ERROR   ] apps.audit_logs.services.audit — AuditService._write_sync() failed for payload={'event_type': EventType.PASSWORD_RESET_DONE, 'event_category': EventCategory.SECURITY, 'severity': 'warning', 'action': 'Password reset failed — invalid or expired OTP', 'actor_email': None, 'ip_address': '127.0.0.1', 'user_agent': None, 'device_type': None, 'browser_family': None, 'os_family': None, 'country': None, 'country_code': None, 'city': None, 'resource_type': 'UnifiedUser', 'resource_id': None, 'request_method': 'POST', 'request_path': '/api/v1/password/reset-phone-confirm/', 'response_status': None, 'duration_ms': None, 'old_values': None, 'new_values': None, 'metadata': {'flow': 'phone'}, 'error_message': 'OTP invalid or expired', 'is_compliance': True, 'retention_days': 2555}
Traceback (most recent call last):
  File "C:\Users\fashi\OneDrive\Documenti\FASHIONISTAR_ANTAGRAVITY\fashionistar_backend\apps\audit_logs\tasks.py", line 48, in write_audit_event
    obj = AuditEventLog(**payload)
  File "C:\Users\fashi\OneDrive\Documenti\FASHIONISTAR_ANTAGRAVITY\fashionistar_backend\.venv\Lib\site-packages\django\db\models\base.py", line 590, in __init__
    raise TypeError(
    ...<2 lines>...
    )
TypeError: AuditEventLog() got unexpected keyword arguments: 'country_code', 'city'

During handling of the above exception, another exception occurred:

Traceback (most recent call last):
  File "C:\Users\fashi\OneDrive\Documenti\FASHIONISTAR_ANTAGRAVITY\fashionistar_backend\apps\audit_logs\services\audit.py", line 261, in _dispatch
    write_audit_event.apply_async(
    ~~~~~~~~~~~~~~~~~~~~~~~~~~~~~^
        kwargs={"payload": payload},
        ^^^^^^^^^^^^^^^^^^^^^^^^^^^^
        retry=False,
        ^^^^^^^^^^^^
        ignore_result=True,
        ^^^^^^^^^^^^^^^^^^^
    )
    ^
  File "C:\Users\fashi\OneDrive\Documenti\FASHIONISTAR_ANTAGRAVITY\fashionistar_backend\.venv\Lib\site-packages\celery\app\task.py", line 605, in apply_async
    return self.apply(args, kwargs, task_id=task_id or uuid(),
           ~~~~~~~~~~^^^^^^^^^^^^^^^^^^^^^^^^^^^^^^^^^^^^^^^^^
                      link=link, link_error=link_error, **options)
                      ^^^^^^^^^^^^^^^^^^^^^^^^^^^^^^^^^^^^^^^^^^^^
  File "C:\Users\fashi\OneDrive\Documenti\FASHIONISTAR_ANTAGRAVITY\fashionistar_backend\.venv\Lib\site-packages\celery\app\task.py", line 843, in apply
    ret = tracer(task_id, args, kwargs, request)
  File "C:\Users\fashi\OneDrive\Documenti\FASHIONISTAR_ANTAGRAVITY\fashionistar_backend\.venv\Lib\site-packages\celery\app\trace.py", line 494, in trace_task
    I, R, state, retval = on_error(
                          ~~~~~~~~^
        task_request, exc, RETRY, call_errbacks=False)
        ^^^^^^^^^^^^^^^^^^^^^^^^^^^^^^^^^^^^^^^^^^^^^^
  File "C:\Users\fashi\OneDrive\Documenti\FASHIONISTAR_ANTAGRAVITY\fashionistar_backend\.venv\Lib\site-packages\celery\app\trace.py", line 479, in trace_task
    R = retval = fun(*args, **kwargs)
                 ~~~^^^^^^^^^^^^^^^^^
  File "C:\Users\fashi\OneDrive\Documenti\FASHIONISTAR_ANTAGRAVITY\fashionistar_backend\apps\audit_logs\tasks.py", line 65, in write_audit_event
    raise self.retry(exc=exc)
          ~~~~~~~~~~^^^^^^^^^
  File "C:\Users\fashi\OneDrive\Documenti\FASHIONISTAR_ANTAGRAVITY\fashionistar_backend\.venv\Lib\site-packages\celery\app\task.py", line 763, in retry
    raise ret
celery.exceptions.Retry: Retry in 5s: TypeError("AuditEventLog() got unexpected keyword arguments: 'country_code', 'city'")

During handling of the above exception, another exception occurred:

Traceback (most recent call last):
  File "C:\Users\fashi\OneDrive\Documenti\FASHIONISTAR_ANTAGRAVITY\fashionistar_backend\apps\audit_logs\services\audit.py", line 275, in _write_sync
    obj = AuditEventLog(**payload)
  File "C:\Users\fashi\OneDrive\Documenti\FASHIONISTAR_ANTAGRAVITY\fashionistar_backend\.venv\Lib\site-packages\django\db\models\base.py", line 590, in __init__
    raise TypeError(
    ...<2 lines>...
    )
TypeError: AuditEventLog() got unexpected keyword arguments: 'country_code', 'city'
[ERROR   ] application \u2014 \u274c Password Confirm Error (Sync): Invalid or expired OTP.\n[ERROR   ] apps.audit_logs.services.audit — AuditService._write_sync() failed for payload={'event_type': EventType.PASSWORD_RESET_DONE, 'event_category': EventCategory.SECURITY, 'severity': 'warning', 'action': 'Password reset failed — invalid or expired OTP', 'actor_email': None, 'ip_address': '127.0.0.1', 'user_agent': None, 'device_type': None, 'browser_family': None, 'os_family': None, 'country': None, 'country_code': None, 'city': None, 'resource_type': 'UnifiedUser', 'resource_id': None, 'request_method': 'POST', 'request_path': '/api/v1/password/reset-phone-confirm/', 'response_status': None, 'duration_ms': None, 'old_values': None, 'new_values': None, 'metadata': {'flow': 'phone'}, 'error_message': 'OTP invalid or expired', 'is_compliance': True, 'retention_days': 2555}
Traceback (most recent call last):
  File "C:\Users\fashi\OneDrive\Documenti\FASHIONISTAR_ANTAGRAVITY\fashionistar_backend\apps\audit_logs\tasks.py", line 48, in write_audit_event
    obj = AuditEventLog(**payload)
  File "C:\Users\fashi\OneDrive\Documenti\FASHIONISTAR_ANTAGRAVITY\fashionistar_backend\.venv\Lib\site-packages\django\db\models\base.py", line 590, in __init__
    raise TypeError(
    ...<2 lines>...
    )
TypeError: AuditEventLog() got unexpected keyword arguments: 'country_code', 'city'

During handling of the above exception, another exception occurred:

Traceback (most recent call last):
  File "C:\Users\fashi\OneDrive\Documenti\FASHIONISTAR_ANTAGRAVITY\fashionistar_backend\apps\audit_logs\services\audit.py", line 261, in _dispatch
    write_audit_event.apply_async(
    ~~~~~~~~~~~~~~~~~~~~~~~~~~~~~^
        kwargs={"payload": payload},
        ^^^^^^^^^^^^^^^^^^^^^^^^^^^^
        retry=False,
        ^^^^^^^^^^^^
        ignore_result=True,
        ^^^^^^^^^^^^^^^^^^^
    )
    ^
  File "C:\Users\fashi\OneDrive\Documenti\FASHIONISTAR_ANTAGRAVITY\fashionistar_backend\.venv\Lib\site-packages\celery\app\task.py", line 605, in apply_async
    return self.apply(args, kwargs, task_id=task_id or uuid(),
           ~~~~~~~~~~^^^^^^^^^^^^^^^^^^^^^^^^^^^^^^^^^^^^^^^^^
                      link=link, link_error=link_error, **options)
                      ^^^^^^^^^^^^^^^^^^^^^^^^^^^^^^^^^^^^^^^^^^^^
  File "C:\Users\fashi\OneDrive\Documenti\FASHIONISTAR_ANTAGRAVITY\fashionistar_backend\.venv\Lib\site-packages\celery\app\task.py", line 843, in apply
    ret = tracer(task_id, args, kwargs, request)
  File "C:\Users\fashi\OneDrive\Documenti\FASHIONISTAR_ANTAGRAVITY\fashionistar_backend\.venv\Lib\site-packages\celery\app\trace.py", line 494, in trace_task
    I, R, state, retval = on_error(
                          ~~~~~~~~^
        task_request, exc, RETRY, call_errbacks=False)
        ^^^^^^^^^^^^^^^^^^^^^^^^^^^^^^^^^^^^^^^^^^^^^^
  File "C:\Users\fashi\OneDrive\Documenti\FASHIONISTAR_ANTAGRAVITY\fashionistar_backend\.venv\Lib\site-packages\celery\app\trace.py", line 479, in trace_task
    R = retval = fun(*args, **kwargs)
                 ~~~^^^^^^^^^^^^^^^^^
  File "C:\Users\fashi\OneDrive\Documenti\FASHIONISTAR_ANTAGRAVITY\fashionistar_backend\apps\audit_logs\tasks.py", line 65, in write_audit_event
    raise self.retry(exc=exc)
          ~~~~~~~~~~^^^^^^^^^
  File "C:\Users\fashi\OneDrive\Documenti\FASHIONISTAR_ANTAGRAVITY\fashionistar_backend\.venv\Lib\site-packages\celery\app\task.py", line 763, in retry
    raise ret
celery.exceptions.Retry: Retry in 5s: TypeError("AuditEventLog() got unexpected keyword arguments: 'country_code', 'city'")

During handling of the above exception, another exception occurred:

Traceback (most recent call last):
  File "C:\Users\fashi\OneDrive\Documenti\FASHIONISTAR_ANTAGRAVITY\fashionistar_backend\apps\audit_logs\services\audit.py", line 275, in _write_sync
    obj = AuditEventLog(**payload)
  File "C:\Users\fashi\OneDrive\Documenti\FASHIONISTAR_ANTAGRAVITY\fashionistar_backend\.venv\Lib\site-packages\django\db\models\base.py", line 590, in __init__
    raise TypeError(
    ...<2 lines>...
    )
TypeError: AuditEventLog() got unexpected keyword arguments: 'country_code', 'city'
[INFO    ] security — SECURITY_AUDIT action=CLIENT_ERROR req=1c19f11f-a98c-43cf-a4ff-25e8b7a1da79 device=fp:57efdd91ba75ee0012c0 session=- ip=127.0.0.1 method=POST path=/api/v1/password/reset-phone-confirm/ status=400 duration_ms=1003.7 user_id=anonymous role=anonymous ua='-' referrer=-
[WARNING ] apps.audit_logs.tasks — write_audit_event failed (attempt 1/3): AuditEventLog() got unexpected keyword arguments: 'country_code', 'city' — event_type=password_reset_done
[ERROR   ] application \u2014 \u274c Password Confirm Error (Sync): Invalid or expired OTP.\n[INFO    ] apps.common.middleware \u2014 [POST] /api/v1/password/reset-phone-confirm/ \u2192 400 in 1099.1ms [req=8dfa5da0-0620-4358-9697-277bddb8538b]\n[ERROR   ] apps.audit_logs.services.audit — AuditService._write_sync() failed for payload={'event_type': EventType.PASSWORD_RESET_DONE, 'event_category': EventCategory.SECURITY, 'severity': 'warning', 'action': 'Password reset failed — invalid or expired OTP', 'actor_email': None, 'ip_address': '127.0.0.1', 'user_agent': None, 'device_type': None, 'browser_family': None, 'os_family': None, 'country': None, 'country_code': None, 'city': None, 'resource_type': 'UnifiedUser', 'resource_id': None, 'request_method': 'POST', 'request_path': '/api/v1/password/reset-phone-confirm/', 'response_status': None, 'duration_ms': None, 'old_values': None, 'new_values': None, 'metadata': {'flow': 'phone'}, 'error_message': 'OTP invalid or expired', 'is_compliance': True, 'retention_days': 2555}
Traceback (most recent call last):
  File "C:\Users\fashi\OneDrive\Documenti\FASHIONISTAR_ANTAGRAVITY\fashionistar_backend\apps\audit_logs\tasks.py", line 48, in write_audit_event
    obj = AuditEventLog(**payload)
  File "C:\Users\fashi\OneDrive\Documenti\FASHIONISTAR_ANTAGRAVITY\fashionistar_backend\.venv\Lib\site-packages\django\db\models\base.py", line 590, in __init__
    raise TypeError(
    ...<2 lines>...
    )
TypeError: AuditEventLog() got unexpected keyword arguments: 'country_code', 'city'

During handling of the above exception, another exception occurred:

Traceback (most recent call last):
  File "C:\Users\fashi\OneDrive\Documenti\FASHIONISTAR_ANTAGRAVITY\fashionistar_backend\apps\audit_logs\services\audit.py", line 261, in _dispatch
    write_audit_event.apply_async(
    ~~~~~~~~~~~~~~~~~~~~~~~~~~~~~^
        kwargs={"payload": payload},
        ^^^^^^^^^^^^^^^^^^^^^^^^^^^^
        retry=False,
        ^^^^^^^^^^^^
        ignore_result=True,
        ^^^^^^^^^^^^^^^^^^^
    )
    ^
  File "C:\Users\fashi\OneDrive\Documenti\FASHIONISTAR_ANTAGRAVITY\fashionistar_backend\.venv\Lib\site-packages\celery\app\task.py", line 605, in apply_async
    return self.apply(args, kwargs, task_id=task_id or uuid(),
           ~~~~~~~~~~^^^^^^^^^^^^^^^^^^^^^^^^^^^^^^^^^^^^^^^^^
                      link=link, link_error=link_error, **options)
                      ^^^^^^^^^^^^^^^^^^^^^^^^^^^^^^^^^^^^^^^^^^^^
  File "C:\Users\fashi\OneDrive\Documenti\FASHIONISTAR_ANTAGRAVITY\fashionistar_backend\.venv\Lib\site-packages\celery\app\task.py", line 843, in apply
    ret = tracer(task_id, args, kwargs, request)
  File "C:\Users\fashi\OneDrive\Documenti\FASHIONISTAR_ANTAGRAVITY\fashionistar_backend\.venv\Lib\site-packages\celery\app\trace.py", line 494, in trace_task
    I, R, state, retval = on_error(
                          ~~~~~~~~^
        task_request, exc, RETRY, call_errbacks=False)
        ^^^^^^^^^^^^^^^^^^^^^^^^^^^^^^^^^^^^^^^^^^^^^^
  File "C:\Users\fashi\OneDrive\Documenti\FASHIONISTAR_ANTAGRAVITY\fashionistar_backend\.venv\Lib\site-packages\celery\app\trace.py", line 479, in trace_task
    R = retval = fun(*args, **kwargs)
                 ~~~^^^^^^^^^^^^^^^^^
  File "C:\Users\fashi\OneDrive\Documenti\FASHIONISTAR_ANTAGRAVITY\fashionistar_backend\apps\audit_logs\tasks.py", line 65, in write_audit_event
    raise self.retry(exc=exc)
          ~~~~~~~~~~^^^^^^^^^
  File "C:\Users\fashi\OneDrive\Documenti\FASHIONISTAR_ANTAGRAVITY\fashionistar_backend\.venv\Lib\site-packages\celery\app\task.py", line 763, in retry
    raise ret
celery.exceptions.Retry: Retry in 5s: TypeError("AuditEventLog() got unexpected keyword arguments: 'country_code', 'city'")

During handling of the above exception, another exception occurred:

Traceback (most recent call last):
  File "C:\Users\fashi\OneDrive\Documenti\FASHIONISTAR_ANTAGRAVITY\fashionistar_backend\apps\audit_logs\services\audit.py", line 275, in _write_sync
    obj = AuditEventLog(**payload)
  File "C:\Users\fashi\OneDrive\Documenti\FASHIONISTAR_ANTAGRAVITY\fashionistar_backend\.venv\Lib\site-packages\django\db\models\base.py", line 590, in __init__
    raise TypeError(
    ...<2 lines>...
    )
TypeError: AuditEventLog() got unexpected keyword arguments: 'country_code', 'city'
[INFO    ] apps.common.middleware \u2014 [POST] /api/v1/password/reset-phone-confirm/ \u2192 400 in 1084.3ms [req=8a5f023d-f93d-4a07-a6eb-11134e45e9f0]\n[ERROR   ] application \u2014 \u274c Password Confirm Error (Sync): Invalid or expired OTP.\n[ERROR   ] apps.audit_logs.services.audit — AuditService._write_sync() failed for payload={'event_type': EventType.PASSWORD_RESET_DONE, 'event_category': EventCategory.SECURITY, 'severity': 'warning', 'action': 'Password reset failed — invalid or expired OTP', 'actor_email': None, 'ip_address': '127.0.0.1', 'user_agent': None, 'device_type': None, 'browser_family': None, 'os_family': None, 'country': None, 'country_code': None, 'city': None, 'resource_type': 'UnifiedUser', 'resource_id': None, 'request_method': 'POST', 'request_path': '/api/v1/password/reset-phone-confirm/', 'response_status': None, 'duration_ms': None, 'old_values': None, 'new_values': None, 'metadata': {'flow': 'phone'}, 'error_message': 'OTP invalid or expired', 'is_compliance': True, 'retention_days': 2555}
Traceback (most recent call last):
  File "C:\Users\fashi\OneDrive\Documenti\FASHIONISTAR_ANTAGRAVITY\fashionistar_backend\apps\audit_logs\tasks.py", line 48, in write_audit_event
    obj = AuditEventLog(**payload)
  File "C:\Users\fashi\OneDrive\Documenti\FASHIONISTAR_ANTAGRAVITY\fashionistar_backend\.venv\Lib\site-packages\django\db\models\base.py", line 590, in __init__
    raise TypeError(
    ...<2 lines>...
    )
TypeError: AuditEventLog() got unexpected keyword arguments: 'country_code', 'city'

During handling of the above exception, another exception occurred:

Traceback (most recent call last):
  File "C:\Users\fashi\OneDrive\Documenti\FASHIONISTAR_ANTAGRAVITY\fashionistar_backend\apps\audit_logs\services\audit.py", line 261, in _dispatch
    write_audit_event.apply_async(
    ~~~~~~~~~~~~~~~~~~~~~~~~~~~~~^
        kwargs={"payload": payload},
        ^^^^^^^^^^^^^^^^^^^^^^^^^^^^
        retry=False,
        ^^^^^^^^^^^^
        ignore_result=True,
        ^^^^^^^^^^^^^^^^^^^
    )
    ^
  File "C:\Users\fashi\OneDrive\Documenti\FASHIONISTAR_ANTAGRAVITY\fashionistar_backend\.venv\Lib\site-packages\celery\app\task.py", line 605, in apply_async
    return self.apply(args, kwargs, task_id=task_id or uuid(),
           ~~~~~~~~~~^^^^^^^^^^^^^^^^^^^^^^^^^^^^^^^^^^^^^^^^^
                      link=link, link_error=link_error, **options)
                      ^^^^^^^^^^^^^^^^^^^^^^^^^^^^^^^^^^^^^^^^^^^^
  File "C:\Users\fashi\OneDrive\Documenti\FASHIONISTAR_ANTAGRAVITY\fashionistar_backend\.venv\Lib\site-packages\celery\app\task.py", line 843, in apply
    ret = tracer(task_id, args, kwargs, request)
  File "C:\Users\fashi\OneDrive\Documenti\FASHIONISTAR_ANTAGRAVITY\fashionistar_backend\.venv\Lib\site-packages\celery\app\trace.py", line 494, in trace_task
    I, R, state, retval = on_error(
                          ~~~~~~~~^
        task_request, exc, RETRY, call_errbacks=False)
        ^^^^^^^^^^^^^^^^^^^^^^^^^^^^^^^^^^^^^^^^^^^^^^
  File "C:\Users\fashi\OneDrive\Documenti\FASHIONISTAR_ANTAGRAVITY\fashionistar_backend\.venv\Lib\site-packages\celery\app\trace.py", line 479, in trace_task
    R = retval = fun(*args, **kwargs)
                 ~~~^^^^^^^^^^^^^^^^^
  File "C:\Users\fashi\OneDrive\Documenti\FASHIONISTAR_ANTAGRAVITY\fashionistar_backend\apps\audit_logs\tasks.py", line 65, in write_audit_event
    raise self.retry(exc=exc)
          ~~~~~~~~~~^^^^^^^^^
  File "C:\Users\fashi\OneDrive\Documenti\FASHIONISTAR_ANTAGRAVITY\fashionistar_backend\.venv\Lib\site-packages\celery\app\task.py", line 763, in retry
    raise ret
celery.exceptions.Retry: Retry in 5s: TypeError("AuditEventLog() got unexpected keyword arguments: 'country_code', 'city'")

During handling of the above exception, another exception occurred:

Traceback (most recent call last):
  File "C:\Users\fashi\OneDrive\Documenti\FASHIONISTAR_ANTAGRAVITY\fashionistar_backend\apps\audit_logs\services\audit.py", line 275, in _write_sync
    obj = AuditEventLog(**payload)
  File "C:\Users\fashi\OneDrive\Documenti\FASHIONISTAR_ANTAGRAVITY\fashionistar_backend\.venv\Lib\site-packages\django\db\models\base.py", line 590, in __init__
    raise TypeError(
    ...<2 lines>...
    )
TypeError: AuditEventLog() got unexpected keyword arguments: 'country_code', 'city'
[WARNING ] apps.audit_logs.tasks — write_audit_event failed (attempt 1/3): AuditEventLog() got unexpected keyword arguments: 'country_code', 'city' — event_type=password_reset_done
[INFO    ] security — SECURITY_AUDIT action=CLIENT_ERROR req=376c9beb-1298-4a11-a949-324eca7f9b45 device=fp:57efdd91ba75ee0012c0 session=- ip=127.0.0.1 method=POST path=/api/v1/password/reset-phone-confirm/ status=400 duration_ms=969.1 user_id=anonymous role=anonymous ua='-' referrer=-
[ERROR   ] apps.audit_logs.services.audit — AuditService._write_sync() failed for payload={'event_type': EventType.PASSWORD_RESET_DONE, 'event_category': EventCategory.SECURITY, 'severity': 'warning', 'action': 'Password reset failed — invalid or expired OTP', 'actor_email': None, 'ip_address': '127.0.0.1', 'user_agent': None, 'device_type': None, 'browser_family': None, 'os_family': None, 'country': None, 'country_code': None, 'city': None, 'resource_type': 'UnifiedUser', 'resource_id': None, 'request_method': 'POST', 'request_path': '/api/v1/password/reset-phone-confirm/', 'response_status': None, 'duration_ms': None, 'old_values': None, 'new_values': None, 'metadata': {'flow': 'phone'}, 'error_message': 'OTP invalid or expired', 'is_compliance': True, 'retention_days': 2555}
Traceback (most recent call last):
  File "C:\Users\fashi\OneDrive\Documenti\FASHIONISTAR_ANTAGRAVITY\fashionistar_backend\apps\audit_logs\tasks.py", line 48, in write_audit_event
    obj = AuditEventLog(**payload)
  File "C:\Users\fashi\OneDrive\Documenti\FASHIONISTAR_ANTAGRAVITY\fashionistar_backend\.venv\Lib\site-packages\django\db\models\base.py", line 590, in __init__
    raise TypeError(
    ...<2 lines>...
    )
TypeError: AuditEventLog() got unexpected keyword arguments: 'country_code', 'city'

During handling of the above exception, another exception occurred:

Traceback (most recent call last):
  File "C:\Users\fashi\OneDrive\Documenti\FASHIONISTAR_ANTAGRAVITY\fashionistar_backend\apps\audit_logs\services\audit.py", line 261, in _dispatch
    write_audit_event.apply_async(
    ~~~~~~~~~~~~~~~~~~~~~~~~~~~~~^
        kwargs={"payload": payload},
        ^^^^^^^^^^^^^^^^^^^^^^^^^^^^
        retry=False,
        ^^^^^^^^^^^^
        ignore_result=True,
        ^^^^^^^^^^^^^^^^^^^
    )
    ^
  File "C:\Users\fashi\OneDrive\Documenti\FASHIONISTAR_ANTAGRAVITY\fashionistar_backend\.venv\Lib\site-packages\celery\app\task.py", line 605, in apply_async
    return self.apply(args, kwargs, task_id=task_id or uuid(),
           ~~~~~~~~~~^^^^^^^^^^^^^^^^^^^^^^^^^^^^^^^^^^^^^^^^^
                      link=link, link_error=link_error, **options)
                      ^^^^^^^^^^^^^^^^^^^^^^^^^^^^^^^^^^^^^^^^^^^^
  File "C:\Users\fashi\OneDrive\Documenti\FASHIONISTAR_ANTAGRAVITY\fashionistar_backend\.venv\Lib\site-packages\celery\app\task.py", line 843, in apply
    ret = tracer(task_id, args, kwargs, request)
  File "C:\Users\fashi\OneDrive\Documenti\FASHIONISTAR_ANTAGRAVITY\fashionistar_backend\.venv\Lib\site-packages\celery\app\trace.py", line 494, in trace_task
    I, R, state, retval = on_error(
                          ~~~~~~~~^
        task_request, exc, RETRY, call_errbacks=False)
        ^^^^^^^^^^^^^^^^^^^^^^^^^^^^^^^^^^^^^^^^^^^^^^
  File "C:\Users\fashi\OneDrive\Documenti\FASHIONISTAR_ANTAGRAVITY\fashionistar_backend\.venv\Lib\site-packages\celery\app\trace.py", line 479, in trace_task
    R = retval = fun(*args, **kwargs)
                 ~~~^^^^^^^^^^^^^^^^^
  File "C:\Users\fashi\OneDrive\Documenti\FASHIONISTAR_ANTAGRAVITY\fashionistar_backend\apps\audit_logs\tasks.py", line 65, in write_audit_event
    raise self.retry(exc=exc)
          ~~~~~~~~~~^^^^^^^^^
  File "C:\Users\fashi\OneDrive\Documenti\FASHIONISTAR_ANTAGRAVITY\fashionistar_backend\.venv\Lib\site-packages\celery\app\task.py", line 763, in retry
    raise ret
celery.exceptions.Retry: Retry in 5s: TypeError("AuditEventLog() got unexpected keyword arguments: 'country_code', 'city'")

During handling of the above exception, another exception occurred:

Traceback (most recent call last):
  File "C:\Users\fashi\OneDrive\Documenti\FASHIONISTAR_ANTAGRAVITY\fashionistar_backend\apps\audit_logs\services\audit.py", line 275, in _write_sync
    obj = AuditEventLog(**payload)
  File "C:\Users\fashi\OneDrive\Documenti\FASHIONISTAR_ANTAGRAVITY\fashionistar_backend\.venv\Lib\site-packages\django\db\models\base.py", line 590, in __init__
    raise TypeError(
    ...<2 lines>...
    )
TypeError: AuditEventLog() got unexpected keyword arguments: 'country_code', 'city'
[ERROR   ] application \u2014 \u274c Password Confirm Error (Sync): Invalid or expired OTP.\n[ERROR   ] apps.audit_logs.services.audit — AuditService._write_sync() failed for payload={'event_type': EventType.PASSWORD_RESET_DONE, 'event_category': EventCategory.SECURITY, 'severity': 'warning', 'action': 'Password reset failed — invalid or expired OTP', 'actor_email': None, 'ip_address': '127.0.0.1', 'user_agent': None, 'device_type': None, 'browser_family': None, 'os_family': None, 'country': None, 'country_code': None, 'city': None, 'resource_type': 'UnifiedUser', 'resource_id': None, 'request_method': 'POST', 'request_path': '/api/v1/password/reset-phone-confirm/', 'response_status': None, 'duration_ms': None, 'old_values': None, 'new_values': None, 'metadata': {'flow': 'phone'}, 'error_message': 'OTP invalid or expired', 'is_compliance': True, 'retention_days': 2555}
Traceback (most recent call last):
  File "C:\Users\fashi\OneDrive\Documenti\FASHIONISTAR_ANTAGRAVITY\fashionistar_backend\apps\audit_logs\tasks.py", line 48, in write_audit_event
    obj = AuditEventLog(**payload)
  File "C:\Users\fashi\OneDrive\Documenti\FASHIONISTAR_ANTAGRAVITY\fashionistar_backend\.venv\Lib\site-packages\django\db\models\base.py", line 590, in __init__
    raise TypeError(
    ...<2 lines>...
    )
TypeError: AuditEventLog() got unexpected keyword arguments: 'country_code', 'city'

During handling of the above exception, another exception occurred:

Traceback (most recent call last):
  File "C:\Users\fashi\OneDrive\Documenti\FASHIONISTAR_ANTAGRAVITY\fashionistar_backend\apps\audit_logs\services\audit.py", line 261, in _dispatch
    write_audit_event.apply_async(
    ~~~~~~~~~~~~~~~~~~~~~~~~~~~~~^
        kwargs={"payload": payload},
        ^^^^^^^^^^^^^^^^^^^^^^^^^^^^
        retry=False,
        ^^^^^^^^^^^^
        ignore_result=True,
        ^^^^^^^^^^^^^^^^^^^
    )
    ^
  File "C:\Users\fashi\OneDrive\Documenti\FASHIONISTAR_ANTAGRAVITY\fashionistar_backend\.venv\Lib\site-packages\celery\app\task.py", line 605, in apply_async
    return self.apply(args, kwargs, task_id=task_id or uuid(),
           ~~~~~~~~~~^^^^^^^^^^^^^^^^^^^^^^^^^^^^^^^^^^^^^^^^^
                      link=link, link_error=link_error, **options)
                      ^^^^^^^^^^^^^^^^^^^^^^^^^^^^^^^^^^^^^^^^^^^^
  File "C:\Users\fashi\OneDrive\Documenti\FASHIONISTAR_ANTAGRAVITY\fashionistar_backend\.venv\Lib\site-packages\celery\app\task.py", line 843, in apply
    ret = tracer(task_id, args, kwargs, request)
  File "C:\Users\fashi\OneDrive\Documenti\FASHIONISTAR_ANTAGRAVITY\fashionistar_backend\.venv\Lib\site-packages\celery\app\trace.py", line 494, in trace_task
    I, R, state, retval = on_error(
                          ~~~~~~~~^
        task_request, exc, RETRY, call_errbacks=False)
        ^^^^^^^^^^^^^^^^^^^^^^^^^^^^^^^^^^^^^^^^^^^^^^
  File "C:\Users\fashi\OneDrive\Documenti\FASHIONISTAR_ANTAGRAVITY\fashionistar_backend\.venv\Lib\site-packages\celery\app\trace.py", line 479, in trace_task
    R = retval = fun(*args, **kwargs)
                 ~~~^^^^^^^^^^^^^^^^^
  File "C:\Users\fashi\OneDrive\Documenti\FASHIONISTAR_ANTAGRAVITY\fashionistar_backend\apps\audit_logs\tasks.py", line 65, in write_audit_event
    raise self.retry(exc=exc)
          ~~~~~~~~~~^^^^^^^^^
  File "C:\Users\fashi\OneDrive\Documenti\FASHIONISTAR_ANTAGRAVITY\fashionistar_backend\.venv\Lib\site-packages\celery\app\task.py", line 763, in retry
    raise ret
celery.exceptions.Retry: Retry in 5s: TypeError("AuditEventLog() got unexpected keyword arguments: 'country_code', 'city'")

During handling of the above exception, another exception occurred:

Traceback (most recent call last):
  File "C:\Users\fashi\OneDrive\Documenti\FASHIONISTAR_ANTAGRAVITY\fashionistar_backend\apps\audit_logs\services\audit.py", line 275, in _write_sync
    obj = AuditEventLog(**payload)
  File "C:\Users\fashi\OneDrive\Documenti\FASHIONISTAR_ANTAGRAVITY\fashionistar_backend\.venv\Lib\site-packages\django\db\models\base.py", line 590, in __init__
    raise TypeError(
    ...<2 lines>...
    )
TypeError: AuditEventLog() got unexpected keyword arguments: 'country_code', 'city'
[ERROR   ] apps.audit_logs.services.audit — AuditService._write_sync() failed for payload={'event_type': EventType.PASSWORD_RESET_DONE, 'event_category': EventCategory.SECURITY, 'severity': 'warning', 'action': 'Password reset failed — invalid or expired OTP', 'actor_email': None, 'ip_address': '127.0.0.1', 'user_agent': None, 'device_type': None, 'browser_family': None, 'os_family': None, 'country': None, 'country_code': None, 'city': None, 'resource_type': 'UnifiedUser', 'resource_id': None, 'request_method': 'POST', 'request_path': '/api/v1/password/reset-phone-confirm/', 'response_status': None, 'duration_ms': None, 'old_values': None, 'new_values': None, 'metadata': {'flow': 'phone'}, 'error_message': 'OTP invalid or expired', 'is_compliance': True, 'retention_days': 2555}
Traceback (most recent call last):
  File "C:\Users\fashi\OneDrive\Documenti\FASHIONISTAR_ANTAGRAVITY\fashionistar_backend\apps\audit_logs\tasks.py", line 48, in write_audit_event
    obj = AuditEventLog(**payload)
  File "C:\Users\fashi\OneDrive\Documenti\FASHIONISTAR_ANTAGRAVITY\fashionistar_backend\.venv\Lib\site-packages\django\db\models\base.py", line 590, in __init__
    raise TypeError(
    ...<2 lines>...
    )
TypeError: AuditEventLog() got unexpected keyword arguments: 'country_code', 'city'

During handling of the above exception, another exception occurred:

Traceback (most recent call last):
  File "C:\Users\fashi\OneDrive\Documenti\FASHIONISTAR_ANTAGRAVITY\fashionistar_backend\apps\audit_logs\services\audit.py", line 261, in _dispatch
    write_audit_event.apply_async(
    ~~~~~~~~~~~~~~~~~~~~~~~~~~~~~^
        kwargs={"payload": payload},
        ^^^^^^^^^^^^^^^^^^^^^^^^^^^^
        retry=False,
        ^^^^^^^^^^^^
        ignore_result=True,
        ^^^^^^^^^^^^^^^^^^^
    )
    ^
  File "C:\Users\fashi\OneDrive\Documenti\FASHIONISTAR_ANTAGRAVITY\fashionistar_backend\.venv\Lib\site-packages\celery\app\task.py", line 605, in apply_async
    return self.apply(args, kwargs, task_id=task_id or uuid(),
           ~~~~~~~~~~^^^^^^^^^^^^^^^^^^^^^^^^^^^^^^^^^^^^^^^^^
                      link=link, link_error=link_error, **options)
                      ^^^^^^^^^^^^^^^^^^^^^^^^^^^^^^^^^^^^^^^^^^^^
  File "C:\Users\fashi\OneDrive\Documenti\FASHIONISTAR_ANTAGRAVITY\fashionistar_backend\.venv\Lib\site-packages\celery\app\task.py", line 843, in apply
    ret = tracer(task_id, args, kwargs, request)
  File "C:\Users\fashi\OneDrive\Documenti\FASHIONISTAR_ANTAGRAVITY\fashionistar_backend\.venv\Lib\site-packages\celery\app\trace.py", line 494, in trace_task
    I, R, state, retval = on_error(
                          ~~~~~~~~^
        task_request, exc, RETRY, call_errbacks=False)
        ^^^^^^^^^^^^^^^^^^^^^^^^^^^^^^^^^^^^^^^^^^^^^^
  File "C:\Users\fashi\OneDrive\Documenti\FASHIONISTAR_ANTAGRAVITY\fashionistar_backend\.venv\Lib\site-packages\celery\app\trace.py", line 479, in trace_task
    R = retval = fun(*args, **kwargs)
                 ~~~^^^^^^^^^^^^^^^^^
  File "C:\Users\fashi\OneDrive\Documenti\FASHIONISTAR_ANTAGRAVITY\fashionistar_backend\apps\audit_logs\tasks.py", line 65, in write_audit_event
    raise self.retry(exc=exc)
          ~~~~~~~~~~^^^^^^^^^
  File "C:\Users\fashi\OneDrive\Documenti\FASHIONISTAR_ANTAGRAVITY\fashionistar_backend\.venv\Lib\site-packages\celery\app\task.py", line 763, in retry
    raise ret
celery.exceptions.Retry: Retry in 5s: TypeError("AuditEventLog() got unexpected keyword arguments: 'country_code', 'city'")

During handling of the above exception, another exception occurred:

Traceback (most recent call last):
  File "C:\Users\fashi\OneDrive\Documenti\FASHIONISTAR_ANTAGRAVITY\fashionistar_backend\apps\audit_logs\services\audit.py", line 275, in _write_sync
    obj = AuditEventLog(**payload)
  File "C:\Users\fashi\OneDrive\Documenti\FASHIONISTAR_ANTAGRAVITY\fashionistar_backend\.venv\Lib\site-packages\django\db\models\base.py", line 590, in __init__
    raise TypeError(
    ...<2 lines>...
    )
TypeError: AuditEventLog() got unexpected keyword arguments: 'country_code', 'city'
[ERROR   ] application \u2014 \u274c Password Confirm Error (Sync): Invalid or expired OTP.\n[WARNING ] application — [13a95d9c] PasswordResetConfirmPhone: failed — Invalid or expired OTP.
[ERROR   ] apps.audit_logs.services.audit — AuditService._write_sync() failed for payload={'event_type': EventType.PASSWORD_RESET_DONE, 'event_category': EventCategory.SECURITY, 'severity': 'warning', 'action': 'Password reset failed — invalid or expired OTP', 'actor_email': None, 'ip_address': '127.0.0.1', 'user_agent': None, 'device_type': None, 'browser_family': None, 'os_family': None, 'country': None, 'country_code': None, 'city': None, 'resource_type': 'UnifiedUser', 'resource_id': None, 'request_method': 'POST', 'request_path': '/api/v1/password/reset-phone-confirm/', 'response_status': None, 'duration_ms': None, 'old_values': None, 'new_values': None, 'metadata': {'flow': 'phone'}, 'error_message': 'OTP invalid or expired', 'is_compliance': True, 'retention_days': 2555}
Traceback (most recent call last):
  File "C:\Users\fashi\OneDrive\Documenti\FASHIONISTAR_ANTAGRAVITY\fashionistar_backend\apps\audit_logs\tasks.py", line 48, in write_audit_event
    obj = AuditEventLog(**payload)
  File "C:\Users\fashi\OneDrive\Documenti\FASHIONISTAR_ANTAGRAVITY\fashionistar_backend\.venv\Lib\site-packages\django\db\models\base.py", line 590, in __init__
    raise TypeError(
    ...<2 lines>...
    )
TypeError: AuditEventLog() got unexpected keyword arguments: 'country_code', 'city'

During handling of the above exception, another exception occurred:

Traceback (most recent call last):
  File "C:\Users\fashi\OneDrive\Documenti\FASHIONISTAR_ANTAGRAVITY\fashionistar_backend\apps\audit_logs\services\audit.py", line 261, in _dispatch
    write_audit_event.apply_async(
    ~~~~~~~~~~~~~~~~~~~~~~~~~~~~~^
        kwargs={"payload": payload},
        ^^^^^^^^^^^^^^^^^^^^^^^^^^^^
        retry=False,
        ^^^^^^^^^^^^
        ignore_result=True,
        ^^^^^^^^^^^^^^^^^^^
    )
    ^
  File "C:\Users\fashi\OneDrive\Documenti\FASHIONISTAR_ANTAGRAVITY\fashionistar_backend\.venv\Lib\site-packages\celery\app\task.py", line 605, in apply_async
    return self.apply(args, kwargs, task_id=task_id or uuid(),
           ~~~~~~~~~~^^^^^^^^^^^^^^^^^^^^^^^^^^^^^^^^^^^^^^^^^
                      link=link, link_error=link_error, **options)
                      ^^^^^^^^^^^^^^^^^^^^^^^^^^^^^^^^^^^^^^^^^^^^
  File "C:\Users\fashi\OneDrive\Documenti\FASHIONISTAR_ANTAGRAVITY\fashionistar_backend\.venv\Lib\site-packages\celery\app\task.py", line 843, in apply
    ret = tracer(task_id, args, kwargs, request)
  File "C:\Users\fashi\OneDrive\Documenti\FASHIONISTAR_ANTAGRAVITY\fashionistar_backend\.venv\Lib\site-packages\celery\app\trace.py", line 494, in trace_task
    I, R, state, retval = on_error(
                          ~~~~~~~~^
        task_request, exc, RETRY, call_errbacks=False)
        ^^^^^^^^^^^^^^^^^^^^^^^^^^^^^^^^^^^^^^^^^^^^^^
  File "C:\Users\fashi\OneDrive\Documenti\FASHIONISTAR_ANTAGRAVITY\fashionistar_backend\.venv\Lib\site-packages\celery\app\trace.py", line 479, in trace_task
    R = retval = fun(*args, **kwargs)
                 ~~~^^^^^^^^^^^^^^^^^
  File "C:\Users\fashi\OneDrive\Documenti\FASHIONISTAR_ANTAGRAVITY\fashionistar_backend\apps\audit_logs\tasks.py", line 65, in write_audit_event
    raise self.retry(exc=exc)
          ~~~~~~~~~~^^^^^^^^^
  File "C:\Users\fashi\OneDrive\Documenti\FASHIONISTAR_ANTAGRAVITY\fashionistar_backend\.venv\Lib\site-packages\celery\app\task.py", line 763, in retry
    raise ret
celery.exceptions.Retry: Retry in 5s: TypeError("AuditEventLog() got unexpected keyword arguments: 'country_code', 'city'")

During handling of the above exception, another exception occurred:

Traceback (most recent call last):
  File "C:\Users\fashi\OneDrive\Documenti\FASHIONISTAR_ANTAGRAVITY\fashionistar_backend\apps\audit_logs\services\audit.py", line 275, in _write_sync
    obj = AuditEventLog(**payload)
  File "C:\Users\fashi\OneDrive\Documenti\FASHIONISTAR_ANTAGRAVITY\fashionistar_backend\.venv\Lib\site-packages\django\db\models\base.py", line 590, in __init__
    raise TypeError(
    ...<2 lines>...
    )
TypeError: AuditEventLog() got unexpected keyword arguments: 'country_code', 'city'
[ERROR   ] application \u2014 \u274c Password Confirm Error (Sync): Invalid or expired OTP.\n[INFO    ] apps.common.middleware \u2014 [POST] /api/v1/password/reset-phone-confirm/ \u2192 400 in 1037.2ms [req=1c19f11f-a98c-43cf-a4ff-25e8b7a1da79]\n[WARNING ] application — [b3510751] PasswordResetConfirmPhone: failed — Invalid or expired OTP.
[ERROR   ] apps.audit_logs.services.audit — AuditService._write_sync() failed for payload={'event_type': EventType.PASSWORD_RESET_DONE, 'event_category': EventCategory.SECURITY, 'severity': 'warning', 'action': 'Password reset failed — invalid or expired OTP', 'actor_email': None, 'ip_address': '127.0.0.1', 'user_agent': None, 'device_type': None, 'browser_family': None, 'os_family': None, 'country': None, 'country_code': None, 'city': None, 'resource_type': 'UnifiedUser', 'resource_id': None, 'request_method': 'POST', 'request_path': '/api/v1/password/reset-phone-confirm/', 'response_status': None, 'duration_ms': None, 'old_values': None, 'new_values': None, 'metadata': {'flow': 'phone'}, 'error_message': 'OTP invalid or expired', 'is_compliance': True, 'retention_days': 2555}
Traceback (most recent call last):
  File "C:\Users\fashi\OneDrive\Documenti\FASHIONISTAR_ANTAGRAVITY\fashionistar_backend\apps\audit_logs\tasks.py", line 48, in write_audit_event
    obj = AuditEventLog(**payload)
  File "C:\Users\fashi\OneDrive\Documenti\FASHIONISTAR_ANTAGRAVITY\fashionistar_backend\.venv\Lib\site-packages\django\db\models\base.py", line 590, in __init__
    raise TypeError(
    ...<2 lines>...
    )
TypeError: AuditEventLog() got unexpected keyword arguments: 'country_code', 'city'

During handling of the above exception, another exception occurred:

Traceback (most recent call last):
  File "C:\Users\fashi\OneDrive\Documenti\FASHIONISTAR_ANTAGRAVITY\fashionistar_backend\apps\audit_logs\services\audit.py", line 261, in _dispatch
    write_audit_event.apply_async(
    ~~~~~~~~~~~~~~~~~~~~~~~~~~~~~^
        kwargs={"payload": payload},
        ^^^^^^^^^^^^^^^^^^^^^^^^^^^^
        retry=False,
        ^^^^^^^^^^^^
        ignore_result=True,
        ^^^^^^^^^^^^^^^^^^^
    )
    ^
  File "C:\Users\fashi\OneDrive\Documenti\FASHIONISTAR_ANTAGRAVITY\fashionistar_backend\.venv\Lib\site-packages\celery\app\task.py", line 605, in apply_async
    return self.apply(args, kwargs, task_id=task_id or uuid(),
           ~~~~~~~~~~^^^^^^^^^^^^^^^^^^^^^^^^^^^^^^^^^^^^^^^^^
                      link=link, link_error=link_error, **options)
                      ^^^^^^^^^^^^^^^^^^^^^^^^^^^^^^^^^^^^^^^^^^^^
  File "C:\Users\fashi\OneDrive\Documenti\FASHIONISTAR_ANTAGRAVITY\fashionistar_backend\.venv\Lib\site-packages\celery\app\task.py", line 843, in apply
    ret = tracer(task_id, args, kwargs, request)
  File "C:\Users\fashi\OneDrive\Documenti\FASHIONISTAR_ANTAGRAVITY\fashionistar_backend\.venv\Lib\site-packages\celery\app\trace.py", line 494, in trace_task
    I, R, state, retval = on_error(
                          ~~~~~~~~^
        task_request, exc, RETRY, call_errbacks=False)
        ^^^^^^^^^^^^^^^^^^^^^^^^^^^^^^^^^^^^^^^^^^^^^^
  File "C:\Users\fashi\OneDrive\Documenti\FASHIONISTAR_ANTAGRAVITY\fashionistar_backend\.venv\Lib\site-packages\celery\app\trace.py", line 479, in trace_task
    R = retval = fun(*args, **kwargs)
                 ~~~^^^^^^^^^^^^^^^^^
  File "C:\Users\fashi\OneDrive\Documenti\FASHIONISTAR_ANTAGRAVITY\fashionistar_backend\apps\audit_logs\tasks.py", line 65, in write_audit_event
    raise self.retry(exc=exc)
          ~~~~~~~~~~^^^^^^^^^
  File "C:\Users\fashi\OneDrive\Documenti\FASHIONISTAR_ANTAGRAVITY\fashionistar_backend\.venv\Lib\site-packages\celery\app\task.py", line 763, in retry
    raise ret
celery.exceptions.Retry: Retry in 5s: TypeError("AuditEventLog() got unexpected keyword arguments: 'country_code', 'city'")

During handling of the above exception, another exception occurred:

Traceback (most recent call last):
  File "C:\Users\fashi\OneDrive\Documenti\FASHIONISTAR_ANTAGRAVITY\fashionistar_backend\apps\audit_logs\services\audit.py", line 275, in _write_sync
    obj = AuditEventLog(**payload)
  File "C:\Users\fashi\OneDrive\Documenti\FASHIONISTAR_ANTAGRAVITY\fashionistar_backend\.venv\Lib\site-packages\django\db\models\base.py", line 590, in __init__
    raise TypeError(
    ...<2 lines>...
    )
TypeError: AuditEventLog() got unexpected keyword arguments: 'country_code', 'city'
[ERROR   ] application \u2014 \u274c Password Confirm Error (Sync): Invalid or expired OTP.\n[WARNING ] application — [46cc2579] PasswordResetConfirmPhone: failed — Invalid or expired OTP.
[ERROR   ] application \u2014 \u274c Password Confirm Error (Sync): Invalid or expired OTP.\n[INFO    ] celery.app.trace — Task update_model_analytics_counter[973f5e04-66da-4a7b-ba85-5c4aef54fdfd] succeeded in 1.3311563000024762s: None
[ERROR   ] apps.audit_logs.services.audit — AuditService._write_sync() failed for payload={'event_type': EventType.PASSWORD_RESET_DONE, 'event_category': EventCategory.SECURITY, 'severity': 'warning', 'action': 'Password reset failed — invalid or expired OTP', 'actor_email': None, 'ip_address': '127.0.0.1', 'user_agent': None, 'device_type': None, 'browser_family': None, 'os_family': None, 'country': None, 'country_code': None, 'city': None, 'resource_type': 'UnifiedUser', 'resource_id': None, 'request_method': 'POST', 'request_path': '/api/v1/password/reset-phone-confirm/', 'response_status': None, 'duration_ms': None, 'old_values': None, 'new_values': None, 'metadata': {'flow': 'phone'}, 'error_message': 'OTP invalid or expired', 'is_compliance': True, 'retention_days': 2555}
Traceback (most recent call last):
  File "C:\Users\fashi\OneDrive\Documenti\FASHIONISTAR_ANTAGRAVITY\fashionistar_backend\apps\audit_logs\tasks.py", line 48, in write_audit_event
    obj = AuditEventLog(**payload)
  File "C:\Users\fashi\OneDrive\Documenti\FASHIONISTAR_ANTAGRAVITY\fashionistar_backend\.venv\Lib\site-packages\django\db\models\base.py", line 590, in __init__
    raise TypeError(
    ...<2 lines>...
    )
TypeError: AuditEventLog() got unexpected keyword arguments: 'country_code', 'city'

During handling of the above exception, another exception occurred:

Traceback (most recent call last):
  File "C:\Users\fashi\OneDrive\Documenti\FASHIONISTAR_ANTAGRAVITY\fashionistar_backend\apps\audit_logs\services\audit.py", line 261, in _dispatch
    write_audit_event.apply_async(
    ~~~~~~~~~~~~~~~~~~~~~~~~~~~~~^
        kwargs={"payload": payload},
        ^^^^^^^^^^^^^^^^^^^^^^^^^^^^
        retry=False,
        ^^^^^^^^^^^^
        ignore_result=True,
        ^^^^^^^^^^^^^^^^^^^
    )
    ^
  File "C:\Users\fashi\OneDrive\Documenti\FASHIONISTAR_ANTAGRAVITY\fashionistar_backend\.venv\Lib\site-packages\celery\app\task.py", line 605, in apply_async
    return self.apply(args, kwargs, task_id=task_id or uuid(),
           ~~~~~~~~~~^^^^^^^^^^^^^^^^^^^^^^^^^^^^^^^^^^^^^^^^^
                      link=link, link_error=link_error, **options)
                      ^^^^^^^^^^^^^^^^^^^^^^^^^^^^^^^^^^^^^^^^^^^^
  File "C:\Users\fashi\OneDrive\Documenti\FASHIONISTAR_ANTAGRAVITY\fashionistar_backend\.venv\Lib\site-packages\celery\app\task.py", line 843, in apply
    ret = tracer(task_id, args, kwargs, request)
  File "C:\Users\fashi\OneDrive\Documenti\FASHIONISTAR_ANTAGRAVITY\fashionistar_backend\.venv\Lib\site-packages\celery\app\trace.py", line 494, in trace_task
    I, R, state, retval = on_error(
                          ~~~~~~~~^
        task_request, exc, RETRY, call_errbacks=False)
        ^^^^^^^^^^^^^^^^^^^^^^^^^^^^^^^^^^^^^^^^^^^^^^
  File "C:\Users\fashi\OneDrive\Documenti\FASHIONISTAR_ANTAGRAVITY\fashionistar_backend\.venv\Lib\site-packages\celery\app\trace.py", line 479, in trace_task
    R = retval = fun(*args, **kwargs)
                 ~~~^^^^^^^^^^^^^^^^^
  File "C:\Users\fashi\OneDrive\Documenti\FASHIONISTAR_ANTAGRAVITY\fashionistar_backend\apps\audit_logs\tasks.py", line 65, in write_audit_event
    raise self.retry(exc=exc)
          ~~~~~~~~~~^^^^^^^^^
  File "C:\Users\fashi\OneDrive\Documenti\FASHIONISTAR_ANTAGRAVITY\fashionistar_backend\.venv\Lib\site-packages\celery\app\task.py", line 763, in retry
    raise ret
celery.exceptions.Retry: Retry in 5s: TypeError("AuditEventLog() got unexpected keyword arguments: 'country_code', 'city'")

During handling of the above exception, another exception occurred:

Traceback (most recent call last):
  File "C:\Users\fashi\OneDrive\Documenti\FASHIONISTAR_ANTAGRAVITY\fashionistar_backend\apps\audit_logs\services\audit.py", line 275, in _write_sync
    obj = AuditEventLog(**payload)
  File "C:\Users\fashi\OneDrive\Documenti\FASHIONISTAR_ANTAGRAVITY\fashionistar_backend\.venv\Lib\site-packages\django\db\models\base.py", line 590, in __init__
    raise TypeError(
    ...<2 lines>...
    )
TypeError: AuditEventLog() got unexpected keyword arguments: 'country_code', 'city'
[INFO    ] apps.common.middleware \u2014 [POST] /api/v1/password/reset-phone-confirm/ \u2192 400 in 1010.8ms [req=376c9beb-1298-4a11-a949-324eca7f9b45]\n[ERROR   ] application \u2014 \u274c Password Confirm Error (Sync): Invalid or expired OTP.\n[WARNING ] application — [f1f9d1ba] PasswordResetConfirmPhone: failed — Invalid or expired OTP.
[ERROR   ] application \u2014 \u274c Password Confirm Error (Sync): Invalid or expired OTP.\n[ERROR   ] application \u2014 \u274c Password Confirm Error (Sync): Invalid or expired OTP.\n[WARNING ] application — [e4c481a9] PasswordResetConfirmPhone: failed — Invalid or expired OTP.
[INFO    ] security — SECURITY_AUDIT action=CLIENT_ERROR req=2320f2d9-da98-47ea-be87-1d9bf13b805c device=fp:57efdd91ba75ee0012c0 session=- ip=127.0.0.1 method=POST path=/api/v1/password/reset-phone-confirm/ status=400 duration_ms=904.9 user_id=anonymous role=anonymous ua='-' referrer=-
[ERROR   ] application \u2014 \u274c Password Confirm Error (Sync): Invalid or expired OTP.\n[WARNING ] application — [e3bfe307] PasswordResetConfirmPhone: failed — Invalid or expired OTP.
[INFO    ] security — SECURITY_AUDIT action=CLIENT_ERROR req=4fc5848a-7c02-471e-8db1-a245b0ebcb85 device=fp:57efdd91ba75ee0012c0 session=- ip=127.0.0.1 method=POST path=/api/v1/password/reset-phone-confirm/ status=400 duration_ms=895.1 user_id=anonymous role=anonymous ua='-' referrer=-
[ERROR   ] application \u2014 \u274c Password Confirm Error (Sync): Invalid or expired OTP.\n[WARNING ] application — [d3884001] PasswordResetConfirmPhone: failed — Invalid or expired OTP.
[INFO    ] security — SECURITY_AUDIT action=CLIENT_ERROR req=c8cd3d6f-b83e-40a9-a279-5ac597c79887 device=fp:57efdd91ba75ee0012c0 session=- ip=127.0.0.1 method=POST path=/api/v1/password/reset-phone-confirm/ status=400 duration_ms=829.4 user_id=anonymous role=anonymous ua='-' referrer=-
[WARNING ] application — [c26af4a6] PasswordResetConfirmPhone: failed — Invalid or expired OTP.
[WARNING ] apps.audit_logs.tasks — write_audit_event failed (attempt 1/3): AuditEventLog() got unexpected keyword arguments: 'country_code', 'city' — event_type=password_reset_done
[ERROR   ] application \u2014 \u274c Password Confirm Error (Sync): Invalid or expired OTP.\n[WARNING ] application — [98a61a01] PasswordResetConfirmPhone: failed — Invalid or expired OTP.
[INFO    ] security — SECURITY_AUDIT action=CLIENT_ERROR req=7eb085e2-37e6-44c3-8d33-c6cfc8f26d3f device=fp:57efdd91ba75ee0012c0 session=- ip=127.0.0.1 method=POST path=/api/v1/password/reset-phone-confirm/ status=400 duration_ms=728.3 user_id=anonymous role=anonymous ua='-' referrer=-
[WARNING ] application — [c709cc51] PasswordResetConfirmPhone: failed — Invalid or expired OTP.
[WARNING ] application — [1094b6cd] PasswordResetConfirmPhone: failed — Invalid or expired OTP.
[INFO    ] security — SECURITY_AUDIT action=CLIENT_ERROR req=780b7ff9-7bb7-4e69-9e5d-3e623611a5d9 device=fp:57efdd91ba75ee0012c0 session=- ip=127.0.0.1 method=POST path=/api/v1/password/reset-phone-confirm/ status=400 duration_ms=719.3 user_id=anonymous role=anonymous ua='-' referrer=-
[INFO    ] apps.common.middleware \u2014 [POST] /api/v1/password/reset-phone-confirm/ \u2192 400 in 918.4ms [req=2320f2d9-da98-47ea-be87-1d9bf13b805c]\n[WARNING ] application — [1b3615de] PasswordResetConfirmPhone: failed — Invalid or expired OTP.
[INFO    ] security — SECURITY_AUDIT action=CLIENT_ERROR req=a88baeff-6b1e-4295-8297-d5bcc978a2ae device=fp:57efdd91ba75ee0012c0 session=- ip=127.0.0.1 method=POST path=/api/v1/password/reset-phone-confirm/ status=400 duration_ms=668.2 user_id=anonymous role=anonymous ua='-' referrer=-
[INFO    ] apps.common.middleware \u2014 [POST] /api/v1/password/reset-phone-confirm/ \u2192 400 in 905.6ms [req=4fc5848a-7c02-471e-8db1-a245b0ebcb85]\n[WARNING ] application — [5127b61c] PasswordResetConfirmPhone: failed — Invalid or expired OTP.
[INFO    ] security — SECURITY_AUDIT action=CLIENT_ERROR req=e95cb307-61a1-4c29-853a-e91dbdcefc7d device=fp:57efdd91ba75ee0012c0 session=- ip=127.0.0.1 method=POST path=/api/v1/password/reset-phone-confirm/ status=400 duration_ms=568.0 user_id=anonymous role=anonymous ua='-' referrer=-
[INFO    ] apps.common.middleware \u2014 [POST] /api/v1/password/reset-phone-confirm/ \u2192 400 in 837.5ms [req=c8cd3d6f-b83e-40a9-a279-5ac597c79887]\n[INFO    ] security — SECURITY_AUDIT action=CLIENT_ERROR req=6bc5392e-e4c5-4ce6-ac11-048f8adcfc86 device=fp:57efdd91ba75ee0012c0 session=- ip=127.0.0.1 method=POST path=/api/v1/password/reset-phone-confirm/ status=400 duration_ms=562.4 user_id=anonymous role=anonymous ua='-' referrer=-
[WARNING ] application — [3cd80a23] PasswordResetConfirmPhone: failed — Invalid or expired OTP.
[INFO    ] security — SECURITY_AUDIT action=CLIENT_ERROR req=34bdc4e6-356c-4c77-ab28-855515f247a2 device=fp:57efdd91ba75ee0012c0 session=- ip=127.0.0.1 method=POST path=/api/v1/password/reset-phone-confirm/ status=400 duration_ms=509.4 user_id=anonymous role=anonymous ua='-' referrer=-
[INFO    ] apps.common.middleware \u2014 [POST] /api/v1/password/reset-phone-confirm/ \u2192 400 in 742.3ms [req=7eb085e2-37e6-44c3-8d33-c6cfc8f26d3f]\n[ERROR   ] apps.audit_logs.services.audit — AuditService._write_sync() failed for payload={'event_type': EventType.PASSWORD_RESET_DONE, 'event_category': EventCategory.SECURITY, 'severity': 'info', 'action': 'Password reset completed successfully', 'actor_email': None, 'ip_address': '127.0.0.1', 'user_agent': None, 'device_type': None, 'browser_family': None, 'os_family': None, 'country': None, 'country_code': None, 'city': None, 'resource_type': 'UnifiedUser', 'resource_id': '019d20c5-6f8e-70e8-800e-2066b790dbb2', 'request_method': 'POST', 'request_path': '/api/v1/password/reset-phone-confirm/', 'response_status': None, 'duration_ms': None, 'old_values': None, 'new_values': None, 'metadata': {'flow': 'phone'}, 'error_message': None, 'is_compliance': True, 'retention_days': 2555}
Traceback (most recent call last):
  File "C:\Users\fashi\OneDrive\Documenti\FASHIONISTAR_ANTAGRAVITY\fashionistar_backend\apps\audit_logs\tasks.py", line 48, in write_audit_event
    obj = AuditEventLog(**payload)
  File "C:\Users\fashi\OneDrive\Documenti\FASHIONISTAR_ANTAGRAVITY\fashionistar_backend\.venv\Lib\site-packages\django\db\models\base.py", line 590, in __init__
    raise TypeError(
    ...<2 lines>...
    )
TypeError: AuditEventLog() got unexpected keyword arguments: 'country_code', 'city'

During handling of the above exception, another exception occurred:

Traceback (most recent call last):
  File "C:\Users\fashi\OneDrive\Documenti\FASHIONISTAR_ANTAGRAVITY\fashionistar_backend\apps\audit_logs\services\audit.py", line 261, in _dispatch
    write_audit_event.apply_async(
    ~~~~~~~~~~~~~~~~~~~~~~~~~~~~~^
        kwargs={"payload": payload},
        ^^^^^^^^^^^^^^^^^^^^^^^^^^^^
        retry=False,
        ^^^^^^^^^^^^
        ignore_result=True,
        ^^^^^^^^^^^^^^^^^^^
    )
    ^
  File "C:\Users\fashi\OneDrive\Documenti\FASHIONISTAR_ANTAGRAVITY\fashionistar_backend\.venv\Lib\site-packages\celery\app\task.py", line 605, in apply_async
    return self.apply(args, kwargs, task_id=task_id or uuid(),
           ~~~~~~~~~~^^^^^^^^^^^^^^^^^^^^^^^^^^^^^^^^^^^^^^^^^
                      link=link, link_error=link_error, **options)
                      ^^^^^^^^^^^^^^^^^^^^^^^^^^^^^^^^^^^^^^^^^^^^
  File "C:\Users\fashi\OneDrive\Documenti\FASHIONISTAR_ANTAGRAVITY\fashionistar_backend\.venv\Lib\site-packages\celery\app\task.py", line 843, in apply
    ret = tracer(task_id, args, kwargs, request)
  File "C:\Users\fashi\OneDrive\Documenti\FASHIONISTAR_ANTAGRAVITY\fashionistar_backend\.venv\Lib\site-packages\celery\app\trace.py", line 494, in trace_task
    I, R, state, retval = on_error(
                          ~~~~~~~~^
        task_request, exc, RETRY, call_errbacks=False)
        ^^^^^^^^^^^^^^^^^^^^^^^^^^^^^^^^^^^^^^^^^^^^^^
  File "C:\Users\fashi\OneDrive\Documenti\FASHIONISTAR_ANTAGRAVITY\fashionistar_backend\.venv\Lib\site-packages\celery\app\trace.py", line 479, in trace_task
    R = retval = fun(*args, **kwargs)
                 ~~~^^^^^^^^^^^^^^^^^
  File "C:\Users\fashi\OneDrive\Documenti\FASHIONISTAR_ANTAGRAVITY\fashionistar_backend\apps\audit_logs\tasks.py", line 65, in write_audit_event
    raise self.retry(exc=exc)
          ~~~~~~~~~~^^^^^^^^^
  File "C:\Users\fashi\OneDrive\Documenti\FASHIONISTAR_ANTAGRAVITY\fashionistar_backend\.venv\Lib\site-packages\celery\app\task.py", line 763, in retry
    raise ret
celery.exceptions.Retry: Retry in 5s: TypeError("AuditEventLog() got unexpected keyword arguments: 'country_code', 'city'")

During handling of the above exception, another exception occurred:

Traceback (most recent call last):
  File "C:\Users\fashi\OneDrive\Documenti\FASHIONISTAR_ANTAGRAVITY\fashionistar_backend\apps\audit_logs\services\audit.py", line 275, in _write_sync
    obj = AuditEventLog(**payload)
  File "C:\Users\fashi\OneDrive\Documenti\FASHIONISTAR_ANTAGRAVITY\fashionistar_backend\.venv\Lib\site-packages\django\db\models\base.py", line 590, in __init__
    raise TypeError(
    ...<2 lines>...
    )
TypeError: AuditEventLog() got unexpected keyword arguments: 'country_code', 'city'
[INFO    ] security — SECURITY_AUDIT action=CLIENT_ERROR req=6b45fea4-8792-4b31-bf5a-99a8a93a4005 device=fp:57efdd91ba75ee0012c0 session=- ip=127.0.0.1 method=POST path=/api/v1/password/reset-phone-confirm/ status=400 duration_ms=403.1 user_id=anonymous role=anonymous ua='-' referrer=-
[INFO    ] security — SECURITY_AUDIT action=CLIENT_ERROR req=dc442516-8626-41e3-be55-cbbf4d1e8d0c device=fp:57efdd91ba75ee0012c0 session=- ip=127.0.0.1 method=POST path=/api/v1/password/reset-phone-confirm/ status=400 duration_ms=374.4 user_id=anonymous role=anonymous ua='-' referrer=-
[INFO    ] apps.common.middleware \u2014 [POST] /api/v1/password/reset-phone-confirm/ \u2192 400 in 734.6ms [req=780b7ff9-7bb7-4e69-9e5d-3e623611a5d9]\n[INFO    ] security — SECURITY_AUDIT action=CLIENT_ERROR req=8ff20162-53af-4143-b1de-3a3e3d101aa2 device=fp:57efdd91ba75ee0012c0 session=- ip=127.0.0.1 method=POST path=/api/v1/password/reset-phone-confirm/ status=400 duration_ms=307.5 user_id=anonymous role=anonymous ua='-' referrer=-
[INFO    ] apps.common.middleware \u2014 [POST] /api/v1/password/reset-phone-confirm/ \u2192 400 in 585.4ms [req=e95cb307-61a1-4c29-853a-e91dbdcefc7d]\n[INFO    ] apps.common.middleware \u2014 [POST] /api/v1/password/reset-phone-confirm/ \u2192 400 in 684.0ms [req=a88baeff-6b1e-4295-8297-d5bcc978a2ae]\n[INFO    ] security — SECURITY_AUDIT action=CLIENT_ERROR req=3f85eb76-d4f8-4985-836b-fbbcbc5d6c80 device=fp:57efdd91ba75ee0012c0 session=- ip=127.0.0.1 method=POST path=/api/v1/password/reset-phone-confirm/ status=400 duration_ms=235.9 user_id=anonymous role=anonymous ua='-' referrer=-
[INFO    ] apps.common.middleware \u2014 [POST] /api/v1/password/reset-phone-confirm/ \u2192 400 in 579.6ms [req=6bc5392e-e4c5-4ce6-ac11-048f8adcfc86]\n[INFO    ] security — SECURITY_AUDIT action=CLIENT_ERROR req=7e3e7e32-6646-4d0e-9b0f-e11206ba3185 device=fp:57efdd91ba75ee0012c0 session=- ip=127.0.0.1 method=POST path=/api/v1/password/reset-phone-confirm/ status=400 duration_ms=156.8 user_id=anonymous role=anonymous ua='-' referrer=-
[INFO    ] apps.common.middleware \u2014 [POST] /api/v1/password/reset-phone-confirm/ \u2192 400 in 518.9ms [req=34bdc4e6-356c-4c77-ab28-855515f247a2]\n[INFO    ] application \u2014 \u2705 Password reset successful for User 019d20c5-6f8e-70e8-800e-2066b790dbb2\n[INFO    ] apps.common.middleware \u2014 [POST] /api/v1/password/reset-phone-confirm/ \u2192 400 in 412.3ms [req=6b45fea4-8792-4b31-bf5a-99a8a93a4005]\n[INFO    ] apps.common.middleware \u2014 [POST] /api/v1/password/reset-phone-confirm/ \u2192 400 in 383.4ms [req=dc442516-8626-41e3-be55-cbbf4d1e8d0c]\n[INFO    ] apps.common.middleware \u2014 [POST] /api/v1/password/reset-phone-confirm/ \u2192 400 in 315.5ms [req=8ff20162-53af-4143-b1de-3a3e3d101aa2]\n[INFO    ] apps.common.middleware \u2014 [POST] /api/v1/password/reset-phone-confirm/ \u2192 400 in 242.3ms [req=3f85eb76-d4f8-4985-836b-fbbcbc5d6c80]\n[INFO    ] apps.common.middleware \u2014 [POST] /api/v1/password/reset-phone-confirm/ \u2192 400 in 161.7ms [req=7e3e7e32-6646-4d0e-9b0f-e11206ba3185]\n[INFO    ] application — [a02bfc5a] PasswordResetConfirmPhone: success
[WARNING ] apps.audit_logs.tasks — write_audit_event failed (attempt 1/3): AuditEventLog() got unexpected keyword arguments: 'country_code', 'city' — event_type=password_reset_done
[ERROR   ] apps.audit_logs.services.audit — AuditService._write_sync() failed for payload={'event_type': EventType.PASSWORD_RESET_DONE, 'event_category': EventCategory.SECURITY, 'severity': SeverityLevel.INFO, 'action': 'Password reset completed via phone OTP', 'actor_email': None, 'ip_address': '127.0.0.1', 'user_agent': None, 'device_type': None, 'browser_family': None, 'os_family': None, 'country': None, 'country_code': None, 'city': None, 'resource_type': None, 'resource_id': None, 'request_method': 'POST', 'request_path': '/api/v1/password/reset-phone-confirm/', 'response_status': None, 'duration_ms': None, 'old_values': None, 'new_values': None, 'metadata': {'method': 'phone', 'request_id': 'a02bfc5a'}, 'error_message': None, 'is_compliance': True, 'retention_days': 2555}
Traceback (most recent call last):
  File "C:\Users\fashi\OneDrive\Documenti\FASHIONISTAR_ANTAGRAVITY\fashionistar_backend\apps\audit_logs\tasks.py", line 48, in write_audit_event
    obj = AuditEventLog(**payload)
  File "C:\Users\fashi\OneDrive\Documenti\FASHIONISTAR_ANTAGRAVITY\fashionistar_backend\.venv\Lib\site-packages\django\db\models\base.py", line 590, in __init__
    raise TypeError(
    ...<2 lines>...
    )
TypeError: AuditEventLog() got unexpected keyword arguments: 'country_code', 'city'

During handling of the above exception, another exception occurred:

Traceback (most recent call last):
  File "C:\Users\fashi\OneDrive\Documenti\FASHIONISTAR_ANTAGRAVITY\fashionistar_backend\apps\audit_logs\services\audit.py", line 261, in _dispatch
    write_audit_event.apply_async(
    ~~~~~~~~~~~~~~~~~~~~~~~~~~~~~^
        kwargs={"payload": payload},
        ^^^^^^^^^^^^^^^^^^^^^^^^^^^^
        retry=False,
        ^^^^^^^^^^^^
        ignore_result=True,
        ^^^^^^^^^^^^^^^^^^^
    )
    ^
  File "C:\Users\fashi\OneDrive\Documenti\FASHIONISTAR_ANTAGRAVITY\fashionistar_backend\.venv\Lib\site-packages\celery\app\task.py", line 605, in apply_async
    return self.apply(args, kwargs, task_id=task_id or uuid(),
           ~~~~~~~~~~^^^^^^^^^^^^^^^^^^^^^^^^^^^^^^^^^^^^^^^^^
                      link=link, link_error=link_error, **options)
                      ^^^^^^^^^^^^^^^^^^^^^^^^^^^^^^^^^^^^^^^^^^^^
  File "C:\Users\fashi\OneDrive\Documenti\FASHIONISTAR_ANTAGRAVITY\fashionistar_backend\.venv\Lib\site-packages\celery\app\task.py", line 843, in apply
    ret = tracer(task_id, args, kwargs, request)
  File "C:\Users\fashi\OneDrive\Documenti\FASHIONISTAR_ANTAGRAVITY\fashionistar_backend\.venv\Lib\site-packages\celery\app\trace.py", line 494, in trace_task
    I, R, state, retval = on_error(
                          ~~~~~~~~^
        task_request, exc, RETRY, call_errbacks=False)
        ^^^^^^^^^^^^^^^^^^^^^^^^^^^^^^^^^^^^^^^^^^^^^^
  File "C:\Users\fashi\OneDrive\Documenti\FASHIONISTAR_ANTAGRAVITY\fashionistar_backend\.venv\Lib\site-packages\celery\app\trace.py", line 479, in trace_task
    R = retval = fun(*args, **kwargs)
                 ~~~^^^^^^^^^^^^^^^^^
  File "C:\Users\fashi\OneDrive\Documenti\FASHIONISTAR_ANTAGRAVITY\fashionistar_backend\apps\audit_logs\tasks.py", line 65, in write_audit_event
    raise self.retry(exc=exc)
          ~~~~~~~~~~^^^^^^^^^
  File "C:\Users\fashi\OneDrive\Documenti\FASHIONISTAR_ANTAGRAVITY\fashionistar_backend\.venv\Lib\site-packages\celery\app\task.py", line 763, in retry
    raise ret
celery.exceptions.Retry: Retry in 5s: TypeError("AuditEventLog() got unexpected keyword arguments: 'country_code', 'city'")

During handling of the above exception, another exception occurred:

Traceback (most recent call last):
  File "C:\Users\fashi\OneDrive\Documenti\FASHIONISTAR_ANTAGRAVITY\fashionistar_backend\apps\audit_logs\services\audit.py", line 275, in _write_sync
    obj = AuditEventLog(**payload)
  File "C:\Users\fashi\OneDrive\Documenti\FASHIONISTAR_ANTAGRAVITY\fashionistar_backend\.venv\Lib\site-packages\django\db\models\base.py", line 590, in __init__
    raise TypeError(
    ...<2 lines>...
    )
TypeError: AuditEventLog() got unexpected keyword arguments: 'country_code', 'city'
[INFO    ] security — SECURITY_AUDIT action=REQUEST req=740057dd-8e0c-4a12-aed2-7d8b8586330b device=fp:57efdd91ba75ee0012c0 session=- ip=127.0.0.1 method=POST path=/api/v1/password/reset-phone-confirm/ status=200 duration_ms=1430.9 user_id=anonymous role=anonymous ua='-' referrer=-
[INFO    ] apps.common.middleware \u2014 [POST] /api/v1/password/reset-phone-confirm/ \u2192 200 in 1431.1ms [req=740057dd-8e0c-4a12-aed2-7d8b8586330b]\nPASSED                                                                   [ 76%]
------------------------------ live log teardown ------------------------------
[INFO    ] celery.app.trace — Task update_model_analytics_counter[f61aaa25-d689-46e6-bee1-d73447899710] succeeded in 0.004453900000953581s: None
[INFO    ] application — EmailBackendConfig instance created via post_migrate signal.
[INFO    ] celery.app.trace — Task update_model_analytics_counter[cf0039ea-90af-4756-88e6-0f0cd9fba20c] succeeded in 0.0016389999946113676s: None
[INFO    ] application — Default SMSBackendConfig instance created via post_migrate signal.

apps/authentication/tests/test_registration.py::TestCeleryDispatch::test_email_task_dispatched_for_email_registration 
-------------------------------- live log call --------------------------------
[INFO    ] apps.authentication.serializers.auth — Registration validation successful.
[INFO    ] apps.authentication.models — Saved UnifiedUser 019d20c5-76ca-72d3-9051-8d45a8270d8e [email] member_id=FASTAR000001
[INFO    ] apps.authentication.managers \u2014 \u2705 Created user: email=celery_email@test.io\n[INFO    ] apps.authentication.services.registration.sync_service \u2014 \u2705 User created (sync): id=019d20c5-76ca-72d3-9051-8d45a8270d8e identifier=celery_email@test.io role=client\n[INFO    ] apps.authentication.services.registration.sync_service \u2014 \U0001f510 OTP generated for user_id=019d20c5-76ca-72d3-9051-8d45a8270d8e\n[INFO    ] apps.authentication.services.registration.sync_service \u2014 \U0001f4e1 EventBus: 'user.registered' scheduled on_commit [user_id=019d20c5-76ca-72d3-9051-8d45a8270d8e]\n[INFO    ] apps.authentication.services.registration.sync_service \u2014 \U0001f4e7 OTP email task scheduled on_commit \u2192 Celery [user_id=019d20c5-76ca-72d3-9051-8d45a8270d8e email=celery_email@test.io]\n[INFO    ] apps.authentication.apis.auth_views.sync_views \u2014 \u2705 RegisterView: user_id=019d20c5-76ca-72d3-9051-8d45a8270d8e identifier=celery_email@test.io\n[INFO    ] celery.app.trace — Task update_model_analytics_counter[fec7bab7-61a6-4d35-8605-c5ac6d042aed] succeeded in 0.004163200006587431s: None
[INFO    ] security — SECURITY_AUDIT action=REQUEST req=db5df8ab-272f-4453-be94-4b7d606a0bd0 device=fp:57efdd91ba75ee0012c0 session=- ip=127.0.0.1 method=POST path=/api/v1/auth/register/ status=201 duration_ms=30.6 user_id=anonymous role=anonymous ua='-' referrer=-
[INFO    ] apps.common.middleware \u2014 [POST] /api/v1/auth/register/ \u2192 201 in 32.8ms [req=db5df8ab-272f-4453-be94-4b7d606a0bd0]\nPASSED                                                                   [ 77%]
------------------------------ live log teardown ------------------------------
[INFO    ] celery.app.trace — Task update_model_analytics_counter[b7bc5738-e125-456e-b5e0-e11277cd3261] succeeded in 0.003288200001406949s: None
[INFO    ] application — EmailBackendConfig instance created via post_migrate signal.
[INFO    ] celery.app.trace — Task update_model_analytics_counter[ffdc17c0-ad0f-454e-95c2-1aa5d86c42b6] succeeded in 0.0036190000028000213s: None
[INFO    ] application — Default SMSBackendConfig instance created via post_migrate signal.
[INFO    ] celery.app.trace — Task update_model_analytics_counter[56ed0af8-de55-4aca-b8c2-69909e35af12] succeeded in 0.13180010000360198s: None
[INFO    ] apps.common.tasks.lifecycle — UserLifecycleRegistry: created entry for user_uuid=019d20c5-76ca-72d3-9051-8d45a8270d8e (celery_email@test.io)
[INFO    ] celery.app.trace — Task upsert_user_lifecycle_registry[57a0a349-f8ff-4a1c-a1cf-711a38ecfe59] succeeded in 0.1398429999971995s: None
[INFO    ] apps.common.event_handlers — EventBus: upsert_user_lifecycle_registry queued for user_uuid=019d20c5-76ca-72d3-9051-8d45a8270d8e

apps/authentication/tests/test_registration.py::TestCeleryDispatch::test_sms_task_dispatched_for_phone_registration 
-------------------------------- live log call --------------------------------
[INFO    ] apps.authentication.serializers.auth — Registration validation successful.
[INFO    ] apps.authentication.models — Saved UnifiedUser 019d20c5-77d0-7bd4-bd38-c756217fa76a [phone] member_id=FASTAR000001
[INFO    ] apps.authentication.managers \u2014 \u2705 Created user: email=+234 803 111 5555\n[INFO    ] apps.authentication.services.registration.sync_service \u2014 \u2705 User created (sync): id=019d20c5-77d0-7bd4-bd38-c756217fa76a identifier=+234 803 111 5555 role=client\n[INFO    ] apps.authentication.services.registration.sync_service \u2014 \U0001f510 OTP generated for user_id=019d20c5-77d0-7bd4-bd38-c756217fa76a\n[INFO    ] apps.authentication.services.registration.sync_service \u2014 \U0001f4e1 EventBus: 'user.registered' scheduled on_commit [user_id=019d20c5-77d0-7bd4-bd38-c756217fa76a]\n[INFO    ] apps.authentication.services.registration.sync_service \u2014 \U0001f4f1 OTP SMS task scheduled on_commit \u2192 Celery [user_id=019d20c5-77d0-7bd4-bd38-c756217fa76a phone=+234 803 111 5555]\n[INFO    ] apps.authentication.apis.auth_views.sync_views \u2014 \u2705 RegisterView: user_id=019d20c5-77d0-7bd4-bd38-c756217fa76a identifier=+234 803 111 5555\n[INFO    ] celery.app.trace — Task update_model_analytics_counter[d04f3547-5346-47d3-82f7-1b514cca0963] succeeded in 0.0022298000039882027s: None
[INFO    ] security — SECURITY_AUDIT action=REQUEST req=b48e6405-54c0-4390-88ee-ead2f59becf5 device=fp:57efdd91ba75ee0012c0 session=- ip=127.0.0.1 method=POST path=/api/v1/auth/register/ status=201 duration_ms=26.6 user_id=anonymous role=anonymous ua='-' referrer=-
[INFO    ] apps.common.middleware \u2014 [POST] /api/v1/auth/register/ \u2192 201 in 28.2ms [req=b48e6405-54c0-4390-88ee-ead2f59becf5]\nPASSED                                                                   [ 78%]
------------------------------ live log teardown ------------------------------
[INFO    ] celery.app.trace — Task update_model_analytics_counter[2ff203f0-00b1-4e23-96dd-d69e48357273] succeeded in 0.0022402000031434s: None
[INFO    ] application — EmailBackendConfig instance created via post_migrate signal.
[INFO    ] celery.app.trace — Task update_model_analytics_counter[3fc03cf5-8a19-4a83-92d5-a1915a7ada19] succeeded in 0.0027465000021038577s: None
[INFO    ] application — Default SMSBackendConfig instance created via post_migrate signal.
[INFO    ] celery.app.trace — Task update_model_analytics_counter[ae84d30c-f0f6-4687-861d-1a98452b0a42] succeeded in 0.10642209999787156s: None
[INFO    ] apps.common.tasks.lifecycle — UserLifecycleRegistry: created entry for user_uuid=019d20c5-77d0-7bd4-bd38-c756217fa76a (+234 803 111 5555)
[INFO    ] celery.app.trace — Task upsert_user_lifecycle_registry[e35b8b24-23d6-43e1-b596-4e864756638a] succeeded in 0.11415470000065397s: None
[INFO    ] apps.common.event_handlers — EventBus: upsert_user_lifecycle_registry queued for user_uuid=019d20c5-77d0-7bd4-bd38-c756217fa76a

apps/authentication/tests/test_registration.py::TestCeleryDispatch::test_email_task_context_has_site_url 
-------------------------------- live log call --------------------------------
[INFO    ] apps.authentication.serializers.auth — Registration validation successful.
[INFO    ] apps.authentication.models — Saved UnifiedUser 019d20c5-78b7-7307-8ed0-c91d4525719e [email] member_id=FASTAR000001
[INFO    ] apps.authentication.managers \u2014 \u2705 Created user: email=siteurl@test.io\n[INFO    ] apps.authentication.services.registration.sync_service \u2014 \u2705 User created (sync): id=019d20c5-78b7-7307-8ed0-c91d4525719e identifier=siteurl@test.io role=client\n[INFO    ] apps.authentication.services.registration.sync_service \u2014 \U0001f510 OTP generated for user_id=019d20c5-78b7-7307-8ed0-c91d4525719e\n[INFO    ] apps.authentication.services.registration.sync_service \u2014 \U0001f4e1 EventBus: 'user.registered' scheduled on_commit [user_id=019d20c5-78b7-7307-8ed0-c91d4525719e]\n[INFO    ] apps.authentication.services.registration.sync_service \u2014 \U0001f4e7 OTP email task scheduled on_commit \u2192 Celery [user_id=019d20c5-78b7-7307-8ed0-c91d4525719e email=siteurl@test.io]\n[INFO    ] apps.authentication.apis.auth_views.sync_views \u2014 \u2705 RegisterView: user_id=019d20c5-78b7-7307-8ed0-c91d4525719e identifier=siteurl@test.io\n[INFO    ] celery.app.trace — Task update_model_analytics_counter[97834467-411e-450c-88f9-adac64e3b419] succeeded in 0.003370900005393196s: None
[INFO    ] security — SECURITY_AUDIT action=REQUEST req=f1b764a6-76c5-4129-a640-ce019b3f4ff7 device=fp:57efdd91ba75ee0012c0 session=- ip=127.0.0.1 method=POST path=/api/v1/auth/register/ status=201 duration_ms=24.2 user_id=anonymous role=anonymous ua='-' referrer=-
[INFO    ] apps.common.middleware \u2014 [POST] /api/v1/auth/register/ \u2192 201 in 25.6ms [req=f1b764a6-76c5-4129-a640-ce019b3f4ff7]\nPASSED                                                                   [ 78%]
------------------------------ live log teardown ------------------------------
[INFO    ] celery.app.trace — Task update_model_analytics_counter[36da697b-78f1-416e-ab19-3cfa843247ee] succeeded in 0.0032348000022466294s: None
[INFO    ] application — EmailBackendConfig instance created via post_migrate signal.
[INFO    ] celery.app.trace — Task update_model_analytics_counter[70e398f8-48f8-4cec-8f4e-d5c2cf1db5f3] succeeded in 0.0023646000045118853s: None
[INFO    ] application — Default SMSBackendConfig instance created via post_migrate signal.

apps/authentication/tests/test_registration.py::TestCeleryDispatch::test_no_task_dispatched_on_failed_registration 
-------------------------------- live log call --------------------------------
[INFO    ] celery.app.trace — Task update_model_analytics_counter[c0848da8-ed2b-402e-af7b-b39a8c234735] succeeded in 0.20006740000098944s: None
[INFO    ] apps.common.tasks.lifecycle — UserLifecycleRegistry: created entry for user_uuid=019d20c5-78b7-7307-8ed0-c91d4525719e (siteurl@test.io)
[INFO    ] celery.app.trace — Task upsert_user_lifecycle_registry[bcc7a257-4e70-41ea-9dd5-3c48df281871] succeeded in 0.20533029999933206s: None
[INFO    ] apps.common.event_handlers — EventBus: upsert_user_lifecycle_registry queued for user_uuid=019d20c5-78b7-7307-8ed0-c91d4525719e
[INFO    ] security — SECURITY_AUDIT action=CLIENT_ERROR req=817aa984-38f0-4d20-8701-948b5f168b58 device=fp:57efdd91ba75ee0012c0 session=- ip=127.0.0.1 method=POST path=/api/v1/auth/register/ status=400 duration_ms=1.3 user_id=anonymous role=anonymous ua='-' referrer=-
[INFO    ] apps.common.middleware \u2014 [POST] /api/v1/auth/register/ \u2192 400 in 1.7ms [req=817aa984-38f0-4d20-8701-948b5f168b58]\nPASSED                                                                   [ 79%]
------------------------------ live log teardown ------------------------------
[INFO    ] celery.app.trace — Task update_model_analytics_counter[dcd23661-6747-45ce-8d82-0047d1961775] succeeded in 0.005862599995452911s: None
[INFO    ] application — EmailBackendConfig instance created via post_migrate signal.
[INFO    ] celery.app.trace — Task update_model_analytics_counter[17bdeed8-91b4-4be4-b001-95793ecf9864] succeeded in 0.001641100003325846s: None
[INFO    ] application — Default SMSBackendConfig instance created via post_migrate signal.

apps/authentication/tests/unit/test_otp_service.py::TestGenerateOTPSync::test_returns_plain_text_otp 
-------------------------------- live log call --------------------------------
[INFO    ] apps.authentication.services.otp.sync_service — OTP generated for User USER-001 (Purpose: verify)
PASSED                                                                   [ 80%]
apps/authentication/tests/unit/test_otp_service.py::TestGenerateOTPSync::test_stores_primary_and_hash_index_atomically 
-------------------------------- live log call --------------------------------
[INFO    ] apps.authentication.services.otp.sync_service — OTP generated for User USER-001 (Purpose: verify)
PASSED                                                                   [ 80%]
apps/authentication/tests/unit/test_otp_service.py::TestGenerateOTPSync::test_raises_when_redis_unavailable 
-------------------------------- live log call --------------------------------
[ERROR   ] apps.authentication.services.otp.sync_service — Redis unavailable for OTP generation (User: USER-001)
[ERROR   ] apps.authentication.services.otp.sync_service — OTP Generation Failed: Service unavailable
Traceback (most recent call last):
  File "C:\Users\fashi\OneDrive\Documenti\FASHIONISTAR_ANTAGRAVITY\fashionistar_backend\apps\authentication\services\otp\sync_service.py", line 101, in generate_otp_sync
    raise Exception("Service unavailable")
Exception: Service unavailable
PASSED                                                                   [ 81%]
apps/authentication/tests/unit/test_otp_service.py::TestGenerateOTPSync::test_primary_key_format 
-------------------------------- live log call --------------------------------
[INFO    ] apps.authentication.services.otp.sync_service — OTP generated for User MY-USER-ID (Purpose: verify)
PASSED                                                                   [ 81%]
apps/authentication/tests/unit/test_otp_service.py::TestGenerateOTPSync::test_hash_index_key_format 
-------------------------------- live log call --------------------------------
[INFO    ] apps.authentication.services.otp.sync_service — OTP generated for User MY-USER-ID (Purpose: verify)
PASSED                                                                   [ 82%]
apps/authentication/tests/unit/test_otp_service.py::TestGenerateOTPSync::test_ttl_is_300_seconds 
-------------------------------- live log call --------------------------------
[INFO    ] apps.authentication.services.otp.sync_service — OTP generated for User MY-USER-ID (Purpose: verify)
PASSED                                                                   [ 83%]
apps/authentication/tests/unit/test_otp_service.py::TestVerifyByOTPSync::test_returns_user_id_on_valid_otp 
-------------------------------- live log call --------------------------------
[INFO    ] apps.authentication.services.otp.sync_service \u2014 \u2705 OTP verified (OTP-only path) for user=abc-123 purpose=verify\nPASSED                                                                   [ 83%]
apps/authentication/tests/unit/test_otp_service.py::TestVerifyByOTPSync::test_returns_none_on_wrong_otp 
-------------------------------- live log call --------------------------------
[WARNING ] apps.authentication.services.otp.sync_service — OTP-only verify failed: hash index miss (otp=****)
PASSED                                                                   [ 84%]
apps/authentication/tests/unit/test_otp_service.py::TestVerifyByOTPSync::test_deletes_both_keys_on_success 
-------------------------------- live log call --------------------------------
[INFO    ] apps.authentication.services.otp.sync_service \u2014 \u2705 OTP verified (OTP-only path) for user=USER-001 purpose=verify\nPASSED                                                                   [ 85%]
apps/authentication/tests/unit/test_otp_service.py::TestVerifyByOTPSync::test_purpose_mismatch_returns_none 
-------------------------------- live log call --------------------------------
[WARNING ] apps.authentication.services.otp.sync_service — OTP purpose mismatch: expected=verify got=reset user=USER-001
PASSED                                                                   [ 85%]
apps/authentication/tests/unit/test_otp_service.py::TestVerifyByOTPSync::test_orphaned_hash_index_cleaned_up 
-------------------------------- live log call --------------------------------
[WARNING ] apps.authentication.services.otp.sync_service — OTP-only verify: primary key expired/missing for user USER-001
PASSED                                                                   [ 86%]
apps/authentication/tests/unit/test_otp_service.py::TestVerifyByOTPSync::test_returns_none_when_redis_unavailable 
-------------------------------- live log call --------------------------------
[ERROR   ] apps.authentication.services.otp.sync_service — Redis unavailable during OTP-only verification
PASSED                                                                   [ 87%]
apps/authentication/tests/unit/test_otp_service.py::TestVerifyOTPSyncByUserID::test_returns_true_on_valid_otp 
-------------------------------- live log call --------------------------------
[INFO    ] apps.authentication.services.otp.sync_service — OTP Verified for User U1 (Purpose: verify)
PASSED                                                                   [ 87%]
apps/authentication/tests/unit/test_otp_service.py::TestVerifyOTPSyncByUserID::test_returns_false_on_wrong_otp 
-------------------------------- live log call --------------------------------
[WARNING ] apps.authentication.services.otp.sync_service — OTP Verification Failed for User U1 (Purpose: verify)
PASSED                                                                   [ 88%]
apps/authentication/tests/unit/test_otp_service.py::TestVerifyOTPSyncByUserID::test_returns_false_on_no_keys 
-------------------------------- live log call --------------------------------
[WARNING ] apps.authentication.services.otp.sync_service — OTP Verification Failed for User U1 (Purpose: verify)
PASSED                                                                   [ 89%]
apps/authentication/tests/unit/test_serializers.py::TestUserRegistrationSerializer::test_valid_email_payload_passes FAILED [ 89%]
apps/authentication/tests/unit/test_serializers.py::TestUserRegistrationSerializer::test_password_mismatch_raises 
-------------------------------- live log call --------------------------------
[WARNING ] apps.authentication.serializers.auth — Registration failed: Passwords do not match.
FAILED                                                                   [ 90%]
apps/authentication/tests/unit/test_serializers.py::TestUserRegistrationSerializer::test_both_email_and_phone_rejected FAILED [ 90%]
apps/authentication/tests/unit/test_serializers.py::TestUserRegistrationSerializer::test_neither_email_nor_phone_rejected FAILED [ 91%]
apps/authentication/tests/unit/test_serializers.py::TestUserRegistrationSerializer::test_admin_role_rejected PASSED [ 92%]
apps/authentication/tests/unit/test_serializers.py::TestUserRegistrationSerializer::test_staff_role_rejected PASSED [ 92%]
apps/authentication/tests/unit/test_serializers.py::TestUserRegistrationSerializer::test_vendor_role_accepted FAILED [ 93%]
apps/authentication/tests/unit/test_serializers.py::TestUserRegistrationSerializer::test_duplicate_email_returns_email_field_error FAILED [ 94%]
apps/authentication/tests/unit/test_serializers.py::TestUserRegistrationSerializer::test_email_normalized_before_uniqueness_check FAILED [ 94%]
apps/authentication/tests/unit/test_serializers.py::TestUserRegistrationSerializer::test_empty_email_normalized_to_none FAILED [ 95%]
apps/authentication/tests/unit/test_serializers.py::TestOTPSerializer::test_valid_6_digit_otp_passes 
-------------------------------- live log call --------------------------------
[INFO    ] apps.authentication.serializers.auth — OTP validation successful.
PASSED                                                                   [ 96%]
apps/authentication/tests/unit/test_serializers.py::TestOTPSerializer::test_5_digit_otp_fails 
-------------------------------- live log call --------------------------------
[WARNING ] apps.authentication.serializers.auth — OTP validation failed: Invalid length 5.
PASSED                                                                   [ 96%]
apps/authentication/tests/unit/test_serializers.py::TestOTPSerializer::test_7_digit_otp_exceeds_maxlength_or_fails PASSED [ 97%]
apps/authentication/tests/unit/test_serializers.py::TestOTPSerializer::test_non_numeric_otp_fails 
-------------------------------- live log call --------------------------------
[WARNING ] apps.authentication.serializers.auth — OTP validation failed: Non-digit characters detected.
PASSED                                                                   [ 98%]
apps/authentication/tests/unit/test_serializers.py::TestOTPSerializer::test_alphanumeric_otp_fails 
-------------------------------- live log call --------------------------------
[WARNING ] apps.authentication.serializers.auth — OTP validation failed: Non-digit characters detected.
PASSED                                                                   [ 98%]
apps/authentication/tests/unit/test_serializers.py::TestOTPSerializer::test_empty_otp_fails PASSED [ 99%]
apps/authentication/tests/unit/test_serializers.py::TestOTPSerializer::test_missing_otp_fails PASSED [100%]

================================== FAILURES ===================================
______________ TestLoginFailures.test_wrong_password_returns_400 ______________
apps\authentication\tests\integration\test_login_endpoint.py:158: in test_wrong_password_returns_400
    assert r.status_code == status.HTTP_400_BAD_REQUEST
E   assert 401 == 400
E    +  where 401 = <Response status_code=401, "application/json">.status_code
E    +  and   400 = status.HTTP_400_BAD_REQUEST
---------------------------- Captured stdout setup ----------------------------
[INFO    ] apps.authentication.models \u2014 Saved UnifiedUser 019d20c4-fafe-7660-8e1c-a5e3278e9e24 [email] member_id=FASTAR000001\n[INFO    ] apps.authentication.managers \u2014 \u2705 Created user: email=verified@fashionistar.io
----------------------------- Captured log setup ------------------------------
INFO     apps.authentication.models:models.py:582 Saved UnifiedUser 019d20c4-fafe-7660-8e1c-a5e3278e9e24 [email] member_id=FASTAR000001\nINFO     apps.authentication.managers:managers.py:146 \u2705 Created user: email=verified@fashionistar.io
---------------------------- Captured stdout call -----------------------------
[WARNING ] apps.authentication.serializers.auth \u2014 \u26d4 Login failed: wrong password for 'verified@fashionistar.io'\n[WARNING ] security \u2014 SECURITY_AUDIT action=PERMISSION_DENIED req=1b358a71-c062-452e-89f0-d42d86d3f728 device=fp:57efdd91ba75ee0012c0 session=- ip=127.0.0.1 method=POST path=/api/v1/auth/login/ status=401 duration_ms=7.6 user_id=anonymous role=anonymous ua='-' referrer=-\n[INFO    ] apps.common.middleware \u2014 [POST] /api/v1/auth/login/ \u2192 401 in 8.6ms [req=1b358a71-c062-452e-89f0-d42d86d3f728]
------------------------------ Captured log call ------------------------------
WARNING  apps.authentication.serializers.auth:auth.py:140 \u26d4 Login failed: wrong password for 'verified@fashionistar.io'\nWARNING  security:middleware.py:344 SECURITY_AUDIT action=PERMISSION_DENIED req=1b358a71-c062-452e-89f0-d42d86d3f728 device=fp:57efdd91ba75ee0012c0 session=- ip=127.0.0.1 method=POST path=/api/v1/auth/login/ status=401 duration_ms=7.6 user_id=anonymous role=anonymous ua='-' referrer=-\nINFO     apps.common.middleware:middleware.py:147 [POST] /api/v1/auth/login/ \u2192 401 in 8.6ms [req=1b358a71-c062-452e-89f0-d42d86d3f728]
_____________ TestLoginFailures.test_nonexistent_user_returns_400 _____________
apps\authentication\tests\integration\test_login_endpoint.py:175: in test_nonexistent_user_returns_400
    assert r.status_code == status.HTTP_400_BAD_REQUEST
E   assert 401 == 400
E    +  where 401 = <Response status_code=401, "application/json">.status_code
E    +  and   400 = status.HTTP_400_BAD_REQUEST
---------------------------- Captured stdout call -----------------------------
[WARNING ] apps.authentication.serializers.auth \u2014 \u26d4 Login failed: user not found 'nobody@nowhere.com'\n[WARNING ] security \u2014 SECURITY_AUDIT action=PERMISSION_DENIED req=ffd24c1f-2a35-48ab-a33f-77c75ae807bd device=fp:57efdd91ba75ee0012c0 session=- ip=127.0.0.1 method=POST path=/api/v1/auth/login/ status=401 duration_ms=5.1 user_id=anonymous role=anonymous ua='-' referrer=-\n[INFO    ] apps.common.middleware \u2014 [POST] /api/v1/auth/login/ \u2192 401 in 5.4ms [req=ffd24c1f-2a35-48ab-a33f-77c75ae807bd]
------------------------------ Captured log call ------------------------------
WARNING  apps.authentication.serializers.auth:auth.py:135 \u26d4 Login failed: user not found 'nobody@nowhere.com'\nWARNING  security:middleware.py:344 SECURITY_AUDIT action=PERMISSION_DENIED req=ffd24c1f-2a35-48ab-a33f-77c75ae807bd device=fp:57efdd91ba75ee0012c0 session=- ip=127.0.0.1 method=POST path=/api/v1/auth/login/ status=401 duration_ms=5.1 user_id=anonymous role=anonymous ua='-' referrer=-\nINFO     apps.common.middleware:middleware.py:147 [POST] /api/v1/auth/login/ \u2192 401 in 5.4ms [req=ffd24c1f-2a35-48ab-a33f-77c75ae807bd]
_______________ TestValidationErrors.test_password_mismatch_400 _______________
apps\authentication\tests\test_registration.py:182: in test_password_mismatch_400
    assert r.status_code == status.HTTP_400_BAD_REQUEST
E   assert 500 == 400
E    +  where 500 = <Response status_code=500, "application/json">.status_code
E    +  and   400 = status.HTTP_400_BAD_REQUEST
---------------------------- Captured stdout call -----------------------------
[WARNING ] apps.authentication.serializers.auth \u2014 Registration failed: Passwords do not match.\n[ERROR   ] apps.common.exceptions \u2014 Unhandled exception in API: cannot access local variable 'SoftDeletedUserExistsError' where it is not associated with a value\nTraceback (most recent call last):\n  File "C:\\Users\\fashi\\OneDrive\\Documenti\\FASHIONISTAR_ANTAGRAVITY\\fashionistar_backend\\apps\\authentication\\serializers\\auth.py", line 234, in validate\n    raise serializers.ValidationError(\n        {"password": _("Passwords do not match.")}\n    )\nrest_framework.exceptions.ValidationError: {'password': ErrorDetail(string='Passwords do not match.', code='invalid')}\n\nDuring handling of the above exception, another exception occurred:\n\nTraceback (most recent call last):\n  File "C:\\Users\\fashi\\OneDrive\\Documenti\\FASHIONISTAR_ANTAGRAVITY\\fashionistar_backend\\.venv\\Lib\\site-packages\\rest_framework\\views.py", line 512, in dispatch\n    response = handler(request, *args, **kwargs)\n  File "C:\\Users\\fashi\\OneDrive\\Documenti\\FASHIONISTAR_ANTAGRAVITY\\fashionistar_backend\\.venv\\Lib\\site-packages\\rest_framework\\generics.py", line 194, in post\n    return self.create(request, *args, **kwargs)\n           ~~~~~~~~~~~^^^^^^^^^^^^^^^^^^^^^^^^^^\n  File "C:\\Users\\fashi\\OneDrive\\Documenti\\FASHIONISTAR_ANTAGRAVITY\\fashionistar_backend\\apps\\authentication\\apis\\auth_views\\sync_views.py", line 105, in create\n    serializer.is_valid(raise_exception=True)\n    ~~~~~~~~~~~~~~~~~~~^^^^^^^^^^^^^^^^^^^^^^\n  File "C:\\Users\\fashi\\OneDrive\\Documenti\\FASHIONISTAR_ANTAGRAVITY\\fashionistar_backend\\.venv\\Lib\\site-packages\\rest_framework\\serializers.py", line 225, in is_valid\n    self._validated_data = self.run_validation(self.initial_data)\n                           ~~~~~~~~~~~~~~~~~~~^^^^^^^^^^^^^^^^^^^\n  File "C:\\Users\\fashi\\OneDrive\\Documenti\\FASHIONISTAR_ANTAGRAVITY\\fashionistar_backend\\.venv\\Lib\\site-packages\\rest_framework\\serializers.py", line 447, in run_validation\n    value = self.validate(value)\n  File "C:\\Users\\fashi\\OneDrive\\Documenti\\FASHIONISTAR_ANTAGRAVITY\\fashionistar_backend\\apps\\authentication\\serializers\\auth.py", line 308, in validate\n    except (serializers.ValidationError, SoftDeletedUserExistsError):\n                                         ^^^^^^^^^^^^^^^^^^^^^^^^^^\nUnboundLocalError: cannot access local variable 'SoftDeletedUserExistsError' where it is not associated with a value\n[ERROR   ] security \u2014 SECURITY_AUDIT action=SERVER_ERROR req=d701ce8e-53c2-4bd2-b1ba-1af75f2c3edf error="cannot access local variable 'SoftDeletedUserExistsError' where it is not associated with a value"\n[ERROR   ] security \u2014 SECURITY_AUDIT action=SERVER_ERROR req=d701ce8e-53c2-4bd2-b1ba-1af75f2c3edf device=fp:57efdd91ba75ee0012c0 session=- ip=127.0.0.1 method=POST path=/api/v1/auth/register/ status=500 duration_ms=8.8 user_id=anonymous role=anonymous ua='-' referrer=-\n[INFO    ] apps.common.middleware \u2014 [POST] /api/v1/auth/register/ \u2192 500 in 9.0ms [req=d701ce8e-53c2-4bd2-b1ba-1af75f2c3edf]
------------------------------ Captured log call ------------------------------
WARNING  apps.authentication.serializers.auth:auth.py:233 Registration failed: Passwords do not match.\nERROR    apps.common.exceptions:exceptions.py:303 Unhandled exception in API: cannot access local variable 'SoftDeletedUserExistsError' where it is not associated with a value\nTraceback (most recent call last):\n  File "C:\\Users\\fashi\\OneDrive\\Documenti\\FASHIONISTAR_ANTAGRAVITY\\fashionistar_backend\\apps\\authentication\\serializers\\auth.py", line 234, in validate\n    raise serializers.ValidationError(\n        {"password": _("Passwords do not match.")}\n    )\nrest_framework.exceptions.ValidationError: {'password': ErrorDetail(string='Passwords do not match.', code='invalid')}\n\nDuring handling of the above exception, another exception occurred:\n\nTraceback (most recent call last):\n  File "C:\\Users\\fashi\\OneDrive\\Documenti\\FASHIONISTAR_ANTAGRAVITY\\fashionistar_backend\\.venv\\Lib\\site-packages\\rest_framework\\views.py", line 512, in dispatch\n    response = handler(request, *args, **kwargs)\n  File "C:\\Users\\fashi\\OneDrive\\Documenti\\FASHIONISTAR_ANTAGRAVITY\\fashionistar_backend\\.venv\\Lib\\site-packages\\rest_framework\\generics.py", line 194, in post\n    return self.create(request, *args, **kwargs)\n           ~~~~~~~~~~~^^^^^^^^^^^^^^^^^^^^^^^^^^\n  File "C:\\Users\\fashi\\OneDrive\\Documenti\\FASHIONISTAR_ANTAGRAVITY\\fashionistar_backend\\apps\\authentication\\apis\\auth_views\\sync_views.py", line 105, in create\n    serializer.is_valid(raise_exception=True)\n    ~~~~~~~~~~~~~~~~~~~^^^^^^^^^^^^^^^^^^^^^^\n  File "C:\\Users\\fashi\\OneDrive\\Documenti\\FASHIONISTAR_ANTAGRAVITY\\fashionistar_backend\\.venv\\Lib\\site-packages\\rest_framework\\serializers.py", line 225, in is_valid\n    self._validated_data = self.run_validation(self.initial_data)\n                           ~~~~~~~~~~~~~~~~~~~^^^^^^^^^^^^^^^^^^^\n  File "C:\\Users\\fashi\\OneDrive\\Documenti\\FASHIONISTAR_ANTAGRAVITY\\fashionistar_backend\\.venv\\Lib\\site-packages\\rest_framework\\serializers.py", line 447, in run_validation\n    value = self.validate(value)\n  File "C:\\Users\\fashi\\OneDrive\\Documenti\\FASHIONISTAR_ANTAGRAVITY\\fashionistar_backend\\apps\\authentication\\serializers\\auth.py", line 308, in validate\n    except (serializers.ValidationError, SoftDeletedUserExistsError):\n                                         ^^^^^^^^^^^^^^^^^^^^^^^^^^\nUnboundLocalError: cannot access local variable 'SoftDeletedUserExistsError' where it is not associated with a value\nERROR    security:exceptions.py:307 SECURITY_AUDIT action=SERVER_ERROR req=d701ce8e-53c2-4bd2-b1ba-1af75f2c3edf error="cannot access local variable 'SoftDeletedUserExistsError' where it is not associated with a value"\nERROR    security:middleware.py:342 SECURITY_AUDIT action=SERVER_ERROR req=d701ce8e-53c2-4bd2-b1ba-1af75f2c3edf device=fp:57efdd91ba75ee0012c0 session=- ip=127.0.0.1 method=POST path=/api/v1/auth/register/ status=500 duration_ms=8.8 user_id=anonymous role=anonymous ua='-' referrer=-\nINFO     apps.common.middleware:middleware.py:147 [POST] /api/v1/auth/register/ \u2192 500 in 9.0ms [req=d701ce8e-53c2-4bd2-b1ba-1af75f2c3edf]
____________ TestValidationErrors.test_missing_email_and_phone_400 ____________
apps\authentication\tests\test_registration.py:199: in test_missing_email_and_phone_400
    assert r.status_code == status.HTTP_400_BAD_REQUEST
E   assert 500 == 400
E    +  where 500 = <Response status_code=500, "application/json">.status_code
E    +  and   400 = status.HTTP_400_BAD_REQUEST
---------------------------- Captured stdout call -----------------------------
[ERROR   ] apps.common.exceptions \u2014 Unhandled exception in API: cannot access local variable 'SoftDeletedUserExistsError' where it is not associated with a value\nTraceback (most recent call last):\n  File "C:\\Users\\fashi\\OneDrive\\Documenti\\FASHIONISTAR_ANTAGRAVITY\\fashionistar_backend\\apps\\authentication\\serializers\\auth.py", line 261, in validate\n    raise serializers.ValidationError({\n    ...<4 lines>...\n    })\nrest_framework.exceptions.ValidationError: {'non_field_errors': [ErrorDetail(string='Please provide either an email address or a phone number; one is required.', code='invalid')]}\n\nDuring handling of the above exception, another exception occurred:\n\nTraceback (most recent call last):\n  File "C:\\Users\\fashi\\OneDrive\\Documenti\\FASHIONISTAR_ANTAGRAVITY\\fashionistar_backend\\.venv\\Lib\\site-packages\\rest_framework\\views.py", line 512, in dispatch\n    response = handler(request, *args, **kwargs)\n  File "C:\\Users\\fashi\\OneDrive\\Documenti\\FASHIONISTAR_ANTAGRAVITY\\fashionistar_backend\\.venv\\Lib\\site-packages\\rest_framework\\generics.py", line 194, in post\n    return self.create(request, *args, **kwargs)\n           ~~~~~~~~~~~^^^^^^^^^^^^^^^^^^^^^^^^^^\n  File "C:\\Users\\fashi\\OneDrive\\Documenti\\FASHIONISTAR_ANTAGRAVITY\\fashionistar_backend\\apps\\authentication\\apis\\auth_views\\sync_views.py", line 105, in create\n    serializer.is_valid(raise_exception=True)\n    ~~~~~~~~~~~~~~~~~~~^^^^^^^^^^^^^^^^^^^^^^\n  File "C:\\Users\\fashi\\OneDrive\\Documenti\\FASHIONISTAR_ANTAGRAVITY\\fashionistar_backend\\.venv\\Lib\\site-packages\\rest_framework\\serializers.py", line 225, in is_valid\n    self._validated_data = self.run_validation(self.initial_data)\n                           ~~~~~~~~~~~~~~~~~~~^^^^^^^^^^^^^^^^^^^\n  File "C:\\Users\\fashi\\OneDrive\\Documenti\\FASHIONISTAR_ANTAGRAVITY\\fashionistar_backend\\.venv\\Lib\\site-packages\\rest_framework\\serializers.py", line 447, in run_validation\n    value = self.validate(value)\n  File "C:\\Users\\fashi\\OneDrive\\Documenti\\FASHIONISTAR_ANTAGRAVITY\\fashionistar_backend\\apps\\authentication\\serializers\\auth.py", line 308, in validate\n    except (serializers.ValidationError, SoftDeletedUserExistsError):\n                                         ^^^^^^^^^^^^^^^^^^^^^^^^^^\nUnboundLocalError: cannot access local variable 'SoftDeletedUserExistsError' where it is not associated with a value\n[ERROR   ] security \u2014 SECURITY_AUDIT action=SERVER_ERROR req=f9baf69a-c030-42c5-a47c-dba473ac3dab error="cannot access local variable 'SoftDeletedUserExistsError' where it is not associated with a value"\n[ERROR   ] security \u2014 SECURITY_AUDIT action=SERVER_ERROR req=f9baf69a-c030-42c5-a47c-dba473ac3dab device=fp:57efdd91ba75ee0012c0 session=- ip=127.0.0.1 method=POST path=/api/v1/auth/register/ status=500 duration_ms=3.7 user_id=anonymous role=anonymous ua='-' referrer=-\n[INFO    ] apps.common.middleware \u2014 [POST] /api/v1/auth/register/ \u2192 500 in 3.9ms [req=f9baf69a-c030-42c5-a47c-dba473ac3dab]
------------------------------ Captured log call ------------------------------
ERROR    apps.common.exceptions:exceptions.py:303 Unhandled exception in API: cannot access local variable 'SoftDeletedUserExistsError' where it is not associated with a value\nTraceback (most recent call last):\n  File "C:\\Users\\fashi\\OneDrive\\Documenti\\FASHIONISTAR_ANTAGRAVITY\\fashionistar_backend\\apps\\authentication\\serializers\\auth.py", line 261, in validate\n    raise serializers.ValidationError({\n    ...<4 lines>...\n    })\nrest_framework.exceptions.ValidationError: {'non_field_errors': [ErrorDetail(string='Please provide either an email address or a phone number; one is required.', code='invalid')]}\n\nDuring handling of the above exception, another exception occurred:\n\nTraceback (most recent call last):\n  File "C:\\Users\\fashi\\OneDrive\\Documenti\\FASHIONISTAR_ANTAGRAVITY\\fashionistar_backend\\.venv\\Lib\\site-packages\\rest_framework\\views.py", line 512, in dispatch\n    response = handler(request, *args, **kwargs)\n  File "C:\\Users\\fashi\\OneDrive\\Documenti\\FASHIONISTAR_ANTAGRAVITY\\fashionistar_backend\\.venv\\Lib\\site-packages\\rest_framework\\generics.py", line 194, in post\n    return self.create(request, *args, **kwargs)\n           ~~~~~~~~~~~^^^^^^^^^^^^^^^^^^^^^^^^^^\n  File "C:\\Users\\fashi\\OneDrive\\Documenti\\FASHIONISTAR_ANTAGRAVITY\\fashionistar_backend\\apps\\authentication\\apis\\auth_views\\sync_views.py", line 105, in create\n    serializer.is_valid(raise_exception=True)\n    ~~~~~~~~~~~~~~~~~~~^^^^^^^^^^^^^^^^^^^^^^\n  File "C:\\Users\\fashi\\OneDrive\\Documenti\\FASHIONISTAR_ANTAGRAVITY\\fashionistar_backend\\.venv\\Lib\\site-packages\\rest_framework\\serializers.py", line 225, in is_valid\n    self._validated_data = self.run_validation(self.initial_data)\n                           ~~~~~~~~~~~~~~~~~~~^^^^^^^^^^^^^^^^^^^\n  File "C:\\Users\\fashi\\OneDrive\\Documenti\\FASHIONISTAR_ANTAGRAVITY\\fashionistar_backend\\.venv\\Lib\\site-packages\\rest_framework\\serializers.py", line 447, in run_validation\n    value = self.validate(value)\n  File "C:\\Users\\fashi\\OneDrive\\Documenti\\FASHIONISTAR_ANTAGRAVITY\\fashionistar_backend\\apps\\authentication\\serializers\\auth.py", line 308, in validate\n    except (serializers.ValidationError, SoftDeletedUserExistsError):\n                                         ^^^^^^^^^^^^^^^^^^^^^^^^^^\nUnboundLocalError: cannot access local variable 'SoftDeletedUserExistsError' where it is not associated with a value\nERROR    security:exceptions.py:307 SECURITY_AUDIT action=SERVER_ERROR req=f9baf69a-c030-42c5-a47c-dba473ac3dab error="cannot access local variable 'SoftDeletedUserExistsError' where it is not associated with a value"\nERROR    security:middleware.py:342 SECURITY_AUDIT action=SERVER_ERROR req=f9baf69a-c030-42c5-a47c-dba473ac3dab device=fp:57efdd91ba75ee0012c0 session=- ip=127.0.0.1 method=POST path=/api/v1/auth/register/ status=500 duration_ms=3.7 user_id=anonymous role=anonymous ua='-' referrer=-\nINFO     apps.common.middleware:middleware.py:147 [POST] /api/v1/auth/register/ \u2192 500 in 3.9ms [req=f9baf69a-c030-42c5-a47c-dba473ac3dab]
_____________ TestValidationErrors.test_both_email_and_phone_400 ______________
apps\authentication\tests\test_registration.py:210: in test_both_email_and_phone_400
    assert r.status_code == status.HTTP_400_BAD_REQUEST
E   assert 500 == 400
E    +  where 500 = <Response status_code=500, "application/json">.status_code
E    +  and   400 = status.HTTP_400_BAD_REQUEST
---------------------------- Captured stdout call -----------------------------
[ERROR   ] apps.common.exceptions \u2014 Unhandled exception in API: cannot access local variable 'SoftDeletedUserExistsError' where it is not associated with a value\nTraceback (most recent call last):\n  File "C:\\Users\\fashi\\OneDrive\\Documenti\\FASHIONISTAR_ANTAGRAVITY\\fashionistar_backend\\apps\\authentication\\serializers\\auth.py", line 253, in validate\n    raise serializers.ValidationError({\n    ...<4 lines>...\n    })\nrest_framework.exceptions.ValidationError: {'non_field_errors': [ErrorDetail(string='Please provide either an email address or a phone number, not both.', code='invalid')]}\n\nDuring handling of the above exception, another exception occurred:\n\nTraceback (most recent call last):\n  File "C:\\Users\\fashi\\OneDrive\\Documenti\\FASHIONISTAR_ANTAGRAVITY\\fashionistar_backend\\.venv\\Lib\\site-packages\\rest_framework\\views.py", line 512, in dispatch\n    response = handler(request, *args, **kwargs)\n  File "C:\\Users\\fashi\\OneDrive\\Documenti\\FASHIONISTAR_ANTAGRAVITY\\fashionistar_backend\\.venv\\Lib\\site-packages\\rest_framework\\generics.py", line 194, in post\n    return self.create(request, *args, **kwargs)\n           ~~~~~~~~~~~^^^^^^^^^^^^^^^^^^^^^^^^^^\n  File "C:\\Users\\fashi\\OneDrive\\Documenti\\FASHIONISTAR_ANTAGRAVITY\\fashionistar_backend\\apps\\authentication\\apis\\auth_views\\sync_views.py", line 105, in create\n    serializer.is_valid(raise_exception=True)\n    ~~~~~~~~~~~~~~~~~~~^^^^^^^^^^^^^^^^^^^^^^\n  File "C:\\Users\\fashi\\OneDrive\\Documenti\\FASHIONISTAR_ANTAGRAVITY\\fashionistar_backend\\.venv\\Lib\\site-packages\\rest_framework\\serializers.py", line 225, in is_valid\n    self._validated_data = self.run_validation(self.initial_data)\n                           ~~~~~~~~~~~~~~~~~~~^^^^^^^^^^^^^^^^^^^\n  File "C:\\Users\\fashi\\OneDrive\\Documenti\\FASHIONISTAR_ANTAGRAVITY\\fashionistar_backend\\.venv\\Lib\\site-packages\\rest_framework\\serializers.py", line 447, in run_validation\n    value = self.validate(value)\n  File "C:\\Users\\fashi\\OneDrive\\Documenti\\FASHIONISTAR_ANTAGRAVITY\\fashionistar_backend\\apps\\authentication\\serializers\\auth.py", line 308, in validate\n    except (serializers.ValidationError, SoftDeletedUserExistsError):\n                                         ^^^^^^^^^^^^^^^^^^^^^^^^^^\nUnboundLocalError: cannot access local variable 'SoftDeletedUserExistsError' where it is not associated with a value\n[ERROR   ] security \u2014 SECURITY_AUDIT action=SERVER_ERROR req=93e28cf1-b867-48d1-ab51-5713bbc2e29f error="cannot access local variable 'SoftDeletedUserExistsError' where it is not associated with a value"\n[ERROR   ] security \u2014 SECURITY_AUDIT action=SERVER_ERROR req=93e28cf1-b867-48d1-ab51-5713bbc2e29f device=fp:57efdd91ba75ee0012c0 session=- ip=127.0.0.1 method=POST path=/api/v1/auth/register/ status=500 duration_ms=6.1 user_id=anonymous role=anonymous ua='-' referrer=-\n[INFO    ] apps.common.middleware \u2014 [POST] /api/v1/auth/register/ \u2192 500 in 6.3ms [req=93e28cf1-b867-48d1-ab51-5713bbc2e29f]
------------------------------ Captured log call ------------------------------
ERROR    apps.common.exceptions:exceptions.py:303 Unhandled exception in API: cannot access local variable 'SoftDeletedUserExistsError' where it is not associated with a value\nTraceback (most recent call last):\n  File "C:\\Users\\fashi\\OneDrive\\Documenti\\FASHIONISTAR_ANTAGRAVITY\\fashionistar_backend\\apps\\authentication\\serializers\\auth.py", line 253, in validate\n    raise serializers.ValidationError({\n    ...<4 lines>...\n    })\nrest_framework.exceptions.ValidationError: {'non_field_errors': [ErrorDetail(string='Please provide either an email address or a phone number, not both.', code='invalid')]}\n\nDuring handling of the above exception, another exception occurred:\n\nTraceback (most recent call last):\n  File "C:\\Users\\fashi\\OneDrive\\Documenti\\FASHIONISTAR_ANTAGRAVITY\\fashionistar_backend\\.venv\\Lib\\site-packages\\rest_framework\\views.py", line 512, in dispatch\n    response = handler(request, *args, **kwargs)\n  File "C:\\Users\\fashi\\OneDrive\\Documenti\\FASHIONISTAR_ANTAGRAVITY\\fashionistar_backend\\.venv\\Lib\\site-packages\\rest_framework\\generics.py", line 194, in post\n    return self.create(request, *args, **kwargs)\n           ~~~~~~~~~~~^^^^^^^^^^^^^^^^^^^^^^^^^^\n  File "C:\\Users\\fashi\\OneDrive\\Documenti\\FASHIONISTAR_ANTAGRAVITY\\fashionistar_backend\\apps\\authentication\\apis\\auth_views\\sync_views.py", line 105, in create\n    serializer.is_valid(raise_exception=True)\n    ~~~~~~~~~~~~~~~~~~~^^^^^^^^^^^^^^^^^^^^^^\n  File "C:\\Users\\fashi\\OneDrive\\Documenti\\FASHIONISTAR_ANTAGRAVITY\\fashionistar_backend\\.venv\\Lib\\site-packages\\rest_framework\\serializers.py", line 225, in is_valid\n    self._validated_data = self.run_validation(self.initial_data)\n                           ~~~~~~~~~~~~~~~~~~~^^^^^^^^^^^^^^^^^^^\n  File "C:\\Users\\fashi\\OneDrive\\Documenti\\FASHIONISTAR_ANTAGRAVITY\\fashionistar_backend\\.venv\\Lib\\site-packages\\rest_framework\\serializers.py", line 447, in run_validation\n    value = self.validate(value)\n  File "C:\\Users\\fashi\\OneDrive\\Documenti\\FASHIONISTAR_ANTAGRAVITY\\fashionistar_backend\\apps\\authentication\\serializers\\auth.py", line 308, in validate\n    except (serializers.ValidationError, SoftDeletedUserExistsError):\n                                         ^^^^^^^^^^^^^^^^^^^^^^^^^^\nUnboundLocalError: cannot access local variable 'SoftDeletedUserExistsError' where it is not associated with a value\nERROR    security:exceptions.py:307 SECURITY_AUDIT action=SERVER_ERROR req=93e28cf1-b867-48d1-ab51-5713bbc2e29f error="cannot access local variable 'SoftDeletedUserExistsError' where it is not associated with a value"\nERROR    security:middleware.py:342 SECURITY_AUDIT action=SERVER_ERROR req=93e28cf1-b867-48d1-ab51-5713bbc2e29f device=fp:57efdd91ba75ee0012c0 session=- ip=127.0.0.1 method=POST path=/api/v1/auth/register/ status=500 duration_ms=6.1 user_id=anonymous role=anonymous ua='-' referrer=-\nINFO     apps.common.middleware:middleware.py:147 [POST] /api/v1/auth/register/ \u2192 500 in 6.3ms [req=93e28cf1-b867-48d1-ab51-5713bbc2e29f]
________________ TestLoginSerializer.test_wrong_password_fails ________________
apps\authentication\tests\unit\test_serializers.py:216: in test_wrong_password_fails
    assert not s.is_valid()
               ^^^^^^^^^^^^
.venv\Lib\site-packages\rest_framework\serializers.py:225: in is_valid
    self._validated_data = self.run_validation(self.initial_data)
                           ^^^^^^^^^^^^^^^^^^^^^^^^^^^^^^^^^^^^^^
.venv\Lib\site-packages\rest_framework\serializers.py:447: in run_validation
    value = self.validate(value)
            ^^^^^^^^^^^^^^^^^^^^
apps\authentication\serializers\auth.py:143: in validate
    raise InvalidCredentialsError()
E   apps.authentication.exceptions.InvalidCredentialsError: Invalid credentials. Please check your email/phone and password and try again.
---------------------------- Captured stdout setup ----------------------------
[INFO    ] apps.authentication.models \u2014 Saved UnifiedUser 019d20c5-3059-7681-9cc9-f3a0ad0ab5ca [email] member_id=FASTAR000001\n[INFO    ] apps.authentication.managers \u2014 \u2705 Created user: email=verified@fashionistar.io
----------------------------- Captured log setup ------------------------------
INFO     apps.authentication.models:models.py:582 Saved UnifiedUser 019d20c5-3059-7681-9cc9-f3a0ad0ab5ca [email] member_id=FASTAR000001\nINFO     apps.authentication.managers:managers.py:146 \u2705 Created user: email=verified@fashionistar.io
---------------------------- Captured stdout call -----------------------------
[WARNING ] apps.authentication.serializers.auth \u2014 \u26d4 Login failed: wrong password for 'verified@fashionistar.io'
------------------------------ Captured log call ------------------------------
WARNING  apps.authentication.serializers.auth:auth.py:140 \u26d4 Login failed: wrong password for 'verified@fashionistar.io'
______________ TestLoginSerializer.test_non_existent_user_fails _______________
apps\authentication\tests\unit\test_serializers.py:224: in test_non_existent_user_fails
    assert not s.is_valid()
               ^^^^^^^^^^^^
.venv\Lib\site-packages\rest_framework\serializers.py:225: in is_valid
    self._validated_data = self.run_validation(self.initial_data)
                           ^^^^^^^^^^^^^^^^^^^^^^^^^^^^^^^^^^^^^^
.venv\Lib\site-packages\rest_framework\serializers.py:447: in run_validation
    value = self.validate(value)
            ^^^^^^^^^^^^^^^^^^^^
apps\authentication\serializers\auth.py:136: in validate
    raise InvalidCredentialsError()
E   apps.authentication.exceptions.InvalidCredentialsError: Invalid credentials. Please check your email/phone and password and try again.
---------------------------- Captured stdout call -----------------------------
[WARNING ] apps.authentication.serializers.auth \u2014 \u26d4 Login failed: user not found 'nobody@nowhere.com'
------------------------------ Captured log call ------------------------------
WARNING  apps.authentication.serializers.auth:auth.py:135 \u26d4 Login failed: user not found 'nobody@nowhere.com'
_____________ TestLoginSerializer.test_inactive_user_cannot_login _____________
apps\authentication\tests\unit\test_serializers.py:232: in test_inactive_user_cannot_login
    assert not s.is_valid()
               ^^^^^^^^^^^^
.venv\Lib\site-packages\rest_framework\serializers.py:225: in is_valid
    self._validated_data = self.run_validation(self.initial_data)
                           ^^^^^^^^^^^^^^^^^^^^^^^^^^^^^^^^^^^^^^
.venv\Lib\site-packages\rest_framework\serializers.py:447: in run_validation
    value = self.validate(value)
            ^^^^^^^^^^^^^^^^^^^^
apps\authentication\serializers\auth.py:150: in validate
    raise AccountNotVerifiedError()
E   apps.authentication.exceptions.AccountNotVerifiedError: Your account has not been verified yet. Please check your email or phone for the OTP code we sent during registration. Verify your account here: http://fashionistar.net/verify-otp — or request a new code here: http://fashionistar.net/resend-otp
---------------------------- Captured stdout setup ----------------------------
[INFO    ] apps.authentication.models \u2014 Saved UnifiedUser 019d20c5-30bf-7940-814f-d81ad1778cd9 [email] member_id=FASTAR000001\n[INFO    ] apps.authentication.managers \u2014 \u2705 Created user: email=registered@fashionistar.io
----------------------------- Captured log setup ------------------------------
INFO     apps.authentication.models:models.py:582 Saved UnifiedUser 019d20c5-30bf-7940-814f-d81ad1778cd9 [email] member_id=FASTAR000001\nINFO     apps.authentication.managers:managers.py:146 \u2705 Created user: email=registered@fashionistar.io
---------------------------- Captured stdout call -----------------------------
[WARNING ] apps.authentication.serializers.auth \u2014 \u26d4 Login rejected: account not verified 'registered@fashionistar.io'
------------------------------ Captured log call ------------------------------
WARNING  apps.authentication.serializers.auth:auth.py:147 \u26d4 Login rejected: account not verified 'registered@fashionistar.io'
_______ TestUserRegistrationSerializer.test_valid_email_payload_passes ________
apps\authentication\tests\unit\test_serializers.py:53: in test_valid_email_payload_passes
    with patch(
C:\Python314\Lib\unittest\mock.py:1487: in __enter__
    self.target = self.getter()
                  ^^^^^^^^^^^^^
C:\Python314\Lib\pkgutil.py:473: in resolve_name
    result = getattr(result, p)
             ^^^^^^^^^^^^^^^^^^
E   AttributeError: module 'apps.authentication.serializers' has no attribute 'UnifiedUser'
________ TestUserRegistrationSerializer.test_password_mismatch_raises _________
apps\authentication\serializers\auth.py:234: in validate
    raise serializers.ValidationError(
E   rest_framework.exceptions.ValidationError: {'password': ErrorDetail(string='Passwords do not match.', code='invalid')}

During handling of the above exception, another exception occurred:
apps\authentication\tests\unit\test_serializers.py:72: in test_password_mismatch_raises
    assert not s.is_valid()
               ^^^^^^^^^^^^
.venv\Lib\site-packages\rest_framework\serializers.py:225: in is_valid
    self._validated_data = self.run_validation(self.initial_data)
                           ^^^^^^^^^^^^^^^^^^^^^^^^^^^^^^^^^^^^^^
.venv\Lib\site-packages\rest_framework\serializers.py:447: in run_validation
    value = self.validate(value)
            ^^^^^^^^^^^^^^^^^^^^
apps\authentication\serializers\auth.py:308: in validate
    except (serializers.ValidationError, SoftDeletedUserExistsError):
                                         ^^^^^^^^^^^^^^^^^^^^^^^^^^
E   UnboundLocalError: cannot access local variable 'SoftDeletedUserExistsError' where it is not associated with a value
---------------------------- Captured stdout call -----------------------------
[WARNING ] apps.authentication.serializers.auth — Registration failed: Passwords do not match.
------------------------------ Captured log call ------------------------------
WARNING  apps.authentication.serializers.auth:auth.py:233 Registration failed: Passwords do not match.
______ TestUserRegistrationSerializer.test_both_email_and_phone_rejected ______
apps\authentication\tests\unit\test_serializers.py:76: in test_both_email_and_phone_rejected
    with patch(
C:\Python314\Lib\unittest\mock.py:1487: in __enter__
    self.target = self.getter()
                  ^^^^^^^^^^^^^
C:\Python314\Lib\pkgutil.py:473: in resolve_name
    result = getattr(result, p)
             ^^^^^^^^^^^^^^^^^^
E   AttributeError: module 'apps.authentication.serializers' has no attribute 'UnifiedUser'
____ TestUserRegistrationSerializer.test_neither_email_nor_phone_rejected _____
apps\authentication\serializers\auth.py:261: in validate
    raise serializers.ValidationError({
E   rest_framework.exceptions.ValidationError: {'non_field_errors': [ErrorDetail(string='Please provide either an email address or a phone number; one is required.', code='invalid')]}

During handling of the above exception, another exception occurred:
apps\authentication\tests\unit\test_serializers.py:97: in test_neither_email_nor_phone_rejected
    assert not s.is_valid()
               ^^^^^^^^^^^^
.venv\Lib\site-packages\rest_framework\serializers.py:225: in is_valid
    self._validated_data = self.run_validation(self.initial_data)
                           ^^^^^^^^^^^^^^^^^^^^^^^^^^^^^^^^^^^^^^
.venv\Lib\site-packages\rest_framework\serializers.py:447: in run_validation
    value = self.validate(value)
            ^^^^^^^^^^^^^^^^^^^^
apps\authentication\serializers\auth.py:308: in validate
    except (serializers.ValidationError, SoftDeletedUserExistsError):
                                         ^^^^^^^^^^^^^^^^^^^^^^^^^^
E   UnboundLocalError: cannot access local variable 'SoftDeletedUserExistsError' where it is not associated with a value
__________ TestUserRegistrationSerializer.test_vendor_role_accepted ___________
apps\authentication\tests\unit\test_serializers.py:120: in test_vendor_role_accepted
    with patch(
C:\Python314\Lib\unittest\mock.py:1487: in __enter__
    self.target = self.getter()
                  ^^^^^^^^^^^^^
C:\Python314\Lib\pkgutil.py:473: in resolve_name
    result = getattr(result, p)
             ^^^^^^^^^^^^^^^^^^
E   AttributeError: module 'apps.authentication.serializers' has no attribute 'UnifiedUser'
_ TestUserRegistrationSerializer.test_duplicate_email_returns_email_field_error _
apps\authentication\tests\unit\test_serializers.py:134: in test_duplicate_email_returns_email_field_error
    with patch(
C:\Python314\Lib\unittest\mock.py:1487: in __enter__
    self.target = self.getter()
                  ^^^^^^^^^^^^^
C:\Python314\Lib\pkgutil.py:473: in resolve_name
    result = getattr(result, p)
             ^^^^^^^^^^^^^^^^^^
E   AttributeError: module 'apps.authentication.serializers' has no attribute 'UnifiedUser'
_ TestUserRegistrationSerializer.test_email_normalized_before_uniqueness_check _
apps\authentication\tests\unit\test_serializers.py:152: in test_email_normalized_before_uniqueness_check
    with patch(
C:\Python314\Lib\unittest\mock.py:1487: in __enter__
    self.target = self.getter()
                  ^^^^^^^^^^^^^
C:\Python314\Lib\pkgutil.py:473: in resolve_name
    result = getattr(result, p)
             ^^^^^^^^^^^^^^^^^^
E   AttributeError: module 'apps.authentication.serializers' has no attribute 'UnifiedUser'
_____ TestUserRegistrationSerializer.test_empty_email_normalized_to_none ______
apps\authentication\tests\unit\test_serializers.py:171: in test_empty_email_normalized_to_none
    with patch(
C:\Python314\Lib\unittest\mock.py:1487: in __enter__
    self.target = self.getter()
                  ^^^^^^^^^^^^^
C:\Python314\Lib\pkgutil.py:473: in resolve_name
    result = getattr(result, p)
             ^^^^^^^^^^^^^^^^^^
E   AttributeError: module 'apps.authentication.serializers' has no attribute 'UnifiedUser'
=========================== short test summary info ===========================
FAILED apps/authentication/tests/integration/test_login_endpoint.py::TestLoginFailures::test_wrong_password_returns_400
FAILED apps/authentication/tests/integration/test_login_endpoint.py::TestLoginFailures::test_nonexistent_user_returns_400
FAILED apps/authentication/tests/test_registration.py::TestValidationErrors::test_password_mismatch_400
FAILED apps/authentication/tests/test_registration.py::TestValidationErrors::test_missing_email_and_phone_400
FAILED apps/authentication/tests/test_registration.py::TestValidationErrors::test_both_email_and_phone_400
FAILED apps/authentication/tests/unit/test_serializers.py::TestLoginSerializer::test_wrong_password_fails
FAILED apps/authentication/tests/unit/test_serializers.py::TestLoginSerializer::test_non_existent_user_fails
FAILED apps/authentication/tests/unit/test_serializers.py::TestLoginSerializer::test_inactive_user_cannot_login
FAILED apps/authentication/tests/unit/test_serializers.py::TestUserRegistrationSerializer::test_valid_email_payload_passes
FAILED apps/authentication/tests/unit/test_serializers.py::TestUserRegistrationSerializer::test_password_mismatch_raises
FAILED apps/authentication/tests/unit/test_serializers.py::TestUserRegistrationSerializer::test_both_email_and_phone_rejected
FAILED apps/authentication/tests/unit/test_serializers.py::TestUserRegistrationSerializer::test_neither_email_nor_phone_rejected
FAILED apps/authentication/tests/unit/test_serializers.py::TestUserRegistrationSerializer::test_vendor_role_accepted
FAILED apps/authentication/tests/unit/test_serializers.py::TestUserRegistrationSerializer::test_duplicate_email_returns_email_field_error
FAILED apps/authentication/tests/unit/test_serializers.py::TestUserRegistrationSerializer::test_email_normalized_before_uniqueness_check
FAILED apps/authentication/tests/unit/test_serializers.py::TestUserRegistrationSerializer::test_empty_email_normalized_to_none
======================= 16 failed, 139 passed in 36.44s =======================
